[pid   506] 00:13:13.492613 ioctl(3, _IOC(_IOC_READ|_IOC_WRITE, 0x66, 0x2b, 0x01), 0xb4e4c9d4) = 0
[pid   506] 00:13:13.495061 ioctl(3, _IOC(_IOC_READ|_IOC_WRITE, 0x66, 0x2b, 0x01), 0xb4e4c9d4) = 0
[ISP-IOCTL pid:497 tid:502 fd:10 req:0x80044952 nr:82 dir:2 size:4 argp:0xb4ec5a10]
[pid   502] 00:13:13.582639 ioctl(15, TCGETS, 0xb4ec565c) = -1 ENOTTY (Inappropriate ioctl for device)
  -> ptr=(nil) dump=1024B
  -> ptr not in readable maps (skip)
[pid   502] 00:13:13.597843 ioctl(10, _IOC(_IOC_READ, 0x49, 0x52, 0x04) <unfinished ...>
[pid   506] 00:13:13.602796 ioctl(3, _IOC(_IOC_READ|_IOC_WRITE, 0x66, 0x2b, 0x01), 0xb4e4c9d4) = 0
[pid   506] 00:13:13.605151 ioctl(3, _IOC(_IOC_READ|_IOC_WRITE, 0x66, 0x2b, 0x01), 0xb4e4c9d4) = 0
[pid   502] 00:13:13.611572 <... ioctl resumed> , 0xb4ec5a10) = 0
Process 518 attached
[pid   518] 00:13:14.652980 ioctl(0, TCGETS, {B115200 opost isig icanon echo ...}) = 0
[pid   518] 00:13:14.654941 ioctl(1, TCGETS, 0xbe8a791c) = -1 EINVAL (Invalid argument)
[ISP-TRACE] /dev/isp_char detected rdev=0xa3d pid=518
Process 519 attached
[pid   506] 00:13:14.693925 ioctl(3, _IOC(_IOC_READ|_IOC_WRITE, 0x66, 0x2b, 0x01) <unfinished ...>
[pid   517] 00:13:14.723698 ioctl(0, TCGETS, {B115200 opost isig icanon echo ...}) = 0
[pid   517] 00:13:14.753868 ioctl(1, TCGETS, 0xbe9a38bc) = -1 EINVAL (Invalid argument)
[ISP-TRACE] /dev/isp_char detected rdev=0xa3d pid=517
[pid   506] 00:13:14.761179 <... ioctl resumed> , 0xb4e4c9d4) = 0
[pid   506] 00:13:14.766788 ioctl(3, _IOC(_IOC_READ|_IOC_WRITE, 0x66, 0x2b, 0x01), 0xb4e4c9d4) = 0
mount /dev/mmcblk0p1[pid   519] 00:13:14.799615 ioctl(0, TCGETS, {B115200 opost isig icanon echo ...}) = 0
[pid   519] 00:13:14.803681 ioctl(1, TCGETS, 0xbea2291c) = -1 EINVAL (Invalid argument)
[ISP-TRACE] /dev/isp_char detected rdev=0xa3d pid=519
: Device or resource busy
mount /dev/mmcblk0p1: Device or resource busy
[ISP-IOCTL pid:497 tid:502 fd:10 req:0x80044952 nr:82 dir:2 size:4 argp:0xb4ec5a10]
[pid   502] 00:13:14.863704 ioctl(15, TCGETS, 0xb4ec565c) = -1 ENOTTY (Inappropriate ioctl for device)
  -> ptr=(nil) dump=1024B
  -> ptr not in readable maps (skip)
[pid   502] 00:13:14.875760 ioctl(10, _IOC(_IOC_READ, 0x49, 0x52, 0x04) <unfinished ...>
[pid   506] 00:13:14.884745 ioctl(3, _IOC(_IOC_READ|_IOC_WRITE, 0x66, 0x2b, 0x01), 0xb4e4c9d4) = 0
[pid   506] 00:13:14.889340 ioctl(3, _IOC(_IOC_READ|_IOC_WRITE, 0x66, 0x2b, 0x01), 0xb4e4c9d4) = 0
[pid   502] 00:13:14.896664 <... ioctl resumed> , 0xb4ec5a10) = 0
[pid   499] 00:13:14.901389 ioctl(4, WDIOC_SETTIMEOUT, 0x69b94c) = 0
[pid   506] 00:13:14.997099 ioctl(3, _IOC(_IOC_READ|_IOC_WRITE, 0x66, 0x2b, 0x01), 0xb4e4c9d4) = 0
[pid   506] 00:13:14.999487 ioctl(3, _IOC(_IOC_READ|_IOC_WRITE, 0x66, 0x2b, 0x01), 0xb4e4c9d4) = 0
[ISP-IOCTL pid:497 tid:502 fd:10 req:0x80044952 nr:82 dir:2 size:4 argp:0xb4ec5a10]
[pid   502] 00:13:15.011201 ioctl(15, TCGETS, 0xb4ec565c) = -1 ENOTTY (Inappropriate ioctl for device)
  -> ptr=(nil) dump=1024B
  -> ptr not in readable maps (skip)
[pid   502] 00:13:15.021691 ioctl(10, _IOC(_IOC_READ, 0x49, 0x52, 0x04), 0xb4ec5a10) = 0
[pid   506] 00:13:15.107467 ioctl(3, _IOC(_IOC_READ|_IOC_WRITE, 0x66, 0x2b, 0x01), 0xb4e4c9d4) = 0
[pid   506] 00:13:15.111303 ioctl(3, _IOC(_IOC_READ|_IOC_WRITE, 0x66, 0x2b, 0x01), 0xb4e4c9d4) = 0
[ISP-IOCTL pid:497 tid:502 fd:10 req:0x80044952 nr:82 dir:2 size:4 argp:0xb4ec5a10]
[pid   502] 00:13:15.130253 ioctl(15, TCGETS, 0xb4ec565c) = -1 ENOTTY (Inappropriate ioctl for device)
  -> ptr=(nil) dump=1024B
  -> ptr not in readable maps (skip)
[pid   502] 00:13:15.142226 ioctl(10, _IOC(_IOC_READ, 0x49, 0x52, 0x04), 0xb4ec5a10) = 0
[pid   506] 00:13:15.263253 ioctl(3, _IOC(_IOC_READ|_IOC_WRITE, 0x66, 0x2b, 0x01), 0xb4e4c9d4) = 0
[pid   506] 00:13:15.267760 ioctl(3, _IOC(_IOC_READ|_IOC_WRITE, 0x66, 0x2b, 0x01), 0xb4e4c9d4) = 0
[pid   517] 00:13:15.274584 ioctl(4, TCGETS, 0xbe9a3834) = -1 ENOTTY (Inappropriate ioctl for device)
[ISP-IOCTL pid:497 tid:502 fd:10 req:0x80044952 nr:82 dir:2 size:4 argp:0xb4ec5a10]
[pid   502] 00:13:15.295029 ioctl(15, TCGETS, 0xb4ec565c) = -1 ENOTTY (Inappropriate ioctl for device)
  -> ptr=(nil) dump=1024B
  -> ptr not in readable maps (skip)
[pid   502] 00:13:15.302987 ioctl(10, _IOC(_IOC_READ, 0x49, 0x52, 0x04), 0xb4ec5a10) = 0
[pid   519] 00:13:15.333345 +++ exited with 0 +++
[pid   518] 00:13:15.334859 --- SIGCHLD {si_signo=SIGCHLD, si_code=CLD_EXITED, si_pid=519, si_uid=0, si_status=0, si_utime=1, si_stime=8} ---
[pid   518] 00:13:15.337489 +++ exited with 0 +++
[pid   497] 00:13:15.340682 --- SIGCHLD {si_signo=SIGCHLD, si_code=CLD_EXITED, si_pid=518, si_uid=0, si_status=0, si_utime=8, si_stime=57} ---
[pid   506] 00:13:15.376836 ioctl(3, _IOC(_IOC_READ|_IOC_WRITE, 0x66, 0x2b, 0x01), 0xb4e4c9d4) = 0
[pid   506] 00:13:15.379664 ioctl(3, _IOC(_IOC_READ|_IOC_WRITE, 0x66, 0x2b, 0x01), 0xb4e4c9d4) = 0
[ISP-IOCTL pid:497 tid:502 fd:10 req:0x80044952 nr:82 dir:2 size:4 argp:0xb4ec5a10]
[pid   502] 00:13:15.416688 ioctl(15, TCGETS, 0xb4ec565c) = -1 ENOTTY (Inappropriate ioctl for device)
  -> ptr=(nil) dump=1024B
  -> ptr not in readable maps (skip)
[pid   502] 00:13:15.435318 ioctl(10, _IOC(_IOC_READ, 0x49, 0x52, 0x04), 0xb4ec5a10) = 0
[pid   506] 00:13:15.498781 ioctl(3, _IOC(_IOC_READ|_IOC_WRITE, 0x66, 0x2b, 0x01), 0xb4e4c9d4) = 0
[pid   506] 00:13:15.502573 ioctl(3, _IOC(_IOC_READ|_IOC_WRITE, 0x66, 0x2b, 0x01), 0xb4e4c9d4) = 0
[pid   497] 00:13:15.543881 ioctl(15, _IOC(0, 0x00, 0x03, 0x00), 0xbebc4a8c) = 0
[pid   497] 00:13:15.547520 ioctl(15, _IOC(0, 0x00, 0x07, 0x00), 0xbebc4a8c) = 0
[ISP-IOCTL pid:497 tid:502 fd:10 req:0x80044952 nr:82 dir:2 size:4 argp:0xb4ec5a10]
[pid   502] 00:13:15.563899 ioctl(17, TCGETS, 0xb4ec565c) = -1 ENOTTY (Inappropriate ioctl for device)
  -> ptr=(nil) dump=1024B
  -> ptr not in readable maps (skip)
[pid   502] 00:13:15.582052 ioctl(10, _IOC(_IOC_READ, 0x49, 0x52, 0x04), 0xb4ec5a10) = 0
[pid   497] 00:13:15.600353 ioctl(15, _IOC(0, 0x00, 0x05, 0x00), 0xbebc4a4c) = 0
Process 522 attached
Process 523 attached
[pid   506] 00:13:15.621400 ioctl(3, _IOC(_IOC_READ|_IOC_WRITE, 0x66, 0x2b, 0x01), 0xb4e4c9d4) = 0
[pid   506] 00:13:15.631597 ioctl(3, _IOC(_IOC_READ|_IOC_WRITE, 0x66, 0x2b, 0x01), 0xb4e4c9d4) = 0
[ISP-IOCTL pid:497 tid:502 fd:10 req:0x80044952 nr:82 dir:2 size:4 argp:0xb4ec5a10]
[pid   502] 00:13:15.698989 ioctl(17, TCGETS, 0xb4ec565c) = -1 ENOTTY (Inappropriate ioctl for device)
  -> ptr=(nil) dump=1024B
  -> ptr not in readable maps (skip)
[pid   502] 00:13:15.716302 ioctl(10, _IOC(_IOC_READ, 0x49, 0x52, 0x04), 0xb4ec5a10) = 0
[pid   506] 00:13:15.744601 ioctl(3, _IOC(_IOC_READ|_IOC_WRITE, 0x66, 0x2b, 0x01), 0xb4e4c9d4) = 0
[pid   506] 00:13:15.751789 ioctl(3, _IOC(_IOC_READ|_IOC_WRITE, 0x66, 0x2b, 0x01), 0xb4e4c9d4) = 0
[ISP-IOCTL pid:497 tid:502 fd:10 req:0x80044952 nr:82 dir:2 size:4 argp:0xb4ec5a10]
[pid   502] 00:13:15.843293 ioctl(17, TCGETS, 0xb4ec565c) = -1 ENOTTY (Inappropriate ioctl for device)
[pid   506] 00:13:15.862738 ioctl(3, _IOC(_IOC_READ|_IOC_WRITE, 0x66, 0x2b, 0x01), 0xb4e4c9d4) = 0
[pid   506] 00:13:15.865293 ioctl(3, _IOC(_IOC_READ|_IOC_WRITE, 0x66, 0x2b, 0x01), 0xb4e4c9d4) = 0
  -> ptr=(nil) dump=1024B
  -> ptr not in readable maps (skip)
[pid   502] 00:13:15.893779 ioctl(10, _IOC(_IOC_READ, 0x49, 0x52, 0x04), 0xb4ec5a10) = 0
[pid   499] 00:13:15.909538 ioctl(4, WDIOC_SETTIMEOUT, 0x69b94c) = 0
[pid   506] 00:13:15.972298 ioctl(3, _IOC(_IOC_READ|_IOC_WRITE, 0x66, 0x2b, 0x01), 0xb4e4c9d4) = 0
[pid   506] 00:13:15.974777 ioctl(3, _IOC(_IOC_READ|_IOC_WRITE, 0x66, 0x2b, 0x01), 0xb4e4c9d4) = 0
[ISP-IOCTL pid:497 tid:502 fd:10 req:0x80044952 nr:82 dir:2 size:4 argp:0xb4ec5a10]
[pid   502] 00:13:16.006321 ioctl(17, TCGETS, 0xb4ec565c) = -1 ENOTTY (Inappropriate ioctl for device)
  -> ptr=(nil) dump=1024B
  -> ptr not in readable maps (skip)
[pid   502] 00:13:16.024151 ioctl(10, _IOC(_IOC_READ, 0x49, 0x52, 0x04), 0xb4ec5a10) = 0
[pid   506] 00:13:16.085154 ioctl(3, _IOC(_IOC_READ|_IOC_WRITE, 0x66, 0x2b, 0x01), 0xb4e4c9d4) = 0
[pid   506] 00:13:16.092293 ioctl(3, _IOC(_IOC_READ|_IOC_WRITE, 0x66, 0x2b, 0x01), 0xb4e4c9d4) = 0
[ISP-IOCTL pid:497 tid:502 fd:10 req:0x80044952 nr:82 dir:2 size:4 argp:0xb4ec5a10]
[pid   502] 00:13:16.138849 ioctl(17, TCGETS, 0xb4ec565c) = -1 ENOTTY (Inappropriate ioctl for device)
  -> ptr=(nil) dump=1024B
  -> ptr not in readable maps (skip)
[pid   502] 00:13:16.155084 ioctl(10, _IOC(_IOC_READ, 0x49, 0x52, 0x04), 0xb4ec5a10) = 0
[pid   506] 00:13:16.213651 ioctl(3, _IOC(_IOC_READ|_IOC_WRITE, 0x66, 0x2b, 0x01), 0xb4e4c9d4) = 0
[pid   506] 00:13:16.216411 ioctl(3, _IOC(_IOC_READ|_IOC_WRITE, 0x66, 0x2b, 0x01), 0xb4e4c9d4) = 0
[ISP-IOCTL pid:497 tid:502 fd:10 req:0x80044952 nr:82 dir:2 size:4 argp:0xb4ec5a10]
[pid   502] 00:13:16.270355 ioctl(17, TCGETS, 0xb4ec565c) = -1 ENOTTY (Inappropriate ioctl for device)
  -> ptr=(nil) dump=1024B
  -> ptr not in readable maps (skip)
[pid   502] 00:13:16.302807 ioctl(10, _IOC(_IOC_READ, 0x49, 0x52, 0x04), 0xb4ec5a10) = 0
[pid   506] 00:13:16.327931 ioctl(3, _IOC(_IOC_READ|_IOC_WRITE, 0x66, 0x2b, 0x01), 0xb4e4c9d4) = 0
[pid   506] 00:13:16.352938 ioctl(3, _IOC(_IOC_READ|_IOC_WRITE, 0x66, 0x2b, 0x01), 0xb4e4c9d4) = 0
[ISP-IOCTL pid:497 tid:502 fd:10 req:0x80044952 nr:82 dir:2 size:4 argp:0xb4ec5a10]
[pid   502] 00:13:16.410852 ioctl(17, TCGETS, 0xb4ec565c) = -1 ENOTTY (Inappropriate ioctl for device)
  -> ptr=(nil) dump=1024B
  -> ptr not in readable maps (skip)
[pid   502] 00:13:16.422372 ioctl(10, _IOC(_IOC_READ, 0x49, 0x52, 0x04), 0xb4ec5a10) = 0
[pid   506] 00:13:16.457763 ioctl(3, _IOC(_IOC_READ|_IOC_WRITE, 0x66, 0x2b, 0x01), 0xb4e4c9d4) = 0
[pid   506] 00:13:16.462161 ioctl(3, _IOC(_IOC_READ|_IOC_WRITE, 0x66, 0x2b, 0x01), 0xb4e4c9d4) = 0
[ISP-IOCTL pid:497 tid:502 fd:10 req:0x80044952 nr:82 dir:2 size:4 argp:0xb4ec5a10]
[pid   502] 00:13:16.551148 ioctl(17, TCGETS, 0xb4ec565c) = -1 ENOTTY (Inappropriate ioctl for device)
[pid   506] 00:13:16.573024 ioctl(3, _IOC(_IOC_READ|_IOC_WRITE, 0x66, 0x2b, 0x01), 0xb4e4c9d4) = 0
[pid   506] 00:13:16.581000 ioctl(3, _IOC(_IOC_READ|_IOC_WRITE, 0x66, 0x2b, 0x01), 0xb4e4c9d4) = 0
  -> ptr=(nil) dump=1024B
  -> ptr not in readable maps (skip)
[pid   502] 00:13:16.585280 ioctl(10, _IOC(_IOC_READ, 0x49, 0x52, 0x04), 0xb4ec5a10) = 0
[pid   497] 00:13:16.613541 ioctl(17, SIOCGIFHWADDR, {ifr_name="eth0", ifr_hwaddr=4c:b0:08:9e:ec:d9}) = 0
[pid   497] 00:13:16.625164 ioctl(17, TCGETS, 0xbebc369c) = -1 ENOTTY (Inappropriate ioctl for device)
[0;32m[GW_APP] [1970-01-01 08:13:13:415912][gw_adec_control():435]fgEnable: 1, ADecChnEnable[1]: 0[0;37m [0m
[0;32m[GW_APP] [1970-01-01 08:13:13:416804][gw_adec_control():453]create adec chn1 success[0;37m [0m
[0;36m[GW_APP] [1970-01-01 08:13:13:417473][vMotorInit():230]SUPPOR Preset MOTOR DRIVE[0;37m [0m
[0;31m[GW_APP] [1970-01-01 08:13:13:618931][vPreSetMotorDevInit():258]insmod /ipc/patch/ko/presetmotor.ko[0;37m [0m
[0;36m[GW_APP] [1970-01-01 08:13:13:619623][system_safe():176]cmdstring: [insmod /ipc/patch/ko/presetmotor.ko][0;37m [0m
[0;32m[GW_APP] [1970-01-01 08:13:14:778054][SDCard_Mount():284]try to mounting...[0;37m [0m
[0;36m[GW_APP] [1970-01-01 08:13:14:853054][dm_update_tfCardInfo():999]tfCardStatus: 7, freeSpace: 124482048, totalSpace: -124864512[0;37m [0m
[0;36m[GW_APP] [1970-01-01 08:13:15:545951][vPreSetMotorDevInit():285]motor back to base point[0;37m [0m
[0;36m[GW_APP] [1970-01-01 08:13:15:550776][fgMotorRunToLastPosition():212]u32HMotorPreset = 76, u32VMotorPreset = 29[0;37m [0m
[0;36m[GW_APP] [1970-01-01 08:13:15:604336][iotvideo_sdk_init():26]Start ...[0;37m [0m
[0;32m[GW_APP] [1970-01-01 08:13:15:605081][iv_common_init():180]begin 
[0;37m [0m
[[0;35mIV_MID[0m] [0;36m[1970-01-01 00:13:15:606725]iv_cm_set_log_level()[2419]set iv sdk log level:5
[0m[[0;35mIV_MID[0m] [0;32m[1970-01-01 00:13:15:607682]iv_cm_init()[2380][0mbegin
[[0;35mIV_MID[0m] [0;32m[1970-01-01 00:13:15:640609]iv_cm_init()[2385][0mend
[0;32m[GW_APP] [1970-01-01 08:13:15:641353][iv_common_init():195]end 
[0;37m [0m
[0;36m[GW_APP] [1970-01-01 08:13:15:641971][dm_init():1579]begin.[0;37m [0m
[[0;35mIV_MID[0m] [0;32m[1970-01-01 00:13:15:642591]iv_dm_init()[109][0mbegin.
[0;36m[GW_APP] [1970-01-01 08:13:16:326066][vNewIrCutHanldeFun():304]2 -->> 1[0;37m [0m
[0;36m[GW_APP] [1970-01-01 08:13:16:326754][vNewIrCutHanldeFun():305]0 -->> 0[0;37m [0m
[[0;35mIV_MID[0m] [0;32m[1970-01-01 00:13:16:590187]iv_dm_init()[126][0mend.
[0;32m[GW_APP] [1970-01-01 08:13:16:591165][dm_update_devFuncCfg():1327]devFuncCfg: 0
[0;37m [0m
[0;31m[GW_APP] [1970-01-01 08:13:16:591944][dm_update_ZoomFocusCrop():1497]iv_dm_send_prowriteable_object_msg err: -200[0;37m [0m
[0;36m[GW_APP] [1970-01-01 08:13:16:592647][dm_update_ZoomFocusCrop():1504]zoomUp = 0.000000
[0;37m [0m
[0;36m[GW_APP] [1970-01-01 08:13:16:593411][dm_update_ZoomFocusCrop():1505]_multiple = 0.000000
[0;37m [0m
[0;36m[GW_APP] [1970-01-01 08:13:16:594185][dm_init():1623]end.[0;37m [0m
[0;36m[GW_APP] [1970-01-01 08:13:16:597786][sys_init():788]begin..[0;37m [0m
[0;32m[GW_APP] [1970-01-01 08:13:16:598483][sys_init():814]app version major:33, minor:0, revision:25,debug:0[0;37m [0m
[[0;35mIV_MID[0m] [0;32m[1970-01-01 00:13:16:602053]iv_sys_init()[1398][0mbegin.
[[0;35mIV_MID[0m] [0;36m[1970-01-01 00:13:16:602881]iv_sys_init()[1407]compile sdk version: V1.4.10596.4.debug,build@Jul 18 2023 13:50:40
[0m[[0;35mIV_MID[0m] [0;33m[1970-01-01 00:13:16:610155]iv_sys_check_init_parm()[1341]net_chn_ring_buff_size maybe small:0,default:524288
[0m[[0;35mIV_MID[0m] [0;32m[1970-01-01 00:13:16:611026]iv_share_init()[43][0mbegin:support max cap chn number:3
[[0;35mIV_MID[0m] [0;32m[1970-01-01 00:13:16:611777]iv_share_init()[81][0mend.
[[0;35mIV_MID[0m] [0;32m[1970-01-01 00:13:16:616711]iv_misc_get_device_mac()[56][0mmac: 4c:b0:08:9e:ec:d9
[[0;35mIV_MID[0m] [0;32m[1970-01-01 00:13:16:618935]iv_sys_access_init()[1037][0mp2p chn buff size:524288
[[0;35mIV_MID[0m] [0;36m[1970-01-01 00:13:16:619721]iv_sys_access_init()[1057]visible sdk version:16:20:10596.debug
[0m[0;32m[GW_APP] [1970-01-01 08:13:16:620760][sys_read_certificate():552]begin.
[0;37m [0m
[0;32m[GW_APP] [1970-01-01 08:13:16:621449][sys_read_certificate():557]eCertificateType:0
[0;37m [0m
[0;32m[GW_APP] [1970-01-01 08:13:16:642249][sys_read_certificate():608]end CertificateLen:192.[0;37m [0m
id=4763251443 cer_code=727747173 pid=0 utc=1659422934 unique_code=0

[0;32m[GW_APP] [1970-01-01 08:13:16:643465][sys_read_certificate():552]begin.
[0;37m [0m[pid   497] 00:13:16.649380 ioctl(17, TCGETS, 0xbebc369c) = -1 ENOTTY (Inappropriate ioctl for device)
[pid   506] 00:13:16.684213 ioctl(3, _IOC(_IOC_READ|_IOC_WRITE, 0x66, 0x2b, 0x01), 0xb4e4c9d4) = 0
[pid   506] 00:13:16.686003 ioctl(3, _IOC(_IOC_READ|_IOC_WRITE, 0x66, 0x2b, 0x01), 0xb4e4c9d4) = 0
[ISP-IOCTL pid:497 tid:502 fd:10 req:0x80044952 nr:82 dir:2 size:4 argp:0xb4ec5a10]
[pid   502] 00:13:16.713410 ioctl(17, TCGETS, 0xb4ec565c) = -1 ENOTTY (Inappropriate ioctl for device)
  -> ptr=(nil) dump=1024B
  -> ptr not in readable maps (skip)
[pid   502] 00:13:16.735890 ioctl(10, _IOC(_IOC_READ, 0x49, 0x52, 0x04), 0xb4ec5a10) = 0
[pid   506] 00:13:16.796383 ioctl(3, _IOC(_IOC_READ|_IOC_WRITE, 0x66, 0x2b, 0x01), 0xb4e4c9d4) = 0
[pid   506] 00:13:16.810773 ioctl(3, _IOC(_IOC_READ|_IOC_WRITE, 0x66, 0x2b, 0x01), 0xb4e4c9d4) = 0
[ISP-IOCTL pid:497 tid:502 fd:10 req:0x80044952 nr:82 dir:2 size:4 argp:0xb4ec5a10]
[pid   502] 00:13:16.860343 ioctl(17, TCGETS, 0xb4ec565c) = -1 ENOTTY (Inappropriate ioctl for device)
  -> ptr=(nil) dump=1024B
  -> ptr not in readable maps (skip)
[pid   502] 00:13:16.876262 ioctl(10, _IOC(_IOC_READ, 0x49, 0x52, 0x04), 0xb4ec5a10) = 0
[pid   497] 00:13:16.893555 ioctl(17, TCGETS, 0xbebc3624) = -1 ENOTTY (Inappropriate ioctl for device)
[pid   517] 00:13:16.896345 ioctl(4, SIOCGIFFLAGS, {ifr_name="wlan0", ifr_flags=IFF_UP|IFF_BROADCAST|IFF_RUNNING|IFF_MULTICAST}) = 0
[pid   517] 00:13:16.898279 ioctl(4, SIOCSIWPMKSA, 0xbe9a392c) = 1
[pid   517] 00:13:16.900132 ioctl(4, SIOCSIWMODE, 0xbe9a3950) = 0
[pid   517] 00:13:16.904030 ioctl(4, SIOCGIWRANGE, 0xbe9a3990) = 0
[pid   517] 00:13:16.905863 ioctl(4, SIOCGIWMODE, 0xbe9a3938) = 0
[pid   517] 00:13:16.907626 ioctl(4, SIOCSIWAP, 0xbe9a3900) = -1 EPERM (Operation not permitted)
ioctl[SIOCSIWAP]: Operation not permitted
[pid   506] 00:13:16.913969 ioctl(3, _IOC(_IOC_READ|_IOC_WRITE, 0x66, 0x2b, 0x01), 0xb4e4c9d4) = 0
[pid   506] 00:13:16.915749 ioctl(3, _IOC(_IOC_READ|_IOC_WRITE, 0x66, 0x2b, 0x01), 0xb4e4c9d4) = 0
[pid   499] 00:13:16.918402 ioctl(4, WDIOC_SETTIMEOUT, 0x69b94c) = 0
[pid   497] 00:13:16.934679 ioctl(17, TCGETS, 0xbebc3624) = -1 ENOTTY (Inappropriate ioctl for device)
[pid   517] 00:13:16.952505 ioctl(7, SIOCGIFINDEX, {ifr_name="wlan0", ifr_index=3}) = 0
[ISP-IOCTL pid:497 tid:502 fd:10 req:0x80044952 nr:82 dir:2 size:4 argp:0xb4ec5a10]
[pid   502] 00:13:16.983340 ioctl(24, TCGETS, 0xb4ec565c) = -1 ENOTTY (Inappropriate ioctl for device)
[pid   517] 00:13:17.001058 ioctl(7, SIOCGIFINDEX  -> ptr=(nil) dump=1024B
  -> ptr not in readable maps (skip)
 <unfinished ...>
[pid   502] 00:13:17.004770 ioctl(10, _IOC(_IOC_READ, 0x49, 0x52, 0x04), 0xb4ec5a10) = 0
[pid   506] 00:13:17.023906 ioctl(3, _IOC(_IOC_READ|_IOC_WRITE, 0x66, 0x2b, 0x01), 0xb4e4c9d4) = 0
[pid   506] 00:13:17.031656 ioctl(3, _IOC(_IOC_READ|_IOC_WRITE, 0x66, 0x2b, 0x01), 0xb4e4c9d4) = 0
[warn] Unable to add nameserver [240c::6666]:53: error 1
[pid   517] 00:13:17.081757 <... ioctl resumed> , {ifr_name="wifi0", ???}) = -1 ENODEV (No such device)
[pid   517] 00:13:17.085152 ioctl(4, SIOCSIWAUTH, 0xbe9a3990) = 0
[pid   517] 00:13:17.088240 ioctl(7, SIOCGIFINDEX, {ifr_name="wlan0", ifr_index=3}) = 0
[pid   517] 00:13:17.091219 ioctl(7, SIOCGIFHWADDR, {ifr_name="wlan0", ifr_hwaddr=90:de:80:3e:0a:b9}) = 0
[pid   517] 00:13:17.096438 ioctl(4, SIOCSIWENCODEEXT, 0xbe9a3a80) = 0
[pid   517] 00:13:17.101994 ioctl(4, SIOCSIWENCODEEXT, 0xbe9a3a80) = 0
[pid   517] 00:13:17.104361 ioctl(4, SIOCSIWENCODEEXT, 0xbe9a3a80) = 0
[pid   517] 00:13:17.106688 ioctl(4, SIOCSIWENCODEEXT, 0xbe9a3a80) = 0
[pid   517] 00:13:17.109412 ioctl(4, SIOCSIWAUTH, 0xbe9a3ac0) = 0
[pid   517] 00:13:17.111958 ioctl(4, SIOCSIWPMKSA, 0xbe9a3a9c) = 1
[pid   517] 00:13:17.121916 +++ exited with 0 +++
[pid   516] 00:13:17.123286 --- SIGCHLD {si_signo=SIGCHLD, si_code=CLD_EXITED, si_pid=517, si_uid=0, si_status=0, si_utime=59, si_stime=53} ---
Process 538 attached
[pid   516] 00:13:17.127008 +++ exited with 0 +++
[pid   509] 00:13:17.128475 --- SIGCHLD {si_signo=SIGCHLD, si_code=CLD_EXITED, si_pid=516, si_uid=0, si_status=0, si_utime=5, si_stime=20} ---
[pid   538] 00:13:17.134034 ioctl(9, TCGETS, 0xbe9a3ad4) = -1 ENOTTY (Inappropriate ioctl for device)
[pid   506] 00:13:17.145393 ioctl(3, _IOC(_IOC_READ|_IOC_WRITE, 0x66, 0x2b, 0x01), 0xb4e4c9d4) = 0
[pid   506] 00:13:17.147803 ioctl(3, _IOC(_IOC_READ|_IOC_WRITE, 0x66, 0x2b, 0x01), 0xb4e4c9d4) = 0
[pid   504] 00:13:17.153666 ioctl(24, TCGETS, 0xb4e8c92c) = -1 ENOTTY (Inappropriate ioctl for device)
[ISP-IOCTL pid:497 tid:502 fd:10 req:0x80044952 nr:82 dir:2 size:4 argp:0xb4ec5a10]
[pid   502] 00:13:17.167981 ioctl(24, TCGETS, 0xb4ec565c) = -1 ENOTTY (Inappropriate ioctl for device)
  -> ptr=(nil) dump=1024B
  -> ptr not in readable maps (skip)
[pid   502] 00:13:17.179630 ioctl(10, _IOC(_IOC_READ, 0x49, 0x52, 0x04) <unfinished ...>
[pid   504] 00:13:17.188246 ioctl(24, TCGETS, 0xb4e8c72c) = -1 EINVAL (Invalid argument)
[pid   502] 00:13:17.202963 <... ioctl resumed> , 0xb4ec5a10) = 0
Process 542 attached
[pid   538] 00:13:17.217529 ioctl(4, SIOCSIWSCAN, 0xbe9a38f4) = 0
[pid   506] 00:13:17.264801 ioctl(3, _IOC(_IOC_READ|_IOC_WRITE, 0x66, 0x2b, 0x01), 0xb4e4c9d4) = 0
[pid   506] 00:13:17.287025 ioctl(3, _IOC(_IOC_READ|_IOC_WRITE, 0x66, 0x2b, 0x01), 0xb4e4c9d4) = 0
[warn] Unable to add nameserver [2001:4860:4860::8888]:53: error 1
[ISP-IOCTL pid:497 tid:502 fd:10 req:0x80044952 nr:82 dir:2 size:4 argp:0xb4ec5a10]
[pid   542] 00:13:17.312335 ioctl(0, TCGETS, {B115200 opost isig icanon echo ...}) = 0
[pid   542] 00:13:17.314286 ioctl(1, TCGETS, 0xbe8c490c) = -1 EINVAL (Invalid argument)
[ISP-TRACE] /dev/isp_char detected rdev=0xa3d pid=542
[pid   502] 00:13:17.328785 ioctl(26, TCGETS, 0xb4ec565c) = -1 ENOTTY (Inappropriate ioctl for device)
Process 543 attached
  -> ptr=(nil) dump=1024B
  -> ptr not in readable maps (skip)
[pid   502] 00:13:17.344913 ioctl(10, _IOC(_IOC_READ, 0x49, 0x52, 0x04), 0xb4ec5a10) = 0
[pid   506] 00:13:17.399847 ioctl(3, _IOC(_IOC_READ|_IOC_WRITE, 0x66, 0x2b, 0x01), 0xb4e4c9d4) = 0
[pid   506] 00:13:17.411038 ioctl(3, _IOC(_IOC_READ|_IOC_WRITE, 0x66, 0x2b, 0x01) <unfinished ...>
[pid   543] 00:13:17.416910 ioctl(0, TCGETS, {B115200 opost isig icanon echo ...}) = 0
[pid   543] 00:13:17.418844 ioctl(1, TCGETS, 0xbe83796c) = -1 EINVAL (Invalid argument)
[ISP-TRACE] /dev/isp_char detected rdev=0xa3d pid=543
[pid   538] 00:13:17.429673 ioctl(9, TCGETS, 0xbe9a26bc) = -1 ENOTTY (Inappropriate ioctl for device)
[pid   506] 00:13:17.440706 <... ioctl resumed> , 0xb4e4c9d4) = 0
[ISP-IOCTL pid:497 tid:502 fd:10 req:0x80044952 nr:82 dir:2 size:4 argp:0xb4ec5a10]
[pid   502] 00:13:17.458319 ioctl(27, TCGETS, 0xb4ec565c) = -1 ENOTTY (Inappropriate ioctl for device)
  -> ptr=(nil) dump=1024B
  -> ptr not in readable maps (skip)
[pid   502] 00:13:17.479880 ioctl(10, _IOC(_IOC_READ, 0x49, 0x52, 0x04), 0xb4ec5a10) = 0
[pid   506] 00:13:17.546951 ioctl(3, _IOC(_IOC_READ|_IOC_WRITE, 0x66, 0x2b, 0x01), 0xb4e4c9d4) = 0
[pid   506] 00:13:17.556253 ioctl(3, _IOC(_IOC_READ|_IOC_WRITE, 0x66, 0x2b, 0x01), 0xb4e4c9d4) = 0
[ISP-IOCTL pid:497 tid:502 fd:10 req:0x80044952 nr:82 dir:2 size:4 argp:0xb4ec5a10]
[pid   502] 00:13:17.597756 ioctl(31, TCGETS, 0xb4ec565c) = -1 ENOTTY (Inappropriate ioctl for device)
  -> ptr=(nil) dump=1024B
  -> ptr not in readable maps (skip)
[pid   502] 00:13:17.619208 ioctl(10, _IOC(_IOC_READ, 0x49, 0x52, 0x04), 0xb4ec5a10) = 0
Process 552 attached
Process 553 attached
Process 554 attached
Process 555 attached
[msg] Nameserver 8.8.8.8:53 has failed: Network is unreachable
[msg] Nameserver 114.114.114.114:53 has failed: Network is unreachable
[pid   506] 00:13:17.695388 ioctl(3, _IOC(_IOC_READ|_IOC_WRITE, 0x66, 0x2b, 0x01), 0xb4e4c9d4) = 0
[pid   506] 00:13:17.702468 ioctl(3, _IOC(_IOC_READ|_IOC_WRITE, 0x66, 0x2b, 0x01), 0xb4e4c9d4) = 0
Process 556 attached
Process 557 attached
[ISP-IOCTL pid:497 tid:502 fd:10 req:0x80044952 nr:82 dir:2 size:4 argp:0xb4ec5a10]
[pid   502] 00:13:17.741551 ioctl(31, TCGETS, 0xb4ec565c) = -1 ENOTTY (Inappropriate ioctl for device)
  -> ptr=(nil) dump=1024B
  -> ptr not in readable maps (skip)
[pid   502] 00:13:17.755790 ioctl(10, _IOC(_IOC_READ, 0x49, 0x52, 0x04), 0xb4ec5a10) = 0

[0;32m[GW_APP] [1970-01-01 08:13:16:646123][sys_read_certificate():557]eCertificateType:1
[0;37m [0m
[0;32m[GW_APP] [1970-01-01 08:13:16:653940][sys_read_certificate():608]end CertificateLen:144.[0;37m [0m
iv_access_init_param_cfg cer_code=727747173 dev_id=4763251443 pid=6442451392

[0;32m[GW_APP] [1970-01-01 08:13:16:884222][sys_read_certificate():552]begin.
[0;37m [0m
[0;32m[GW_APP] [1970-01-01 08:13:16:885622][sys_read_certificate():557]eCertificateType:2
[0;37m [0m
[[0;35mIV_MID[0m] [0;36m[1970-01-01 00:13:16:887112]iv_sys_read_certificate()[162]so path[24]:[/rom/ivcert/libwbckey.so]
[0m[[0;35mIV_MID[0m] [0;36m[1970-01-01 00:13:16:931778]iv_cm_get_local_data()[2975]type:1 empty
[0m[[0;35mIV_MID[0m] [0;33m[1970-01-01 00:13:16:932389]iv_cm_get_local_data()[2993]fail:-8
[0m[0;36m[GW_APP] [1970-01-01 08:13:17:150373][vNewNetMgProc():1314]bNetSel = 1[0;37m [0m
[0;36m[GW_APP] [1970-01-01 08:13:17:150982][SettingInfoSaveToFile():171]begin.[0;37m [0m
[0;36m[GW_APP] [1970-01-01 08:13:17:182129][SettingInfoSaveToFile():193]end.[0;37m [0m
[0;32m[GW_APP] [1970-01-01 08:13:17:182742][vNewNetSelDoChange():1104]3 -->> 1[0;37m [0m
[0;36m[GW_APP] [1970-01-01 08:13:17:183417][vNewNetSelDoChange():1137]net card switch[0;37m [0m
[0;36m[GW_APP] [1970-01-01 08:13:17:184056][fgWifiReconfig():691]cBuf: [wpa_cli -p /etc/Wireless -iwlan0 reconfigure][0;37m [0m
[[0;35mIV_NET[0m] [1970-01-01 00:13:17.520]broadcast_init enter..
[[0;35mIV_NET[0m] broadcast_fd_init pMgr->fdRead=29
[[0;35mIV_NET[0m] [1970-01-01 00:13:17.562]broadcast_fd_init fdRead_ipv6 error!
[[0;35mIV_NET[0m] [1970-01-01 00:13:17.625]broadcast_fd_init create broad cast send ipv6fd socket error!
[[0;35mIV_NET[0m] [1970-01-01 00:13:17.626]broadcast_fd_init bind to udp port: 8901 failed!
[[0;35mIV_NET[0m] [1970-01-01 00:13:17.627]broadcast_init succeed!
[[0;35mIV_NET[0m] start_recv_thread begin
[[0;35mIV_NET[0m] start_recv_thread end
[[0;35mIV_NET[0m] iv_access_init dm_reset_value=0
[[0;35mIV_NET[0m] broadcast recv proc start!
[[0;35mIV_NET[0m] iv_dm_data_proc begin
[[0;35mIV_NET[0m] iv_comm_run, threadID=100
[[0;35mIV_NET[0m] iv_fast_connect_srv srv_num=3 fast_connect=1
[[0;35mIV_NET[0m] iv_fast_connect_srv primary_srv
[[0;35mIV_NET[0m] iv_comm_start_thread end
[[0;35mIV_NET[0m] Compile Date: Jul 18 2023 13:50:52
[[0;35mIV_MID[0m] [0;32m[1970-01-01 00:13:17:715788]iv_sys_access_init()[1101][0mtencent id:4763251443
[[0;35mIV_MID[0m] [0;32m[1970-01-01 00:13:17:716450]iv_cm_dealing_init()[258][0mbegin.
[[0;35mIV_NET[0m] iv_comm_pingthread 1011
[[0;35mIV_MID[0m] [0;32m[1970-01-01 00:13:17:758476]iv_cm_dealing_init()[272][0mend.
[[0;35mIV_MID[0m] [0;32m[1970-01-01 00:13:17:759097]iv_sys_init()[1442][0mend.
[0;32m[GW_APP] [1970-01-01 08:13:17:763386][sys_init():857]iv_sys_get_gwell_dev_cert_info :0[0;37m [0m
[0;36m[GW_APP] [1970-01-01 08:13:17:773671][sys_init():859]opt: 0[0;37m [0m
[0;36m[GW_APP] [1970-01-01 08:13:17:774600][sys_init():860]resolution: 1[0;37m [0m
[0;36m[GW_APP] [1970-01-01 08:13:17:775469][sys_init():862]devFunc: 0x1[0;37m [0m
[0;36m[GW_APP] [1970-01-01 08:13:17:776800][sys_init():864]manufacturer_id: 1000000437[0;37m [0m
[0;36m[GW_APP] [1970-01-01 08:13:17:777447][sys_init():865]ip_camera: 0x1[0;37m [0m
[0;36m[GW_APP] [1970-01-01 08:13:17:781633][sys_init():866]door_bell: 0x0[0;37m [0m
[0;36m[GW_APP] [1970-01-01 08:13:17:782273][sys_init():867]panorama: 0x0[0;37m [0m
[0;36m[GW_APP] [1970-01-01 08:13:17:783231][sys_init():868]keepalive_wifi: 0x0[0;37m [0m
[0;36m[GW_APP] [1970-01-01 08:13:17:786913][sys_init():869]keepalive_ble: 0x0[0;37m [0m
[0;36m[GW_APP] [1970-01-01 08:13:17:787547][sys_init():870]wifi_extender: 0x0[0;37m [0m
[0;36m[GW_APP] [1970-01-01 08:13:17:788180][sys_init():871]support_gunball: 0[0;37m [0m
[0;36m[GW_APP] [1970-01-01 08:13:17:788859][sys_init():872]support_lowpower: 0[0;37m [0m
[0;36m[GW_APP] [1970-01-01 08:13:17:792179][sys_init():873]license_order_id: 2022072827820115[0;37m [0m
[0;36m[GW_APP] [1970-01-01 08:13:17:792828][sys_init():874]resv: Process 558 attached
[pid   506] 00:13:17.831056 ioctl(3, _IOC(_IOC_READ|_IOC_WRITE, 0x66, 0x2b, 0x01), 0xb4e4c9d4) = 0
[pid   506] 00:13:17.833516 ioctl(3, _IOC(_IOC_READ|_IOC_WRITE, 0x66, 0x2b, 0x01), 0xb4e4c9d4) = 0
Process 559 attached
[ISP-IOCTL pid:497 tid:502 fd:10 req:0x80044952 nr:82 dir:2 size:4 argp:0xb4ec5a10]
[pid   502] 00:13:17.897695 ioctl(32, TCGETS, 0xb4ec565c) = -1 ENOTTY (Inappropriate ioctl for device)
  -> ptr=(nil) dump=1024B
  -> ptr not in readable maps (skip)
[pid   506] 00:13:17.937808 ioctl(3, _IOC(_IOC_READ|_IOC_WRITE, 0x66, 0x2b, 0x01), 0xb4e4c9d4) = 0
[pid   506] 00:13:17.955255 ioctl(3, _IOC(_IOC_READ|_IOC_WRITE, 0x66, 0x2b, 0x01), 0xb4e4c9d4) = 0
[pid   502] 00:13:17.970542 ioctl(10, _IOC(_IOC_READ, 0x49, 0x52, 0x04), 0xb4ec5a10) = 0
[pid   499] 00:13:17.973102 ioctl(4, WDIOC_SETTIMEOUT, 0x69b94c) = 0
Process 560 attached
Process 561 attached
Process 562 attached
[pid   497] 00:13:18.027141 ioctl(31, TCGETS, 0xbebc45ac) = -1 ENOTTY (Inappropriate ioctl for device)
[pid   497] 00:13:18.036033 ioctl(31, TCGETS, 0xbebc455c) = -1 ENOTTY (Inappropriate ioctl for device)
[pid   497] 00:13:18.048894 ioctl(31, TCGETS, 0xbebc455c) = -1 ENOTTY (Inappropriate ioctl for device)
[pid   497] 00:13:18.061114 ioctl(11, VIDIOC_REQBUFS, {count=4, type=V4L2_BUF_TYPE_VIDEO_CAPTURE, memory=V4L2_MEMORY_USERPTR}) = 0 ({count=4})
[pid   497] 00:13:18.063927 ioctl(31, TCGETS <unfinished ...>
[pid   506] 00:13:18.074841 ioctl(3, _IOC(_IOC_READ|_IOC_WRITE, 0x66, 0x2b, 0x01), 0xb4e4c9d4) = 0
[pid   506] 00:13:18.081160 ioctl(3, _IOC(_IOC_READ|_IOC_WRITE, 0x66, 0x2b, 0x01), 0xb4e4c9d4) = 0
[ISP-IOCTL pid:497 tid:502 fd:10 req:0x80044952 nr:82 dir:2 size:4 argp:0xb4ec5a10]
[pid   502] 00:13:18.105067 ioctl(32, TCGETS, 0xb4ec565c) = -1 ENOTTY (Inappropriate ioctl for device)
[pid   497] 00:13:18.122054 <... ioctl resumed> , 0xbebc455c) = -1 ENOTTY (Inappropriate ioctl for device)
  -> ptr=(nil) dump=1024B
  -> ptr not in readable maps (skip)
[pid   502] 00:13:18.129883 ioctl(10, _IOC(_IOC_READ, 0x49, 0x52, 0x04), 0xb4ec5a10) = 0
[0;37m [0m
[0;36m[GW_APP] [1970-01-01 08:13:17:796360][sys_init():876]end.[0;37m [0m
[0;32m[GW_APP] [1970-01-01 08:13:17:800543][av_talk_init():781]begin.[0;37m [0m
[0;32m[GW_APP] [1970-01-01 08:13:17:803174][set_iv_head_version():769]=========>av_head_version: 0x8
[0;37m [0m
[0;32m[GW_APP] [1970-01-01 08:13:17:803901][av_talk_init():794]u32MaxFrameSize: 320[0;37m [0m
[[0;35mIV_MID[0m] [0;32m[1970-01-01 08:13:17:804586]iv_avt_init()[1878][0mbegin.
[[0;35mIV_MID[0m] [0;33m[1970-01-01 08:13:17:805299]iv_avt_check_init_parm()[107]avt recive cb function[0] NULL.
[0m[[0;35mIV_MID[0m] [0;33m[1970-01-01 08:13:17:805932]iv_avt_check_init_parm()[154]avt multiple cb function[0] NULL.
[0m[[0;35mIV_MID[0m] [0;32m[1970-01-01 08:13:17:812407]iv_avt_init()[1914][0mend.
[0;32m[GW_APP] [1970-01-01 08:13:17:813030][av_talk_init():814]end.[0;37m [0m
[0;32m[GW_APP] [1970-01-01 08:13:17:835056][record_init():751]begin..
[0;37m [0m
[[0;35mIV_MID[0m] [0;32m[1970-01-01 08:13:17:836287]iv_rd_init()[9355][0mbegin.
[[0;35mIV_MID[0m] [0;36m[1970-01-01 08:13:17:837008]iv_rd_check_init_parm()[9311]will be not use iv_rd_get_recording_type_cb
[0m[[0;35mIV_MID[0m] [0;36m[1970-01-01 08:13:17:837635]iv_rd_check_init_parm()[9317]will be not use iv_rd_capture_thumbnail_cb
[0m[[0;35mIV_MID[0m] [0;36m[1970-01-01 08:13:17:838294]iv_rd_init()[9370]sd card path:/mnt/disc1
[0m[[0;35mIV_MID[0m] [0;31m[1970-01-01 08:13:17:852663]iv_load_rd_thumbnail_func()[5554]not support function: 'rd_thumbnail', please compile with libiotvideo_rd_thumbnail
[0m[[0;35mIV_MID[0m] [0;33m[1970-01-01 08:13:17:959311]iv_record_mp4_repair_default()[8406]no mp4 repair func found,use default,success
[0m[[0;35mIV_MID[0m] [0;32m[1970-01-01 08:13:17:981031]iv_rd_init()[9395][0mend.
[0;32m[GW_APP] [1970-01-01 08:13:17:981704][record_resolution_set():585]recordResolution: 10[0;37m [0m
[0;32m[GW_APP] [1970-01-01 08:13:17:982391][record_resolution_init():591]recordResolution: 10 pstSettingInfo->recordResolution :1[0;37m [0m
[0;32m[GW_APP] [1970-01-01 08:13:17:986950][cloud_storage_init():301]begin..
[0;37m [0m
[[0;35mIV_MID[0m] [0;32m[1970-01-01 08:13:17:987593]iv_cs_init()[7953][0mbegin.
[[0;35mIV_MID[0m] [0;32m[1970-01-01 08:13:17:988355]iv_sys_dev_lowpower()[1564][0mdebug sdk force set
[[0;35mIV_MID[0m] [0;32m[1970-01-01 08:13:18:001943]iv_cs_init()[7975][0mend.
[0;36m[GW_APP] [1970-01-01 08:13:18:002570][upgrade_init():262]iv_ota_firmware_update_cb: 0xf9af8[0;37m [0m
[[0;35mIV_MID[0m] [0;32m[1970-01-01 08:13:18:003264]iv_ota_init()[979][0mbegin.
[[0;35mIV_MID[0m] [0;32m[1970-01-01 08:13:18:009357]iv_ota_init()[1003][0mend.
[0;36m[GW_APP] [1970-01-01 08:13:18:010167][SettingInfoLastestVersionIsChanged():387]sCurrentVersion: [33.0.25], sLastestVersion: [33.0.25][0;37m [0m
[[0;35mIV_MID[0m] [0;32m[1970-01-01 08:13:18:010947]iv_uc_init()[129][0mbegin.
[[0;35mIV_MID[0m] [0;32m[1970-01-01 08:13:18:011581]iv_uc_init()[140][0mend.
[0;32m[GW_APP] [1970-01-01 08:13:18:012212][download_res_file_init():427]begin..
[0;37m [0m
[0;36m[GW_APP] [1970-01-01 08:13:18:013185][iotvideo_sdk_init():55]End ...[0;37m [0m
[0;32m[GW_APP] [1970-01-01 08:13:18:014180][vStartMD():288]MD >>>[0;37m [0m
[0;32m[GW_APP] [1970-01-01 08:13:18:024596][vVIControl():263]dwChID= 3,set:1[0;37m [0m
[32m[00:00:33.696|  info|        ] [0menter PlatformViStart
[1;33m[malloc_capture_buffers:115] ion_mem: 0xb524b000, temp: 0x80384000
[m[pid   497] 00:13:18.144487 ioctl(31, TCGETS, 0xbebc455c) = -1 ENOTTY (Inappropriate ioctl for device)
[1;33m[malloc_capture_buffers:122] n_buffers: 0, start: 0xb524b000, length: 2306048
[m[pid   497] 00:13:18.162515 ioctl(31, TCGETS, 0xbebc455c) = -1 ENOTTY (Inappropriate ioctl for device)
[1;33m[malloc_capture_buffers:122] n_buffers: 1, start: 0xb547e000, length: 2306048
[m[pid   497] 00:13:18.179230 ioctl(31, TCGETS <unfinished ...>
[pid   506] 00:13:18.186897 ioctl(3, _IOC(_IOC_READ|_IOC_WRITE, 0x66, 0x2b, 0x01), 0xb4e4c9d4) = 0
[pid   506] 00:13:18.188751 ioctl(3, _IOC(_IOC_READ|_IOC_WRITE, 0x66, 0x2b, 0x01), 0xb4e4c9d4) = 0
[pid   497] 00:13:18.195566 <... ioctl resumed> , 0xbebc455c) = -1 ENOTTY (Inappropriate ioctl for device)
[1;33m[malloc_capture_buffers:122] n_buffers: 2, start: 0xb56b1000, length: 2306048
[m[pid   497] 00:13:18.208243 ioctl(31, TCGETS, 0xbebc455c) = -1 ENOTTY (Inappropriate ioctl for device)
[1;33m[malloc_capture_buffers:122] n_buffers: 3, start: 0xb58e4000, length: 2306048
[m[ISP-IOCTL pid:497 tid:502 fd:10 req:0x80044952 nr:82 dir:2 size:4 argp:0xb4ec5a10]
[pid   502] 00:13:18.240794 ioctl(32, TCGETS, 0xb4ec565c) = -1 ENOTTY (Inappropriate ioctl for device)
  -> ptr=(nil) dump=1024B
  -> ptr not in readable maps (skip)
[pid   502] 00:13:18.266428 ioctl(10, _IOC(_IOC_READ, 0x49, 0x52, 0x04), 0xb4ec5a10) = 0
[pid   497] 00:13:18.275221 ioctl(31, TCGETS, 0xbebc455c) = -1 ENOTTY (Inappropriate ioctl for device)
[malloc_capture_buffers:128] set buffer size: 2306048 ok
[pid   497] 00:13:18.292382 ioctl(31, TCGETS, 0xbebc455c) = -1 ENOTTY (Inappropriate ioctl for device)
[pid   506] 00:13:18.305951 ioctl(3, _IOC(_IOC_READ|_IOC_WRITE, 0x66, 0x2b, 0x01), 0xb4e4c9d4) = 0
[pid   506] 00:13:18.307723 ioctl(3, _IOC(_IOC_READ|_IOC_WRITE, 0x66, 0x2b, 0x01), 0xb4e4c9d4) = 0
[pid   497] 00:13:18.318379 ioctl(11, VIDIOC_QBUF, {type=V4L2_BUF_TYPE_VIDEO_CAPTURE, index=0, memory=V4L2_MEMORY_USERPTR, m.userptr=0xb524b000, length=2306048, bytesused=0, flags=0, ...}) = 0
[pid   497] 00:13:18.331248 ioctl(11, VIDIOC_QBUF, {type=V4L2_BUF_TYPE_VIDEO_CAPTURE, index=1, memory=V4L2_MEMORY_USERPTR, m.userptr=0xb547e000, length=2306048, bytesused=0, flags=0, ...}) = 0
[pid   497] 00:13:18.333365 ioctl(11, VIDIOC_QBUF, {type=V4L2_BUF_TYPE_VIDEO_CAPTURE, index=2, memory=V4L2_MEMORY_USERPTR, m.userptr=0xb56b1000, length=2306048, bytesused=0, flags=0, ...}) = 0
[pid   497] 00:13:18.337524 ioctl(11, VIDIOC_QBUF, {type=V4L2_BUF_TYPE_VIDEO_CAPTURE, index=3, memory=V4L2_MEMORY_USERPTR, m.userptr=0xb58e4000, length=2306048, bytesused=0, flags=0, ...}) = 0
[pid   497] 00:13:18.344931 ioctl(11, VIDIOC_STREAMON, V4L2_BUF_TYPE_VIDEO_CAPTURE) = 0
[pid   497] 00:13:18.357996 ioctl(31, TCGETS, 0xbebc455c) = -1 ENOTTY (Inappropriate ioctl for device)
[ISP-IOCTL pid:497 tid:502 fd:10 req:0x80044952 nr:82 dir:2 size:4 argp:0xb4ec5a10]
[pid   502] 00:13:18.379840 ioctl(32, TCGETS, 0xb4ec565c) = -1 ENOTTY (Inappropriate ioctl for device)
  -> ptr=(nil) dump=1024B
  -> ptr not in readable maps (skip)
[pid   502] 00:13:18.398484 ioctl(10, _IOC(_IOC_READ, 0x49, 0x52, 0x04), 0xb4ec5a10) = 0
[1;33m[isp_vi_capture_on:719] stream on, drop first 4 frames
[m[pid   506] 00:13:18.415529 ioctl(3, _IOC(_IOC_READ|_IOC_WRITE, 0x66, 0x2b, 0x01), 0xb4e4c9d4) = 0
[pid   506] 00:13:18.422611 ioctl(3, _IOC(_IOC_READ|_IOC_WRITE, 0x66, 0x2b, 0x01), 0xb4e4c9d4) = 0
[pid   497] 00:13:18.427721 ioctl(11, VIDIOC_DQBUF, {type=V4L2_BUF_TYPE_VIDEO_CAPTURE, index=0, memory=V4L2_MEMORY_USERPTR, m.userptr=0xb524b000, length=1382400, bytesused=1382400, flags=0, timestamp = {798.410000}, ...}) = 0
[pid   497] 00:13:18.440349 ioctl(31, TCGETS, 0xbebc4534) = -1 ENOTTY (Inappropriate ioctl for device)
[pid   497] 00:13:18.445489 ioctl(11, VIDIOC_QBUF, {type=V4L2_BUF_TYPE_VIDEO_CAPTURE, index=0, memory=V4L2_MEMORY_USERPTR, m.userptr=0xb524b000, length=1382400, bytesused=1382400, flags=0, ...}) = 0
[pid   497] 00:13:18.490315 ioctl(11, VIDIOC_DQBUF, {type=V4L2_BUF_TYPE_VIDEO_CAPTURE, index=1, memory=V4L2_MEMORY_USERPTR, m.userptr=0xb547e000, length=1382400, bytesused=1382400, flags=0, timestamp = {798.470000}, ...}) = 0
[pid   497] 00:13:18.495436 ioctl(31, TCGETS[ISP-IOCTL pid:497 tid:502 fd:10 req:0x80044952 nr:82 dir:2 size:4 argp:0xb4ec5a10]
 <unfinished ...>
[pid   502] 00:13:18.513246 ioctl(32, TCGETS, 0xb4ec565c) = -1 ENOTTY (Inappropriate ioctl for device)
[pid   506] 00:13:18.543628 ioctl(3, _IOC(_IOC_READ|_IOC_WRITE, 0x66, 0x2b, 0x01), 0xb4e4c9d4) = 0
[pid   506] 00:13:18.545723 ioctl(3, _IOC(_IOC_READ|_IOC_WRITE, 0x66, 0x2b, 0x01), 0xb4e4c9d4) = 0
  -> ptr=(nil) dump=1024B
  -> ptr not in readable maps (skip)
[pid   502] 00:13:18.566883 ioctl(10, _IOC(_IOC_READ, 0x49, 0x52, 0x04), 0xb4ec5a10) = 0
[pid   497] 00:13:18.568415 <... ioctl resumed> , 0xbebc4534) = -1 ENOTTY (Inappropriate ioctl for device)
[pid   497] 00:13:18.571565 ioctl(11, VIDIOC_QBUF, {type=V4L2_BUF_TYPE_VIDEO_CAPTURE, index=1, memory=V4L2_MEMORY_USERPTR, m.userptr=0xb547e000, length=1382400, bytesused=1382400, flags=0, ...}) = 0
[pid   497] 00:13:18.581802 ioctl(11, VIDIOC_DQBUF, {type=V4L2_BUF_TYPE_VIDEO_CAPTURE, index=2, memory=V4L2_MEMORY_USERPTR, m.userptr=0xb56b1000, length=1382400, bytesused=1382400, flags=0, timestamp = {0.000000}, ...}) = 0
[pid   497] 00:13:18.584232 ioctl(31, TCGETS, 0xbebc4534) = -1 ENOTTY (Inappropriate ioctl for device)
[pid   497] 00:13:18.593725 ioctl(11, VIDIOC_QBUF, {type=V4L2_BUF_TYPE_VIDEO_CAPTURE, index=2, memory=V4L2_MEMORY_USERPTR, m.userptr=0xb56b1000, length=1382400, bytesused=1382400, flags=0, ...}) = 0
[pid   497] 00:13:18.624069 ioctl(11, VIDIOC_DQBUF, {type=V4L2_BUF_TYPE_VIDEO_CAPTURE, index=3, memory=V4L2_MEMORY_USERPTR, m.userptr=0xb58e4000, length=1382400, bytesused=1382400, flags=0, timestamp = {0.000000}, ...}) = 0
[pid   497] 00:13:18.627868 ioctl(31, TCGETS, 0xbebc4534) = -1 ENOTTY (Inappropriate ioctl for device)
[pid   497] 00:13:18.634818 ioctl(11, VIDIOC_QBUF, {type=V4L2_BUF_TYPE_VIDEO_CAPTURE, index=3, memory=V4L2_MEMORY_USERPTR, m.userptr=0xb58e4000, length=1382400, bytesused=1382400, flags=0, ...}) = 0
[pid   506] 00:13:18.655233 ioctl(3, _IOC(_IOC_READ|_IOC_WRITE, 0x66, 0x2b, 0x01), 0xb4e4c9d4) = 0
[pid   506] 00:13:18.676993 ioctl(3, _IOC(_IOC_READ|_IOC_WRITE, 0x66, 0x2b, 0x01), 0xb4e4c9d4) = 0
[ISP-IOCTL pid:497 tid:502 fd:10 req:0x80044952 nr:82 dir:2 size:4 argp:0xb4ec5a10]
[pid   502] 00:13:18.685992 ioctl(31, TCGETS, 0xb4ec565c) = -1 ENOTTY (Inappropriate ioctl for device)
  -> ptr=0xa27b dump=1024B
[pid   502] 00:13:18.702677 ioctl(31, TCGETS, 0xb4ec565c) = -1 ENOTTY (Inappropriate ioctl for device)
  0000: 00 c8 00 00 00 12 00 09 00 8d 1d 00 00 d0 6c 62 
  0010: 00 1c 00 00 00 11 00 12 00 85 [pid   543] 00:13:18.775622 +++ exited with 0 +++
[pid   542] 00:13:18.777962 --- SIGCHLD {si_signo=SIGCHLD, si_code=CLD_EXITED, si_pid=543, si_uid=0, si_status=0, si_utime=1, si_stime=2} ---
[pid   542] 00:13:18.780470 +++ exited with 0 +++
[pid   553] 00:13:18.785886 --- SIGCHLD {si_signo=SIGCHLD, si_code=CLD_EXITED, si_pid=542, si_uid=0, si_status=0, si_utime=1, si_stime=3} ---
[pid   538] 00:13:18.789064 ioctl(4, SIOCSIWSCAN, 0xbe9a38f4) = 0
[pid   538] 00:13:18.799438 ioctl(4, SIOCGIWSCAN, 0xbe9a1810) = -1 EAGAIN (Resource temporarily unavailable)
[pid   506] 00:13:18.810763 ioctl(3, _IOC(_IOC_READ|_IOC_WRITE, 0x66, 0x2b, 0x01), 0xb4e4c9d4) = 0
[pid   506] 00:13:18.812804 ioctl(3, _IOC(_IOC_READ|_IOC_WRITE, 0x66, 0x2b, 0x01), 0xb4e4c9d4) = 0
0e 00 00 b4 Process 564 attached
28 01 [pid   538] 23:25:55.818844 ioctl(4, SIOCSIWSCAN <unfinished ...>
[pid   564] 23:25:55.833801 ioctl(0, TCGETS, {B115200 opost isig icanon echo ...}) = 0
[pid   564] 23:25:55.836673 ioctl(1, TCGETS, 0xbe83d8dc) = -1 EINVAL (Invalid argument)
[ISP-TRACE] /dev/isp_char detected rdev=0xa3d pid=564
[pid   564] 23:25:55.862589 +++ exited with 0 +++
Process 565 attached
[pid   560] 23:25:55.865490 --- SIGCHLD {si_signo=SIGCHLD, si_code=CLD_EXITED, si_pid=564, si_uid=0, si_status=0, si_utime=2, si_stime=24} ---
[pid   538] 23:25:55.890844 <... ioctl resumed> , 0xbe9a38f4) = 0
[pid   538] 23:25:55.904445 ioctl(4, SIOCGIWSCAN, 0xbe9a1810) = -1 EAGAIN (Resource temporarily unavailable)
[pid   565] 23:25:56.175355 ioctl(0, TCGETS, 0xbea1b8bc) = -1 ENOTTY (Inappropriate ioctl for device)
[pid   565] 23:25:56.178878 ioctl(1, TCGETS, 0xbea1b8bc) = -1 EINVAL (Invalid argument)
[ISP-TRACE] /dev/isp_char detected rdev=0xa3d pid=565
[pid   565] 23:25:56.219736 ioctl(3, SIOCGIFINDEX, {ifr_name="wlan0", ifr_index=3}) = 0
Adapter index 3
[pid   565] 23:25:56.227094 ioctl(3, SIOCGIFHWADDR, {ifr_name="wlan0", ifr_hwaddr=90:de:80:3e:0a:b9}) = 0
MAC 90:de:80:3e:0a:b9
udhcpc (v1.24.1) started
Executing /usr/share/udhcpc/default.script deconfig
Process 566 attached
[pid   506] 23:25:56.274632 ioctl(3, _IOC(_IOC_READ|_IOC_WRITE, 0x66, 0x2b, 0x01), 0xb4e4c9d4) = 0
[pid   506] 23:25:56.345752 ioctl(3, _IOC(_IOC_READ|_IOC_WRITE, 0x66, 0x2b, 0x01), 0xb4e4c9d4) = 0

  0020: 00 00 00 00 00 12 00 00 00 d7 1f 00 [pid   506] 23:25:56.483390 ioctl(3, _IOC(_IOC_READ|_IOC_WRITE, 0x66, 0x2b, 0x01), 0xb4e4c9d4) = 0
[pid   506] 23:25:56.503970 ioctl(3, _IOC(_IOC_READ|_IOC_WRITE, 0x66, 0x2b, 0x01), 0xb4e4c9d4) = 0
00 64 cf 6a 
  0030: 00 [pid   506] 23:25:56.887515 ioctl(3, _IOC(_IOC_READ|_IOC_WRITE, 0x66, 0x2b, 0x01), 0xb4e4c9d4) = 0
[pid   506] 23:25:56.913912 ioctl(3, _IOC(_IOC_READ|_IOC_WRITE, 0x66, 0x2b, 0x01), 0xb4e4c9d4) = 0
[pid   566] 23:25:56.932858 ioctl(0, TCGETS, 0xbed8e8ec) = -1 ENOTTY (Inappropriate ioctl for device)
[pid   566] 23:25:56.934980 ioctl(1, TCGETS, 0xbed8e8ec) = -1 EINVAL (Invalid argument)
[ISP-TRACE] /dev/isp_char detected rdev=0xa3d pid=566
Process 567 attached
04 00 [pid   538] 23:25:57.271803 ioctl(4, SIOCSIWSCAN, 0xbe9a38f4) = 0
[pid   567] 23:25:57.330213 ioctl(0, TCGETS, 0xbec1291c) = -1 ENOTTY (Inappropriate ioctl for device)
[pid   567] 23:25:57.333727 ioctl(1, TCGETS, 0xbec1291c) = -1 EINVAL (Invalid argument)
[ISP-TRACE] /dev/isp_char detected rdev=0xa3d pid=567
[pid   567] 23:25:57.348400 ioctl(3, SIOCSIFADDR, {ifr_name="wlan0", ifr_addr={AF_INET, inet_addr("0.0.0.0")}}) = 0
[pid   567] 23:25:57.382568 ioctl(3, SIOCGIFFLAGS, {ifr_name="wlan0", ifr_flags=IFF_UP|IFF_BROADCAST|IFF_MULTICAST}) = 0
[pid   567] 23:25:57.389586 ioctl(3, SIOCSIFFLAGS, {ifr_name="wlan0", ifr_flags=IFF_UP|IFF_BROADCAST|IFF_RUNNING|IFF_MULTICAST}) = 0
[pid   567] 23:25:57.399922 +++ exited with 0 +++
[pid   566] 23:25:57.401725 --- SIGCHLD {si_signo=SIGCHLD, si_code=CLD_EXITED, si_pid=567, si_uid=0, si_status=0, si_utime=0, si_stime=3} ---
[pid   566] 23:25:57.414853 +++ exited with 0 +++
[pid   565] 23:25:57.417052 --- SIGCHLD {si_signo=SIGCHLD, si_code=CLD_EXITED, si_pid=566, si_uid=0, si_status=0, si_utime=1, si_stime=15} ---
Entering listen mode: raw
Opening raw socket on ifindex 3
Got raw socket fd
Created raw socket
[pid   565] 23:25:57.431632 ioctl(6, SIOCGIFINDEX, {ifr_name="wlan0", ifr_index=3}) = 0
Adapter index 3
[pid   565] 23:25:57.441552 ioctl(6, SIOCGIFHWADDR, {ifr_name="wlan0", ifr_hwaddr=90:de:80:3e:0a:b9}) = 0
MAC 90:de:80:3e:0a:b9
Sending discover...
Waiting on select 3 seconds
[pid   538] 23:25:57.482378 ioctl(4, SIOCGIWSCAN, 0xbe9a1810) = -1 EAGAIN (Resource temporarily unavailable)
[pid   506] 23:25:57.576400 ioctl(3, _IOC(_IOC_READ|_IOC_WRITE, 0x66, 0x2b, 0x01), 0xb4e4c9d4) = 0
[pid   506] 23:25:57.581565 ioctl(3, _IOC(_IOC_READ|_IOC_WRITE, 0x66, 0x2b, 0x01), 0xb4e4c9d4) = 0
[pid   504] 23:25:57.659458 ioctl(24, TCGETS, 0xb4e8c19c) = -1 EINVAL (Invalid argument)
00 Process 568 attached
00 [pid   506] 23:25:57.718389 ioctl(3, _IOC(_IOC_READ|_IOC_WRITE, 0x66, 0x2b, 0x01) <unfinished ...>
[pid   560] 23:25:57.802545 ioctl(31, TCGETS, 0xb05ac734) = -1 ENOTTY (Inappropriate ioctl for device)
[pid   568] 23:25:57.893216 ioctl(0, TCGETS, {B115200 opost isig icanon echo ...}) = 0
[pid   568] 23:25:57.897389 ioctl(1, TCGETS, 0xbeda390c) = -1 EINVAL (Invalid argument)
[ISP-TRACE] /dev/isp_char detected rdev=0xa3d pid=568
Process 569 attached
[pid   506] 23:25:57.978482 <... ioctl resumed> , 0xb4e4c9d4) = 0
Process 570 attached
[pid   506] 23:25:57.997518 ioctl(3, _IOC(_IOC_READ|_IOC_WRITE, 0x66, 0x2b, 0x01), 0xb4e4c9d4) = 0
[pid   569] 23:25:58.100411 ioctl(0, TCGETS, {B115200 opost isig icanon echo ...}) = 0
[pid   569] 23:25:58.109583 ioctl(1, TCGETS, 0xbebfa96c) = -1 EINVAL (Invalid argument)
[ISP-TRACE] /dev/isp_char detected rdev=0xa3d pid=569
Process 571 attached
Process 572 attached
[pid   538] 23:25:58.244217 ioctl(3, SIOCGIFADDR, {ifr_name="wlan0", ???}) = -1 EADDRNOTAVAIL (Cannot assign requested address)
[pid   538] 23:25:58.247819 ioctl(4, SIOCGIWSTATS, 0xbe9a2968) = 0
[pid   569] 23:25:58.261097 +++ exited with 0 +++
[pid   570] 23:25:58.266406 ioctl(0, TCGETS, 0xbe8a293c) = -1 EINVAL (Invalid argument)
[pid   570] 23:25:58.268756 ioctl(1, TCGETS, 0xbe8a293c) = -1 EINVAL (Invalid argument)
[ISP-TRACE] /dev/isp_char detected rdev=0xa3d pid=570
[pid   568] 23:25:58.276612 --- SIGCHLD {si_signo=SIGCHLD, si_code=CLD_EXITED, si_pid=569, si_uid=0, si_status=0, si_utime=1, si_stime=2} ---
[pid   570] 23:25:58.283548 +++ exited with 0 +++
[pid   568] 23:25:58.284818 --- SIGCHLD {si_signo=SIGCHLD, si_code=CLD_EXITED, si_pid=570, si_uid=0, si_status=0, si_utime=1, si_stime=5} ---
[pid   568] 23:25:58.287396 +++ exited with 0 +++
[pid   557] 23:25:58.288621 --- SIGCHLD {si_signo=SIGCHLD, si_code=CLD_EXITED, si_pid=568, si_uid=0, si_status=0, si_utime=0, si_stime=4} ---
[pid   538] 23:25:58.296262 ioctl(4, SIOCGIWSCAN, 0xbe9a1810) = 0
[pid   538] 23:25:58.312640 ioctl(4, SIOCSIWAUTH, 0xbe9a1680) = 0
[pid   538] 23:25:58.319289 ioctl(4, SIOCSIWAUTH, 0xbe9a1680) = 0
[pid   538] 23:25:58.322111 ioctl(4, SIOCSIWMODE, 0xbe9a1680) = 0
[pid   538] 23:25:58.327960 ioctl(4, SIOCSIWGENIE, 0xbe9a16b8) = 0
[pid   538] 23:25:58.333271 ioctl(4, SIOCSIWAUTH, 0xbe9a1680) = 0
[pid   538] 23:25:58.335937 ioctl(4, SIOCSIWAUTH, 0xbe9a1680) = 0
[pid   538] 23:25:58.341023 ioctl(4, SIOCSIWAUTH, 0xbe9a1680) = 0
[pid   538] 23:25:58.344022 ioctl(4, SIOCSIWAUTH, 0xbe9a1680) = 0
[pid   538] 23:25:58.347450 ioctl(4, SIOCSIWAUTH, 0xbe9a1680) = 0
[pid   538] 23:25:58.351950 ioctl(4, SIOCSIWAUTH, 0xbe9a1680) = 0
[pid   538] 23:25:58.354892 ioctl(4, SIOCSIWFREQ <unfinished ...>
[pid   506] 23:25:58.371691 ioctl(3, _IOC(_IOC_READ|_IOC_WRITE, 0x66, 0x2b, 0x01) <unfinished ...>
[pid   538] 23:25:58.377841 <... ioctl resumed> , 0xbe9a1688) = 0
[pid   538] 23:25:58.379680 ioctl(4, SIOCSIWESSID, 0xbe9a1654) = 0
[pid   538] 23:25:58.390405 ioctl(4, SIOCSIWAP, 0xbe9a1688) = 0
[pid   506] 23:25:58.414039 <... ioctl resumed> , 0xb4e4c9d4) = 0
[pid   506] 23:25:58.416988 ioctl(3, _IOC(_IOC_READ|_IOC_WRITE, 0x66, 0x2b, 0x01), 0xb4e4c9d4) = 0
[pid   504] 23:25:58.462546 ioctl(24, SIOCGIFADDR, {ifr_name="wlan0", ???}) = -1 EADDRNOTAVAIL (Cannot assign requested address)
[pid   504] 23:25:58.478757 ioctl(24, TCGETS, 0xb4e8be74) = -1 ENOTTY (Inappropriate ioctl for device)
11 00 16 00 98 10 00 00 c0 28 01 [pid   506] 23:25:58.526803 ioctl(3, _IOC(_IOC_READ|_IOC_WRITE, 0x66, 0x2b, 0x01), 0xb4e4c9d4) = 0
[pid   506] 23:25:58.560524 ioctl(3, _IOC(_IOC_READ|_IOC_WRITE, 0x66, 0x2b, 0x01), 0xb4e4c9d4) = 0

  0040: 00 00 00 00 00 12 00 00 00 ee 23 00 00 cc 28 01 
[msg] Nameserver 119.29.29.29:53 has failed: Network is unreachable
[msg] All nameservers have failed
  0050: 00 00 00 [pid   506] 23:25:58.675968 ioctl(3, _IOC(_IOC_READ|_IOC_WRITE, 0x66, 0x2b, 0x01), 0xb4e4c9d4) = 0
[pid   506] 23:25:58.681897 ioctl(3, _IOC(_IOC_READ|_IOC_WRITE, 0x66, 0x2b, 0x01), 0xb4e4c9d4) = 0
00 00 12 00 00 00 a3 1d 00 00 c0 cf 6a 
  0060: 00 04 00 00 00 11 00 16 00 ac 1d 00 00 40 28 67 
  0070: 00 28 00 00 00 11 00 15 00 4a 01 00 00 d8 28 01 
  0080: 00 00 00 00 00 12 00 00 00 33 06 00 00 e4 28 01 
  0090: 00 00 00 00 00 [pid   506] 23:25:58.817634 ioctl(3, _IOC(_IOC_READ|_IOC_WRITE, 0x66, 0x2b, 0x01), 0xb4e4c9d4) = 0
[pid   506] 23:25:58.820120 ioctl(3, _IOC(_IOC_READ|_IOC_WRITE, 0x66, 0x2b, 0x01), 0xb4e4c9d4) = 0
12 00 00 00 6b 0d 00 00 f0 28 01 
  00a0: 00 00 00 00 00 12 00 00 00 bc 1d 00 00 e8 73 62 
  00b0: 00 1c 00 00 00 11 00 12 00 cc 1d 00 00 e0 5c 6b 
  00c0: 00 78 00 00 00 11 00 16 00 09 16 00 00 fc 28 01 
  00d0: [pid   538] 23:25:58.915038 ioctl(4, SIOCGIWAP, 0xbe9a1940) = 0
[pid   538] 23:25:58.945483 ioctl(4, SIOCGIWESSID, 0xbe9a3050) = 0
[pid   538] 23:25:58.952439 ioctl(4, SIOCGIWAP, 0xbe9a3050) = 0
[pid   538] 23:25:58.955087 ioctl(3, TCGETS, 0xbe9a2f74) = -1 EINVAL (Invalid argument)
[pid   506] 23:25:58.967708 ioctl(3, _IOC(_IOC_READ|_IOC_WRITE, 0x66, 0x2b, 0x01) <unfinished ...>
[pid   538] 23:25:58.974483 ioctl(4, SIOCSIWENCODEEXT, 0xbe9a3050) = 0
[pid   538] 23:25:58.982592 ioctl(4, SIOCSIWENCODEEXT, 0xbe9a2ff8) = 0
[pid   506] 23:25:58.998482 <... ioctl resumed> , 0xb4e4c9d4) = 0
[pid   506] 23:25:59.002139 ioctl(3, _IOC(_IOC_READ|_IOC_WRITE, 0x66, 0x2b, 0x01), 0xb4e4c9d4) = 0
00 00 00 00 00 12 00 00 00 d9 1d 00 00 74 53 6b 
  00e0: 00 04 00 00 00 11 00 16 00 e2 1d 00 00 ac 88 24 
  00f0: 00 68 00 00 00 12 00 09 00 fe 1d 00 00 74 cf 6a 
  0100: 00 04 00 00 00 11 00 16 00 09 1e 00 00 78 8a 62 
  0110: 00 1c 00 00 00 11 00 12 00 25 1e [pid   506] 23:25:59.105965 ioctl(3, _IOC(_IOC_READ|_IOC_WRITE, 0x66, 0x2b, 0x01), 0xb4e4c9d4) = 0
[pid   506] 23:25:59.109060 ioctl(3, _IOC(_IOC_READ|_IOC_WRITE, 0x66, 0x2b, 0x01), 0xb4e4c9d4) = 0
00 00 58 6a 62 
  0120: 00 1c 00 00 00 11 00 12 00 fb 02 00 00 08 29 01 
  0130: 00 00 00 00 00 12 00 00 00 48 11 00 00 14 29 01 
