  0140: 00 00 00 00 00 12 00 00 00 66 07 00 00 20 29 01 [pid   506] 23:25:59.217008 ioctl(3, _IOC(_IOC_READ|_IOC_WRITE, 0x66, 0x2b, 0x01), 0xb4e4c9d4) = 0
[pid   506] 23:25:59.220746 ioctl(3, _IOC(_IOC_READ|_IOC_WRITE, 0x66, 0x2b, 0x01), 0xb4e4c9d4) = 0

  0150: 00 00 00 00 00 12 00 00 00 3b 1e 00 00 80 cf 6a 
  0160: 00 04 00 00 00 11 00 16 00 4c 1e 00 00 bc 2e 4c 
  0170: 00 28 04 00 00 12 00 09 00 c4 10 00 00 2c 29 01 
  0180: 00 00 00 00 00 12 00 00 00 5d 1e 00 00 94 d5 49 
  0190: 00 1c 00 00 00 12 00 09 [pid   506] 23:25:59.324163 ioctl(3, _IOC(_IOC_READ|_IOC_WRITE, 0x66, 0x2b, 0x01), 0xb4e4c9d4) = 0
[pid   506] 23:25:59.329172 ioctl(3, _IOC(_IOC_READ|_IOC_WRITE, 0x66, 0x2b, 0x01), 0xb4e4c9d4) = 0
00 71 1e 00 00 0c 83 62 
  01a0: 00 1c 00 00 00 11 00 12 00 f3 0e 00 00 38 29 01 
  01b0: 00 00 00 00 00 12 00 00 00 e2 0f 00 00 44 29 01 
  01c0: 00 00 00 00 00 12 00 00 00 4b 16 00 00 98 6c 67 
  01d0: 00 04 00 00 00 21 00 16 00 26 11 00 00 50 29 01 
[pid   506] 23:25:59.436798 ioctl(3, _IOC(_IOC_READ|_IOC_WRITE, 0x66, 0x2b, 0x01), 0xb4e4c9d4) = 0
[pid   506] 23:25:59.439201 ioctl(3, _IOC(_IOC_READ|_IOC_WRITE, 0x66, 0x2b, 0x01), 0xb4e4c9d4) = 0
  01e0: 00 00 00 00 00 12 00 00 00 93 0f 00 00 5c 29 01 
  01f0: 00 00 00 00 00 12 00 00 00 7d 1e 00 00 58 29 26 
  0200: 00 58 00 00 00 12 00 09 00 95 1e 00 00 28 83 62 
  0210: 00 1c 00 00 00 11 00 12 00 a1 1e 00 00 f0 ba 61 
  0220: 00 0c 00 00 00 [pid   506] 23:25:59.542789 ioctl(3, _IOC(_IOC_READ|_IOC_WRITE, 0x66, 0x2b, 0x01), 0xb4e4c9d4) = 0
[pid   506] 23:25:59.546192 ioctl(3, _IOC(_IOC_READ|_IOC_WRITE, 0x66, 0x2b, 0x01), 0xb4e4c9d4) = 0
11 00 12 00 95 15 00 00 68 29 01 
  0230: 00 00 00 00 00 12 00 00 00 26 01 00 00 90 d6 50 
  0240: 00 00 00 00 00 12 00 0a 00 cb 0a 00 00 74 29 01 
  0250: 00 00 00 00 00 12 00 00 00 b5 1e 00 00 cc 6d 62 
  0260: 00 1c 00 00 00 11 00 12 00 78 02 00 00 80 29 01 [pid   506] 23:25:59.658589 ioctl(3, _IOC(_IOC_READ|_IOC_WRITE, 0x66, 0x2b, 0x01), 0xb4e4c9d4) = 0
[pid   506] 23:25:59.662216 ioctl(3, _IOC(_IOC_READ|_IOC_WRITE, 0x66, 0x2b, 0x01), 0xb4e4c9d4) = 0

  0270: 00 00 00 00 00 12 00 00 00 c2 1e 00 00 00 96 49 
  0280: 00 1c 00 00 00 12 00 09 00 2b 16 00 00 8c 29 01 
  0290: 00 00 00 00 00 12 00 00 00 7c 0c 00 00 98 29 01 
  02a0: 00 00 00 00 00 12 00 00 00 cc 1e 00 00 2c 57 62 
  02b0: 00 1c 00 00 00 11 00 12 00 c0 13 00 [pid   506] 23:25:59.768991 ioctl(3, _IOC(_IOC_READ|_IOC_WRITE, 0x66, 0x2b, 0x01), 0xb4e4c9d4) = 0
[pid   506] 23:25:59.773248 ioctl(3, _IOC(_IOC_READ|_IOC_WRITE, 0x66, 0x2b, 0x01), 0xb4e4c9d4) = 0
00 a4 29 01 
  02c0: 00 00 00 00 00 12 00 00 00 dc 1e 00 00 98 6c 62 
  02d0: 00 1c 00 00 00 11 00 12 00 40 13 00 00 98 6c 67 
  02e0: 00 04 00 00 00 11 00 16 00 ee 1e 00 00 a4 cf 6a 
  02f0: 00 04 00 00 00 11 00 16 00 7d 12 00 00 b0 29 01 
[pid   506] 23:25:59.883171 ioctl(3, _IOC(_IOC_READ|_IOC_WRITE, 0x66, 0x2b, 0x01), 0xb4e4c9d4) = 0
[pid   506] 23:25:59.885614 ioctl(3, _IOC(_IOC_READ|_IOC_WRITE, 0x66, 0x2b, 0x01), 0xb4e4c9d4) = 0
  0300: 00 00 00 00 00 12 00 00 00 fd 1e 00 00 14 74 45 
  0310: 00 04 00 00 00 12 00 09 00 07 1f 00 00 40 ac 1a 
  0320: 00 d4 02 00 00 12 00 09 00 bd 0e 00 00 bc 29 01 
  0330: 00 00 00 00 00 12 00 00 00 05 11 00 00 c8 29 01 
  0340: 00 00 00 00 00 12 00 [pid   506] 23:25:59.990761 ioctl(3, _IOC(_IOC_READ|_IOC_WRITE, 0x66, 0x2b, 0x01), 0xb4e4c9d4) = 0
[pid   506] 23:25:59.993627 ioctl(3, _IOC(_IOC_READ|_IOC_WRITE, 0x66, 0x2b, 0x01), 0xb4e4c9d4) = 0
00 00 3c 11 00 00 d4 29 01 
  0350: 00 00 00 00 00 12 00 00 00 19 1f 00 00 14 89 62 
  0360: 00 1c 00 00 00 11 00 12 00 36 1f 00 00 2c 72 62 
  0370: 00 1c 00 00 00 11 00 12 00 b3 10 00 00 e0 29 01 
  0380: 00 00 00 00 00 12 00 00 00 fa 07 00 00 ec 29 01 [pid   506] 23:26:00.100033 ioctl(3, _IOC(_IOC_READ|_IOC_WRITE, 0x66, 0x2b, 0x01), 0xb4e4c9d4) = 0
[pid   506] 23:26:00.102766 ioctl(3, _IOC(_IOC_READ|_IOC_WRITE, 0x66, 0x2b, 0x01), 0xb4e4c9d4) = 0

  0390: 00 00 00 00 00 12 00 00 00 4c 1f 00 00 60 28 6b 
  03a0: 00 04 00 00 00 11 00 16 00 5a 1f 00 00 ec 86 62 
  03b0: 00 1c 00 00 00 11 00 12 00 41 11 00 00 f8 29 01 
  03c0: 00 00 00 00 00 12 00 00 00 6c 1f 00 00 5c 53 6b 
  03d0: 00 04 [pid   506] 23:26:00.212192 ioctl(3, _IOC(_IOC_READ|_IOC_WRITE, 0x66, 0x2b, 0x01), 0xb4e4c9d4) = 0
[pid   506] 23:26:00.214748 ioctl(3, _IOC(_IOC_READ|_IOC_WRITE, 0x66, 0x2b, 0x01), 0xb4e4c9d4) = 0
00 00 00 11 00 16 00 71 1f 00 00 50 8e 1f 
  03e0: 00 28 00 00 00 12 00 09 00 8a 1f 00 00 5c b4 1c 
  03f0: 00 84 00 00 00 12 00 09 00 8b 11 00 00 04 2a 01 
[pid   502] 23:26:00.284086 ioctl(10, _IOC(_IOC_READ, 0x49, 0x52, 0x04), 0xb4ec5a10) = 0
[pid   499] 23:26:00.287560 ioctl(4, WDIOC_SETTIMEOUT, 0x69b94c) = 0
[pid   497] 23:26:00.290737 ioctl(24, TCGETS, 0xbebc455c) = -1 ENOTTY (Inappropriate ioctl for device)
[pid   497] 23:26:00.297345 ioctl(24, TCGETS, 0xbebc45ac) = -1 ENOTTY (Inappropriate ioctl for device)
[ISP-IOCTL pid:497 tid:497 fd:10 req:0x40044979 nr:121 dir:1 size:4 argp:0xbebc4a58]
[pid   497] 23:26:00.308192 ioctl(24, TCGETS, 0xbebc46ac) = -1 ENOTTY (Inappropriate ioctl for device)
[pid   506] 23:26:00.323822 ioctl(3, _IOC(_IOC_READ|_IOC_WRITE, 0x66, 0x2b, 0x01), 0xb4e4c9d4) = 0
[pid   506] 23:26:00.329908 ioctl(3, _IOC(_IOC_READ|_IOC_WRITE, 0x66, 0x2b, 0x01), 0xb4e4c9d4) = 0
  -> ptr=0x1 dump=1024B
[pid   497] 23:26:00.339465 ioctl(24, TCGETS, 0xbebc46ac) = -1 ENOTTY (Inappropriate ioctl for device)
  -> ptr not in readable maps (skip)
[pid   497] 23:26:00.351677 ioctl(10, _IOC(_IOC_WRITE, 0x49, 0x79, 0x04), 0xbebc4a58) = 0
[pid   572] 23:26:00.356819 ioctl(8, _IOC(_IOC_WRITE, 0x55, 0x64, 0x0c), 0xaed8c78c) = 0
[pid   572] 23:26:00.359357 ioctl(8, _IOC(_IOC_WRITE, 0x55, 0x64, 0x0c), 0xaed8c78c) = 0
[pid   572] 23:26:00.361930 ioctl(8, _IOC(_IOC_WRITE, 0x55, 0x64, 0x0c), 0xaed8c78c) = 0
[pid   572] 23:26:00.364258 ioctl(8, _IOC(_IOC_WRITE, 0x55, 0x64, 0x0c), 0xaed8c78c) = 0
[pid   572] 23:26:00.367042 ioctl(24, TCGETS, 0xaed8c2d4) = -1 ENOTTY (Inappropriate ioctl for device)
[pid   572] 23:26:00.370919 ioctl(24, TCGETS, 0xaed8c2d4) = -1 ENOTTY (Inappropriate ioctl for device)
[pid   572] 23:26:00.376008 ioctl(24, TCGETS, 0xaed8c304) = -1 ENOTTY (Inappropriate ioctl for device)
[0;36m[GW_APP] [1970-01-01 08:13:18:819406][fgWifiReconfig():700]result: [OK
][0;37m [0m
[0;36m[GW_APP] [1970-01-01 08:13:18:823739][DhcpRestart():514] >> run [udhcpc -i wlan0 -t 15 -b -v -x hostname:GWIPC-4763251443 -p /mnt/ramdisk/dhcpc_ra0_pid.txt &][0;37m [0m
[0;36m[GW_APP] [1970-01-01 08:13:18:824367][system_safe():176]cmdstring: [udhcpc -i wlan0 -t 15 -b -v -x hostname:GWIPC-4763251443 -p /mnt/ramdisk/dhcpc_ra0_pid.txt &][0;37m [0m
[0;36m[GW_APP] [1970-01-01 08:13:19:856978][record_get_lastest_dir():445]lastest_dir: [/mnt/disc1/iotVideo/record/2025-09-22][0;37m [0m
[0;36m[GW_APP] [1970-01-01 08:13:19:892436][record_lastest_time_get():470]lastest_file: 1758582755985-32001-allday.mp4[0;37m [0m
[0;36m[GW_APP] [1970-01-01 08:13:19:893734][record_condition_check():529]lastest record Time: 1758582755985, sync time from last record.[0;37m [0m
[0;32m[GW_APP] [2025-09-23 07:25:55:852277][SyncSystemTime():172]set system time success: 1758583555816 ms, Mon Sep 22 23:25:55 2025
[0;37m [0m
[0;36m[GW_APP] [2025-09-23 07:25:55:854137][record_start():238]begin.[0;37m [0m
[[0;35mIV_MID[0m] [0;36m[2025-09-23 07:25:55:859745]iv_record_create_file()[8574]new file time:1758583555856
[0m[[0;35mIV_MID[0m] [0;36m[2025-09-23 07:25:55:861236]iv_record_create_file()[8612]start create record [/mnt/disc1/iotVideo/record/2025-09-22/.1758583555856.mp4]
[0m[[0;35mIV_MID[0m] [0;32m[2025-09-23 07:25:58:156548]iv_rd_mp4_writer_init_h264()[1074][0mcreate video track success,pgpac->vtrack_num:2
[0;32m[GW_APP] [2025-09-23 07:25:58:176721][VirVencChnCtl():510]2222222222222222222222222222222222222222222, VirChn: [10/12], fgEnable: 1[0;37m [0m
[0;36m[GW_APP] [2025-09-23 07:25:58:176552][record_start():268]end.[0;37m [0m
[0;32m[GW_APP] [2025-09-23 07:25:58:178166][StartVencChn():388]chnID: 1[0;37m [0m
[0;32m[GW_APP] [2025-09-23 07:25:58:178948][StartVencChn():407]Video encode chn[1] isnot being used, need to start[0;37m [0m
[0;32m[GW_APP] [2025-09-23 07:25:58:179778][vVIControl():263]dwChID= 1,set:1[0;37m [0m
[0;36m[GW_APP] [2025-09-23 07:25:58:459454][fgWifiCheckLinkState():864]result: [wpa_state=SCANNING
][0;37m [0m
[0;36m[GW_APP] [2025-09-23 07:25:58:460192][NowNetSelectIsWifi():758]fgNetState: 0[0;37m [0m
[0;32m[GW_APP] [2025-09-23 07:26:00:300930][video_flip_set():599]bFlip: 0, sensorDir: 0[0;37m [0m
[0;32m[GW_APP] [2025-09-23 07:26:00:301762][video_flip_set():602]bFlipRealStatus: 0[0;37m [0m
[0;32m[GW_APP] [2025-09-23 07:26:00:353698][vVIControl():316]vVIControl enable[0;37m [0m
[32m[00:00:40.104|  info|        ] [0menter PlatformVEncInit, ChannelID = 1
[ak_venc_open:1839] init enc_grp=2, enc_mode=0
[pid   572] 23:26:00.385433 ioctl(24, TCGETS, 0xaed8c304) = -1 ENOTTY (Inappropriate ioctl for device)
[1;33m[set_h264_encode_param:374] main profile
[m[pid   572] 23:26:00.393879 ioctl(24, TCGETS, 0xaed8c304) = -1 ENOTTY (Inappropriate ioctl for device)
H.264 params:
	w=640, h=360, qpMin=28, qpMax=43,bps=245760, gop=30, fps=15
[pid   572] 23:26:00.402515 ioctl(24, TCGETS, 0xaed8bdd4) = -1 ENOTTY (Inappropriate ioctl for device)

--VIDAK39--Enc AK39 Encoder Lib V1.10.08--

[ISP-IOCTL pid:497 tid:502 fd:10 req:0x80044952 nr:82 dir:2 size:4 argp:0xb4ec5a10]
[pid   502] 23:26:00.432251 ioctl(24, TCGETS <unfinished ...>
[pid   506] 23:26:00.434925 ioctl(3, _IOC(_IOC_READ|_IOC_WRITE, 0x66, 0x2b, 0x01), 0xb4e4c9d4) = 0
[pid   506] 23:26:00.443358 ioctl(3, _IOC(_IOC_READ|_IOC_WRITE, 0x66, 0x2b, 0x01), 0xb4e4c9d4) = 0
[pid   502] 23:26:00.453896 <... ioctl resumed> , 0xb4ec565c) = -1 ENOTTY (Inappropriate ioctl for device)
[pid   565] 23:26:00.501710 ioctl(6, SIOCGIFINDEX, {ifr_name="wlan0", ifr_index=3}) = 0
Adapter index 3
[pid   572] 23:26:00.504557 ioctl(24, TCGETS, 0xaed8c2ec) = -1 ENOTTY (Inappropriate ioctl for device)
[32m[00:00:40.208|  info|        ] [0menter PlatformStartMD
########MT Lib V1.0.05########
[set_channel_rc:547] VBR video mode: 80
[pid   572] 23:26:00.512394 ioctl(24, TCGETS, 0xaed8c2e4) = -1 ENOTTY (Inappropriate ioctl for device)
[set_encode_br_mode:509] set chn 0 br: VBR, 1
[pid   572] 23:26:00.520483 ioctl(24, TCGETS, 0xaed8c304) = -1 ENOTTY (Inappropriate ioctl for device)
[ak_venc_open:1921] allocating type=2, enc_mode=1, enc_handle: 0x739c38

[pid   572] 23:26:00.530912 ioctl(24, TCGETS, 0xaed8c40c) = -1 ENOTTY (Inappropriate ioctl for device)
[37m[00:00:40.278| debug|        ] [0mInit OSD(1) @ 4,4,250,24
[37m[00:00:40.278| debug|        ] [0mGet OSD(1) Canvas Rect [4,4,250,24].
[ak_osd_set_rect:782] xstart: 4 ystart: 4 w: 256 h: 32
[pid   572] 23:26:00.539441 ioctl(24, TCGETS, 0xaed8c40c) = -1 ENOTTY (Inappropriate ioctl for device)
[1;33m[ak_osd_set_rect:810] x:4, y:4, w:256, h:32
[m[pid   572] 23:26:00.547482 ioctl(24, TCGETS, 0xaed8c38c) = -1 ENOTTY (Inappropriate ioctl for device)
[request_osd_mem:627] ch1 p_osd_buffer:0xb5c1f4f0
[pid   572] 23:26:00.555137 ioctl(24, TCGETS, 0xaed8c38c) = -1 ENOTTY (Inappropriate ioctl for device)
[request_osd_dma_mem:287] alloc osd dma.dma: 0x80d594f0 size: 4096 w: 256 h: 32
[ISP-IOCTL pid:497 tid:572 fd:10 req:0x4004496d nr:109 dir:1 size:4 argp:0xaed8c86c]
[pid   572] 23:26:00.565841 ioctl(24, TCGETS, 0xaed8c4ac) = -1 ENOTTY (Inappropriate ioctl for device)
[pid   565] 23:26:00.570988 ioctl(6, SIOCGIFHWADDR  -> ptr=0x4005490e dump=1024B
 <unfinished ...>
[pid   572] 23:26:00.574200 ioctl(24, TCGETS, 0xaed8c4ac) = -1 ENOTTY (Inappropriate ioctl for device)
[pid   565] 23:26:00.578479 <... ioctl resumed> , {ifr_name="wlan0", ifr_hwaddr=90:de:80:3e:0a:b9}) = 0
MAC 90:de:80:3e:0a:b9
Sending discover...
  -> ptr not in readable maps (skip)
[pid   572] 23:26:00.593611 ioctl(10, _IOC(_IOC_WRITE, 0x49, 0x6d, 0x04), 0xaed8c86c) = 0
[pid   572] 23:26:00.596609 ioctl(24, TCGETS, 0xaed8c45c) = -1 ENOTTY (Inappropriate ioctl for device)
[1;33m[ak_venc_request_stream:2552] user's id=0, req_ref=1, grp_type=2, enc_mode=1
[m[pid   572] 23:26:00.605764 ioctl(24, TCGETS, 0xaed8c45c) = -1 ENOTTY (Inappropriate ioctl for device)
[ak_venc_request_stream:2554] vi_handle=0x6b82f8, enc_handle=0x739c38
[ISP-IOCTL pid:497 tid:572 fd:10 req:0x8004497b nr:123 dir:2 size:4 argp:0xaed8c90c]
[pid   572] 23:26:00.615813 ioctl(24, TCGETS, 0xaed8c564) = -1 ENOTTY (Inappropriate ioctl for device)
  -> ptr=(nil) dump=1024B
  -> ptr not in readable maps (skip)
[pid   572] 23:26:00.621938 ioctl(10, _IOC(_IOC_READ, 0x49, 0x7b, 0x04), 0xaed8c90c) = 0
[pid   572] 23:26:00.623752 ioctl(24, TCGETS, 0xaed8c45c) = -1 ENOTTY (Inappropriate ioctl for device)
[1;33m[ak_venc_request_stream:2563] encode_frames=15, record.fps=15, capture_frames=15
[m[pid   572] 23:26:00.630243 ioctl(24, TCGETS, 0xaed8c45c) = -1 ENOTTY (Inappropriate ioctl for device)
[1;33m[ak_venc_request_stream:2577] new_handle=0x755ba0, grp_type=2, enc_mode=2, req_grp_nr=1
[m[pid   572] 23:26:00.636723 ioctl(24, TCGETS, 0xaed8c45c) = -1 ENOTTY (Inappropriate ioctl for device)
[ak_venc_request_stream:2584] init thread list
Process 573 attached
[pid   573] 23:26:00.650261 ioctl(24, TCGETS, 0xaed6b5bc) = -1 ENOTTY (Inappropriate ioctl for device)
[capture_thread:1416] start to capture, thread id: 573
[pid   573] 23:26:00.657967 ioctl(24, TCGETS, 0xaed6b5bc) = -1 ENOTTY (Inappropriate ioctl for device)
[1;33m[capture_thread:1421] capture thread sleep...
[m[pid   572] 23:26:00.665984 ioctl(24, TCGETS, 0xaed8c45c) = -1 ENOTTY (Inappropriate ioctl for device)
[start_service_work:1777] create capture_thread, tid=2933309648
Process 574 attached
[pid   574] 23:26:00.680440 ioctl(24, TCGETS, 0xaed395a4) = -1 ENOTTY (Inappropriate ioctl for device)
[encode_thread:1684] start to encode, thread id: 574
[pid   572] 23:26:00.687838 ioctl(24, TCGETS, 0xaed8c45c) = -1 ENOTTY (Inappropriate ioctl for device)
[start_service_work:1781] create encode_thread, tid=2933104848
[pid   573] 23:26:00.694828 ioctl(24, TCGETS, 0xaed6b5bc) = -1 ENOTTY (Inappropriate ioctl for device)
[1;33m[capture_thread:1424] capture thread wakeup...
[m[pid   573] 23:26:00.701695 ioctl(24, TCGETS, 0xaed6b5bc) = -1 ENOTTY (Inappropriate ioctl for device)
[capture_encode_frame:1363] cap_run=1, req_grp_nr=1
[pid   573] 23:26:00.708354 ioctl(11, VIDIOC_DQBUF, {type=V4L2_BUF_TYPE_VIDEO_CAPTURE, index=0, memory=V4L2_MEMORY_USERPTR, m.userptr=0xb524b000, length=1382400, bytesused=1382400, flags=0, timestamp = {0.000000}, ...}) = 0
[pid   573] 23:26:00.711319 ioctl(24, TCGETS, 0xaed6b544) = -1 ENOTTY (Inappropriate ioctl for device)
[1;33m[isp_vi_get_frame:842] capture on --> real get frame time=6137
[m[pid   573] 23:26:00.719279 ioctl(24, TCGETS, 0xaed6b544) = -1 ENOTTY (Inappropriate ioctl for device)
[pid   573] 23:26:00.723285 ioctl(24, TCGETS, 0xaed6b51c) = -1 ENOTTY (Inappropriate ioctl for device)
[pid   573] 23:26:00.726822 ioctl(11, VIDIOC_QBUF, {type=V4L2_BUF_TYPE_VIDEO_CAPTURE, index=0, memory=V4L2_MEMORY_USERPTR, m.userptr=0xb524b000, length=1382400, bytesused=1382400, flags=0, ...}) = 0
[pid   573] 23:26:00.729146 ioctl(24, TCGETS, 0xaed6b574) = -1 ENOTTY (Inappropriate ioctl for device)
[1;31m
[ak_vi_get_frame:1470] get frame failed
[m[pid   573] 23:26:00.736248 ioctl(24, TCGETS, 0xaed6b5bc) = -1 ENOTTY (Inappropriate ioctl for device)
[pid   572] 23:26:00.740442 ioctl(24, TCGETS, 0xaed8c45c) = -1 ENOTTY (Inappropriate ioctl for device)
[start_service_work:1789] service start

[pid   572] 23:26:00.747443 ioctl(24, TCGETS, 0xaed8c45c) = -1 ENOTTY (Inappropriate ioctl for device)
[pid   573] 23:26:00.750824 ioctl(11, VIDIOC_DQBUF, {type=V4L2_BUF_TYPE_VIDEO_CAPTURE, index=1, memory=V4L2_MEMORY_USERPTR, m.userptr=0xb547e000, length=1382400, bytesused=1382400, flags=0, timestamp = {798.740000}, ...}) = 0
[pid   573] 23:26:00.753850 ioctl(32, TCGETS, 0xaed6b544) = -1 ENOTTY (Inappropriate ioctl for device)
[1;33m[isp_vi_get_frame:842] capture on --> real get frame time=6179
[m[pid   573] 23:26:00.760097 ioctl(32, TCGETS, 0xaed6b544) = -1 ENOTTY (Inappropriate ioctl for device)
[pid   573] 23:26:00.763672 ioctl(32, TCGETS, 0xaed6b51c) = -1 ENOTTY (Inappropriate ioctl for device)
[pid   573] 23:26:00.766856 ioctl(11, VIDIOC_QBUF, {type=V4L2_BUF_TYPE_VIDEO_CAPTURE, index=1, memory=V4L2_MEMORY_USERPTR, m.userptr=0xb547e000, length=1382400, bytesused=1382400, flags=0, ...}) = 0
[pid   573] 23:26:00.768949 ioctl(32, TCGETS, 0xaed6b574) = -1 ENOTTY (Inappropriate ioctl for device)
[1;31m
[ak_vi_get_frame:1470] get frame failed
[m[pid   573] 23:26:00.775305 ioctl(32, TCGETS, 0xaed6b5bc) = -1 ENOTTY (Inappropriate ioctl for device)
[ak_venc_request_stream:2591] grp_type=2, request OK, enc_mode=2
[pid   573] 23:26:00.789822 ioctl(11, VIDIOC_DQBUF, {type=V4L2_BUF_TYPE_VIDEO_CAPTUREProcess 575 attached
, index=2, memory=V4L2_MEMORY_USERPTR, m.userptr=0xb56b1000, length=1382400, bytesused=1382400, flags=0, timestamp = {798.810000}, ...}) = 0
[pid   573] 23:26:00.796147 ioctl(24, TCGETS, 0xaed6b544) = -1 ENOTTY (Inappropriate ioctl for device)
[0;32m[GW_APP] [2025-09-23 07:26:00:782779][StartVencChn():410]UseCnt: 1[0;37m [0m
[0;36m[GW_APP] [2025-09-23 07:26:00:786196][video_stream_list_create():169]head->next: 0x75ab84, ppTail: 0x75ab84, count: 0[0;37m [0m
[0;32m[GW_APP] [2025-09-23 07:26:00:786898][AudioVirChnCtl():475]1111111111111111111111111111111111, VirChn: [10/12], fgEnable: 1[0;37m [0m
[0;36m[GW_APP] [2025-09-23 07:26:00:787676][audio_stream_list_create():89]head->next: 0x75aba4, ppTail: 0x75aba4, count: 0[0;37m [0m
[0;32m[GW_APP] [2025-09-23 07:26:00:792501][GetVideoFromEncoderProcess():131]create thread GetVideoFromEncoderProcess[0;37m [0m
[1;33m[isp_vi_get_frame:842] capture on --> real get frame time=6222
[m[pid   573] 23:26:00.803301 ioctl(24, TCGETS, 0xaed6b544) = -1 ENOTTY (Inappropriate ioctl for device)
[pid   573] 23:26:00.807183 ioctl(24, TCGETS, 0xaed6b51c) = -1 ENOTTY (Inappropriate ioctl for device)
[pid   573] 23:26:00.811010 ioctl(11, VIDIOC_QBUF, {type=V4L2_BUF_TYPE_VIDEO_CAPTURE, index=2, memory=V4L2_MEMORY_USERPTR, m.userptr=0xb56b1000, length=1382400, bytesused=1382400, flags=0, ...}) = 0
[pid   573] 23:26:00.813241 ioctl(24, TCGETS, 0xaed6b574) = -1 ENOTTY (Inappropriate ioctl for device)
[1;31m
[ak_vi_get_frame:1470] get frame failed
[m[pid   573] 23:26:00.819487 ioctl(24, TCGETS, 0xaed6b5bc) = -1 ENOTTY (Inappropriate ioctl for device)
[pid   572] 23:26:00.825672 ioctl(24, TCGETS, 0xaed8c4e4) = -1 ENOTTY (Inappropriate ioctl for device)
[0;32m[GW_APP] [2025-09-23 07:26:00:822591][AudioEncCHnControl():429]audioEncChn = 3, fgEnable = 1[0;37m [0m
[0;32m[GW_APP] [2025-09-23 07:26:00:823209][AudioEncCHnControl():445]Audio encode chn isnot being used, need to start[0;37m [0m
[0;32m[GW_APP] [2025-09-23 07:26:00:823813][AudioEncRealChnControl():401]audioEncChn = 3, fgEnable = 1[0;37m [0m
[0;32m[GW_APP] [2025-09-23 07:26:00:824510][AudioAACEncCtl():132]aac aenc open[0;37m [0m
[1;33m[ak_aenc_open:1241] aenc version libmpi_aenc V2.3.01 
[m[pid   573] 23:26:00.834064 ioctl(11, VIDIOC_DQBUF, {type=V4L2_BUF_TYPE_VIDEO_CAPTURE, index=3, memory=V4L2_MEMORY_USERPTR, m.userptr=0xb58e4000, length=1382400, bytesused=1382400, flags=0, timestamp = {804.810000}, ...}) = 0
[pid   573] 23:26:00.837745 ioctl(32, TCGETS, 0xaed6b5bc) = -1 ENOTTY (Inappropriate ioctl for device)
[ISP-IOCTL pid:497 tid:573 fd:10 req:0x8004497b nr:123 dir:2 size:4 argp:0xaed6ba6c]
[pid   573] 23:26:00.844003 ioctl(32, TCGETS, 0xaed6b6c4) = -1 ENOTTY (Inappropriate ioctl for device)
  -> ptr=(nil) dump=1024B
  -> ptr not in readable maps (skip)
[pid   573] 23:26:00.849973 ioctl(10, _IOC(_IOC_READ, 0x49, 0x7b, 0x04), 0xaed6ba6c) = 0
[pid   574] 23:26:00.854027 ioctl(32, TCGETS, 0xaed395a4) = -1 ENOTTY (Inappropriate ioctl for device)
--AudioCodec Version V1.16.00_svn5418--
[smooth_ts:1201] init smooth_index=12071
[pid   574] 23:26:00.862348 ioctl(8, _IOC(_IOC_READ, 0x55, 0x65, 0x04), 0xaed39504) = 0
[pid   574] 23:26:00.867929 ioctl(24, TCGETS, 0xaed395a4) = -1 ENOTTY (Inappropriate ioctl for device)
[pid   574] 23:26:00.872965 ioctl(24, TCGETS, 0xaed3955c) = -1 ENOTTY (Inappropriate ioctl for device)
[pid   574] 23:26:00.878757 ioctl(11, VIDIOC_QBUF, {type=V4L2_BUF_TYPE_VIDEO_CAPTURE, index=3, memory=V4L2_MEMORY_USERPTR, m.userptr=0xb58e4000, length=1382400, bytesused=1382400, flags=0, ...}) = 0
[pid   573] 23:26:00.881841 ioctl(11, VIDIOC_DQBUF, {type=V4L2_BUF_TYPE_VIDEO_CAPTURE, index=0, memory=V4L2_MEMORY_USERPTR, m.userptr=0xb524b000, length=1382400, bytesused=1382400, flags=0, timestamp = {804.870000}, ...}) = 0
[pid   573] 23:26:00.884395 ioctl(24, TCGETS, 0xaed6b5bc) = -1 ENOTTY (Inappropriate ioctl for device)
[ISP-IOCTL pid:497 tid:573 fd:10 req:0x8004497b nr:123 dir:2 size:4 argp:0xaed6ba6c]
[pid   573] 23:26:00.890475 ioctl(24, TCGETS, 0xaed6b6c4) = -1 ENOTTY (Inappropriate ioctl for device)
  -> ptr=(nil) dump=1024B
  -> ptr not in readable maps (skip)
[pid   573] 23:26:00.896235 ioctl(10, _IOC(_IOC_READ, 0x49, 0x7b, 0x04), 0xaed6ba6c) = 0
[pid   574] 23:26:00.899907 ioctl(8, _IOC(_IOC_READ, 0x55, 0x65, 0x04), 0xaed39504) = 0
[pid   574] 23:26:00.927180 ioctl(24, TCGETS, 0xaed3955c) = -1 ENOTTY (Inappropriate ioctl for device)
[pid   574] 23:26:00.947218 ioctl(11, VIDIOC_QBUF, {type=V4L2_BUF_TYPE_VIDEO_CAPTURE, index=0, memory=V4L2_MEMORY_USERPTR, m.userptr=0xb524b000, length=1382400, bytesused=1382400, flags=0, ...}) = 0
[pid   573] 23:26:00.953788 ioctl(11, VIDIOC_DQBUF, {type=V4L2_BUF_TYPE_VIDEO_CAPTURE, index=1, memory=V4L2_MEMORY_USERPTR, m.userptr=0xb547e000, length=1382400, bytesused=1382400, flags=0, timestamp = {804.940000}, ...}) = 0
[pid   573] 23:26:00.960157 ioctl(24, TCGETS, 0xaed6b5bc) = -1 ENOTTY (Inappropriate ioctl for device)
[ISP-IOCTL pid:497 tid:573 fd:10 req:0x8004497b nr:123 dir:2 size:4 argp:0xaed6ba6c]
[pid   573] 23:26:00.997944 ioctl(24, TCGETS, 0xaed6b6c4) = -1 ENOTTY (Inappropriate ioctl for device)
  -> ptr=(nil) dump=1024B
  -> ptr not in readable maps (skip)
[pid   573] 23:26:01.009040 ioctl(10, _IOC(_IOC_READ, 0x49, 0x7b, 0x04), 0xaed6ba6c) = 0
[pid   574] 23:26:01.017817 ioctl(8, _IOC(_IOC_READ, 0x55, 0x65, 0x04), 0xaed39504) = 0
[pid   574] 23:26:01.032136 ioctl(24, TCGETS, 0xaed3955c) = -1 ENOTTY (Inappropriate ioctl for device)
[pid   574] 23:26:01.043158 ioctl(11, VIDIOC_QBUF, {type=V4L2_BUF_TYPE_VIDEO_CAPTURE, index=1, memory=V4L2_MEMORY_USERPTR, m.userptr=0xb547e000, length=1382400, bytesused=1382400, flags=0, ...}) = 0
[ISP-IOCTL pid:497 tid:575 fd:10 req:0x4004496d nr:109 dir:1 size:4 argp:0xaed0791c]
[pid   575] 23:26:01.101322 ioctl(24, TCGETS, 0xaed07574) = -1 ENOTTY (Inappropriate ioctl for device)
  -> ptr=0x4005490c dump=1024B
[pid   573] 23:26:01.110632 ioctl(11, VIDIOC_DQBUF, {type=V4L2_BUF_TYPE_VIDEO_CAPTURE <unfinished ...>
[pid   575] 23:26:01.114842 ioctl(24, TCGETS, 0xaed07574) = -1 ENOTTY (Inappropriate ioctl for device)
[pid   573] 23:26:01.139049 <... ioctl resumed> , index=2, memory=V4L2_MEMORY_USERPTR, m.userptr=0xb56b1000, length=1382400, bytesused=1382400, flags=0, timestamp = {805.010000}, ...}) = 0
[pid   573] 23:26:01.152558 ioctl(32, TCGETS, 0xaed6b5bc) = -1 ENOTTY (Inappropriate ioctl for device)
  -> ptr not in readable maps (skip)
[pid   575] 23:26:01.165773 ioctl(10, _IOC(_IOC_WRITE, 0x49, 0x6d, 0x04)[ISP-IOCTL pid:497 tid:573 fd:10 req:0x8004497b nr:123 dir:2 size:4 argp:0xaed6ba6c]
 <unfinished ...>
[pid   573] 23:26:01.174961 ioctl(24, TCGETS, 0xaed6b6c4) = -1 ENOTTY (Inappropriate ioctl for device)
  -> ptr=(nil) dump=1024B
  -> ptr not in readable maps (skip)
[pid   573] 23:26:01.182117 ioctl(10, _IOC(_IOC_READ, 0x49, 0x7b, 0x04)Waiting on select 3 seconds
 <unfinished ...>
[pid   575] 23:26:01.221915 <... ioctl resumed> , 0xaed0791c) = 0
[pid   573] 23:26:01.223756 <... ioctl resumed> , 0xaed6ba6c) = 0
[pid   574] 23:26:01.229923 ioctl(8, _IOC(_IOC_READ, 0x55, 0x65, 0x04) <unfinished ...>
[pid   572] 23:26:01.233022 ioctl(24, TCGETS <unfinished ...>
[pid   574] 23:26:01.234264 <... ioctl resumed> , 0xaed39504) = 0
[pid   574] 23:26:01.237344 ioctl(32, TCGETS, 0xaed3955c) = -1 ENOTTY (Inappropriate ioctl for device)
[pid   574] 23:26:01.240883 ioctl(11, VIDIOC_QBUF, {type=V4L2_BUF_TYPE_VIDEO_CAPTURE, index=2, memory=V4L2_MEMORY_USERPTR, m.userptr=0xb56b1000, length=1382400, bytesused=1382400, flags=0, ...}) = 0
[pid   573] 23:26:01.244116 ioctl(11, VIDIOC_DQBUF, {type=V4L2_BUF_TYPE_VIDEO_CAPTURE, index=3, memory=V4L2_MEMORY_USERPTR, m.userptr=0xb58e4000, length=1382400, bytesused=1382400, flags=0, timestamp = {805.070000}, ...}) = 0
[pid   573] 23:26:01.246854 ioctl(32, TCGETS, 0xaed6b5bc) = -1 ENOTTY (Inappropriate ioctl for device)
[ISP-IOCTL pid:497 tid:573 fd:10 req:0x8004497b nr:123 dir:2 size:4 argp:0xaed6ba6c]
[pid   573] 23:26:01.254407 ioctl(32, TCGETS, 0xaed6b6c4) = -1 ENOTTY (Inappropriate ioctl for device)
  -> ptr=(nil) dump=1024B
  -> ptr not in readable maps (skip)
[pid   573] 23:26:01.260454 ioctl(10, _IOC(_IOC_READ, 0x49, 0x7b, 0x04), 0xaed6ba6c) = 0
[pid   574] 23:26:01.267832 ioctl(8, _IOC(_IOC_READ, 0x55, 0x65, 0x04) <unfinished ...>
[pid   572] 23:26:01.270118 <... ioctl resumed> , 0xaed8c4e4) = -1 ENOTTY (Inappropriate ioctl for device)
[pid   574] 23:26:01.271762 <... ioctl resumed> , 0xaed39504) = 0
[pid   574] 23:26:01.275219 ioctl(32, TCGETS, 0xaed3955c) = -1 ENOTTY (Inappropriate ioctl for device)
[pid   574] 23:26:01.278809 ioctl(11, VIDIOC_QBUF, {type=V4L2_BUF_TYPE_VIDEO_CAPTURE, index=3, memory=V4L2_MEMORY_USERPTR, m.userptr=0xb58e4000, length=1382400, bytesused=1382400, flags=0, ...}) = 0
[pid   573] 23:26:01.282948 ioctl(11, VIDIOC_DQBUF, {type=V4L2_BUF_TYPE_VIDEO_CAPTURE, index=0, memory=V4L2_MEMORY_USERPTR, m.userptr=0xb524b000, length=1382400, bytesused=1382400, flags=0, timestamp = {805.140000}, ...}) = 0
[pid   573] 23:26:01.285517 ioctl(32, TCGETS, 0xaed6b5bc) = -1 ENOTTY (Inappropriate ioctl for device)
[ISP-IOCTL pid:497 tid:573 fd:10 req:0x8004497b nr:123 dir:2 size:4 argp:0xaed6ba6c]
[pid   573] 23:26:01.292086 ioctl(32, TCGETS, 0xaed6b6c4) = -1 ENOTTY (Inappropriate ioctl for device)
  -> ptr=(nil) dump=1024B
  -> ptr not in readable maps (skip)
[pid   573] 23:26:01.297655 ioctl(10, _IOC(_IOC_READ, 0x49, 0x7b, 0x04), 0xaed6ba6c) = 0
[pid   574] 23:26:01.301265 ioctl(8, _IOC(_IOC_READ, 0x55, 0x65, 0x04), 0xaed39504) = 0
[pid   574] 23:26:01.309701 ioctl(24, TCGETS, 0xaed3955c) = -1 ENOTTY (Inappropriate ioctl for device)
[pid   574] 23:26:01.313344 ioctl(11, VIDIOC_QBUF, {type=V4L2_BUF_TYPE_VIDEO_CAPTURE, index=0, memory=V4L2_MEMORY_USERPTR, m.userptr=0xb524b000, length=1382400, bytesused=1382400, flags=0, ...}) = 0
[pid   573] 23:26:01.316696 ioctl(11, VIDIOC_DQBUF, {type=V4L2_BUF_TYPE_VIDEO_CAPTURE, index=1, memory=V4L2_MEMORY_USERPTR, m.userptr=0xb547e000, length=1382400, bytesused=1382400, flags=0, timestamp = {805.340000}, ...}) = 0
[pid   573] 23:26:01.320118 ioctl(24, TCGETS, 0xaed6b5bc) = -1 ENOTTY (Inappropriate ioctl for device)
[ISP-IOCTL pid:497 tid:573 fd:10 req:0x8004497b nr:123 dir:2 size:4 argp:0xaed6ba6c]
[pid   573] 23:26:01.327224 ioctl(24, TCGETS, 0xaed6b6c4) = -1 ENOTTY (Inappropriate ioctl for device)
  -> ptr=(nil) dump=1024B
  -> ptr not in readable maps (skip)
[pid   573] 23:26:01.333425 ioctl(10, _IOC(_IOC_READ, 0x49, 0x7b, 0x04), 0xaed6ba6c) = 0
[pid   574] 23:26:01.337444 ioctl(8, _IOC(_IOC_READ, 0x55, 0x65, 0x04), 0xaed39504) = 0
[pid   574] 23:26:01.345449 ioctl(24, TCGETSProcess 576 attached
, 0xaed3955c) = -1 ENOTTY (Inappropriate ioctl for device)
[pid   576] 23:26:01.350021 ioctl(32, TCGETS, 0xaece7434) = -1 ENOTTY (Inappropriate ioctl for device)
[pid   576] 23:26:01.353365 ioctl(12, _IOC(0, 0x50, 0xe2, 0x00), 0) = 0
[pid   576] 23:26:01.355163 ioctl(12, _IOC(_IOC_WRITE, 0x50, 0xf2, 0x1c), 0x6b8448) = 0
[pid   576] 23:26:01.357163 ioctl(12, _IOC(0, 0x50, 0xe0, 0x00), 0) = 0
[pid   574] 23:26:01.376473 ioctl(11, VIDIOC_QBUF, {type=V4L2_BUF_TYPE_VIDEO_CAPTURE, index=1, memory=V4L2_MEMORY_USERPTR, m.userptr=0xb547e000, length=1382400, bytesused=1382400, flags=0, ...}) = 0
[pid   573] 23:26:01.379860 ioctl(11, VIDIOC_DQBUF, {type=V4L2_BUF_TYPE_VIDEO_CAPTURE <unfinished ...>
[pid   576] 23:26:01.381042 ioctl(12, _IOC(_IOC_READ, 0x50, 0xf0, 0x40), 0xaece790c) = 0
[pid   576] 23:26:01.383363 ioctl(24, TCGETS, 0xaece7434) = -1 ENOTTY (Inappropriate ioctl for device)
[pid   576] 23:26:01.387858 ioctl(24, TCGETS, 0xaece7434) = -1 ENOTTY (Inappropriate ioctl for device)
[pid   576] 23:26:01.392825 ioctl(24, TCGETS, 0xaece7434) = -1 ENOTTY (Inappropriate ioctl for device)
[pid   576] 23:26:01.396550 ioctl(24, TCGETS, 0xaece7434) = -1 ENOTTY (Inappropriate ioctl for device)
[pid   576] 23:26:01.400262 ioctl(24, TCGETS, 0xaece7434) = -1 ENOTTY (Inappropriate ioctl for device)
[pid   576] 23:26:01.404245 ioctl(24, TCGETS, 0xaece7434) = -1 ENOTTY (Inappropriate ioctl for device)
[pid   576] 23:26:01.407949 ioctl(24, TCGETS, 0xaece7434) = -1 ENOTTY (Inappropriate ioctl for device)
[pid   576] 23:26:01.411732 ioctl(12, _IOC(0, 0x50, 0xe2, 0x00), 0) = 0
[pid   576] 23:26:01.413667 ioctl(24, TCGETS, 0xaece7434) = -1 ENOTTY (Inappropriate ioctl for device)
## ChipIdval = 0x20150200
## CHIP OK
sr(16000), ich(1), och(1), bitrate(32000)
[1;33m[pcm_set_aec_agc:325] cur_aec_switch=0, prepare_flag=1
[m[pid   576] 23:26:01.420322 ioctl(24, TCGETS, 0xaece7434) = -1 ENOTTY (Inappropriate ioctl for device)
[1;33m[pcm_set_aec_agc:339] *** enable NR&AGC ***
[m[pid   576] 23:26:01.428073 ioctl(12, _IOC(0, 0x50, 0xe1, 0x00) <unfinished ...>
[pid   573] 23:26:01.465598 <... ioctl resumed> , index=2, memory=V4L2_MEMORY_USERPTR, m.userptr=0xb56b1000, length=1382400, bytesused=1382400, flags=0, timestamp = {805.410000}, ...}) = 0
[pid   573] 23:26:01.468000 ioctl(24, TCGETS, 0xaed6b5bc) = -1 ENOTTY (Inappropriate ioctl for device)
[ISP-IOCTL pid:497 tid:573 fd:10 req:0x8004497b nr:123 dir:2 size:4 argp:0xaed6ba6c]
[pid   573] 23:26:01.474994 ioctl(24, TCGETS, 0xaed6b6c4) = -1 ENOTTY (Inappropriate ioctl for device)
  -> ptr=(nil) dump=1024B
  -> ptr not in readable maps (skip)
[pid   573] 23:26:01.482216 ioctl(10, _IOC(_IOC_READ, 0x49, 0x7b, 0x04), 0xaed6ba6c) = 0
[ISP-IOCTL pid:497 tid:574 fd:10 req:0x8004497c nr:124 dir:2 size:4 argp:0xaed39a54]
[pid   574] 23:26:01.493468 ioctl(24, TCGETS, 0xaed396ac) = -1 ENOTTY (Inappropriate ioctl for device)
  -> ptr=(nil) dump=1024B
  -> ptr not in readable maps (skip)
[pid   574] 23:26:01.499965 ioctl(10, _IOC(_IOC_READ, 0x49, 0x7c, 0x04), 0xaed39a54) = 0
[pid   574] 23:26:01.501896 ioctl(24, TCGETS, 0xaed395a4) = -1 ENOTTY (Inappropriate ioctl for device)
[1;33m[check_work_scene_changed:1451] current work scene=1, outdoor
[m[pid   574] 23:26:01.510627 ioctl(8, _IOC(_IOC_READ, 0x55, 0x65, 0x04), 0xaed39504) = 0
[pid   574] 23:26:01.518274 ioctl(24, TCGETS, 0xaed3955c) = -1 ENOTTY (Inappropriate ioctl for device)
[pid   574] 23:26:01.522810 ioctl(11, VIDIOC_QBUF, {type=V4L2_BUF_TYPE_VIDEO_CAPTURE, index=2, memory=V4L2_MEMORY_USERPTR, m.userptr=0xb56b1000, length=1382400, bytesused=1382400, flags=0, ...}) = 0
[pid   573] 23:26:01.526279 ioctl(11, VIDIOC_DQBUF, {type=V4L2_BUF_TYPE_VIDEO_CAPTURE, index=3, memory=V4L2_MEMORY_USERPTR, m.userptr=0xb58e4000, length=1382400, bytesused=1382400, flags=0, timestamp = {805.470000}, ...}) = 0
[pid   573] 23:26:01.529134 ioctl(24, TCGETS, 0xaed6b5bc) = -1 ENOTTY (Inappropriate ioctl for device)
[ISP-IOCTL pid:497 tid:573 fd:10 req:0x8004497b nr:123 dir:2 size:4 argp:0xaed6ba6c]
[pid   573] 23:26:01.536117 ioctl(24, TCGETS, 0xaed6b6c4) = -1 ENOTTY (Inappropriate ioctl for device)
  -> ptr=(nil) dump=1024B
  -> ptr not in readable maps (skip)
[pid   573] 23:26:01.542421 ioctl(10, _IOC(_IOC_READ, 0x49, 0x7b, 0x04), 0xaed6ba6c) = 0
[pid   574] 23:26:01.546387 ioctl(8, _IOC(_IOC_READ, 0x55, 0x65, 0x04), 0xaed39504) = 0
[pid   576] 23:26:01.559051 <... ioctl resumed> , 0xaece790c) = 0
[pid   574] 23:26:01.563660 ioctl(24, TCGETS, 0xaed3955c) = -1 ENOTTY (Inappropriate ioctl for device)
[pid   574] 23:26:01.566880 ioctl(11, VIDIOC_QBUF, {type=V4L2_BUF_TYPE_VIDEO_CAPTURE, index=3, memory=V4L2_MEMORY_USERPTR, m.userptr=0xb58e4000, length=1382400, bytesused=1382400, flags=0, ...}) = 0
[pid   576] 23:26:01.568965 ioctl(12, _IOC(_IOC_READ, 0x50, 0x85, 0x04), 0xaece790c) = 0
[pid   576] 23:26:01.585000 ioctl(24, TCGETS, 0xaece73fc) = -1 ENOTTY (Inappropriate ioctl for device)
[0;33m[GW_APP] [2025-09-23 07:26:01:513805][GetVirChnAudioStream():558]AEN_G.client[10]:pop audio data failed
[0;37m [0m
[1;31m
[copy_agc_attr:487] m_aecEna=0, m_PreprocessEna=1, m_framelen=128, m_tail=512,	m_agcEna=1, m_agcLevel=29491, m_maxGain=0, m_farThreshold=9830,m_farDigiGain=1024, 	m_nearDigiGain=512, m_minGain=4, m_nearSensitivity=1
[m[pid   576] 23:26:01.593413 ioctl(24, TCGETS, 0xaece73fc) = -1 ENOTTY (Inappropriate ioctl for device)
[1;31m
[copy_nr_attr:502] m_aecEna=0, m_PreprocessEna=1, m_framelen=128, m_tail=512,	m_agcEna=1, m_agcLevel=29491, m_maxGain=0, m_farThreshold=9830,m_farDigiGain=1024, m_nearDigiGain=512,	m_noiseSuppressDb =-40
[m[pid   576] 23:26:01.600956 ioctl(24, TCGETS, 0xaece7434) = -1 ENOTTY (Inappropriate ioctl for device)
[1;31m
[init_echo_lib_attr:519] set===== adc_dev_set_echo_attr
[m[pid   576] 23:26:01.608256 ioctl(12, _IOC(_IOC_WRITE, 0x50, 0x86, 0x04), 0xaece790c) = 0
[pid   573] 23:26:01.635248 ioctl(11, VIDIOC_DQBUF, {type=V4L2_BUF_TYPE_VIDEO_CAPTURE, index=0, memory=V4L2_MEMORY_USERPTR, m.userptr=0xb524b000, length=1382400, bytesused=1382400, flags=0, timestamp = {805.540000}, ...}) = 0
[pid   573] 23:26:01.637798 ioctl(24, TCGETS, 0xaed6b5bc) = -1 ENOTTY (Inappropriate ioctl for device)
[ISP-IOCTL pid:497 tid:573 fd:10 req:0x8004497b nr:123 dir:2[pid   576] 23:26:01.644248 ioctl(24, TCGETS, 0xaece7434) = -1 ENOTTY (Inappropriate ioctl for device)
Process 577 attached
[pid   577] 23:26:01.648710 ioctl(32, TCGETS, 0xaecc75a4) = -1 ENOTTY (Inappropriate ioctl for device)
[capture_pcm_thread:1262] thread id: 577
[pid   577] 23:26:01.658163 ioctl(32, TCGETS, 0xaecc75a4) = -1 ENOTTY (Inappropriate ioctl for device)
[capture_pcm_thread:1272] sleep...
[pid   577] 23:26:01.666163 ioctl(32, TCGETS, 0xaecc75a4) = -1 ENOTTY (Inappropriate ioctl for device)
[capture_pcm_thread:1274] wakup...
[pid   577] 23:26:01.674138 ioctl(12, _IOC(_IOC_READ, 0x50, 0xe8, 0x04), 0xaecc7aa8) = 0
[pid   577] 23:26:01.676865 ioctl(32, TCGETS, 0xaecc713c) = -1 ENOTTY (Inappropriate ioctl for device)
## aslc: len_in=2048, bpspl=16, ch=1, tmpwp=0, looklen=96, sz=1120
[pid   577] 23:26:01.690058 ioctl(12, _IOC(_IOC_READ, 0x50, 0xe8, 0x04), 0xaecc7aa8) = 0
[pid   577] 23:26:01.692626 ioctl(12, _IOC(_IOC_READ, 0x50, 0xe8, 0x04), 0xaecc7aa8) = 0
[pid   576] 23:26:01.694391 ioctl(24, TCGETS, 0xaece7434) = -1 ENOTTY (Inappropriate ioctl for device)
 size:4 argp:0xaed6ba6c]
[pid   573] 23:26:01.699969 ioctl(24, TCGETS, 0xaed6b6c4) = -1 ENOTTY (Inappropriate ioctl for device)
[pid   577] 23:26:01.705158 ioctl(12, _IOC(_IOC_READ, 0x50, 0xe8, 0x04), 0xaecc7aa8) = 0
  -> ptr=(nil) dump=1024B
  -> ptr not in readable maps (skip)
[pid   573] 23:26:01.708227 ioctl(10, _IOC(_IOC_READ, 0x49, 0x7b, 0x04), 0xaed6ba6c) = 0
[pid   574] 23:26:01.712033 ioctl(8, _IOC(_IOC_READ, 0x55, 0x65, 0x04) <unfinished ...>
[pid   577] 23:26:01.718233 ioctl(12, _IOC(_IOC_READ, 0x50, 0xe8, 0x04), 0xaecc7aa8) = 0
[pid   574] 23:26:01.720468 <... ioctl resumed> , 0xaed39504) = 0
[pid   574] 23:26:01.724337 ioctl(24, TCGETS, 0xaed3955c) = -1 ENOTTY (Inappropriate ioctl for device)
[pid   574] 23:26:01.727935 ioctl(11, VIDIOC_QBUF, {type=V4L2_BUF_TYPE_VIDEO_CAPTURE, index=0, memory=V4L2_MEMORY_USERPTR, m.userptr=0xb524b000, length=1382400, bytesused=1382400, flags=0, ...}) = 0
[pid   577] 23:26:01.730827 ioctl(12, _IOC(_IOC_READ, 0x50, 0xe8, 0x04), 0xaecc7aa8) = 0
[pid   573] 23:26:01.734041 ioctl(11, VIDIOC_DQBUF, {type=V4L2_BUF_TYPE_VIDEO_CAPTURE, index=1, memory=V4L2_MEMORY_USERPTR, m.userptr=0xb547e000, length=1382400, bytesused=1382400, flags=0, timestamp = {805.610000}, ...}) = 0
[pid   573] 23:26:01.736864 ioctl(24, TCGETS, 0xaed6b5bc) = -1 ENOTTY (Inappropriate ioctl for device)
[pid   577] 23:26:01.750286 ioctl(12, _IOC(_IOC_READ, 0x50, 0xe8, 0x04), 0xaecc7aa8) = 0
[pid   577] 23:26:01.752904 ioctl(12, _IOC(_IOC_READ, 0x50, 0xe8, 0x04), 0xaecc7aa8) = 0
[ISP-IOCTL pid:497 tid:573 fd:10 req:0x8004497b nr:123 dir:2 size:4 argp:0xaed6ba6c]
[pid   573] 23:26:01.757819 ioctl(24, TCGETS, 0xaed6b6c4) = -1 ENOTTY (Inappropriate ioctl for device)
  -> ptr=(nil) dump=1024B
  -> ptr not in readable maps (skip)
[pid   573] 23:26:01.764531 ioctl(10, _IOC(_IOC_READ, 0x49, 0x7b, 0x04) <unfinished ...>
[pid   577] 23:26:01.766207 ioctl(12, _IOC(_IOC_READ, 0x50, 0xe8, 0x04), 0xaecc7