[pid   497] 00:13:02.984287 ioctl(13, TCGETS, 0xbebc48dc) = -1 ENOTTY (Inappropriate ioctl for device)
[pid   497] 00:13:02.995995 ioctl(13, TCGETS, 0xbebc48dc) = -1 ENOTTY (Inappropriate ioctl for device)
[pid   497] 00:13:03.014234 ioctl(13, TCGETS, 0xbebc48dc) = -1 ENOTTY (Inappropriate ioctl for device)
[pid   497] 00:13:03.026106 ioctl(13, TCGETS, 0xbebc48dc) = -1 ENOTTY (Inappropriate ioctl for device)
[pid   497] 00:13:03.037827 ioctl(13, TCGETS, 0xbebc48dc) = -1 ENOTTY (Inappropriate ioctl for device)
[pid   497] 00:13:03.049567 ioctl(13, TCGETS, 0xbebc48dc) = -1 ENOTTY (Inappropriate ioctl for device)
[pid   497] 00:13:03.061568 ioctl(13, TCGETS, 0xbebc48dc) = -1 ENOTTY (Inappropriate ioctl for device)
[pid   497] 00:13:03.073240 ioctl(13, TCGETS, 0xbebc48dc) = -1 ENOTTY (Inappropriate ioctl for device)
[pid   497] 00:13:03.085710 ioctl(13, TCGETS, 0xbebc48dc) = -1 ENOTTY (Inappropriate ioctl for device)
[pid   497] 00:13:03.097449 ioctl(13, TCGETS, 0xbebc48dc) = -1 ENOTTY (Inappropriate ioctl for device)
[pid   497] 00:13:03.109767 ioctl(13, TCGETS, 0xbebc48dc) = -1 ENOTTY (Inappropriate ioctl for device)
[pid   497] 00:13:03.121717 ioctl(13, TCGETS, 0xbebc48dc) = -1 ENOTTY (Inappropriate ioctl for device)
[pid   497] 00:13:03.134094 ioctl(13, TCGETS, 0xbebc48dc) = -1 ENOTTY (Inappropriate ioctl for device)
[pid   497] 00:13:03.145811 ioctl(13, TCGETS, 0xbebc48dc) = -1 ENOTTY (Inappropriate ioctl for device)
[pid   497] 00:13:03.158121 ioctl(13, TCGETS, 0xbebc48dc) = -1 ENOTTY (Inappropriate ioctl for device)
[pid   497] 00:13:03.169802 ioctl(13, TCGETS, 0xbebc48dc) = -1 ENOTTY (Inappropriate ioctl for device)
[pid   497] 00:13:03.182268 ioctl(13, TCGETS, 0xbebc48dc) = -1 ENOTTY (Inappropriate ioctl for device)
[pid   497] 00:13:03.194096 ioctl(13, TCGETS, 0xbebc48dc) = -1 ENOTTY (Inappropriate ioctl for device)
[pid   497] 00:13:03.206580 ioctl(13, TCGETS, 0xbebc48dc) = -1 ENOTTY (Inappropriate ioctl for device)
[pid   497] 00:13:03.218390 ioctl(13, TCGETS, 0xbebc48dc) = -1 ENOTTY (Inappropriate ioctl for device)
[pid   497] 00:13:03.239806 ioctl(13, TCGETS, 0xbebc48dc) = -1 ENOTTY (Inappropriate ioctl for device)
[pid   497] 00:13:03.252375 ioctl(13, TCGETS, 0xbebc48dc) = -1 ENOTTY (Inappropriate ioctl for device)
[pid   497] 00:13:03.334221 ioctl(13, TCGETS, 0xbebc48dc) = -1 ENOTTY (Inappropriate ioctl for device)
[pid   499] 00:13:03.347058 ioctl(4, WDIOC_SETTIMEOUT, 0x69b94c) = 0
[pid   497] 00:13:03.350677 ioctl(13, TCGETS, 0xbebc48dc) = -1 ENOTTY (Inappropriate ioctl for device)
[pid   497] 00:13:03.363242 ioctl(13, TCGETS, 0xbebc48dc) = -1 ENOTTY (Inappropriate ioctl for device)
[pid   497] 00:13:03.375179 ioctl(13, TCGETS, 0xbebc48dc) = -1 ENOTTY (Inappropriate ioctl for device)
[pid   497] 00:13:03.387641 ioctl(13, TCGETS, 0xbebc48dc) = -1 ENOTTY (Inappropriate ioctl for device)
[pid   497] 00:13:03.399443 ioctl(13, TCGETS, 0xbebc48dc) = -1 ENOTTY (Inappropriate ioctl for device)
[pid   497] 00:13:03.412076 ioctl(13, TCGETS, 0xbebc48dc) = -1 ENOTTY (Inappropriate ioctl for device)
[pid   497] 00:13:03.423972 ioctl(13, TCGETS, 0xbebc48dc) = -1 ENOTTY (Inappropriate ioctl for device)
[pid   497] 00:13:03.436203 ioctl(13, TCGETS, 0xbebc48dc) = -1 ENOTTY (Inappropriate ioctl for device)
[pid   497] 00:13:03.447980 ioctl(13, TCGETS, 0xbebc48dc) = -1 ENOTTY (Inappropriate ioctl for device)
[pid   497] 00:13:03.460594 ioctl(13, TCGETS, 0xbebc48dc) = -1 ENOTTY (Inappropriate ioctl for device)
[pid   497] 00:13:03.472399 ioctl(13, TCGETS, 0xbebc48dc) = -1 ENOTTY (Inappropriate ioctl for device)
[pid   497] 00:13:03.485090 ioctl(13, TCGETS, 0xbebc48dc) = -1 ENOTTY (Inappropriate ioctl for device)
[pid   497] 00:13:03.497031 ioctl(13, TCGETS, 0xbebc48dc) = -1 ENOTTY (Inappropriate ioctl for device)
[pid   497] 00:13:03.515487 ioctl(13, TCGETS, 0xbebc48dc) = -1 ENOTTY (Inappropriate ioctl for device)
[pid   497] 00:13:03.527374 ioctl(13, TCGETS, 0xbebc48dc) = -1 ENOTTY (Inappropriate ioctl for device)
[pid   497] 00:13:03.539418 ioctl(13, TCGETS, 0xbebc48dc) = -1 ENOTTY (Inappropriate ioctl for device)
[pid   497] 00:13:03.551482 ioctl(13, TCGETS, 0xbebc48dc) = -1 ENOTTY (Inappropriate ioctl for device)
[pid   497] 00:13:03.563349 ioctl(13, TCGETS, 0xbebc48dc) = -1 ENOTTY (Inappropriate ioctl for device)
[pid   497] 00:13:03.575154 ioctl(13, TCGETS, 0xbebc48dc) = -1 ENOTTY (Inappropriate ioctl for device)
[pid   497] 00:13:03.587577 ioctl(13, TCGETS, 0xbebc48dc) = -1 ENOTTY (Inappropriate ioctl for device)
[pid   497] 00:13:03.599445 ioctl(13, TCGETS, 0xbebc48dc) = -1 ENOTTY (Inappropriate ioctl for device)
[pid   497] 00:13:03.612325 ioctl(13, TCGETS, 0xbebc48dc) = -1 ENOTTY (Inappropriate ioctl for device)
[pid   497] 00:13:03.624208 ioctl(13, TCGETS, 0xbebc48dc) = -1 ENOTTY (Inappropriate ioctl for device)
[pid   497] 00:13:03.636657 ioctl(13, TCGETS, 0xbebc48dc) = -1 ENOTTY (Inappropriate ioctl for device)
[pid   497] 00:13:03.648559 ioctl(13, TCGETS, 0xbebc48dc) = -1 ENOTTY (Inappropriate ioctl for device)
[pid   497] 00:13:03.773621 ioctl(13, TCGETS, 0xbebc48dc) = -1 ENOTTY (Inappropriate ioctl for device)
[pid   497] 00:13:03.786691 ioctl(13, TCGETS, 0xbebc48dc) = -1 ENOTTY (Inappropriate ioctl for device)
[pid   497] 00:13:03.800469 ioctl(13, TCGETS, 0xbebc48dc) = -1 ENOTTY (Inappropriate ioctl for device)
[pid   497] 00:13:03.812705 ioctl(13, TCGETS, 0xbebc48dc) = -1 ENOTTY (Inappropriate ioctl for device)
[pid   497] 00:13:03.831043 ioctl(13, TCGETS, 0xbebc48dc) = -1 ENOTTY (Inappropriate ioctl for device)
[pid   497] 00:13:03.843176 ioctl(13, TCGETS, 0xbebc48dc) = -1 ENOTTY (Inappropriate ioctl for device)
[pid   497] 00:13:03.855046 ioctl(13, TCGETS, 0xbebc48dc) = -1 ENOTTY (Inappropriate ioctl for device)
[pid   497] 00:13:03.866908 ioctl(13, TCGETS, 0xbebc48dc) = -1 ENOTTY (Inappropriate ioctl for device)
[pid   497] 00:13:03.878743 ioctl(13, TCGETS, 0xbebc48dc) = -1 ENOTTY (Inappropriate ioctl for device)
[pid   497] 00:13:03.890707 ioctl(13, TCGETS, 0xbebc48dc) = -1 ENOTTY (Inappropriate ioctl for device)
[pid   497] 00:13:03.902318 ioctl(13, TCGETS, 0xbebc48dc) = -1 ENOTTY (Inappropriate ioctl for device)
[pid   497] 00:13:03.914418 ioctl(13, TCGETS, 0xbebc48dc) = -1 ENOTTY (Inappropriate ioctl for device)
[pid   497] 00:13:03.925955 ioctl(13, TCGETS, 0xbebc48dc) = -1 ENOTTY (Inappropriate ioctl for device)
[pid   497] 00:13:03.937476 ioctl(13, TCGETS, 0xbebc48dc) = -1 ENOTTY (Inappropriate ioctl for device)
[pid   497] 00:13:03.949024 ioctl(13, TCGETS, 0xbebc48dc) = -1 ENOTTY (Inappropriate ioctl for device)
[pid   497] 00:13:03.960690 ioctl(13, TCGETS, 0xbebc48dc) = -1 ENOTTY (Inappropriate ioctl for device)
[pid   497] 00:13:03.972345 ioctl(13, TCGETS, 0xbebc48dc) = -1 ENOTTY (Inappropriate ioctl for device)
[pid   497] 00:13:03.983863 ioctl(13, TCGETS, 0xbebc48dc) = -1 ENOTTY (Inappropriate ioctl for device)
[pid   497] 00:13:03.995403 ioctl(13, TCGETS, 0xbebc48dc) = -1 ENOTTY (Inappropriate ioctl for device)
[pid   497] 00:13:04.008104 ioctl(13, TCGETS, 0xbebc48dc) = -1 ENOTTY (Inappropriate ioctl for device)
[pid   497] 00:13:04.021120 ioctl(13, TCGETS, 0xbebc48dc) = -1 ENOTTY (Inappropriate ioctl for device)
[pid   497] 00:13:04.033341 ioctl(13, TCGETS, 0xbebc48dc) = -1 ENOTTY (Inappropriate ioctl for device)
[pid   497] 00:13:04.053017 ioctl(13, TCGETS, 0xbebc48dc) = -1 ENOTTY (Inappropriate ioctl for device)
[pid   497] 00:13:04.069642 ioctl(13, TCGETS, 0xbebc48dc) = -1 ENOTTY (Inappropriate ioctl for device)
[pid   497] 00:13:04.097116 ioctl(13, TCGETS, 0xbebc48dc) = -1 ENOTTY (Inappropriate ioctl for device)
[pid   497] 00:13:04.110305 ioctl(13, TCGETS, 0xbebc48dc) = -1 ENOTTY (Inappropriate ioctl for device)
[pid   497] 00:13:04.122435 ioctl(13, TCGETS, 0xbebc48dc) = -1 ENOTTY (Inappropriate ioctl for device)
[pid   497] 00:13:04.135723 ioctl(13, TCGETS, 0xbebc48dc) = -1 ENOTTY (Inappropriate ioctl for device)
[pid   497] 00:13:04.147250 ioctl(13, TCGETS, 0xbebc48dc) = -1 ENOTTY (Inappropriate ioctl for device)
[pid   497] 00:13:04.158749 ioctl(13, TCGETS, 0xbebc48dc) = -1 ENOTTY (Inappropriate ioctl for device)
[pid   497] 00:13:04.170374 ioctl(13, TCGETS, 0xbebc48dc) = -1 ENOTTY (Inappropriate ioctl for device)
[pid   497] 00:13:04.181883 ioctl(13, TCGETS, 0xbebc48dc) = -1 ENOTTY (Inappropriate ioctl for device)
[pid   497] 00:13:04.193402 ioctl(13, TCGETS, 0xbebc48dc) = -1 ENOTTY (Inappropriate ioctl for device)
[pid   497] 00:13:04.204940 ioctl(13, TCGETS, 0xbebc48dc) = -1 ENOTTY (Inappropriate ioctl for device)
[pid   497] 00:13:04.216462 ioctl(13, TCGETS, 0xbebc48dc) = -1 ENOTTY (Inappropriate ioctl for device)
[pid   497] 00:13:04.227977 ioctl(13, TCGETS, 0xbebc48dc) = -1 ENOTTY (Inappropriate ioctl for device)
[pid   497] 00:13:04.239482 ioctl(13, TCGETS, 0xbebc48dc) = -1 ENOTTY (Inappropriate ioctl for device)
[pid   497] 00:13:04.251693 ioctl(13, TCGETS, 0xbebc48dc) = -1 ENOTTY (Inappropriate ioctl for device)
[pid   497] 00:13:04.264458 ioctl(13, TCGETS, 0xbebc48dc) = -1 ENOTTY (Inappropriate ioctl for device)
[pid   497] 00:13:04.276572 ioctl(13, TCGETS, 0xbebc48dc) = -1 ENOTTY (Inappropriate ioctl for device)
[pid   497] 00:13:04.296090 ioctl(13, TCGETS, 0xbebc48dc) = -1 ENOTTY (Inappropriate ioctl for device)
[pid   497] 00:13:04.312771 ioctl(13, TCGETS, 0xbebc48dc) = -1 ENOTTY (Inappropriate ioctl for device)
[pid   497] 00:13:04.340261 ioctl(13, TCGETS, 0xbebc48dc) = -1 ENOTTY (Inappropriate ioctl for device)
[pid   499] 00:13:04.350504 ioctl(4, WDIOC_SETTIMEOUT, 0x69b94c) = 0
[pid   497] 00:13:04.356707 ioctl(13, TCGETS, 0xbebc48dc) = -1 ENOTTY (Inappropriate ioctl for device)
[pid   497] 00:13:04.368820 ioctl(13, TCGETS, 0xbebc48dc) = -1 ENOTTY (Inappropriate ioctl for device)
[ISP-IOCTL pid:497 tid:502 fd:10 req:0x80044956 nr:86 dir:2 size:4 argp:0xb4ec5a10]
[pid   502] 00:13:04.720257 ioctl(13, TCGETS, 0xb4ec565c) = -1 ENOTTY (Inappropriate ioctl for device)
  -> ptr=(nil) dump=1024B
  -> ptr not in readable maps (skip)
[pid   502] 00:13:04.836968 ioctl(10, _IOC(_IOC_READ, 0x49, 0x56, 0x04), 0xb4ec5a10) = 0
[pid   502] 00:13:04.839514 ioctl(13, TCGETS, 0xb4ec553c) = -1 ENOTTY (Inappropriate ioctl for device)
[0;36m[GW_APP] [1970-01-01 08:13:02:347160][vSmokeAlarmInit():785]vSmokeAlarmInit 0[0;37m [0m
Enter UISsInit
[0;32m[GW_APP] [1970-01-01 08:13:04:380806][vOpenSSLInit():19]start[0;37m [0m
[reload_config_awb_step:225] get awb_attr ok, cur auto_awb_step:10, set to step:30
[ISP-IOCTL pid:497 tid:502 fd:10 req:0x40044955 nr:85 dir:1 size:4 argp:0xb4ec5a10]
[pid   502] 00:13:04.866737 ioctl(13, TCGETS, 0xb4ec565c) = -1 ENOTTY (Inappropriate ioctl for device)
  -> ptr=0x8000f dump=1024B
[pid   502] 00:13:04.872341 ioctl(13, TCGETS, 0xb4ec565c) = -1 ENOTTY (Inappropriate ioctl for device)
  0000: e1 2e e8 a0 e1 83 30 a0 e1 1c 50 9d e5 b3 30 95 
  0010: e1 03 28 a0 e1 00 00 52 e3 0d 00 00 ca 42 28 a0 
  0020: e1 c0 c6 9f e5 48 00 72 e3 0c 30 a0 b1 03 38 a0 
  0030: e1 43 38 a0 e1 00 30 63 e2 ac 06 9f e5 03 51 90 
  0040: e7 43 31 a0 e1 1c c0 83 e2 0c c8 a0 e1 2c c8 a0 
  0050: e1 0b 00 00 ea 03 28 a0 e1 42 28 a0 e1 3d 00 52 
  0060: e3 3e 30 a0 c3 03 38 a0 e1 80 56 9f e5 43 27 85 
  0070: e0 04 50 12 e5 43 39 a0 e1 1c c0 63 e2 0c c8 a0 
  0080: e1 2c c8 a0 e1 c5 3f a0 e1 95 03 00 e0 95 25 83 
  0090: e0 80 00 83 e0 80 00 a0 e1 c0 3f 20 e0 c0 3f 43 
  00a0: e0 00 00 53 e3 00 c0 a0 03 16 00 00 0a 2e 02 73 
  00b0: e3 07 00 00 8a 00 20 a0 e3 03 31 a0 e1 02 20 82 
  00c0: e2 02 28 a0 e1 22 28 a0 e1 2e 02 73 e3 f9 ff ff 
  00d0: 9a 00 00 00 ea 00 20 a0 e3 0b 01 73 e3 01 20 82 
  00e0: 92 02 28 a0 91 22 28 a0 91 02 38 a0 e1 43 38 a0 
  00f0: e1 10 03 a0 e1 8c c0 82 e0 1f c0 4c e2 0c c8 a0 
  0100: e1 2c c8 a0 e1 ff ff ff ea 0e 50 a0 e1 c0 3f a0 
  0110: e1 0e e0 66 e0 0e e8 a0 e1 4e e8 a0 e1 ce 7f a0 
  0120: e1 90 [pid   499] 00:13:05.360709 ioctl(4, WDIOC_SETTIMEOUT07 06 e0 9e 63 26 e0 90 2e 83 e0 03 60 86 
  0130: e0 06 70 a0 , 0x69b94c) = 0
e1 c6 3f 26 e0 c6 3f 43 e0 00 00 53 
  0140: e3 00 c0 a0 03 18 c0 8d 05 17 00 00 0a 2e 02 73 
  0150: e3 07 00 00 8a 00 20 a0 e3 03 31 a0 e1 02 20 82 
  0160: e2 02 28 a0 e1 22 28 a0 e1 2e 02 73 e3 f9 ff ff 
  0170: 9a 00 00 00 ea 00 20 a0 e3 0b 01 73 e3 01 20 82 
  0180: 92 02 28 a0 91 22 28 a0 91 02 78 a0 e1 47 78 a0 
  0190: e1 16 77 a0 e1 1f c0 4c e2 02 c0 8c e0 0c 38 a0 
  01a0: e1 23 38 a0 e1 18 30 8d e5 ff ff ff ea 81 10 a0 
  01b0: e1 1c 00 9d e5 b1 30 90 e1 03 28 a0 e1 00 00 52 
  01c0: e3 0d 00 00 ca 42 28 a0 e1 18 15 9f e5 48 00 72 
  01d0: e3 01 30 a0 b1 03 38 a0 e1 43 38 a0 e1 00 30 63 
  01e0: e2 04 25 9f e5 03 01 92 e7 43 31 a0 e1 1c 10 83 
  01f0: e2 01 18 a0 e1 21 18 a0 e1 0b 00 00 ea 03 28 a0 
  0200: e1 42 28 a0 e1 3d 00 52 e3 3e 30 a0 c3 03 38 a0 
  0210: e1 d8 c4 9f e5 43 27 8c e0 04 00 12 e5 43 39 a0 
  0220: e1 1c 10 63 e2 01 18 a0 e1 21 18 a0 e1 c0 3f a0 
  0230: e1 90 03 0c e0 90 20 83 e0 8c c0 83 e0 8c c0 a0 
  0240: e1 cc 3f 2c e0 cc 3f 43 e0 00 00 53 e3 00 60 a0 
  0250: 03 16 00 00 0a 2e 02 73 e3 07 00 00 8a 00 20 a0 
  0260: e3 03 31 a0 e1 02 20 82 e2 02 28 a0 e1 22 28 a0 
  0270: e1 2e 02 73 e3 f9 ff ff 9a 00 00 00 ea 00 20 a0 
  0280: e3 0b 01 73 e3 01 20 82 92 02 28 a0 91 22 28 a0 
  0290: 91 02 38 a0 e1 43 38 a0 e1 1c c3 a0 e1 81 60 82 
  02a0: e0 1f 60 46 e2 06 68 a0 e1 26 68 a0 e1 ff ff ff 
  02b0: ea cc 3f a0 e1 2c 00 9d e5 00 e0 65 e0 0e e8 a0 
  02c0: e1 4e e8 a0 e1 ce 1f a0 e1 9c 01 01 e0 9e 13 21 
  02d0: e0 9c 2e 83 e0 03 10 81 e0 01 00 a0 e1 c1 3f 21 
  02e0: e0 c1 3f 43 e0 00 00 53 e3 00 30 a0 03 16 00 00 
  02f0: 0a 2e 02 73 e3 07 00 00 8a 00 20 a0 e3 03 31 a0 
  0300: e1 02 20 82 e2 02 28 a0 e1 22 28 a0 e1 2e 02 73 
  0310: e3 f9 ff ff 9a 00 00 00 ea 00 20 a0 e3 0b 01 73 
  0320: e3 01 20 82 92 02 28 a0 91 22 28 a0 91 02 08 a0 
  0330: e1 40 08 a0 e1 11 00 a0 e1 1f 60 46 e2 02 30 86 
  0340: e0 03 38 a0 e1 23 38 a0 e1 ff ff ff ea 18 20 9d 
  0350: e5 02 18 a0 e1 03 28 a0 e1 42 28 a0 e1 41 28 62 
  0360: e0 00 00 52 e3 06 00 00 da 01 30 43 e2 03 38 a0 
  0370: e1 23 38 a0 e1 01 20 82 e2 57 72 a0 e1 c0 00 87 
  0380: e0 06 00 00 ea 18 50 9d e5 01 30 45 e2 03 38 a0 
  0390: e1 23 38 a0 e1 01 20 62 e2 50 02 a0 e1 c7 00 80 
  03a0: e0 c0 2f 20 e0 c0 2f 42 e0 00 00 52 e3 00 60 a0 
  03b0: 03 15 00 00 0a 2e 02 72 e3 07 00 00 8a 00 10 a0 
  03c0: e3 02 21 a0 e1 02 10 81 e2 01 18 a0 e1 21 18 a0 
  03d0: e1 2e 02 72 e3 f9 ff ff 9a 00 00 00 ea 00 10 a0 
  03e0: e3 0b 01 72 e3 01 10 81 92 01 18 a0 91 21 18 a0 
  03f0: 91 01 28 a0 e1 42 28 a0 e1 10 02 a0 e1 03 60 81 
[pid   502] 00:13:06.270296 ioctl(10, _IOC(_IOC_WRITE, 0x49, 0x55, 0x04), 0xb4ec5a10) = 0
[ISP-IOCTL pid:497 tid:502 fd:10 req:0x80044952 nr:82 dir:2 size:4 argp:0xb4ec5a10]
[pid   502] 00:13:06.277495 ioctl(13, TCGETS, 0xb4ec565c) = -1 ENOTTY (Inappropriate ioctl for device)
  -> ptr=0x8000f dump=1024B
[pid   502] 00:13:06.283658 ioctl(13, TCGETS, 0xb4ec565c) = -1 ENOTTY (Inappropriate ioctl for device)
  0000: e1 2e e8 a0 e1 83 30 a0 e1 1c 50 9d e5 b3 30 95 
  0010: e1 03 28 a0 e1 00 00 52 e3 0d 00 00 ca 42 28 a0 
  0020: e1 c0 c6 9f e5 48 00 72 e3 0c 30 a0 b1 03 38 a0 
  0030: e1 43 38 a0 e1 00 30 63 e2 ac 06 9f e5 03 51 90 
  0040: e7 43 31 a0 e1 1c c0 83 e2 0c c8 a0 e1 2c c8 a0 
  0050: e1 0b 00 00 ea 03 28 a0 e1 Process 503 attached
42 28 a0 e1 3d 00 52 
  0060: e3 3e 30 a0 c3 03 38 a0 e1 80 56 9f e5 43 27 85 
  0070: e0 04 50 12 e5 43 39 a0 e1 1c [pid   499] 00:13:06.398586 ioctl(4, WDIOC_SETTIMEOUTc0 63 e2 0c c8 a0 
  0080: e1 2c c8 a0 e1 c5 3f a0 e1 95 03 00 e0 95 25 83 
  0090: e0 80 00 83 e0 80 00 a0 e1 c0 3f 20 e0 c0 3f 43 
  00a0: e0 00 00 53 e3 00 c0 , 0x69b94c) = 0
a0 03 16 00 00 0a 2e 02 73 
  00b0: e3 07 00 00 8a 00 20 a0 e3 03 31 a0 e1 02 20 82 
Process 504 attached
  00c0: e2 02 28 [pid   504] 00:13:06.466983 ioctl(13, SIOCSIFFLAGSa0 , {ifr_name="eth0", ifr_flags=IFF_UP}) = 0
e1 22 28 a0 e1 2e 02 73 e3 f9 ff ff 
  00d0: 9a 00 00 00 ea 00 20 a0 e3 0b 01 73 e3 01 20 82 
  00e0: 92 02 28 a0 91 22 28 a0 91 02 38 a0 e1 43 38 a0 
  00f0: e1 10 03 a0 e1 8c c0 82 e0 1f c0 4c e2 0c c8 a0 
  0100: e1 2c c8 a0 e1 ff ff ff ea Process 505 attached
0e 50 a0 e1 c0 3f a0 
  0110: e1 0e e0 66 e0 0e e8 a0 e1 4e e8 a0 e1 ce 7f a0 
  0120: e1 90 07 06 e0 [pid   497] 00:13:06.843930 ioctl(3, _IOC(_IOC_WRITE, 0x66, 0x2a, 0x01)9e 63 26 e0 90 2e 83 e0 03 60 86 
  0130: e0 06 70 a0 e1 c6 3f 26 e0 c6 3f 43 e0 00 00 53 
, 0xbebc4a04) = 0
  0140: e3 00 c0 a0 03 18 c0 8d 05 17 00 00 0a 2e 02 73 
  0150: e3 [pid   497] 00:13:06.884530 ioctl(3, _IOC(_IOC_READ|_IOC_WRITE, 0x66, 0x2b, 0x01)07 00 00 8a 00 20 a0 e3 03 31 a0 e1 02 20 82 
  0160: e2 02 28 a0 e1 22 28 a0 e1 2e 02 73 e3 f9 ff ff 
  0170: 9a 00 00 00 ea 00 20 a0 e3 0b , 0xbebc4a1c) = 0
01 umount2 /dev/mmcblk0p1: Device or resource busy
mount /dev/mmcblk0p1: Device or resource busy
mount /dev/mmcblk0p1: Device or resource busy
73 e3 01 20 82 
  0180: 92 02 28 a0 91 22 28 a0 91 02 78 a0 e1 47 78 a0 
  0190: e1 16 77 a0 e1 1f c0 4c e2 02 c0 8c e0 0c 38 a0 
  01a0: e1 23 38 a0 e1 18 30 8d [pid   497] 00:13:07.023410 ioctl(3, _IOC(_IOC_WRITE, 0x66, 0x2a, 0x01)e5 ff ff ff ea 81 10 a0 
  01b0: e1 1c 00 , 0xbebc4a1c) = 0
9d e5 b1 30 90 [pid   497] 00:13:07.050451 ioctl(3, _IOC(_IOC_WRITE, 0x66, 0x2a, 0x01)e1 03 28 a0 e1 00 00 52 
  01c0: e3 0d 00 00 , 0xbebc4a24) = 0
ca 42 28 a0 e1 18 [pid   497] 00:13:07.127943 ioctl(3, _IOC(_IOC_WRITE, 0x66, 0x2a, 0x01)15 9f e5 48 00 72 
  01d0: e3 01 , 0xbebc4a04) = 0
30 a0 b1 03 38 a0 e1 43 38 a0 e1 00 30 63 
  01e0: e2 04 25 9f e5 03 01 92 [pid   497] 00:13:07.166885 ioctl(3, _IOC(_IOC_READ|_IOC_WRITE, 0x66, 0x2b, 0x01)e7 43 31 a0 e1 1c 10 83 
  01f0: e2 01 18 a0 e1 21 18 a0 e1 0b 00 00 ea 03 28 a0 
  0200: e1 42 28 a0 e1 3d 00 52 e3 3e 30 a0 c3 03 38 a0 
  0210: e1 d8 c4 9f e5 43 27 8c e0 04 00 12 e5 43 39 a0 
  0220: e1 1c 10 63 e2 01 18 a0 e1 21 18 a0 e1 , 0xbebc4a1c) = 0
c0 3f a0 
  0230: e1 90 03 0c e0 90 20 83 e0 8c c0 83 e0 8c [pid   497] 00:13:07.253433 ioctl(3, _IOC(_IOC_WRITE, 0x66, 0x2a, 0x01)c0 a0 
  0240: e1 cc 3f 2c e0 cc 3f 43 e0 00 00 53 e3 00 60 a0 
  0250: 03 16 00 00 0a 2e 02 73 e3 07 00 00 8a 00 20 a0 
  0260: e3 03 , 0xbebc4a1c) = 0
31 a0 e1 02 20 82 e2 02 28 a0 e1 22 28 a0 
  0270: e1 2e 02 [pid   497] 00:13:07.323134 ioctl(3, _IOC(_IOC_WRITE, 0x66, 0x2a, 0x01)73 e3 f9 ff ff 9a 00 00 00 ea 00 20 a0 
  0280: e3 0b 01 73 e3 01 20 82 92 02 28 a0 91 22 28 a0 
  0290: 91 02 38 a0 e1 43 38 a0 e1 1c c3 a0 e1 81 60 82 
  02a0: e0 1f 60 46 e2 06 68 a0 e1 26 68 a0 e1 ff ff ff 
  02b0: ea cc 3f a0 e1 2c , 0xbebc497c) = 0
00 9d e5 00 e0 65 e0 0e e8 a0 
  02c0: e1 4e e8 a0 e1 ce 1f a0 e1 9c 01 01 e0 9e 13 21 
[pid   497] 00:13:07.407517 ioctl(3, _IOC(_IOC_WRITE, 0x66, 0x2a, 0x01)  02d0: e0 9c 2e 83 e0 03 10 81 e0 01 00 a0 e1 c1 3f 21 
  02e0: e0 c1 3f 43 e0 00 00 53 e3 00 30 a0 03 16 00 00 
  02f0: 0a 2e 02 73 e3 07 00 00 8a 00 20 a0 e3 03 31 a0 
  0300: e1 02 20 82  <unfinished ...>
e2 [pid   499] 00:13:07.455478 ioctl(4, WDIOC_SETTIMEOUT02 28 a0 e1 22 28 a0 e1 2e 02 73 
  0310: e3 f9 ff ff 9a 00 00 00 ea , 0x69b94c) = 0
00 20 a0 mount /dev/mmcblk0p1: Device or resource busy
mount /dev/mmcblk0p1: Device or resource busy
e3 0b 01 73 
  0320: e3 01 20 82 92 02 28 a0 91 22 28 a0 91 02 08 a0 
  0330: e1 40 08 a0 e1 11 00 a0 e1 1f 60 46 e2 02 30 86 
  0340: e0 03 38 a0 e1 23 38 a0 e1 ff ff ff ea 18 20 9d 
  0350: e5 02 18 a0 e1 03 28 a0 e1 42 28 a0 e1 [pid   497] 00:13:07.545494 <... ioctl resumed> , 0xbebc4a84) = 0
41 28 62 
  0360: e0 00 00 52 e3 06 00 00 da 01 30 43 e2 03 38 a0 
  0370: e1 23 38 a0 e1 01 20 82 e2 57 72 a0 e1 c0 00 87 
  0380: e0 06 00 00 ea 18 50 9d [pid   497] 00:13:07.585270 ioctl(3, _IOC(_IOC_READ|_IOC_WRITE, 0x66, 0x2b, 0x01)e5 01 30 45 e2 03 38 a0 
  0390: e1 23 38 a0 e1 01 20 62 e2 50 02 a0 e1 c7 00 80 
  03a0: e0 c0 2f 20 e0 c0 2f 42 e0 00 00 52 e3 00 60 a0 
  03b0: 03 15 00 00 0a 2e 02 72 e3 , 0xbebc4a9c) = 0
07 00 00 8a 00 10 a0 
  03c0: e3 02 21 a0 e1 02 10 81 e2 01 18 a0 e1 [pid   497] 00:13:07.646815 ioctl(3, _IOC(_IOC_WRITE, 0x66, 0x2a, 0x01)21 18 a0 
  03d0: e1 2e 02 72 e3 f9 ff ff 9a 00 00 00 ea 00 10 a0 
  03e0: e3 0b 01 72 e3 01 10 81 92 01 18 a0 91 21 18 a0 
  03f0: 91 01 28 a0 e1 42 28 a0 , 0xbebc4a9c) = 0
e1 10 02 a0 e1 03 60 81 
[pid   502] 00:13:07.693355 ioctl(10, _IOC(_IOC_READ, 0x49, 0x52, 0x04), 0xb4ec5a10) = 0
[pid   497] 00:13:07.695906 ioctl(3, _IOC(_IOC_WRITE, 0x66, 0x2a, 0x01), 0xbebc4aa4) = 0
[pid   497] 00:13:07.698853 ioctl(3, _IOC(_IOC_WRITE, 0x66, 0x2a, 0x01), 0xbebc4aa4) = 0
[ISP-IOCTL pid:497 tid:502 fd:10 req:0x80044952 nr:82 dir:2 size:4 argp:0xb4ec5a10]
[pid   502] 00:13:07.799967 ioctl(13, TCGETS, 0xb4ec565c) = -1 ENOTTY (Inappropriate ioctl for device)
  -> ptr=(nil) dump=1024B
  -> ptr not in readable maps (skip)
[pid   502] 00:13:07.806740 ioctl(10, _IOC(_IOC_READ, 0x49, 0x52, 0x04), 0xb4ec5a10) = 0
[ISP-IOCTL pid:497 tid:502 fd:10 req:0x80044952 nr:82 dir:2 size:4 argp:0xb4ec5a10]
[pid   502] 00:13:07.913056 ioctl(13, TCGETS, 0xb4ec565c) = -1 ENOTTY (Inappropriate ioctl for device)
  -> ptr=(nil) dump=1024B
  -> ptr not in readable maps (skip)
[pid   502] 00:13:07.919014 ioctl(10, _IOC(_IOC_READ, 0x49, 0x52, 0x04), 0xb4ec5a10) = 0
mount /dev/mmcblk0p1: Device or resource busy
mount /dev/mmcblk0p1: Device or resource busy
[ISP-IOCTL pid:497 tid:502 fd:10 req:0x80044952 nr:82 dir:2 size:4 argp:0xb4ec5a10]
[pid   502] 00:13:08.025303 ioctl(13, TCGETS, 0xb4ec565c) = -1 ENOTTY (Inappropriate ioctl for device)
  -> ptr=(nil) dump=1024B
  -> ptr not in readable maps (skip)
[pid   502] 00:13:08.031374 ioctl(10, _IOC(_IOC_READ, 0x49, 0x52, 0x04), 0xb4ec5a10) = 0
[ISP-IOCTL pid:497 tid:502 fd:10 req:0x80044952 nr:82 dir:2 size:4 argp:0xb4ec5a10]
[pid   502] 00:13:08.137504 ioctl(13, TCGETS, 0xb4ec565c) = -1 ENOTTY (Inappropriate ioctl for device)
  -> ptr=(nil) dump=1024B
  -> ptr not in readable maps (skip)
[pid   502] 00:13:08.143593 ioctl(10, _IOC(_IOC_READ, 0x49, 0x52, 0x04), 0xb4ec5a10) = 0
[ISP-IOCTL pid:497 tid:502 fd:10 req:0x80044952 nr:82 dir:2 size:4 argp:0xb4ec5a10]
[pid   502] 00:13:08.249699 ioctl(13, TCGETS, 0xb4ec565c) = -1 ENOTTY (Inappropriate ioctl for device)
  -> ptr=(nil) dump=1024B
  -> ptr not in readable maps (skip)
[pid   502] 00:13:08.255788 ioctl(10, _IOC(_IOC_READ, 0x49, 0x52, 0x04), 0xb4ec5a10) = 0
[ISP-IOCTL pid:497 tid:502 fd:10 req:0x80044952 nr:82 dir:2 size:4 argp:0xb4ec5a10]
[pid   502] 00:13:08.362562 ioctl(13, TCGETS, 0xb4ec565c) = -1 ENOTTY (Inappropriate ioctl for device)
  -> ptr=(nil) dump=1024B
  -> ptr not in readable maps (skip)
[pid   502] 00:13:08.368432 ioctl(10, _IOC(_IOC_READ, 0x49, 0x52, 0x04), 0xb4ec5a10) = 0
[ISP-IOCTL pid:497 tid:502 fd:10 req:0x80044952 nr:82 dir:2 size:4 argp:0xb4ec5a10]
[pid   502] 00:13:08.474654 ioctl(13, TCGETS, 0xb4ec565c) = -1 ENOTTY (Inappropriate ioctl for device)
  -> ptr=(nil) dump=1024B
  -> ptr not in readable maps (skip)
[pid   502] 00:13:08.480708 ioctl(10, _IOC(_IOC_READ, 0x49, 0x52, 0x04), 0xb4ec5a10) = 0
mount /dev/mmcblk0p1: Device or resource busy
mount /dev/mmcblk0p1: Device or resource busy
[pid   499] 00:13:08.544128 ioctl(4, WDIOC_SETTIMEOUT, 0x69b94c) = 0
[ISP-IOCTL pid:497 tid:502 fd:10 req:0x80044952 nr:82 dir:2 size:4 argp:0xb4ec5a10]
[pid   502] 00:13:08.586816 ioctl(13, TCGETS, 0xb4ec565c) = -1 ENOTTY (Inappropriate ioctl for device)
  -> ptr=(nil) dump=1024B
  -> ptr not in readable maps (skip)
[pid   502] 00:13:08.592871 ioctl(10, _IOC(_IOC_READ, 0x49, 0x52, 0x04), 0xb4ec5a10) = 0
[ISP-IOCTL pid:497 tid:502 fd:10 req:0x80044952 nr:82 dir:2 size:4 argp:0xb4ec5a10]
[pid   502] 00:13:08.698982 ioctl(13, TCGETS, 0xb4ec565c) = -1 ENOTTY (Inappropriate ioctl for device)
  -> ptr=(nil) dump=1024B
  -> ptr not in readable maps (skip)
[pid   502] 00:13:08.705083 ioctl(10, _IOC(_IOC_READ, 0x49, 0x52, 0x04), 0xb4ec5a10) = 0
[ISP-IOCTL pid:497 tid:502 fd:10 req:0x80044952 nr:82 dir:2 size:4 argp:0xb4ec5a10]
[pid   502] 00:13:08.811346 ioctl(13, TCGETS, 0xb4ec565c) = -1 ENOTTY (Inappropriate ioctl for device)
  -> ptr=(nil) dump=1024B
  -> ptr not in readable maps (skip)
[pid   502] 00:13:08.817277 ioctl(10, _IOC(_IOC_READ, 0x49, 0x52, 0x04), 0xb4ec5a10) = 0
[ISP-IOCTL pid:497 tid:502 fd:10 req:0x80044952 nr:82 dir:2 size:4 argp:0xb4ec5a10]
[pid   502] 00:13:08.923534 ioctl(13, TCGETS, 0xb4ec565c) = -1 ENOTTY (Inappropriate ioctl for device)
  -> ptr=(nil) dump=1024B
  -> ptr not in readable maps (skip)
[pid   502] 00:13:08.929413 ioctl(10, _IOC(_IOC_READ, 0x49, 0x52, 0x04), 0xb4ec5a10) = 0
mount /dev/mmcblk0p1: Device or resource busy
mount /dev/mmcblk0p1: Device or resource busy
[ISP-IOCTL pid:497 tid:502 fd:10 req:0x80044952 nr:82 dir:2 size:4 argp:0xb4ec5a10]
[pid   502] 00:13:09.035731 ioctl(13, TCGETS, 0xb4ec565c) = -1 ENOTTY (Inappropriate ioctl for device)
  -> ptr=(nil) dump=1024B
  -> ptr not in readable maps (skip)
[pid   502] 00:13:09.041815 ioctl(10, _IOC(_IOC_READ, 0x49, 0x52, 0x04), 0xb4ec5a10) = 0
[ISP-IOCTL pid:497 tid:502 fd:10 req:0x80044952 nr:82 dir:2 size:4 argp:0xb4ec5a10]
[pid   502] 00:13:09.147918 ioctl(13, TCGETS, 0xb4ec565c) = -1 ENOTTY (Inappropriate ioctl for device)
  -> ptr=(nil) dump=1024B
  -> ptr not in readable maps (skip)
[pid   502] 00:13:09.154021 ioctl(10, _IOC(_IOC_READ, 0x49, 0x52, 0x04), 0xb4ec5a10) = 0
[ISP-IOCTL pid:497 tid:502 fd:10 req:0x80044952 nr:82 dir:2 size:4 argp:0xb4ec5a10]
[pid   502] 00:13:09.260723 ioctl(13, TCGETS, 0xb4ec565c) = -1 ENOTTY (Inappropriate ioctl for device)
  -> ptr=(nil) dump=1024B
  -> ptr not in readable maps (skip)
[pid   502] 00:13:09.266850 ioctl(10, _IOC(_IOC_READ, 0x49, 0x52, 0x04), 0xb4ec5a10) = 0
[ISP-IOCTL pid:497 tid:502 fd:10 req:0x80044952 nr:82 dir:2 size:4 argp:0xb4ec5a10]
[pid   502] 00:13:09.373212 ioctl(13, TCGETS, 0xb4ec565c) = -1 ENOTTY (Inappropriate ioctl for device)
  -> ptr=(nil) dump=1024B
  -> ptr not in readable maps (skip)
[pid   502] 00:13:09.379322 ioctl(10, _IOC(_IOC_READ, 0x49, 0x52, 0x04), 0xb4ec5a10) = 0
[ISP-IOCTL pid:497 tid:502 fd:10 req:0x80044952 nr:82 dir:2 size:4 argp:0xb4ec5a10]
[pid   502] 00:13:09.485534 ioctl(13, TCGETS, 0xb4ec565c) = -1 ENOTTY (Inappropriate ioctl for device)
  -> ptr=(nil) dump=1024B
  -> ptr not in readable maps (skip)
[pid   502] 00:13:09.491611 ioctl(10, _IOC(_IOC_READ, 0x49, 0x52, 0x04), 0xb4ec5a10) = 0
mount /dev/mmcblk0p1: Device or resource busy
mount /dev/mmcblk0p1: Device or resource busy
[pid   499] 00:13:09.547502 ioctl(4, WDIOC_SETTIMEOUT, 0x69b94c) = 0
[ISP-IOCTL pid:497 tid:502 fd:10 req:0x80044952 nr:82 dir:2 size:4 argp:0xb4ec5a10]
[pid   502] 00:13:09.597747 ioctl(13, TCGETS, 0xb4ec565c) = -1 ENOTTY (Inappropriate ioctl for device)
  -> ptr=(nil) dump=1024B
  -> ptr not in readable maps (skip)
[pid   502] 00:13:09.603883 ioctl(10, _IOC(_IOC_READ, 0x49, 0x52, 0x04), 0xb4ec5a10) = 0
[pid   497] 00:13:09.702549 ioctl(3, _IOC(_IOC_WRITE, 0x66, 0x2a, 0x01), 0xbebc4aac) = 0
[pid   497] 00:13:09.704877 ioctl(3, _IOC(_IOC_WRITE, 0x66, 0x2a, 0x01)[ISP-IOCTL pid:497 tid:502 fd:10 req:0x80044952 nr:82 dir:2 size:4 argp:0xb4ec5a10]
 <unfinished ...>
[pid   502] 00:13:09.710515 ioctl(13, TCGETS, 0xb4ec565c) = -1 ENOTTY (Inappropriate ioctl for device)
  -> ptr=(nil) dump=1024B
  -> ptr not in readable maps (skip)
[pid   502] 00:13:09.716460 ioctl(10, _IOC(_IOC_READ, 0x49, 0x52, 0x04), 0xb4ec5a10) = 0
[pid   497] 00:13:09.718549 <... ioctl resumed> , 0xbebc4a8c) = 0
[pid   497] 00:13:09.720313 ioctl(3, _IOC(_IOC_READ|_IOC_WRITE, 0x66, 0x2b, 0x01), 0xbebc4aa4) = 0
[pid   497] 00:13:09.722601 ioctl(3, _IOC(_IOC_WRITE, 0x66, 0x2a, 0x01), 0xbebc4aa4) = 0
Process 506 attached
[pid   506] 00:13:09.740725 ioctl(13, TCGETS, 0xb4e4c93c) = -1 ENOTTY (Inappropriate ioctl for device)
[pid   504] 00:13:09.760174 ioctl(14, _IOC(0, 0x89, 0xf1, 0x00), 0xb4e8c988) = 0
[pid   504] 00:13:09.764815 ioctl(14, SIOCSIFFLAGS, {ifr_name="eth0", ifr_flags=0}) = 0
[pid   504] 00:13:09.789064 ioctl(14, SIOCSIFFLAGS, {ifr_name="wlan0", ifr_flags=IFF_UP}) = 0
[ISP-IOCTL pid:497 tid:502 fd:10 req:0x80044952 nr:82 dir:2 size:4 argp:0xb4ec5a10]
[pid   502] 00:13:09.823502 ioctl(14, TCGETS, 0xb4ec565c) = -1 ENOTTY (Inappropriate ioctl for device)
[pid   506] 00:13:09.848512 ioctl(3, _IOC(_IOC_READ|_IOC_WRITE, 0x66, 0x2b, 0x01), 0xb4e4c9d4) = 0
[pid   506] 00:13:09.851169 ioctl(3, _IOC(_IOC_READ|_IOC_WRITE, 0x66, 0x2b, 0x01), 0xb4e4c9d4) = 0
  -> ptr=(nil) dump=1024B
  -> ptr not in readable maps (skip)
[pid   502] 00:13:09.923674 ioctl(10, _IOC(_IOC_READ, 0x49, 0x52, 0x04), 0xb4ec5a10) = 0
[pid   497] 00:13:09.949710 ioctl(3, _IOC(_IOC_WRITE, 0x66, 0x2a, 0x01)Process 507 attached
, 0xbebc4a6c) = 0
Process 508 attached
[pid   506] 00:13:09.965157 ioctl(3, _IOC(_IOC_READ|_IOC_WRITE, 0x66, 0x2b, 0x01)Process 509 attached
, 0xb4e4c9d4) = 0
[pid   506] 00:13:09.970319 ioctl(3, _IOC(_IOC_READ|_IOC_WRITE, 0x66, 0x2b, 0x01), 0xb4e4c9d4) = 0
[pid   504] 00:13:09.972931 ioctl(15, TCGETS, 0xb4e8c4bc) = -1 ENOTTY (Inappropriate ioctl for device)
[pid   497] 00:13:09.983374 ioctl(3, _IOC(_IOC_READ|_IOC_WRITE, 0x66, 0x2b, 0x01) <unfinished ...>
[pid   504] 00:13:09.985858 ioctl(15, TCGETS, 0xb4e8c4bc) = -1 ENOTTY (Inappropriate ioctl for device)
[pid   497] 00:13:09.992770 <... ioctl resumed> , 0xbebc4a84) = 0
[pid   504] 00:13:09.997391 ioctl(15, TCGETS, 0xb4e8c4bc) = -1 ENOTTY (Inappropriate ioctl for device)
[pid   504] 00:13:10.002693 ioctl(15, TCGETS, 0xb4e8c4bc) = -1 ENOTTY (Inappropriate ioctl for device)
[pid   504] 00:13:10.013889 ioctl(15, TCGETS, 0xb4e8c4d4) = -1 ENOTTY (Inappropriate ioctl for device)
[0;32m[GW_APP] [1970-01-01 08:13:06:338046][vOpenSSLInit():22]end[0;37m [0m
[0;36m[GW_APP] [1970-01-01 08:13:06:345383][NetMgProc_Init():1381]*************NetMgProc_Init******************[0;37m [0m
[0;36m[GW_APP] [1970-01-01 08:13:06:349732][UserCmdSetWifiProc_Init():255]*************UserCmdSetWifiProc_Init******************[0;37m [0m
[0;36m[GW_APP] [1970-01-01 08:13:06:371454][vUserCmdSetWifiProc():162]*************enter vUserCmdSetWifiProc******************[0;37m [0m
[0;32m[GW_APP] [1970-01-01 08:13:06:922358][DiskProc():445]sd card plugged in! <<<<<<[0;37m [0m
[0;32m[GW_APP] [1970-01-01 08:13:06:922947][SDCard_Umount():345]umount2...[0;37m [0m
[0;32m[GW_APP] [1970-01-01 08:13:06:927624][SDCard_Mount():284]try to mounting...[0;37m [0m
[0;36m[GW_APP] [1970-01-01 08:13:06:967658][dm_update_tfCardInfo():999]tfCardStatus: 7, freeSpace: 124482176, totalSpace: -124864512[0;37m [0m
[0;32m[GW_APP] [1970-01-01 08:13:07:391411][WhiteLight_Switch():363]this_status[0]
[0;37m [0m
[0;32m[GW_APP] [1970-01-01 08:13:07:477283][SDCard_Mount():284]try to mounting...[0;37m [0m
[0;36m[GW_APP] [1970-01-01 08:13:07:487342][dm_update_tfCardInfo():999]tfCardStatus: 7, freeSpace: 124482176, totalSpace: -124864512[0;37m [0m
[0;36m[GW_APP] [1970-01-01 08:13:07:697822][vIrcutSwitchToFilter():133]fgCutEn = 0[0;37m [0m
[0;32m[GW_APP] [1970-01-01 08:13:07:989723][SDCard_Mount():284]try to mounting...[0;37m [0m
[0;36m[GW_APP] [1970-01-01 08:13:07:999689][dm_update_tfCardInfo():999]tfCardStatus: 7, freeSpace: 124482176, totalSpace: -124864512[0;37m [0m
[0;32m[GW_APP] [1970-01-01 08:13:08:502158][SDCard_Mount():284]try to mounting...[0;37m [0m
[0;36m[GW_APP] [1970-01-01 08:13:08:512081][dm_update_tfCardInfo():999]tfCardStatus: 7, freeSpace: 124482176, totalSpace: -124864512[0;37m [0m
[0;32m[GW_APP] [1970-01-01 08:13:09:014425][SDCard_Mount():284]try to mounting...[0;37m [0m
[0;36m[GW_APP] [1970-01-01 08:13:09:024391][dm_update_tfCardInfo():999]tfCardStatus: 7, freeSpace: 124482176, totalSpace: -124864512[0;37m [0m
[0;32m[GW_APP] [1970-01-01 08:13:09:526769][SDCard_Mount():284]try to mounting...[0;37m [0m
[0;36m[GW_APP] [1970-01-01 08:13:09:536723][dm_update_tfCardInfo():999]tfCardStatus: 7, freeSpace: 124482176, totalSpace: -124864512[0;37m [0m
[0;36m[GW_APP] [1970-01-01 08:13:09:701527][vIrcutSwitchToFilter():133]fgCutEn = 1[0;37m [0m
[0;36m[GW_APP] [1970-01-01 08:13:09:743923][vKey_DrvProc():376]100 -> 150[0;37m [0m
[0;36m[GW_APP] [1970-01-01 08:13:09:745213][vKey_DrvProc():391]80 -> 100[0;37m [0m
[0;36m[GW_APP] [1970-01-01 08:13:09:762715][bNetCardDevSupport():394]State: -1[0;37m [0m
[0;36m[GW_APP] [1970-01-01 08:13:09:794811][vNewNetMgProc():1281]fgEthSupport: 0, fgWifiSupport: 1, fg4GSupport: 0[0;37m [0m
[0;36m[GW_APP] [1970-01-01 08:13:09:796436][vWifiInit():435]=====>wifi init[0;37m [0m
[0;32m[GW_APP] [1970-01-01 08:13:09:940655][startRtspClientThread():4533]create rtsp client thread![0;37m [0m
[0;32m[GW_APP] [1970-01-01 08:13:09:947036][gw_adec_ao_init():367]samplerate: 16000, volume level: 10[0;37m [0m
[0;32m[GW_APP] [1970-01-01 08:13:09:956915][RtspClient_proc():4353][0;37m [0m
[0;32m[GW_APP] [1970-01-01 08:13:09:968205][vHandSelectProc():5056]=================begin=================[0;37m [0m
[0;36m[GW_APP] [1970-01-01 08:13:09:982655][vGetWifiPrmFromRomConfFile():346]Init SSID=MTNSL, EncType=2, Password=AJM.l1$Kr[0;37m [0m
[0;36m[GW_APP] [1970-01-01 08:13:09:995723][vGetWifiPrmFromRomConfFile():346]Init SSID=MTNSL, EncType=2, Password=AJM.l1$Kr[0;37m [0m
[0;36m[GW_APP] [1970-01-01 08:13:10:001027][vGetWifiPrmFromRomConfFile():346]Init SSID=Free-AP2, EncType=0, Password=[0;37m [0m
[0;36m[GW_APP] [1970-01-01 08:13:10:006190][vGetWifiPrmFromRomConfFile():346]Init SSID=Free-AP3, EncType=0, Password=[0;37m [0m
[0;36m[GW_APP] [1970-01-01 08:13:10:007329][copy_file():440]src: /rom/wpa_supplicant1.conf, dst: /mnt/ramdisk/wpa_supplicant0.conf[0;37m [0m
[0;36m[GW_APP] [1970-01-01 08:13:10:016776][vGetWifiPrmFromRomConfFile():346]Init SSID=MTNSL, EncType=2, Password=AJM.l1$Kr[pid   504] 00:13:10.020683 ioctl(15, SIOCSIFFLAGS, {ifr_name="wlan0", ifr_flags=IFF_UP}) = 0
[pid   497] 00:13:10.024254 ioctl(3, _IOC(_IOC_WRITE, 0x66, 0x2a, 0x01), 0xbebc4a84) = 0
Process 510 attached
[ISP-IOCTL pid:497 tid:502 fd:10 req:0x80044952 nr:82 dir:2 size:4 argp:0xb4ec5a10]
[pid   506] 00:13:10.907664 ioctl(3, _IOC(_IOC_READ|_IOC_WRITE, 0x66, 0x2b, 0x01), 0xb4e4c9d4) = 0
[pid   506] 00:13:10.920921 ioctl(3, _IOC(_IOC_READ|_IOC_WRITE, 0x66, 0x2b, 0x01), 0xb4e4c9d4) = 0
mount /dev/mmcblk0p1: Device or resource busy
mount /dev/mmcblk0p1: Device or resource busy
[pid   502] 00:13:10.965750 ioctl(15, TCGETS, 0xb4ec565c) = -1 ENOTTY (Inappropriate ioctl for device)
[pid   510] 00:13:10.972532 ioctl(0, TCGETS, {B115200 opost isig icanon echo ...}) = 0
[pid   510] 00:13:10.974459 ioctl(1, TCGETS, 0xbefcc92c) = -1 EINVAL (Invalid argument)
[ISP-TRACE] /dev/isp_char detected rdev=0xa3d pid=510
  -> ptr=(nil) dump=1024B
  -> ptr not in readable maps (skip)
[pid   502] 00:13:10.993656 ioctl(10, _IOC(_IOC_READ, 0x49, 0x52, 0x04)Process 511 attached
, 0xb4ec5a10) = 0
[pid   499] 00:13:10.999552 ioctl(4, WDIOC_SETTIMEOUT, 0x69b94c) = 0
[pid   497] 00:13:11.007652 ioctl(3, _IOC(_IOC_WRITE, 0x66, 0x2a, 0x01), 0xbebc4a94) = 0
[pid   506] 00:13:11.054254 ioctl(3, _IOC(_IOC_READ|_IOC_WRITE, 0x66, 0x2b, 0x01), 0xb4e4c9d4) = 0
[pid   506] 00:13:11.061597 ioctl(3, _IOC(_IOC_READ|_IOC_WRITE, 0x66, 0x2b, 0x01), 0xb4e4c9d4) = 0
[ISP-IOCTL pid:497 tid:502 fd:10 req:0x80044952 nr:82 dir:2 size:4 argp:0xb4ec5a10]
[pid   502] 00:13:11.109367 ioctl(15, TCGETS, 0xb4ec565c) = -1 ENOTTY (Inappropriate ioctl for device)
  -> ptr=(nil) dump=1024B
  -> ptr not in readable maps (skip)
[pid   502] 00:13:11.115894 ioctl(10, _IOC(_IOC_READ, 0x49, 0x52, 0x04), 0xb4ec5a10) = 0
[pid   511] 00:13:11.125277 ioctl(0, TCGETS, {B115200 opost isig icanon echo ...}) = 0
[pid   511] 00:13:11.127320 ioctl(1, TCGETS, 0xbec8091c) = -1 EINVAL (Invalid argument)
[ISP-TRACE] /dev/isp_char detected rdev=0xa3d pid=511
[pid   506] 00:13:11.176165 ioctl(3, _IOC(_IOC_READ|_IOC_WRITE, 0x66, 0x2b, 0x01), 0xb4e4c9d4) = 0
[pid   506] 00:13:11.179856 ioctl(3, _IOC(_IOC_READ|_IOC_WRITE, 0x66, 0x2b, 0x01), 0xb4e4c9d4) = 0
[ISP-IOCTL pid:497 tid:502 fd:10 req:0x80044952 nr:82 dir:2 size:4 argp:0xb4ec5a10]
[pid   502] 00:13:11.225900 ioctl(15, TCGETS, 0xb4ec565c) = -1 ENOTTY (Inappropriate ioctl for device)
  -> ptr=(nil) dump=1024B
  -> ptr not in readable maps (skip)
[pid   502] 00:13:11.247539 ioctl(10, _IOC(_IOC_READ, 0x49, 0x52, 0x04), 0xb4ec5a10) = 0
[pid   506] 00:13:11.294709 ioctl(3, _IOC(_IOC_READ|_IOC_WRITE, 0x66, 0x2b, 0x01), 0xb4e4c9d4) = 0
[pid   506] 00:13:11.297263 ioctl(3, _IOC(_IOC_READ|_IOC_WRITE, 0x66, 0x2b, 0x01), 0xb4e4c9d4) = 0
[ISP-IOCTL pid:497 tid:502 fd:10 req:0x80044952 nr:82 dir:2 size:4 argp:0xb4ec5a10]
[pid   502] 00:13:11.357767 ioctl(15, TCGETS, 0xb4ec565c) = -1 ENOTTY (Inappropriate ioctl for device)
  -> ptr=(nil) dump=1024B
  -> ptr not in readable maps (skip)
[pid   502] 00:13:11.375318 ioctl(10, _IOC(_IOC_READ, 0x49, 0x52, 0x04), 0xb4ec5a10) = 0
[pid   506] 00:13:11.401665 ioctl(3, _IOC(_IOC_READ|_IOC_WRITE, 0x66, 0x2b, 0x01), 0xb4e4c9d4) = 0
[pid   506] 00:13:11.405105 ioctl(3, _IOC(_IOC_READ|_IOC_WRITE, 0x66, 0x2b, 0x01), 0xb4e4c9d4) = 0
mount /dev/mmcblk0p1: Device or resource busy
mount /dev/mmcblk0p1: Device or resource busy
[ISP-IOCTL pid:497 tid:502 fd:10 req:0x80044952 nr:82 dir:2 size:4 argp:0xb4ec5a10]
[pid   502] 00:13:11.499215 ioctl(15, TCGETS, 0xb4ec565c) = -1 ENOTTY (Inappropriate ioctl for device)
  -> ptr=(nil) dump=1024B
  -> ptr not in readable maps (skip)
[pid   506] 00:13:11.511607 ioctl(3, _IOC(_IOC_READ|_IOC_WRITE, 0x66, 0x2b, 0x01), 0xb4e4c9d4) = 0
[pid   506] 00:13:11.514731 ioctl(3, _IOC(_IOC_READ|_IOC_WRITE, 0x66, 0x2b, 0x01), 0xb4e4c9d4) = 0
[pid   502] 00:13:11.525947 ioctl(10, _IOC(_IOC_READ, 0x49, 0x52, 0x04), 0xb4ec5a10) = 0
[pid   511] 00:13:11.529548 ioctl(3, SIOCGIFFLAGS, {ifr_name="wlan0", ifr_flags=IFF_UP|IFF_BROADCAST|IFF_RUNNING}) = 0
[pid   511] 00:13:11.532215 ioctl(3, SIOCSIFFLAGS, {ifr_name="wlan0", ifr_flags=IFF_UP|IFF_BROADCAST|IFF_RUNNING|IFF_MULTICAST}) = 0
[pid   511] 00:13:11.535980 +++ exited with 0 +++
[pid   510] 00:13:11.537228 --- SIGCHLD {si_signo=SIGCHLD, si_code=CLD_EXITED, si_pid=511, si_uid=0, si_status=0, si_utime=1, si_stime=24} ---
[pid   510] 00:13:11.539842 +++ exited with 0 +++
[pid   504] 00:13:11.541208 --- SIGCHLD {si_signo=SIGCHLD, si_code=CLD_EXITED, si_pid=510, si_uid=0, si_status=0, si_utime=5, si_stime=22} ---
[pid   504] 00:13:11.543393 ioctl(15, TCGETS, 0xb4e8c7dc) = -1 EINVAL (Invalid argument)
Process 512 attached
[pid   497] 00:13:11.622591 ioctl(16, _IOC(_IOC_WRITE, 0x50, 0x81, 0x04), 0xbebc4a04) = 0
[pid   512] 00:13:11.628624 ioctl(0, TCGETS, {B115200 opost isig icanon echo ...}) = 0
[pid   512] 00:13:11.631538 ioctl(1, TCGETS, 0xbe88e93c) = -1 EINVAL (Invalid argument)
[ISP-TRACE] /dev/isp_char detected rdev=0xa3d pid=512
[pid   506] 00:13:11.644590 ioctl(3, _IOC(_IOC_READ|_IOC_WRITE, 0x66, 0x2b, 0x01), 0xb4e4c9d4) = 0
[pid   506] 00:13:11.648915 ioctl(3, _IOC(_IOC_READ|_IOC_WRITE, 0x66, 0x2b, 0x01)Process 513 attached
, 0xb4e4c9d4) = 0
[ISP-IOCTL pid:497 tid:502 fd:10 req:0x80044952 nr:82 dir:2 size:4 argp:0xb4ec5a10]
[pid   502] 00:13:11.665835 ioctl(17, TCGETS, 0xb4ec565c) = -1 ENOTTY (Inappropriate ioctl for device)
[pid   497] 00:13:11.670899 ioctl(16, _IOC(0, 0x50, 0xe3, 0x00)  -> ptr=(nil) dump=1024B
  -> ptr not in readable maps (skip)
 <unfinished ...>
[pid   502] 00:13:11.684540 ioctl(10, _IOC(_IOC_READ, 0x49, 0x52, 0x04), 0xb4ec5a10) = 0
[pid   497] 00:13:11.686999 <... ioctl resumed> , 0) = 0
[pid   497] 00:13:11.688835 ioctl(17, TCGETS, 0xbebc45cc) = -1 ENOTTY (Inappropriate ioctl for device)
[0;37m [0m
[0;36m[GW_APP] [1970-01-01 08:13:10:022633][system_safe():176]cmdstring: [ifconfig wlan0 multicast][0;37m [0m
[0;32m[GW_APP] [1970-01-01 08:13:10:950746][SDCard_Mount():284]try to mounting...[0;37m [0m
[0;36m[GW_APP] [1970-01-01 08:13:10:960992][dm_update_tfCardInfo():999]tfCardStatus: 7, freeSpace: 124482048, totalSpace: -124864512[0;37m [0m
[0;32m[GW_APP] [1970-01-01 08:13:11:466317][SDCard_Mount():284]try to mounting...[0;37m [0m
[0;36m[GW_APP] [1970-01-01 08:13:11:487278][dm_update_tfCardInfo():999]tfCardStatus: 7, freeSpace: 124482048, totalSpace: -124864512[0;37m [0m
[PlatformAudioOut_SetVol] vol = 10
[AOVolSet] ak_ao_set_volume
[ak_ao_set_dac_volume:1112] set volume 6
[pid   497] 00:13:11.701445 ioctl(17, TCGETS, 0xbebc45cc) = -1 ENOTTY (Inappropriate ioctl for device)
[1;33m[pcm_dac_set_volume:766] set DEV volume 5
[m[pid   497] 00:13:11.710974 ioctl(16, _IOC(_IOC_WRITE, 0x50, 0x30, 0x04), 0xbebc4a9c) = 0
[pid   497] 00:13:11.731965 ioctl(17, TCGETS, 0xbebc40d4) = -1 ENOTTY (Inappropriate ioctl for device)
[pid   506] 00:13:11.772843 ioctl(3, _IOC(_IOC_READ|_IOC_WRITE, 0x66, 0x2b, 0x01), 0xb4e4c9d4) = 0
[pid   506] 00:13:11.775224 ioctl(3, _IOC(_IOC_READ|_IOC_WRITE, 0x66, 0x2b, 0x01), 0xb4e4c9d4) = 0
##--AudioFilter Version V1.13.09, type:11--
[pid   497] 00:13:11.784432 ioctl(17, TCGETS <unfinished ...>
[pid   513] 00:13:11.790394 ioctl(0, TCGETS, {B115200 opost isig icanon echo ...}) = 0
[pid   513] 00:13:11.792341 ioctl(1, TCGETS, 0xbee4893c) = -1 EINVAL (Invalid argument)
[ISP-TRACE] /dev/isp_char detected rdev=0xa3d pid=513
[pid   513] 00:13:11.800819 ioctl(4, TCGETS, 0xbee48bb4) = -1 ENOTTY (Inappropriate ioctl for device)
[pid   513] 00:13:11.807455 +++ exited with 0 +++
[pid   512] 00:13:11.808693 --- SIGCHLD {si_signo=SIGCHLD, si_code=CLD_EXITED, si_pid=513, si_uid=0, si_status=0, si_utime=0, si_stime=4} ---
[pid   512] 00:13:11.811279 +++ exited with 0 +++
[pid   504] 00:13:11.812490 --- SIGCHLD {si_signo=SIGCHLD, si_code=CLD_EXITED, si_pid=512, si_uid=0, si_status=0, si_utime=2, si_stime=2} ---
[pid   504] 00:13:11.817605 ioctl(15, TCGETS, 0xb4e8c754) = -1 EINVAL (Invalid argument)
[ISP-IOCTL pid:497 tid:502 fd:10 req:0x80044952 nr:82 dir:2 size:4 argp:0xb4ec5a10]
[pid   502] 00:13:11.824148 ioctl(19, TCGETSProcess 514 attached
, 0xb4ec565c) = -1 ENOTTY (Inappropriate ioctl for device)
  -> ptr=(nil) dump=1024B
  -> ptr not in readable maps (skip)
[pid   502] 00:13:11.838038 ioctl(10, _IOC(_IOC_READ, 0x49, 0x52, 0x04), 0xb4ec5a10) = 0
[pid   497] 00:13:11.857402 <... ioctl resumed> , 0xbebc402c) = -1 ENOTTY (Inappropriate ioctl for device)
[pid   506] 00:13:11.895856 ioctl(3, _IOC(_IOC_READ|_IOC_WRITE, 0x66, 0x2b, 0x01), 0xb4e4c9d4) = 0
[pid   506] 00:13:11.898210 ioctl(3, _IOC(_IOC_READ|_IOC_WRITE, 0x66, 0x2b, 0x01), 0xb4e4c9d4) = 0
[0;36m[GW_APP] [1970-01-01 08:13:11:814258][iParseWifiModuleType():94]wifi type: WIFI_TYPE_8188FU[0;37m [0m
[0;36m[GW_APP] [1970-01-01 08:13:11:816056][fgWifiReconfig():691]cBuf: [wpa_cli -p /etc/Wireless -iwlan0 reconfigure][0;37m [0m
## aslc setMileStone:
[pid   497] 00:13:11.905420 ioctl(17, TCGETS, 0xbebc402c) = -1 ENOTTY (Inappropriate ioctl for device)
[pid   514] 00:13:11.915078 ioctl(0, TCGETS, {B115200 opost isig icanon echo ...}) = 0
[pid   514] 00:13:11.916972 ioctl(1, TCGETS, 0xbeb4a90c) = -1 EINVAL (Invalid argument)
[ISP-TRACE] /dev/isp_char detected rdev=0xa3d pid=514
(0, 0), [pid   497] 00:13:11.934340 ioctl(17, TCGETS, 0xbebc402c) = -1 ENOTTY (Inappropriate ioctl for device)
Process 515 attached
(20000, 20000), [pid   497] 00:13:11.948926 ioctl(17, TCGETS, 0xbebc402c) = -1 ENOTTY (Inappropriate ioctl for device)
[ISP-IOCTL pid:497 tid:502 fd:10 req:0x80044952 nr:82 dir:2 size:4 argp:0xb4ec5a10]
[pid   502] 00:13:11.979516 ioctl(18, TCGETS, 0xb4ec565c) = -1 ENOTTY (Inappropriate ioctl for device)
  -> ptr=(nil) dump=1024B
  -> ptr not in readable maps (skip)
[pid   502] 00:13:11.991530 ioctl(10, _IOC(_IOC_READ, 0x49, 0x52, 0x04), 0xb4ec5a10) = 0
[pid   499] 00:13:12.013413 ioctl(4, WDIOC_SETTIMEOUT, 0x69b94c) = 0
(32767, 32700), mount /dev/mmcblk0p1: Device or resource busy
mount /dev/mmcblk0p1: Device or resource busy
[pid   506] 00:13:12.043467 ioctl(3, _IOC(_IOC_READ|_IOC_WRITE, 0x66, 0x2b, 0x01), 0xb4e4c9d4) = 0
[pid   506] 00:13:12.058460 ioctl(3, _IOC(_IOC_READ|_IOC_WRITE, 0x66, 0x2b, 0x01), 0xb4e4c9d4) = 0
[pid   497] 00:13:12.068361 ioctl(17, TCGETS, 0xbebc402c) = -1 ENOTTY (Inappropriate ioctl for device)
[pid   515] 00:13:12.075883 ioctl(0, TCGETS, {B115200 opost isig icanon echo ...}) = 0
[pid   515] 00:13:12.077777 ioctl(1, TCGETS, 0xbee1596c) = -1 EINVAL (Invalid argument)
[ISP-TRACE] /dev/isp_char detected rdev=0xa3d pid=515
Failed to connect to wpa_supplicant - wpa_ctrl_open: No such file or directory
[pid   515] 00:13:12.091249 +++ exited with 255 +++
[pid   514] 00:13:12.092491 --- SIGCHLD {si_signo=SIGCHLD, si_code=CLD_EXITED, si_pid=515, si_uid=0, si_status=255, si_utime=0, si_stime=7} ---
[pid   514] 00:13:12.095201 +++ exited with 255 +++
[pid   504] 00:13:12.096396 --- SIGCHLD {si_signo=SIGCHLD, si_code=CLD_EXITED, si_pid=514, si_uid=0, si_status=255, si_utime=1, si_stime=1} ---
[ISP-IOCTL pid:497 tid:502 fd:10 req:0x80044952 nr:82 dir:2 size:4 argp:0xb4ec5a10]
[pid   502] 00:13:12.106499 ioctl(15, TCGETSProcess 516 attached
, 0xb4ec565c) = -1 ENOTTY (Inappropriate ioctl for device)
[pid   506] 00:13:12.982449 ioctl(3, _IOC(_IOC_READ|_IOC_WRITE, 0x66, 0x2b, 0x01), 0xb4e4c9d4) = 0
[pid   506] 00:13:12.995621 ioctl(3, _IOC(_IOC_READ|_IOC_WRITE, 0x66, 0x2b, 0x01), 0xb4e4c9d4) = 0
  -> ptr=(nil) dump=1024B
  -> ptr not in readable maps (skip)
[pid   502] 00:13:13.032708 ioctl(10, _IOC(_IOC_READ, 0x49, 0x52, 0x04), 0xb4ec5a10) = 0
[pid   499] 00:13:13.035852 ioctl(4, WDIOC_SETTIMEOUT, 0x69b94c) = 0
[pid   516] 00:13:13.046451 ioctl(0, TCGETS, {B115200 opost isig icanon echo ...}) = 0
[pid   516] 00:13:13.048394 ioctl(1, TCGETS, 0xbe9848dc) = -1 EINVAL (Invalid argument)
[ISP-TRACE] /dev/isp_char detected rdev=0xa3d pid=516
[0;32m[GW_APP] [1970-01-01 08:13:12:011930][SDCard_Mount():284]try to mounting...[0;37m [0m
[0;36m[GW_APP] [1970-01-01 08:13:12:030720][dm_update_tfCardInfo():999]tfCardStatus: 7, freeSpace: 124482048, totalSpace: -124864512[0;37m [0m
[0;36m[GW_APP] [1970-01-01 08:13:12:098831][fgWifiReconfig():700]result: [][0;37m [0m
[0;36m[GW_APP] [1970-01-01 08:13:12:100737][fgWifiReconfig():706]cBuf: [wpa_supplicant -B -iwlan0 -c /mnt/ramdisk/wpa_supplicant0.conf -P /mnt/ramdisk/wpa_pid.txt][0;37m [0m
[0;36m[GW_APP] [1970-01-01 08:13:12:101342][system_safe():176]cmdstring: [wpa_supplicant -B -iwlan0 -c /mnt/ramdisk/wpa_supplicant0.conf -P /mnt/ramdisk/wpa_pid.txt][0;37m [0m

## times: 2, 1, 1300
[pid   497] 00:13:13.062626 ioctl(15, TCGETS, 0xbebc404c) = -1 ENOTTY (Inappropriate ioctl for device)
## aslc silence: level=0, smpcnt=800
Process 517 attached
[pid   497] 00:13:13.075643 ioctl(15, TCGETS, 0xbebc405c) = -1 ENOTTY (Inappropriate ioctl for device)
## sr:16000, ch:2, bitsPerSmp:16, maxLenin:0, jointCh:2
[pid   497] 00:13:13.103668 ioctl(15, TCGETS, 0xbebc405c) = -1 ENOTTY (Inappropriate ioctl for device)
## ASLC OPEN OK ena:1, lookAheadLen:32
[pid   497] 00:13:13.111063 ioctl(15, TCGETS, 0xbebc4514) = -1 ENOTTY (Inappropriate ioctl for device)
[dac_set_aslc:388] aslc volume = 6
[pid   497] 00:13:13.118363 ioctl(15, TCGETS, 0xbebc40b4) = -1 ENOTTY (Inappropriate ioctl for device)
[pid   506] 00:13:13.137110 ioctl(3, _IOC(_IOC_READ|_IOC_WRITE, 0x66, 0x2b, 0x01), 0xb4e4c9d4) = 0
[pid   506] 00:13:13.143106 ioctl(3, _IOC(_IOC_READ|_IOC_WRITE, 0x66, 0x2b, 0x01), 0xb4e4c9d4) = 0
mount /dev/mmcblk0p1: Device or resource busy
mount /dev/mmcblk0p1: Device or resource busy
[ISP-IOCTL pid:497 tid:502 fd:10 req:0x80044952 nr:82 dir:2 size:4 argp:0xb4ec5a10]
[pid   502] 00:13:13.191859 ioctl(15, TCGETS, 0xb4ec565c) = -1 ENOTTY (Inappropriate ioctl for device)
  -> ptr=(nil) dump=1024B
  -> ptr not in readable maps (skip)
[pid   502] 00:13:13.202475 ioctl(10, _IOC(_IOC_READ, 0x49, 0x52, 0x04), 0xb4ec5a10) = 0
## aslc setMileStone:
[0;32m[GW_APP] [1970-01-01 08:13:13:153609][SDCard_Mount():284]try to mounting...[0;37m [0m
[0;36m[GW_APP] [1970-01-01 08:13:13:166815][dm_update_tfCardInfo():999]tfCardStatus: 7, freeSpace: 124482048, totalSpace: -124864512[0;37m [0m
[0;36m[GW_APP] [1970-01-01 08:13:13:176081][dm_update_tfCardInfo():999]tfCardStatus: 7, freeSpace: 124482048, totalSpace: -124864512[0;37m [0m
[pid   497] 00:13:13.214055 ioctl(15, TCGETS, 0xbebc40b4) = -1 ENOTTY (Inappropriate ioctl for device)
(0, 0), [pid   506] 00:13:13.253337 ioctl(3, _IOC(_IOC_READ|_IOC_WRITE, 0x66, 0x2b, 0x01), 0xb4e4c9d4) = 0
[pid   506] 00:13:13.271809 ioctl(3, _IOC(_IOC_READ|_IOC_WRITE, 0x66, 0x2b, 0x01), 0xb4e4c9d4) = 0
[pid   497] 00:13:13.274208 ioctl(15, TCGETS, 0xbebc40b4) = -1 ENOTTY (Inappropriate ioctl for device)
(104, 33), [pid   497] 00:13:13.282685 ioctl(15, TCGETS, 0xbebc40b4) = -1 ENOTTY (Inappropriate ioctl for device)
(328, 2603), [pid   497] 00:13:13.290474 ioctl(15, TCGETS, 0xbebc40b4) = -1 ENOTTY (Inappropriate ioctl for device)
(3277, 32768), [pid   497] 00:13:13.301609 ioctl(15, TCGETS, 0xbebc40b4) = -1 ENOTTY (Inappropriate ioctl for device)
[ISP-IOCTL pid:497 tid:502 fd:10 req:0x80044952 nr:82 dir:2 size:4 argp:0xb4ec5a10]
[pid   502] 00:13:13.322038 ioctl(17, TCGETS, 0xb4ec565c) = -1 ENOTTY (Inappropriate ioctl for device)
  -> ptr=(nil) dump=1024B
  -> ptr not in readable maps (skip)
[pid   502] 00:13:13.341644 ioctl(10, _IOC(_IOC_READ, 0x49, 0x52, 0x04), 0xb4ec5a10) = 0
(32768, 32768), [pid   497] 00:13:13.373296 ioctl(15, TCGETS <unfinished ...>
[pid   506] 00:13:13.383134 ioctl(3, _IOC(_IOC_READ|_IOC_WRITE, 0x66, 0x2b, 0x01), 0xb4e4c9d4) = 0
[pid   506] 00:13:13.387728 ioctl(3, _IOC(_IOC_READ|_IOC_WRITE, 0x66, 0x2b, 0x01), 0xb4e4c9d4) = 0
[pid   497] 00:13:13.392114 <... ioctl resumed> , 0xbebc40b4) = -1 ENOTTY (Inappropriate ioctl for device)

## times: 6, 3, 300
[pid   497] 00:13:13.401782 ioctl(15, TCGETS, 0xbebc40d4) = -1 ENOTTY (Inappropriate ioctl for device)
## ASLC SET OK, ena:1, lookAheadLen:96
[pid   497] 00:13:13.408981 ioctl(15, TCGETS, 0xbebc4514) = -1 ENOTTY (Inappropriate ioctl for device)
[ak_ao_set_aslc_volume:1159] set aslc volume 6 
[ISP-IOCTL pid:497 tid:502 fd:10 req:0x80044952 nr:82 dir:2 size:4 argp:0xb4ec5a10]
[pid   502] 00:13:13.449664 ioctl(15, TCGETS, 0xb4ec565c) = -1 ENOTTY (Inappropriate ioctl for device)
  -> ptr=(nil) dump=1024B
  -> ptr not in readable maps (skip)
[pid   502] 00:13:13.467338 ioctl(10, _IOC(_IOC_READ, 0x49, 0x52, 0x04), 0xb4ec5a10) = 0
