[pid   512] mmap2(NULL, 4096, PROT_READ|PROT_WRITE, MAP_PRIVATE|MAP_ANONYMOUS|0x4000000, -1, 0) = 0xb6fd9000
[pid   512] mmap2(NULL, 49152, PROT_NONE, MAP_PRIVATE|MAP_ANONYMOUS, -1, 0) = 0xb6e9a000
[pid   512] mmap2(0xb6e9a000, 8468, PROT_READ|PROT_EXEC, MAP_PRIVATE|MAP_FIXED, 4, 0) = 0xb6e9a000
[pid   512] mmap2(0xb6ea4000, 4120, PROT_READ|PROT_WRITE, MAP_PRIVATE|MAP_FIXED, 4, 0x2000) = 0xb6ea4000
[pid   512] open("/lib/libpthread.so.0", O_RDONLY) = 4
[pid   512] mmap2(NULL, 4096, PROT_READ|PROT_WRITE, MAP_PRIVATE|MAP_ANONYMOUS|0x4000000, -1, 0) = 0xb6fd9000
[pid   512] mmap2(NULL, 114688, PROT_NONE, MAP_PRIVATE|MAP_ANONYMOUS, -1, 0) = 0xb6e7e000
[pid   512] mmap2(0xb6e7e000, 67104, PROT_READ|PROT_EXEC, MAP_PRIVATE|MAP_FIXED, 4, 0) = 0xb6e7e000
[pid   512] mmap2(0xb6e96000, 4124, PROT_READ|PROT_WRITE, MAP_PRIVATE|MAP_FIXED, 4, 0x10000) = 0xb6e96000
[pid   512] mmap2(0xb6e98000, 4328, PROT_READ|PROT_WRITE, MAP_PRIVATE|MAP_FIXED|MAP_ANONYMOUS, -1, 0) = 0xb6e98000
[pid   512] open("/lib/libc.so.0", O_RDONLY) = 4
[pid   512] open("/lib/libcrypt.so.0", O_RDONLY) = 4
[pid   512] mmap2(NULL, 4096, PROT_READ|PROT_WRITE, MAP_PRIVATE|MAP_ANONYMOUS|0x4000000, -1, 0) = 0xb6fd9000
[pid   512] mmap2(NULL, 118784, PROT_NONE, MAP_PRIVATE|MAP_ANONYMOUS, -1, 0) = 0xb6e61000
[pid   512] mmap2(0xb6e61000, 8976, PROT_READ|PROT_EXEC, MAP_PRIVATE|MAP_FIXED, 4, 0) = 0xb6e61000
[pid   512] mmap2(0xb6e6b000, 4096, PROT_READ|PROT_WRITE, MAP_PRIVATE|MAP_FIXED, 4, 0x2000) = 0xb6e6b000
[pid   512] mmap2(0xb6e6c000, 70248, PROT_READ|PROT_WRITE, MAP_PRIVATE|MAP_FIXED|MAP_ANONYMOUS, -1, 0) = 0xb6e6c000
[pid   512] open("/lib/libm.so.0", O_RDONLY) = 4
[pid   512] mmap2(NULL, 4096, PROT_READ|PROT_WRITE, MAP_PRIVATE|MAP_ANONYMOUS|0x4000000, -1, 0) = 0xb6fd9000
[pid   512] mmap2(NULL, 98304, PROT_NONE, MAP_PRIVATE|MAP_ANONYMOUS, -1, 0) = 0xb6e49000
[pid   512] mmap2(0xb6e49000, 58164, PROT_READ|PROT_EXEC, MAP_PRIVATE|MAP_FIXED, 4, 0) = 0xb6e49000
[pid   512] mmap2(0xb6e5f000, 4100, PROT_READ|PROT_WRITE, MAP_PRIVATE|MAP_FIXED, 4, 0xe000) = 0xb6e5f000
[pid   512] open("/lib/libc.so.0", O_RDONLY) = 4
[pid   512] open("/lib/libc.so.0", O_RDONLY) = 4
[pid   512] open("/lib/libdl.so.0", O_RDONLY) = 4
[pid   512] open("/lib/libc.so.0", O_RDONLY) = 4
[pid   512] open("/lib/libc.so.0", O_RDONLY) = 4
[pid   512] open("/lib/libc.so.0", O_RDONLY) = 4
[pid   512] mmap2(NULL, 4096, PROT_READ|PROT_WRITE, MAP_PRIVATE|MAP_ANONYMOUS|0x4000000, -1, 0) = 0xb6fd9000
[pid   504] ioctl(3, _IOC(_IOC_READ|_IOC_WRITE, 0x66, 0x2b, 0x01), 0xb4d6d9d4) = 0
[pid   504] ioctl(3, _IOC(_IOC_READ|_IOC_WRITE, 0x66, 0x2b, 0x01), 0xb4d6d9d4) = 0
  -> ptr not in readable maps (skip)
[pid   500] ioctl(10, _IOC(_IOC_READ, 0x49, 0x52, 0x04), 0xb4de6a10) = 0
[pid   494] <... open resumed> )        = -1 ENOENT (No such file or directory)
[pid   512] ioctl(0, TCGETS, {B115200 opost isig icanon echo ...}) = 0
[pid   512] ioctl(1, TCGETS, 0xbef8f90c) = -1 EINVAL (Invalid argument)
[ISP-TRACE] /dev/isp_char detected rdev=0xa3d pid=512
[1;33m[pcm_dac_set_volume:766] set DEV volume 5
[m[0;32m[GW_APP] [1970-01-01 08:03:22:187962][SDCard_Mount():284]try to mounting...[0;37m [0m
[0;36m[GW_APP] [1970-01-01 08:03:22:217729][dm_update_tfCardInfo():999]tfCardStatus: 7, freeSpace: 124478592, totalSpace: -124864512[0;37m [0m
[0;36m[GW_APP] [1970-01-01 08:03:22:219333][iParseWifiModuleType():94]wifi type: WIFI_TYPE_8188FU[0;37m [0m
[0;36m[GW_APP] [1970-01-01 08:03:22:221264][fgWifiReconfig():691]cBuf: [wpa_cli -p /etc/Wireless -iwlan0 reconfigure][0;37m [0m
[pid   494] ioctl(16, _IOC(_IOC_WRITE, 0x50, 0x30, 0x04), 0xbef85a9c) = 0
[pid   494] open("/var/log/ak_print_level", O_RDONLY) = 17
[pid   494] ioctl(17, TCGETS, 0xbef850d4) = -1 ENOTTY (Inappropriate ioctl for device)
Process 513 attached
[pid   494] open("/etc/TZ", O_RDONLY)   = -1 ENOENT (No such file or directory)
[pid   494] open("/etc/localtime", O_RDONLY) = -1 ENOENT (No such file or directory)
##--AudioFilter Version V1.13.09, type:11--
[pid   494] open("/dev/mem", O_RDONLY)  = 17
[pid   494] mmap2(NULL, 4, PROT_READ, MAP_SHARED, 17, 0x8000000) = 0xb4cee000
[pid   494] open("/var/log/ak_print_level", O_RDONLY) = 17
[pid   494] ioctl(17, TCGETS, 0xbef8502c) = -1 ENOTTY (Inappropriate ioctl for device)
[pid   494] open("/etc/TZ", O_RDONLY)   = -1 ENOENT (No such file or directory)
[pid   494] open("/etc/localtime", O_RDONLY) = -1 ENOENT (No such file or directory)
## aslc setMileStone:
[pid   494] open("/var/log/ak_print_level", O_RDONLY) = 17
[pid   494] ioctl(17, TCGETS, 0xbef8502c) = -1 ENOTTY (Inappropriate ioctl for device)
[pid   494] open("/etc/TZ", O_RDONLY)   = -1 ENOENT (No such file or directory)
[pid   494] open("/etc/localtime", O_RDONLY) = -1 ENOENT (No such file or directory)
(0, 0), [pid   494] open("/var/log/ak_print_level", O_RDONLY <unfinished ...>
[pid   504] ioctl(3, _IOC(_IOC_READ|_IOC_WRITE, 0x66, 0x2b, 0x01), 0xb4d6d9d4) = 0
[pid   504] ioctl(3, _IOC(_IOC_READ|_IOC_WRITE, 0x66, 0x2b, 0x01), 0xb4d6d9d4) = 0
[ISP-IOCTL pid:494 tid:500 fd:10 req:0x80044952 nr:82 dir:2 size:4 argp:0xb4de6a10]
[pid   500] open("/proc/self/maps", O_RDONLY) = 18
[pid   500] ioctl(18, TCGETS, 0xb4de665c) = -1 ENOTTY (Inappropriate ioctl for device)
  -> ptr=(nil) dump=1024B
  -> ptr not in readable maps (skip)
[pid   500] ioctl(10, _IOC(_IOC_READ, 0x49, 0x52, 0x04), 0xb4de6a10) = 0
[pid   494] <... open resumed> )        = 17
[pid   494] ioctl(17, TCGETS, 0xbef8502c) = -1 ENOTTY (Inappropriate ioctl for device)
[pid   496] ioctl(4, WDIOC_SETTIMEOUT, 0x69b94c) = 0
[pid   513] mmap2(NULL, 4096, PROT_READ|PROT_WRITE, MAP_PRIVATE|MAP_ANONYMOUS|0x4000000, -1, 0) = 0xb6f17000
[pid   513] open("/mnt/bin/libioctlisp_char.so", O_RDONLY) = 4
[pid   513] mmap2(NULL, 4096, PROT_READ|PROT_WRITE, MAP_PRIVATE|MAP_ANONYMOUS|0x4000000, -1, 0) = 0xb6f16000
[pid   513] mmap2(NULL, 40960, PROT_NONE, MAP_PRIVATE|MAP_ANONYMOUS, -1, 0) = 0xb6f01000
[pid   513] mmap2(0xb6f01000, 3928, PROT_READ|PROT_EXEC, MAP_PRIVATE|MAP_FIXED, 4, 0) = 0xb6f01000
[pid   513] mmap2(0xb6f0a000, 340, PROT_READ|PROT_WRITE, MAP_PRIVATE|MAP_FIXED, 4, 0x1000) = 0xb6f0a000
[pid   513] open("/lib/libc.so.0", O_RDONLY) = 4
[pid   513] mmap2(NULL, 4096, PROT_READ|PROT_WRITE, MAP_PRIVATE|MAP_ANONYMOUS|0x4000000, -1, 0) = 0xb6f16000
[pid   513] mmap2(NULL, 405504, PROT_NONE, MAP_PRIVATE|MAP_ANONYMOUS, -1, 0) = 0xb6e9e000
[pid   513] mmap2(0xb6e9e000, 343640, PROT_READ|PROT_EXEC, MAP_PRIVATE|MAP_FIXED, 4, 0) = 0xb6e9e000
[pid   513] mmap2(0xb6efa000, 4872, PROT_READ|PROT_WRITE, MAP_PRIVATE|MAP_FIXED, 4, 0x54000) = 0xb6efa000
[pid   513] mmap2(0xb6efc000, 17568, PROT_READ|PROT_WRITE, MAP_PRIVATE|MAP_FIXED|MAP_ANONYMOUS, -1, 0) = 0xb6efc000
[pid   513] open("/lib/libdl.so.0", O_RDONLY) = 4
[pid   513] mmap2(NULL, 4096, PROT_READ|PROT_WRITE, MAP_PRIVATE|MAP_ANONYMOUS|0x4000000, -1, 0) = 0xb6f16000
[pid   513] mmap2(NULL, 49152, PROT_NONE, MAP_PRIVATE|MAP_ANONYMOUS, -1, 0) = 0xb6e92000
[pid   513] mmap2(0xb6e92000, 8468, PROT_READ|PROT_EXEC, MAP_PRIVATE|MAP_FIXED, 4, 0) = 0xb6e92000
[pid   513] mmap2(0xb6e9c000, 4120, PROT_READ|PROT_WRITE, MAP_PRIVATE|MAP_FIXED, 4, 0x2000) = 0xb6e9c000
[pid   513] open("/lib/libpthread.so.0", O_RDONLY) = 4
[pid   513] mmap2(NULL, 4096, PROT_READ|PROT_WRITE, MAP_PRIVATE|MAP_ANONYMOUS|0x4000000, -1, 0) = 0xb6f16000
[pid   513] mmap2(NULL, 114688, PROT_NONE, MAP_PRIVATE|MAP_ANONYMOUS, -1, 0) = 0xb6e76000
[pid   513] mmap2(0xb6e76000, 67104, PROT_READ|PROT_EXEC, MAP_PRIVATE|MAP_FIXED, 4, 0) = 0xb6e76000
[pid   513] mmap2(0xb6e8e000, 4124, PROT_READ|PROT_WRITE, MAP_PRIVATE|MAP_FIXED, 4, 0x10000) = 0xb6e8e000
[pid   513] mmap2(0xb6e90000, 4328, PROT_READ|PROT_WRITE, MAP_PRIVATE|MAP_FIXED|MAP_ANONYMOUS, -1, 0) = 0xb6e90000
[pid   513] open("/lib/libc.so.0", O_RDONLY) = 4
[pid   513] open("/lib/libc.so.0", O_RDONLY) = 4
[pid   513] open("/lib/libdl.so.0", O_RDONLY) = 4
[pid   513] open("/lib/libc.so.0", O_RDONLY) = 4
[pid   513] mmap2(NULL, 4096, PROT_READ|PROT_WRITE, MAP_PRIVATE|MAP_ANONYMOUS|0x4000000, -1, 0) = 0xb6f16000
[pid   494] open("/etc/TZ", O_RDONLY)   = -1 ENOENT (No such file or directory)
[pid   494] open("/etc/localtime", O_RDONLY <unfinished ...>
[pid   513] ioctl(0, TCGETS, {B115200 opost isig icanon echo ...}) = 0
[pid   513] ioctl(1, TCGETS, 0xbef6696c) = -1 EINVAL (Invalid argument)
[ISP-TRACE] /dev/isp_char detected rdev=0xa3d pid=513
[pid   494] <... open resumed> )        = -1 ENOENT (No such file or directory)
(20000, 20000), Failed to connect to wpa_supplicant - wpa_ctrl_open: No such file or directory
[pid   513] +++ exited with 255 +++
[pid   512] --- SIGCHLD {si_signo=SIGCHLD, si_code=CLD_EXITED, si_pid=513, si_uid=0, si_status=255, si_utime=0, si_stime=5} ---
[pid   512] +++ exited with 255 +++
[pid   502] --- SIGCHLD {si_signo=SIGCHLD, si_code=CLD_EXITED, si_pid=512, si_uid=0, si_status=255, si_utime=0, si_stime=3} ---
[pid   494] open("/var/log/ak_print_level", O_RDONLY) = 15
[pid   494] ioctl(15, TCGETS, 0xbef8502c) = -1 ENOTTY (Inappropriate ioctl for device)
Process 514 attached
[pid   494] open("/etc/TZ", O_RDONLY <unfinished ...>
[pid   514] mmap2(NULL, 4096, PROT_READ|PROT_WRITE, MAP_PRIVATE|MAP_ANONYMOUS|0x4000000, -1, 0) = 0xb6f7e000
[pid   514] open("/mnt/bin/libioctlisp_char.so", O_RDONLY) = 3
[pid   514] mmap2(NULL, 4096, PROT_READ|PROT_WRITE, MAP_PRIVATE|MAP_ANONYMOUS|0x4000000, -1, 0) = 0xb6f7d000
[pid   514] mmap2(NULL, 40960, PROT_NONE, MAP_PRIVATE|MAP_ANONYMOUS, -1, 0) = 0xb6f68000
[pid   514] mmap2(0xb6f68000, 3928, PROT_READ|PROT_EXEC, MAP_PRIVATE|MAP_FIXED, 3, 0) = 0xb6f68000
[pid   514] mmap2(0xb6f71000, 340, PROT_READ|PROT_WRITE, MAP_PRIVATE|MAP_FIXED, 3, 0x1000) = 0xb6f71000
[pid   514] open("/lib/libbusybox.so.1.24.1", O_RDONLY) = 3
[pid   514] mmap2(NULL, 4096, PROT_READ|PROT_WRITE, MAP_PRIVATE|MAP_ANONYMOUS|0x4000000, -1, 0) = 0xb6f7d000
[pid   514] mmap2(NULL, 765952, PROT_NONE, MAP_PRIVATE|MAP_ANONYMOUS, -1, 0) = 0xb6ead000
[pid   514] mmap2(0xb6ead000, 721200, PROT_READ|PROT_EXEC, MAP_PRIVATE|MAP_FIXED, 3, 0) = 0xb6ead000
[pid   514] mmap2(0xb6f65000, 7186, PROT_READ|PROT_WRITE, MAP_PRIVATE|MAP_FIXED, 3, 0xb0000) = 0xb6f65000
[pid   514] mmap2(0xb6f67000, 3644, PROT_READ|PROT_WRITE, MAP_PRIVATE|MAP_FIXED|MAP_ANONYMOUS, -1, 0) = 0xb6f67000
[pid   514] open("/lib/libc.so.0", O_RDONLY) = 3
[pid   514] mmap2(NULL, 4096, PROT_READ|PROT_WRITE, MAP_PRIVATE|MAP_ANONYMOUS|0x4000000, -1, 0) = 0xb6f7d000
[pid   514] mmap2(NULL, 405504, PROT_NONE, MAP_PRIVATE|MAP_ANONYMOUS, -1, 0) = 0xb6e4a000
[pid   514] mmap2(0xb6e4a000, 343640, PROT_READ|PROT_EXEC, MAP_PRIVATE|MAP_FIXED, 3, 0) = 0xb6e4a000
[pid   514] mmap2(0xb6ea6000, 4872, PROT_READ|PROT_WRITE, MAP_PRIVATE|MAP_FIXED, 3, 0x54000) = 0xb6ea6000
[pid   514] mmap2(0xb6ea8000, 17568, PROT_READ|PROT_WRITE, MAP_PRIVATE|MAP_FIXED|MAP_ANONYMOUS, -1, 0) = 0xb6ea8000
[pid   514] open("/lib/libdl.so.0", O_RDONLY) = 3
[pid   514] mmap2(NULL, 4096, PROT_READ|PROT_WRITE, MAP_PRIVATE|MAP_ANONYMOUS|0x4000000, -1, 0) = 0xb6f7d000
[pid   514] mmap2(NULL, 49152, PROT_NONE, MAP_PRIVATE|MAP_ANONYMOUS, -1, 0) = 0xb6e3e000
[pid   514] mmap2(0xb6e3e000, 8468, PROT_READ|PROT_EXEC, MAP_PRIVATE|MAP_FIXED, 3, 0) = 0xb6e3e000
[pid   514] mmap2(0xb6e48000, 4120, PROT_READ|PROT_WRITE, MAP_PRIVATE|MAP_FIXED, 3, 0x2000) = 0xb6e48000
[pid   514] open("/lib/libpthread.so.0", O_RDONLY) = 3
[pid   514] mmap2(NULL, 4096, PROT_READ|PROT_WRITE, MAP_PRIVATE|MAP_ANONYMOUS|0x4000000, -1, 0) = 0xb6f7d000
[pid   514] mmap2(NULL, 114688, PROT_NONE, MAP_PRIVATE|MAP_ANONYMOUS, -1, 0) = 0xb6e22000
[pid   514] mmap2(0xb6e22000, 67104, PROT_READ|PROT_EXEC, MAP_PRIVATE|MAP_FIXED, 3, 0) = 0xb6e22000
[pid   514] mmap2(0xb6e3a000, 4124, PROT_READ|PROT_WRITE, MAP_PRIVATE|MAP_FIXED, 3, 0x10000) = 0xb6e3a000
[pid   514] mmap2(0xb6e3c000, 4328, PROT_READ|PROT_WRITE, MAP_PRIVATE|MAP_FIXED|MAP_ANONYMOUS, -1, 0) = 0xb6e3c000
[pid   514] open("/lib/libc.so.0", O_RDONLY) = 3
[pid   514] open("/lib/libcrypt.so.0", O_RDONLY) = 3
[pid   514] mmap2(NULL, 4096, PROT_READ|PROT_WRITE, MAP_PRIVATE|MAP_ANONYMOUS|0x4000000, -1, 0) = 0xb6f7d000
[pid   514] mmap2(NULL, 118784, PROT_NONE, MAP_PRIVATE|MAP_ANONYMOUS, -1, 0) = 0xb6e05000
[pid   514] mmap2(0xb6e05000, 8976, PROT_READ|PROT_EXEC, MAP_PRIVATE|MAP_FIXED, 3, 0) = 0xb6e05000
[pid   514] mmap2(0xb6e0f000, 4096, PROT_READ|PROT_WRITE, MAP_PRIVATE|MAP_FIXED, 3, 0x2000) = 0xb6e0f000
[pid   514] mmap2(0xb6e10000, 70248, PROT_READ|PROT_WRITE, MAP_PRIVATE|MAP_FIXED|MAP_ANONYMOUS, -1, 0) = 0xb6e10000
[pid   514] open("/lib/libm.so.0", O_RDONLY) = 3
[pid   514] mmap2(NULL, 4096, PROT_READ|PROT_WRITE, MAP_PRIVATE|MAP_ANONYMOUS|0x4000000, -1, 0) = 0xb6f7d000
[pid   514] mmap2(NULL, 98304, PROT_NONE, MAP_PRIVATE|MAP_ANONYMOUS, -1, 0) = 0xb6ded000
[pid   514] mmap2(0xb6ded000, 58164, PROT_READ|PROT_EXEC, MAP_PRIVATE|MAP_FIXED, 3, 0) = 0xb6ded000
[pid   514] mmap2(0xb6e03000, 4100, PROT_READ|PROT_WRITE, MAP_PRIVATE|MAP_FIXED, 3, 0xe000) = 0xb6e03000
[pid   514] open("/lib/libc.so.0", O_RDONLY) = 3
[pid   514] open("/lib/libc.so.0", O_RDONLY) = 3
[pid   514] open("/lib/libdl.so.0", O_RDONLY) = 3
[pid   514] open("/lib/libc.so.0", O_RDONLY) = 3
[pid   514] open("/lib/libc.so.0", O_RDONLY) = 3
[pid   514] open("/lib/libc.so.0", O_RDONLY) = 3
[pid   514] mmap2(NULL, 4096, PROT_READ|PROT_WRITE, MAP_PRIVATE|MAP_ANONYMOUS|0x4000000, -1, 0) = 0xb6f7d000
[pid   504] ioctl(3, _IOC(_IOC_READ|_IOC_WRITE, 0x66, 0x2b, 0x01), 0xb4d6d9d4) = 0
[pid   504] ioctl(3, _IOC(_IOC_READ|_IOC_WRITE, 0x66, 0x2b, 0x01), 0xb4d6d9d4) = 0
[pid   514] ioctl(0, TCGETS, {B115200 opost isig icanon echo ...}) = 0
[pid   514] ioctl(1, TCGETS, 0xbec818dc) = -1 EINVAL (Invalid argument)
[ISP-TRACE] /dev/isp_char detected rdev=0xa3d pid=514
[ISP-IOCTL pid:494 tid:500 fd:10 req:0x80044952 nr:82 dir:2 size:4 argp:0xb4de6a10]
[pid   500] open("/proc/self/maps", O_RDONLY) = 15
[pid   500] ioctl(15, TCGETS, 0xb4de665c) = -1 ENOTTY (Inappropriate ioctl for device)
  -> ptr=(nil) dump=1024B
  -> ptr not in readable maps (skip)
[pid   500] ioctl(10, _IOC(_IOC_READ, 0x49, 0x52, 0x04), 0xb4de6a10) = 0
Process 515 attached
[pid   496] ioctl(4, WDIOC_SETTIMEOUT, 0x69b94c) = 0
[pid   494] <... open resumed> )        = -1 ENOENT (No such file or directory)
[pid   494] open("/etc/localtime", O_RDONLY) = -1 ENOENT (No such file or directory)
[0;36m[GW_APP] [1970-01-01 08:03:22:501792][fgWifiReconfig():700]result: [][0;37m [0m
[0;36m[GW_APP] [1970-01-01 08:03:22:503591][fgWifiReconfig():706]cBuf: [wpa_supplicant -B -iwlan0 -c /mnt/ramdisk/wpa_supplicant0.conf -P /mnt/ramdisk/wpa_pid.txt][0;37m [0m
[0;36m[GW_APP] [1970-01-01 08:03:22:504197][system_safe():176]cmdstring: [wpa_supplicant -B -iwlan0 -c /mnt/ramdisk/wpa_supplicant0.conf -P /mnt/ramdisk/wpa_pid.txt][0;37m [0m
(32767, 32700), [pid   494] open("/var/log/ak_print_level", O_RDONLY) = 15
[pid   494] ioctl(15, TCGETS, 0xbef8502c) = -1 ENOTTY (Inappropriate ioctl for device)
[pid   494] open("/etc/TZ", O_RDONLY)   = -1 ENOENT (No such file or directory)
[pid   494] open("/etc/localtime", O_RDONLY) = -1 ENOENT (No such file or directory)

## times: 2, 1, 1300
[pid   494] open("/var/log/ak_print_level", O_RDONLY) = 15
[pid   494] ioctl(15, TCGETS, 0xbef8504c) = -1 ENOTTY (Inappropriate ioctl for device)
[pid   494] open("/etc/TZ", O_RDONLY)   = -1 ENOENT (No such file or directory)
[pid   494] open("/etc/localtime", O_RDONLY) = -1 ENOENT (No such file or directory)
## aslc silence: level=0, smpcnt=800
[pid   494] open("/var/log/ak_print_level", O_RDONLY) = 15
[pid   494] ioctl(15, TCGETS, 0xbef8505c) = -1 ENOTTY (Inappropriate ioctl for device)
[pid   494] open("/etc/TZ", O_RDONLY)   = -1 ENOENT (No such file or directory)
[pid   494] open("/etc/localtime", O_RDONLY) = -1 ENOENT (No such file or directory)
## sr:16000, ch:2, bitsPerSmp:16, maxLenin:0, jointCh:2
[pid   504] ioctl(3, _IOC(_IOC_READ|_IOC_WRITE, 0x66, 0x2b, 0x01), 0xb4d6d9d4) = 0
[pid   504] ioctl(3, _IOC(_IOC_READ|_IOC_WRITE, 0x66, 0x2b, 0x01), 0xb4d6d9d4) = 0
mount /dev/mmcblk0p1: Device or resource busy
mount /dev/mmcblk0p1: Device or resource busy
[ISP-IOCTL pid:494 tid:500 fd:10 req:0x80044952 nr:82 dir:2 size:4 argp:0xb4de6a10]
[pid   500] open("/proc/self/maps", O_RDONLY) = 15
[pid   500] ioctl(15, TCGETS, 0xb4de665c) = -1 ENOTTY (Inappropriate ioctl for device)
[pid   494] open("/var/log/ak_print_level", O_RDONLY  -> ptr=(nil) dump=1024B
  -> ptr not in readable maps (skip)
) = 15
[pid   500] ioctl(10, _IOC(_IOC_READ, 0x49, 0x52, 0x04), 0xb4de6a10) = 0
[pid   494] ioctl(15, TCGETS, 0xbef8505c) = -1 ENOTTY (Inappropriate ioctl for device)
[pid   494] open("/etc/TZ", O_RDONLY)   = -1 ENOENT (No such file or directory)
[pid   494] open("/etc/localtime", O_RDONLY) = -1 ENOENT (No such file or directory)
[0;32m[GW_APP] [1970-01-01 08:03:23:593997][SDCard_Mount():284]try to mounting...[0;37m [0m
[0;36m[GW_APP] [1970-01-01 08:03:23:634719][dm_update_tfCardInfo():999]tfCardStatus: 7, freeSpace: 124478592, totalSpace: -124864512[0;37m [0m
## ASLC OPEN OK ena:1, lookAheadLen:32
[pid   494] open("/var/log/ak_print_level", O_RDONLY) = 15
[pid   494] ioctl(15, TCGETS, 0xbef85514) = -1 ENOTTY (Inappropriate ioctl for device)
[pid   494] open("/etc/TZ", O_RDONLY <unfinished ...>
[pid   504] ioctl(3, _IOC(_IOC_READ|_IOC_WRITE, 0x66, 0x2b, 0x01), 0xb4d6d9d4) = 0
[pid   504] ioctl(3, _IOC(_IOC_READ|_IOC_WRITE, 0x66, 0x2b, 0x01), 0xb4d6d9d4) = 0
[pid   494] <... open resumed> )        = -1 ENOENT (No such file or directory)
[pid   494] open("/etc/localtime", O_RDONLY) = -1 ENOENT (No such file or directory)
[dac_set_aslc:388] aslc volume = 6
[pid   494] open("/var/log/ak_print_level", O_RDONLY) = 15
[pid   494] ioctl(15, TCGETS, 0xbef850b4) = -1 ENOTTY (Inappropriate ioctl for device)
[pid   494] open("/etc/TZ", O_RDONLY)   = -1 ENOENT (No such file or directory)
[pid   494] open("/etc/localtime", O_RDONLY) = -1 ENOENT (No such file or directory)
## aslc setMileStone:
[pid   494] open("/var/log/ak_print_level", O_RDONLY) = 15
[pid   494] ioctl(15, TCGETS, 0xbef850b4) = -1 ENOTTY (Inappropriate ioctl for device)
[pid   494] open("/etc/TZ", O_RDONLY)   = -1 ENOENT (No such file or directory)
[pid   494] open("/etc/localtime", O_RDONLY) = -1 ENOENT (No such file or directory)
(0, 0), [pid   494] open("/var/log/ak_print_level", O_RDONLY) = 15
[pid   494] ioctl(15, TCGETS, 0xbef850b4) = -1 ENOTTY (Inappropriate ioctl for device)
[ISP-IOCTL pid:494 tid:500 fd:10 req:0x80044952 nr:82 dir:2 size:4 argp:0xb4de6a10]
[pid   500] open("/proc/self/maps", O_RDONLY) = 15
[pid   500] ioctl(15, TCGETS, 0xb4de665c) = -1 ENOTTY (Inappropriate ioctl for device)
[pid   494] open("/etc/TZ", O_RDONLY  -> ptr=(nil) dump=1024B
  -> ptr not in readable maps (skip)
 <unfinished ...>
[pid   500] ioctl(10, _IOC(_IOC_READ, 0x49, 0x52, 0x04), 0xb4de6a10) = 0
[pid   494] <... open resumed> )        = -1 ENOENT (No such file or directory)
[pid   494] open("/etc/localtime", O_RDONLY) = -1 ENOENT (No such file or directory)
(104, 33), [pid   494] open("/var/log/ak_print_level", O_RDONLY) = 15
[pid   494] ioctl(15, TCGETS, 0xbef850b4) = -1 ENOTTY (Inappropriate ioctl for device)
[pid   494] open("/etc/TZ", O_RDONLY)   = -1 ENOENT (No such file or directory)
[pid   494] open("/etc/localtime", O_RDONLY) = -1 ENOENT (No such file or directory)
(328, 2603), [pid   494] open("/var/log/ak_print_level", O_RDONLY) = 15
[pid   494] ioctl(15, TCGETS, 0xbef850b4) = -1 ENOTTY (Inappropriate ioctl for device)
[pid   494] open("/etc/TZ", O_RDONLY)   = -1 ENOENT (No such file or directory)
[pid   494] open("/etc/localtime", O_RDONLY) = -1 ENOENT (No such file or directory)
(3277, 32768), [pid   494] open("/var/log/ak_print_level", O_RDONLY <unfinished ...>
[pid   504] ioctl(3, _IOC(_IOC_READ|_IOC_WRITE, 0x66, 0x2b, 0x01), 0xb4d6d9d4) = 0
[pid   504] ioctl(3, _IOC(_IOC_READ|_IOC_WRITE, 0x66, 0x2b, 0x01), 0xb4d6d9d4) = 0
[pid   494] <... open resumed> )        = 15
[pid   494] ioctl(15, TCGETS, 0xbef850b4) = -1 ENOTTY (Inappropriate ioctl for device)
[pid   494] open("/etc/TZ", O_RDONLY)   = -1 ENOENT (No such file or directory)
[pid   494] open("/etc/localtime", O_RDONLY) = -1 ENOENT (No such file or directory)
(32768, 32768), [pid   494] open("/var/log/ak_print_level", O_RDONLY) = 15
[pid   494] ioctl(15, TCGETS, 0xbef850b4) = -1 ENOTTY (Inappropriate ioctl for device)
[pid   494] open("/etc/TZ", O_RDONLY)   = -1 ENOENT (No such file or directory)
[pid   494] open("/etc/localtime", O_RDONLY) = -1 ENOENT (No such file or directory)

## times: 6, 3, 300
[pid   494] open("/var/log/ak_print_level", O_RDONLY) = 15
[pid   494] ioctl(15, TCGETS, 0xbef850d4) = -1 ENOTTY (Inappropriate ioctl for device)
[pid   494] open("/etc/TZ", O_RDONLY)   = -1 ENOENT (No such file or directory)
[pid   494] open("/etc/localtime", O_RDONLY) = -1 ENOENT (No such file or directory)
## ASLC SET OK, ena:1, lookAheadLen:96
[pid   494] open("/var/log/ak_print_level", O_RDONLY) = 15
[pid   494] ioctl(15, TCGETS, 0xbef85514) = -1 ENOTTY (Inappropriate ioctl for device)
[pid   494] open("/etc/TZ", O_RDONLY)   = -1 ENOENT (No such file or directory)
[pid   494] open("/etc/localtime", O_RDONLY <unfinished ...>
[pid   515] mmap2(NULL, 4096, PROT_READ|PROT_WRITE, MAP_PRIVATE|MAP_ANONYMOUS|0x4000000, -1, 0 <unfinished ...>
[pid   494] <... open resumed> )        = -1 ENOENT (No such file or directory)
[pid   515] <... mmap2 resumed> )       = 0xb6fae000
[pid   515] open("/mnt/bin/libioctlisp_char.so", O_RDONLY) = 3
[pid   515] mmap2(NULL, 4096, PROT_READ|PROT_WRITE, MAP_PRIVATE|MAP_ANONYMOUS|0x4000000, -1, 0) = 0xb6fad000
[pid   515] mmap2(NULL, 40960, PROT_NONE, MAP_PRIVATE|MAP_ANONYMOUS, -1, 0) = 0xb6f98000
[pid   515] mmap2(0xb6f98000, 3928, PROT_READ|PROT_EXEC, MAP_PRIVATE|MAP_FIXED, 3, 0) = 0xb6f98000
[pid   515] mmap2(0xb6fa1000, 340, PROT_READ|PROT_WRITE, MAP_PRIVATE|MAP_FIXED, 3, 0x1000) = 0xb6fa1000
[pid   515] open("/lib/libnl.so.1", O_RDONLY) = -1 ENOENT (No such file or directory)
[pid   515] open("/usr/lib/libnl.so.1", O_RDONLY) = 3
[pid   515] mmap2(NULL, 4096, PROT_READ|PROT_WRITE, MAP_PRIVATE|MAP_ANONYMOUS|0x4000000, -1, 0) = 0xb6fad000
[ak_ao_set_aslc_volume:1159] set aslc volume 6 
[ISP-IOCTL pid:494 tid:500 fd:10 req:0x80044952 nr:82 dir:2 size:4 argp:0xb4de6a10]
[pid   500] open("/proc/self/maps", O_RDONLY) = 15
[pid   500] ioctl(15, TCGETS, 0xb4de665c) = -1 ENOTTY (Inappropriate ioctl for device)
  -> ptr=(nil) dump=1024B
  -> ptr not in readable maps (skip)
[pid   500] ioctl(10, _IOC(_IOC_READ, 0x49, 0x52, 0x04), 0xb4de6a10) = 0
[pid   504] ioctl(3, _IOC(_IOC_READ|_IOC_WRITE, 0x66, 0x2b, 0x01), 0xb4d6d9d4) = 0
[pid   504] ioctl(3, _IOC(_IOC_READ|_IOC_WRITE, 0x66, 0x2b, 0x01), 0xb4d6d9d4) = 0
[pid   515] mmap2(NULL, 278528, PROT_NONE, MAP_PRIVATE|MAP_ANONYMOUS, -1, 0) = 0xb6f54000
[pid   515] mmap2(0xb6f54000, 230964, PROT_READ|PROT_EXEC, MAP_PRIVATE|MAP_FIXED, 3, 0) = 0xb6f54000
[pid   515] mmap2(0xb6f95000, 11164, PROT_READ|PROT_WRITE, MAP_PRIVATE|MAP_FIXED, 3, 0x39000) = 0xb6f95000
[ISP-IOCTL pid:494 tid:500 fd:10 req:0x80044952 nr:82 dir:2 size:4 argp:0xb4de6a10]
[pid   500] open("/proc/self/maps", O_RDONLY) = 15
[pid   500] ioctl(15, TCGETS, 0xb4de665c) = -1 ENOTTY (Inappropriate ioctl for device)
  -> ptr=(nil) dump=1024B
  -> ptr not in readable maps (skip)
[pid   500] ioctl(10, _IOC(_IOC_READ, 0x49, 0x52, 0x04), 0xb4de6a10) = 0
[pid   504] ioctl(3, _IOC(_IOC_READ|_IOC_WRITE, 0x66, 0x2b, 0x01), 0xb4d6d9d4) = 0
[pid   504] ioctl(3, _IOC(_IOC_READ|_IOC_WRITE, 0x66, 0x2b, 0x01), 0xb4d6d9d4) = 0
Process 516 attached
[pid   515] open("/lib/libdl.so.0", O_RDONLY) = 3
[pid   516] mmap2(NULL, 4096, PROT_READ|PROT_WRITE, MAP_PRIVATE|MAP_ANONYMOUS|0x4000000, -1, 0) = 0xb6fee000
[pid   516] open("/mnt/bin/libioctlisp_char.so", O_RDONLY) = 3
[pid   516] mmap2(NULL, 4096, PROT_READ|PROT_WRITE, MAP_PRIVATE|MAP_ANONYMOUS|0x4000000, -1, 0) = 0xb6fed000
[pid   516] mmap2(NULL, 40960, PROT_NONE, MAP_PRIVATE|MAP_ANONYMOUS, -1, 0) = 0xb6fd8000
[pid   516] mmap2(0xb6fd8000, 3928, PROT_READ|PROT_EXEC, MAP_PRIVATE|MAP_FIXED, 3, 0) = 0xb6fd8000
[pid   516] mmap2(0xb6fe1000, 340, PROT_READ|PROT_WRITE, MAP_PRIVATE|MAP_FIXED, 3, 0x1000) = 0xb6fe1000
[pid   516] open("/lib/libbusybox.so.1.24.1", O_RDONLY) = 3
[pid   516] mmap2(NULL, 4096, PROT_READ|PROT_WRITE, MAP_PRIVATE|MAP_ANONYMOUS|0x4000000, -1, 0) = 0xb6fed000
[pid   516] mmap2(NULL, 765952, PROT_NONE, MAP_PRIVATE|MAP_ANONYMOUS, -1, 0) = 0xb6f1d000
[pid   516] mmap2(0xb6f1d000, 721200, PROT_READ|PROT_EXEC, MAP_PRIVATE|MAP_FIXED, 3, 0) = 0xb6f1d000
[pid   516] mmap2(0xb6fd5000, 7186, PROT_READ|PROT_WRITE, MAP_PRIVATE|MAP_FIXED, 3, 0xb0000) = 0xb6fd5000
[pid   516] mmap2(0xb6fd7000, 3644, PROT_READ|PROT_WRITE, MAP_PRIVATE|MAP_FIXED|MAP_ANONYMOUS, -1, 0) = 0xb6fd7000
[pid   516] open("/lib/libc.so.0", O_RDONLY) = 3
[pid   516] mmap2(NULL, 4096, PROT_READ|PROT_WRITE, MAP_PRIVATE|MAP_ANONYMOUS|0x4000000, -1, 0) = 0xb6fed000
[pid   516] mmap2(NULL, 405504, PROT_NONE, MAP_PRIVATE|MAP_ANONYMOUS, -1, 0) = 0xb6eba000
[pid   516] mmap2(0xb6eba000, 343640, PROT_READ|PROT_EXEC, MAP_PRIVATE|MAP_FIXED, 3, 0) = 0xb6eba000
[pid   516] mmap2(0xb6f16000, 4872, PROT_READ|PROT_WRITE, MAP_PRIVATE|MAP_FIXED, 3, 0x54000) = 0xb6f16000
[pid   516] mmap2(0xb6f18000, 17568, PROT_READ|PROT_WRITE, MAP_PRIVATE|MAP_FIXED|MAP_ANONYMOUS, -1, 0) = 0xb6f18000
[pid   516] open("/lib/libdl.so.0", O_RDONLY) = 3
[pid   516] mmap2(NULL, 4096, PROT_READ|PROT_WRITE, MAP_PRIVATE|MAP_ANONYMOUS|0x4000000, -1, 0) = 0xb6fed000
[pid   516] mmap2(NULL, 49152, PROT_NONE, MAP_PRIVATE|MAP_ANONYMOUS, -1, 0) = 0xb6eae000
[pid   516] mmap2(0xb6eae000, 8468, PROT_READ|PROT_EXEC, MAP_PRIVATE|MAP_FIXED, 3, 0) = 0xb6eae000
[pid   516] mmap2(0xb6eb8000, 4120, PROT_READ|PROT_WRITE, MAP_PRIVATE|MAP_FIXED, 3, 0x2000) = 0xb6eb8000
[pid   516] open("/lib/libpthread.so.0", O_RDONLY) = 3
[pid   516] mmap2(NULL, 4096, PROT_READ|PROT_WRITE, MAP_PRIVATE|MAP_ANONYMOUS|0x4000000, -1, 0) = 0xb6fed000
[pid   516] mmap2(NULL, 114688, PROT_NONE, MAP_PRIVATE|MAP_ANONYMOUS, -1, 0) = 0xb6e92000
[pid   516] mmap2(0xb6e92000, 67104, PROT_READ|PROT_EXEC, MAP_PRIVATE|MAP_FIXED, 3, 0) = 0xb6e92000
[pid   516] mmap2(0xb6eaa000, 4124, PROT_READ|PROT_WRITE, MAP_PRIVATE|MAP_FIXED, 3, 0x10000) = 0xb6eaa000
[pid   516] mmap2(0xb6eac000, 4328, PROT_READ|PROT_WRITE, MAP_PRIVATE|MAP_FIXED|MAP_ANONYMOUS, -1, 0) = 0xb6eac000
[pid   516] open("/lib/libc.so.0", O_RDONLY) = 3
[pid   516] open("/lib/libcrypt.so.0", O_RDONLY) = 3
[pid   516] mmap2(NULL, 4096, PROT_READ|PROT_WRITE, MAP_PRIVATE|MAP_ANONYMOUS|0x4000000, -1, 0) = 0xb6fed000
[pid   516] mmap2(NULL, 118784, PROT_NONE, MAP_PRIVATE|MAP_ANONYMOUS, -1, 0) = 0xb6e75000
[pid   516] mmap2(0xb6e75000, 8976, PROT_READ|PROT_EXEC, MAP_PRIVATE|MAP_FIXED, 3, 0) = 0xb6e75000
[pid   516] mmap2(0xb6e7f000, 4096, PROT_READ|PROT_WRITE, MAP_PRIVATE|MAP_FIXED, 3, 0x2000) = 0xb6e7f000
[pid   516] mmap2(0xb6e80000, 70248, PROT_READ|PROT_WRITE, MAP_PRIVATE|MAP_FIXED|MAP_ANONYMOUS, -1, 0) = 0xb6e80000
[pid   516] open("/lib/libm.so.0", O_RDONLY) = 3
[pid   516] mmap2(NULL, 4096, PROT_READ|PROT_WRITE, MAP_PRIVATE|MAP_ANONYMOUS|0x4000000, -1, 0) = 0xb6fed000
[pid   516] mmap2(NULL, 98304, PROT_NONE, MAP_PRIVATE|MAP_ANONYMOUS, -1, 0) = 0xb6e5d000
[pid   516] mmap2(0xb6e5d000, 58164, PROT_READ|PROT_EXEC, MAP_PRIVATE|MAP_FIXED, 3, 0) = 0xb6e5d000
[pid   516] mmap2(0xb6e73000, 4100, PROT_READ|PROT_WRITE, MAP_PRIVATE|MAP_FIXED, 3, 0xe000) = 0xb6e73000
[pid   516] open("/lib/libc.so.0", O_RDONLY) = 3
[pid   516] open("/lib/libc.so.0", O_RDONLY) = 3
[pid   516] open("/lib/libdl.so.0", O_RDONLY) = 3
[pid   516] open("/lib/libc.so.0", O_RDONLY) = 3
[pid   516] open("/lib/libc.so.0", O_RDONLY) = 3
[pid   516] open("/lib/libc.so.0", O_RDONLY) = 3
[pid   516] mmap2(NULL, 4096, PROT_READ|PROT_WRITE, MAP_PRIVATE|MAP_ANONYMOUS|0x4000000, -1, 0) = 0xb6fed000
[pid   515] mmap2(NULL, 4096, PROT_READ|PROT_WRITE, MAP_PRIVATE|MAP_ANONYMOUS|0x4000000, -1, 0) = 0xb6fad000
[pid   515] mmap2(NULL, 49152, PROT_NONE, MAP_PRIVATE|MAP_ANONYMOUS, -1, 0) = 0xb6f48000
[pid   515] mmap2(0xb6f48000, 8468, PROT_READ|PROT_EXEC, MAP_PRIVATE|MAP_FIXED, 3, 0) = 0xb6f48000
[pid   515] mmap2(0xb6f52000, 4120, PROT_READ|PROT_WRITE, MAP_PRIVATE|MAP_FIXED, 3, 0x2000) = 0xb6f52000
[pid   515] open("/lib/libc.so.0", O_RDONLY) = 3
[pid   515] mmap2(NULL, 4096, PROT_READ|PROT_WRITE, MAP_PRIVATE|MAP_ANONYMOUS|0x4000000, -1, 0) = 0xb6fad000
[pid   515] mmap2(NULL, 405504, PROT_NONE, MAP_PRIVATE|MAP_ANONYMOUS, -1, 0 <unfinished ...>
[pid   516] ioctl(0, TCGETS, {B115200 opost isig icanon echo ...}) = 0
[pid   516] ioctl(1, TCGETS, 0xbeef091c) = -1 EINVAL (Invalid argument)
[ISP-TRACE] /dev/isp_char detected rdev=0xa3d pid=516
[pid   515] <... mmap2 resumed> )       = 0xb6ee5000
[pid   515] mmap2(0xb6ee5000, 343640, PROT_READ|PROT_EXEC, MAP_PRIVATE|MAP_FIXED, 3, 0) = 0xb6ee5000
[pid   515] mmap2(0xb6f41000, 4872, PROT_READ|PROT_WRITE, MAP_PRIVATE|MAP_FIXED, 3, 0x54000) = 0xb6f41000
[pid   515] mmap2(0xb6f43000, 17568, PROT_READ|PROT_WRITE, MAP_PRIVATE|MAP_FIXED|MAP_ANONYMOUS, -1, 0) = 0xb6f43000
Process 517 attached
[pid   515] open("/lib/libdl.so.0", O_RDONLY) = 3
[pid   515] open("/lib/libpthread.so.0", O_RDONLY) = 3
[pid   515] mmap2(NULL, 4096, PROT_READ|PROT_WRITE, MAP_PRIVATE|MAP_ANONYMOUS|0x4000000, -1, 0) = 0xb6fad000
[pid   515] mmap2(NULL, 114688, PROT_NONE, MAP_PRIVATE|MAP_ANONYMOUS, -1, 0) = 0xb6ec9000
[pid   517] mmap2(NULL, 4096, PROT_READ|PROT_WRITE, MAP_PRIVATE|MAP_ANONYMOUS|0x4000000, -1, 0 <unfinished ...>
[pid   515] mmap2(0xb6ec9000, 67104, PROT_READ|PROT_EXEC, MAP_PRIVATE|MAP_FIXED, 3, 0 <unfinished ...>
[pid   517] <... mmap2 resumed> )       = 0xb6ff0000
[pid   515] <... mmap2 resumed> )       = 0xb6ec9000
[pid   517] open("/mnt/bin/libioctlisp_char.so", O_RDONLY) = 3
[pid   517] mmap2(NULL, 4096, PROT_READ|PROT_WRITE, MAP_PRIVATE|MAP_ANONYMOUS|0x4000000, -1, 0) = 0xb6fef000
[pid   517] mmap2(NULL, 40960, PROT_NONE, MAP_PRIVATE|MAP_ANONYMOUS, -1, 0) = 0xb6fda000
[pid   517] mmap2(0xb6fda000, 3928, PROT_READ|PROT_EXEC, MAP_PRIVATE|MAP_FIXED, 3, 0) = 0xb6fda000
[pid   517] mmap2(0xb6fe3000, 340, PROT_READ|PROT_WRITE, MAP_PRIVATE|MAP_FIXED, 3, 0x1000) = 0xb6fe3000
[pid   517] open("/lib/libbusybox.so.1.24.1", O_RDONLY) = 3
[pid   517] mmap2(NULL, 4096, PROT_READ|PROT_WRITE, MAP_PRIVATE|MAP_ANONYMOUS|0x4000000, -1, 0) = 0xb6fef000
[pid   517] mmap2(NULL, 765952, PROT_NONE, MAP_PRIVATE|MAP_ANONYMOUS, -1, 0) = 0xb6f1f000
[pid   517] mmap2(0xb6f1f000, 721200, PROT_READ|PROT_EXEC, MAP_PRIVATE|MAP_FIXED, 3, 0) = 0xb6f1f000
[pid   517] mmap2(0xb6fd7000, 7186, PROT_READ|PROT_WRITE, MAP_PRIVATE|MAP_FIXED, 3, 0xb0000) = 0xb6fd7000
[pid   517] mmap2(0xb6fd9000, 3644, PROT_READ|PROT_WRITE, MAP_PRIVATE|MAP_FIXED|MAP_ANONYMOUS, -1, 0) = 0xb6fd9000
[pid   517] open("/lib/libc.so.0", O_RDONLY) = 3
[pid   517] mmap2(NULL, 4096, PROT_READ|PROT_WRITE, MAP_PRIVATE|MAP_ANONYMOUS|0x4000000, -1, 0) = 0xb6fef000
[pid   517] mmap2(NULL, 405504, PROT_NONE, MAP_PRIVATE|MAP_ANONYMOUS, -1, 0) = 0xb6ebc000
[pid   517] mmap2(0xb6ebc000, 343640, PROT_READ|PROT_EXEC, MAP_PRIVATE|MAP_FIXED, 3, 0) = 0xb6ebc000
[pid   517] mmap2(0xb6f18000, 4872, PROT_READ|PROT_WRITE, MAP_PRIVATE|MAP_FIXED, 3, 0x54000) = 0xb6f18000
[pid   517] mmap2(0xb6f1a000, 17568, PROT_READ|PROT_WRITE, MAP_PRIVATE|MAP_FIXED|MAP_ANONYMOUS, -1, 0) = 0xb6f1a000
[pid   517] open("/lib/libdl.so.0", O_RDONLY) = 3
[pid   517] mmap2(NULL, 4096, PROT_READ|PROT_WRITE, MAP_PRIVATE|MAP_ANONYMOUS|0x4000000, -1, 0) = 0xb6fef000
[pid   517] mmap2(NULL, 49152, PROT_NONE, MAP_PRIVATE|MAP_ANONYMOUS, -1, 0) = 0xb6eb0000
[pid   517] mmap2(0xb6eb0000, 8468, PROT_READ|PROT_EXEC, MAP_PRIVATE|MAP_FIXED, 3, 0) = 0xb6eb0000
[pid   517] mmap2(0xb6eba000, 4120, PROT_READ|PROT_WRITE, MAP_PRIVATE|MAP_FIXED, 3, 0x2000) = 0xb6eba000
[pid   517] open("/lib/libpthread.so.0", O_RDONLY) = 3
[pid   517] mmap2(NULL, 4096, PROT_READ|PROT_WRITE, MAP_PRIVATE|MAP_ANONYMOUS|0x4000000, -1, 0) = 0xb6fef000
[pid   517] mmap2(NULL, 114688, PROT_NONE, MAP_PRIVATE|MAP_ANONYMOUS, -1, 0) = 0xb6e94000
[pid   517] mmap2(0xb6e94000, 67104, PROT_READ|PROT_EXEC, MAP_PRIVATE|MAP_FIXED, 3, 0) = 0xb6e94000
[pid   517] mmap2(0xb6eac000, 4124, PROT_READ|PROT_WRITE, MAP_PRIVATE|MAP_FIXED, 3, 0x10000) = 0xb6eac000
[pid   517] mmap2(0xb6eae000, 4328, PROT_READ|PROT_WRITE, MAP_PRIVATE|MAP_FIXED|MAP_ANONYMOUS, -1, 0) = 0xb6eae000
[pid   517] open("/lib/libc.so.0", O_RDONLY) = 3
[pid   517] open("/lib/libcrypt.so.0", O_RDONLY) = 3
[pid   517] mmap2(NULL, 4096, PROT_READ|PROT_WRITE, MAP_PRIVATE|MAP_ANONYMOUS|0x4000000, -1, 0) = 0xb6fef000
[pid   517] mmap2(NULL, 118784, PROT_NONE, MAP_PRIVATE|MAP_ANONYMOUS, -1, 0) = 0xb6e77000
[pid   517] mmap2(0xb6e77000, 8976, PROT_READ|PROT_EXEC, MAP_PRIVATE|MAP_FIXED, 3, 0) = 0xb6e77000
[pid   517] mmap2(0xb6e81000, 4096, PROT_READ|PROT_WRITE, MAP_PRIVATE|MAP_FIXED, 3, 0x2000) = 0xb6e81000
[pid   517] mmap2(0xb6e82000, 70248, PROT_READ|PROT_WRITE, MAP_PRIVATE|MAP_FIXED|MAP_ANONYMOUS, -1, 0) = 0xb6e82000
[pid   517] open("/lib/libm.so.0", O_RDONLY) = 3
[pid   517] mmap2(NULL, 4096, PROT_READ|PROT_WRITE, MAP_PRIVATE|MAP_ANONYMOUS|0x4000000, -1, 0) = 0xb6fef000
[pid   517] mmap2(NULL, 98304, PROT_NONE, MAP_PRIVATE|MAP_ANONYMOUS, -1, 0) = 0xb6e5f000
[pid   517] mmap2(0xb6e5f000, 58164, PROT_READ|PROT_EXEC, MAP_PRIVATE|MAP_FIXED, 3, 0) = 0xb6e5f000
[pid   517] mmap2(0xb6e75000, 4100, PROT_READ|PROT_WRITE, MAP_PRIVATE|MAP_FIXED, 3, 0xe000) = 0xb6e75000
[pid   517] open("/lib/libc.so.0", O_RDONLY) = 3
[pid   517] open("/lib/libc.so.0", O_RDONLY) = 3
[pid   517] open("/lib/libdl.so.0", O_RDONLY) = 3
[pid   517] open("/lib/libc.so.0", O_RDONLY) = 3
[pid   517] open("/lib/libc.so.0", O_RDONLY) = 3
[pid   517] open("/lib/libc.so.0", O_RDONLY) = 3
[pid   517] mmap2(NULL, 4096, PROT_READ|PROT_WRITE, MAP_PRIVATE|MAP_ANONYMOUS|0x4000000, -1, 0) = 0xb6fef000
[pid   515] mmap2(0xb6ee1000, 4124, PROT_READ|PROT_WRITE, MAP_PRIVATE|MAP_FIXED, 3, 0x10000) = 0xb6ee1000
[pid   515] mmap2(0xb6ee3000, 4328, PROT_READ|PROT_WRITE, MAP_PRIVATE|MAP_FIXED|MAP_ANONYMOUS, -1, 0) = 0xb6ee3000
[pid   515] open("/lib/libc.so.0", O_RDONLY) = 3
[pid   515] open("/lib/libm.so.0", O_RDONLY) = 3
[pid   515] mmap2(NULL, 4096, PROT_READ|PROT_WRITE, MAP_PRIVATE|MAP_ANONYMOUS|0x4000000, -1, 0) = 0xb6fad000
[pid   515] mmap2(NULL, 98304, PROT_NONE, MAP_PRIVATE|MAP_ANONYMOUS, -1, 0 <unfinished ...>
[pid   517] ioctl(0, TCGETS <unfinished ...>
[pid   515] <... mmap2 resumed> )       = 0xb6eb1000
[pid   517] <... ioctl resumed> , {B115200 opost isig icanon echo ...}) = 0
[pid   517] ioctl(1, TCGETS, 0xbef1c91c) = -1 EINVAL (Invalid argument)
[ISP-TRACE] /dev/isp_char detected rdev=0xa3d pid=517
[pid   517] open("/ipc/patch/ko/presetmotor.ko", O_RDONLY|O_LARGEFILE) = 3
[pid   517] mmap2(NULL, 9340, PROT_READ, MAP_PRIVATE, 3, 0) = 0xb6fec000
[pid   515] mmap2(0xb6eb1000, 58164, PROT_READ|PROT_EXEC, MAP_PRIVATE|MAP_FIXED, 3, 0) = 0xb6eb1000
[pid   515] mmap2(0xb6ec7000, 4100, PROT_READ|PROT_WRITE, MAP_PRIVATE|MAP_FIXED, 3, 0xe000) = 0xb6ec7000
[pid   515] open("/lib/libpthread.so.0", O_RDONLY) = 3
[pid   515] open("/lib/libc.so.0", O_RDONLY) = 3
[pid   515] open("/lib/libc.so.0", O_RDONLY) = 3
[pid   515] open("/lib/libdl.so.0", O_RDONLY) = 3
[pid   515] open("/lib/libc.so.0", O_RDONLY) = 3
[pid   515] open("/lib/libc.so.0", O_RDONLY) = 3
[pid   515] mmap2(NULL, 4096, PROT_READ|PROT_WRITE, MAP_PRIVATE|MAP_ANONYMOUS|0x4000000, -1, 0) = 0xb6fad000
[pid   504] ioctl(3, _IOC(_IOC_READ|_IOC_WRITE, 0x66, 0x2b, 0x01), 0xb4d6d9d4) = 0
[pid   515] ioctl(0, TCGETS, {B115200 opost isig icanon echo ...}) = 0
[pid   515] ioctl(1, TCGETS, 0xbeffd8bc) = -1 EINVAL (Invalid argument)
[pid   515] open("/proc/net/psched", O_RDONLY) = -1 ENOENT (No such file or directory)
[pid   504] ioctl(3, _IOC(_IOC_READ|_IOC_WRITE, 0x66, 0x2b, 0x01)[ISP-TRACE] /dev/isp_char detected rdev=0xa3d pid=515
 <unfinished ...>
[pid   515] open("/dev/null", O_RDWR)   = 3
[pid   504] <... ioctl resumed> , 0xb4d6d9d4) = 0
mount /dev/mmcblk0p1: Device or resource busy
mount /dev/mmcblk0p1: Device or resource busy
[ISP-IOCTL pid:494 tid:500 fd:10 req:0x80044952 nr:82 dir:2 size:4 argp:0xb4de6a10]
[pid   500] open("/proc/self/maps", O_RDONLY) = 15
[pid   500] ioctl(15, TCGETS, 0xb4de665c) = -1 ENOTTY (Inappropriate ioctl for device)
  -> ptr=(nil) dump=1024B
  -> ptr not in readable maps (skip)
[pid   500] ioctl(10, _IOC(_IOC_READ, 0x49, 0x52, 0x04), 0xb4de6a10) = 0
[pid   496] ioctl(4, WDIOC_SETTIMEOUT, 0x69b94c) = 0
[pid   517] +++ exited with 0 +++
[pid   516] --- SIGCHLD {si_signo=SIGCHLD, si_code=CLD_EXITED, si_pid=517, si_uid=0, si_status=0, si_utime=0, si_stime=11} ---
[pid   516] +++ exited with 0 +++
[pid   494] --- SIGCHLD {si_signo=SIGCHLD, si_code=CLD_EXITED, si_pid=516, si_uid=0, si_status=0, si_utime=2, si_stime=21} ---
[pid   504] ioctl(3, _IOC(_IOC_READ|_IOC_WRITE, 0x66, 0x2b, 0x01), 0xb4d6d9d4) = 0
[pid   504] ioctl(3, _IOC(_IOC_READ|_IOC_WRITE, 0x66, 0x2b, 0x01), 0xb4d6d9d4) = 0
[ISP-IOCTL pid:494 tid:500 fd:10 req:0x80044952 nr:82 dir:2 size:4 argp:0xb4de6a10]
[pid   500] open("/proc/self/maps", O_RDONLY) = 15
[pid   500] ioctl(15, TCGETS, 0xb4de665c) = -1 ENOTTY (Inappropriate ioctl for device)
  -> ptr=(nil) dump=1024B
  -> ptr not in readable maps (skip)
[pid   500] ioctl(10, _IOC(_IOC_READ, 0x49, 0x52, 0x04), 0xb4de6a10) = 0
[pid   504] ioctl(3, _IOC(_IOC_READ|_IOC_WRITE, 0x66, 0x2b, 0x01), 0xb4d6d9d4) = 0
[pid   504] ioctl(3, _IOC(_IOC_READ|_IOC_WRITE, 0x66, 0x2b, 0x01), 0xb4d6d9d4) = 0
[ISP-IOCTL pid:494 tid:500 fd:10 req:0x80044952 nr:82 dir:2 size:4 argp:0xb4de6a10]
[pid   500] open("/proc/self/maps", O_RDONLY <unfinished ...>
[pid   494] open("/dev/preset_motor", O_RDWR <unfinished ...>
[pid   500] <... open resumed> )        = 17
[pid   500] ioctl(17, TCGETS, 0xb4de665c) = -1 ENOTTY (Inappropriate ioctl for device)
[pid   494] <... open resumed> )        = 15
[pid   494] ioctl(15, _IOC(0, 0x00, 0x03, 0x00)  -> ptr=(nil) dump=1024B
, 0xbef85a8c) = 0
  -> ptr not in readable maps (skip)
[pid   500] ioctl(10, _IOC(_IOC_READ, 0x49, 0x52, 0x04), 0xb4de6a10) = 0
[pid   504] ioctl(3, _IOC(_IOC_READ|_IOC_WRITE, 0x66, 0x2b, 0x01), 0xb4d6d9d4) = 0
[pid   504] ioctl(3, _IOC(_IOC_READ|_IOC_WRITE, 0x66, 0x2b, 0x01), 0xb4d6d9d4) = 0
[pid   494] ioctl(15, _IOC(0, 0x00, 0x07, 0x00), 0xbef85a8c) = 0
[pid   494] ioctl(15, _IOC(0, 0x00, 0x05, 0x00), 0xbef85a4c) = 0
[pid   494] mmap2(NULL, 131072, PROT_READ|PROT_WRITE, MAP_PRIVATE|MAP_ANONYMOUS|MAP_STACK, -1, 0) = 0xb4ccf000
Process 520 attached
[pid   494] mmap2(NULL, 8388608, PROT_READ|PROT_WRITE, MAP_PRIVATE|MAP_ANONYMOUS|MAP_STACK, -1, 0) = 0xb44cf000
Process 521 attached
[ISP-IOCTL pid:494 tid:500 fd:10 req:0x80044952 nr:82 dir:2 size:4 argp:0xb4de6a10]
[pid   500] open("/proc/self/maps", O_RDONLY) = 17
[pid   500] ioctl(17, TCGETS, 0xb4de665c) = -1 ENOTTY (Inappropriate ioctl for device)
[pid   504] ioctl(3, _IOC(_IOC_READ|_IOC_WRITE, 0x66, 0x2b, 0x01), 0xb4d6d9d4) = 0
[pid   504] ioctl(3, _IOC(_IOC_READ|_IOC_WRITE, 0x66, 0x2b, 0x01), 0xb4d6d9d4) = 0
  -> ptr=(nil) dump=1024B
  -> ptr not in readable maps (skip)
[pid   500] ioctl(10, _IOC(_IOC_READ, 0x49, 0x52, 0x04), 0xb4de6a10) = 0
[pid   504] ioctl(3, _IOC(_IOC_READ|_IOC_WRITE, 0x66, 0x2b, 0x01), 0xb4d6d9d4) = 0
[pid   504] ioctl(3, _IOC(_IOC_READ|_IOC_WRITE, 0x66, 0x2b, 0x01), 0xb4d6d9d4) = 0
mount /dev/mmcblk0p1: Device or resource busy
mount /dev/mmcblk0p1: Device or resource busy
[ISP-IOCTL pid:494 tid:500 fd:10 req:0x80044952 nr:82 dir:2 size:4 argp:0xb4de6a10]
[pid   500] open("/proc/self/maps", O_RDONLY) = 17
[pid   500] ioctl(17, TCGETS, 0xb4de665c) = -1 ENOTTY (Inappropriate ioctl for device)
  -> ptr=(nil) dump=1024B
  -> ptr not in readable maps (skip)
[pid   500] ioctl(10, _IOC(_IOC_READ, 0x49, 0x52, 0x04), 0xb4de6a10) = 0
[pid   515] open("/dev/random", O_RDONLY|O_NONBLOCK) = 3
[pid   515] open("/mnt/ramdisk/wpa_supplicant0.conf", O_RDONLY) = 4
[pid   515] ioctl(4, TCGETS, 0xbeffd834) = -1 ENOTTY (Inappropriate ioctl for device)
[pid   504] ioctl(3, _IOC(_IOC_READ|_IOC_WRITE, 0x66, 0x2b, 0x01), 0xb4d6d9d4) = 0
[pid   504] ioctl(3, _IOC(_IOC_READ|_IOC_WRITE, 0x66, 0x2b, 0x01), 0xb4d6d9d4) = 0
[ISP-IOCTL pid:494 tid:500 fd:10 req:0x80044952 nr:82 dir:2 size:4 argp:0xb4de6a10]
[pid   500] open("/proc/self/maps", O_RDONLY) = 17
[pid   500] ioctl(17, TCGETS, 0xb4de665c) = -1 ENOTTY (Inappropriate ioctl for device)
  -> ptr=(nil) dump=1024B
  -> ptr not in readable maps (skip)
[pid   500] ioctl(10, _IOC(_IOC_READ, 0x49, 0x52, 0x04), 0xb4de6a10) = 0
[pid   504] ioctl(3, _IOC(_IOC_READ|_IOC_WRITE, 0x66, 0x2b, 0x01), 0xb4d6d9d4) = 0
[pid   504] ioctl(3, _IOC(_IOC_READ|_IOC_WRITE, 0x66, 0x2b, 0x01), 0xb4d6d9d4) = 0
[ISP-IOCTL pid:494 tid:500 fd:10 req:0x80044952 nr:82 dir:2 size:4 argp:0xb4de6a10]
[pid   500] open("/proc/self/maps", O_RDONLY) = 17
[pid   500] ioctl(17, TCGETS, 0xb4de665c) = -1 ENOTTY (Inappropriate ioctl for device)
  -> ptr=(nil) dump=1024B
  -> ptr not in readable maps (skip)
[pid   500] ioctl(10, _IOC(_IOC_READ, 0x49, 0x52, 0x04), 0xb4de6a10) = 0
[pid   504] ioctl(3, _IOC(_IOC_READ|_IOC_WRITE, 0x66, 0x2b, 0x01), 0xb4d6d9d4) = 0
[pid   504] ioctl(3, _IOC(_IOC_READ|_IOC_WRITE, 0x66, 0x2b, 0x01), 0xb4d6d9d4) = 0
[ISP-IOCTL pid:494 tid:500 fd:10 req:0x80044952 nr:82 dir:2 size:4 argp:0xb4de6a10]
[pid   500] open("/proc/self/maps", O_RDONLY) = 17
[pid   500] ioctl(17, TCGETS, 0xb4de665c) = -1 ENOTTY (Inappropriate ioctl for device)
  -> ptr=(nil) dump=1024B
  -> ptr not in readable maps (skip)
[pid   504] ioctl(3, _IOC(_IOC_READ|_IOC_WRITE, 0x66, 0x2b, 0x01), 0xb4d6d9d4) = 0
[pid   504] ioctl(3, _IOC(_IOC_READ|_IOC_WRITE, 0x66, 0x2b, 0x01), 0xb4d6d9d4) = 0
[pid   500] ioctl(10, _IOC(_IOC_READ, 0x49, 0x52, 0x04), 0xb4de6a10) = 0
[pid   496] ioctl(4, WDIOC_SETTIMEOUT, 0x69b94c) = 0
[ISP-IOCTL pid:494 tid:500 fd:10 req:0x80044952 nr:82 dir:2[pid   504] ioctl(3, _IOC(_IOC_READ|_IOC_WRITE, 0x66, 0x2b, 0x01) size:, 0xb4d6d9d4) = 0
[pid   504] ioctl(3, _IOC(_IOC_READ|_IOC_WRITE, 0x66, 0x2b, 0x01), 0xb4d6d9d4) = 0
4 argp:0xb4de6a10]
[pid   500] open("/proc/self/maps", O_RDONLY) = 17
[pid   500] ioctl(17, TCGETS, 0xb4de665c) = -1 ENOTTY (Inappropriate ioctl for device)
  -> ptr=(nil) dump=1024B
  -> ptr not in readable maps (skip)
[pid   500] ioctl(10, _IOC(_IOC_READ, 0x49, 0x52, 0x04), 0xb4de6a10) = 0
[pid   504] ioctl(3, _IOC(_IOC_READ|_IOC_WRITE, 0x66, 0x2b, 0x01), 0xb4d6d9d4) = 0
[pid   504] ioctl(3, _IOC(_IOC_READ|_IOC_WRITE, 0x66, 0x2b, 0x01), 0xb4d6d9d4) = 0
[ISP-IOCTL pid:494 tid:500 fd:10 req:0x80044952 nr:82 dir:2 size:4 argp:0xb4de6a10]
[pid   500] open("/proc/self/maps", O_RDONLY) = 17
[pid   500] ioctl(17, TCGETS, 0xb4de665c) = -1 ENOTTY (Inappropriate ioctl for device)
  -> ptr=(nil) dump=1024B
  -> ptr not in readable maps (skip)
[pid   500] ioctl(10, _IOC(_IOC_READ, 0x49, 0x52, 0x04), 0xb4de6a10) = 0
[pid   504] ioctl(3, _IOC(_IOC_READ|_IOC_WRITE, 0x66, 0x2b, 0x01), 0xb4d6d9d4) = 0
[pid   504] ioctl(3, _IOC(_IOC_READ|_IOC_WRITE, 0x66, 0x2b, 0x01), 0xb4d6d9d4) = 0
[ISP-IOCTL pid:494 tid:500 fd:10 req:0x80044952 nr:82 dir:2 size:4 argp:0xb4de6a10]
[pid   500] open("/proc/self/maps", O_RDONLY) = 17
[pid   500] ioctl(17, TCGETS, 0xb4de665c) = -1 ENOTTY (Inappropriate ioctl for device)
  -> ptr=(nil) dump=1024B
  -> ptr not in readable maps (skip)
[pid   500] ioctl(10, _IOC(_IOC_READ, 0x49, 0x52, 0x04), 0xb4de6a10) = 0
[pid   504] ioctl(3, _IOC(_IOC_READ|_IOC_WRITE, 0x66, 0x2b, 0x01), 0xb4d6d9d4) = 0
[pid   504] ioctl(3, _IOC(_IOC_READ|_IOC_WRITE, 0x66, 0x2b, 0x01), 0xb4d6d9d4) = 0
[ISP-IOCTL pid:494 tid:500 fd:10 req:0x80044952 nr:82 dir:2 size:4 argp:0xb4de6a10]
[pid   500] open("/proc/self/maps", O_RDONLY) = 17
[pid   500] ioctl(17, TCGETS, 0xb4de665c) = -1 ENOTTY (Inappropriate ioctl for device)
  -> ptr=(nil) dump=1024B
  -> ptr not in readable maps (skip)
[pid   500] ioctl(10, _IOC(_IOC_READ, 0x49, 0x52, 0x04), 0xb4de6a10) = 0
[pid   504] ioctl(3, _IOC(_IOC_READ|_IOC_WRITE, 0x66, 0x2b, 0x01), 0xb4d6d9d4) = 0
[pid   504] ioctl(3, _IOC(_IOC_READ|_IOC_WRITE, 0x66, 0x2b, 0x01), 0xb4d6d9d4) = 0
[pid   494] ioctl(17, SIOCGIFHWADDR, {ifr_name="eth0", ifr_hwaddr=4c:b0:08:9e:ec:d9}) = 0
[0;32m[GW_APP] [1970-01-01 08:03:23:883035][gw_adec_control():435]fgEnable: 1, ADecChnEnable[1]: 0[0;37m [0m
[0;32m[GW_APP] [1970-01-01 08:03:23:925059][gw_adec_control():453]create adec chn1 success[0;37m [0m
[0;36m[GW_APP] [1970-01-01 08:03:23:926137][vMotorInit():230]SUPPOR Preset MOTOR DRIVE[0;37m [0m
[0;31m[GW_APP] [1970-01-01 08:03:24:130495][vPreSetMotorDevInit():258]insmod /ipc/patch/ko/presetmotor.ko[0;37m [0m
[0;36m[GW_APP] [1970-01-01 08:03:24:131178][system_safe():176]cmdstring: [insmod /ipc/patch/ko/presetmotor.ko][0;37m [0m
[0;32m[GW_APP] [1970-01-01 08:03:25:365036][SDCard_Mount():284]try to mounting...[0;37m [0m
[0;36m[GW_APP] [1970-01-01 08:03:25:415607][dm_update_tfCardInfo():999]tfCardStatus: 7, freeSpace: 124478592, totalSpace: -124864512[0;37m [0m
[0;36m[GW_APP] [1970-01-01 08:03:25:417853][dm_update_tfCardInfo():999]tfCardStatus: 7, freeSpace: 124478592, totalSpace: -124864512[0;37m [0m
[0;36m[GW_APP] [1970-01-01 08:03:25:676812][vPreSetMotorDevInit():285]motor back to base point[0;37m [0m
[0;36m[GW_APP] [1970-01-01 08:03:25:708714][fgMotorRunToLastPosition():212]u32HMotorPreset = 76, u32VMotorPreset = 29[0;37m [0m
[0;36m[GW_APP] [1970-01-01 08:03:25:718812][iotvideo_sdk_init():26]Start ...[0;37m [0m
[0;32m[GW_APP] [1970-01-01 08:03:25:719964][iv_common_init():180]begin 
[0;37m [0m
[[0;35mIV_MID[0m] [0;36m[1970-01-01 00:03:25:721889]iv_cm_set_log_level()[2419]set iv sdk log level:5
[0m[[0;35mIV_MID[0m] [0;32m[1970-01-01 00:03:25:723356]iv_cm_init()[2380][0mbegin
[[0;35mIV_MID[0m] [0;32m[1970-01-01 00:03:25:734834]iv_cm_init()[2385][0mend
[0;32m[GW_APP] [1970-01-01 08:03:25:736014][iv_common_init():195]end 
[0;37m [0m
[0;36m[GW_APP] [1970-01-01 08:03:25:737054][dm_init():1579]begin.[0;37m [0m
[[0;35mIV_MID[0m] [0;32m[1970-01-01 00:03:25:738908]iv_dm_init()[109][0mbegin.
[0;32m[GW_APP] [1970-01-01 08:03:25:923107][SDCard_Mount():284]try to mounting...[0;37m [0m
[0;36m[GW_APP] [1970-01-01 08:03:25:952322][dm_update_tfCardInfo():999]tfCardStatus: 7, freeSpace: 124478592, totalSpace: -124864512[0;37m [0m
[0;36m[GW_APP] [1970-01-01 08:03:26:954116][vNewIrCutHanldeFun():304]2 -->> 1[0;37m [0m
[0;36m[GW_APP] [1970-01-01 08:03:26:954859][vNewIrCutHanldeFun():305]0 -->> 0[0;37m [0m
[[0;35mIV_MID[0m] [0;32m[1970-01-01 00:03:26:990150]iv_dm_init()[126][0mend.
[0;32m[GW_APP] [1970-01-01 08:03:26:991126][dm_update_devFuncCfg():1327]devFuncCfg: 0
[0;37m [0m
[0;31m[GW_APP] [1970-01-01 08:03:26:991898][dm_update_ZoomFocusCrop():1497]iv_dm_send_prowriteable_object_msg err: -200[0;37m [0m
[0;36m[GW_APP] [1970-01-01 08:03:26:992597][dm_update_ZoomFocusCrop():1504]zoomUp = 0.000000
[0;37m [0m
[0;36m[GW_APP] [1970-01-01 08:03:26:993357][dm_update_ZoomFocusCrop():1505]_multiple = 0.000000
[0;37m [0m
[0;36m[GW_APP] [1970-01-01 08:03:26:994128][dm_init():1623]end.[0;37m [0m
[0;36m[GW_APP] [1970-01-01 08:03:26:994860][sys_init():788]begin..[0;37m [0m
[0;32m[GW_APP] [1970-01-01 08:03:26:995549][sys_init():814]app version major:33, minor:0, revision:25,debug:0[0;37m [0m
[[0;35mIV_MID[0m] [0;32m[1970-01-01 00:03:27:002934]iv_sys_init()[1398][0mbegin.
[[0;35mIV_MID[0m] [0;36m[1970-01-01 00:03:27:003679]iv_sys_init()[1407]compile sdk version: V1.4.10596.4.debug,build@Jul 18 2023 13:50:40
[0m[[0;35mIV_MID[0m] [0;33m[1970-01-01 00:03:27:004409]iv_sys_check_init_parm()[1341]net_chn_ring_buff_size maybe small:0,default:524288
[0m[[0;35mIV_MID[0m] [0;32m[1970-01-01 00:03:27:005279]iv_share_init()[43][0mbegin:support max cap chn number:3
[[0;35mIV_MID[0m] [0;32m[1970-01-01 00:03:27:006033]iv_share_init()[81][0mend.
[[0;35mIV_MID[0m] [0;32m[1970-01-01 00:03:27:008894]iv_misc_get_device_mac()[56][0mmac: 4c:b0:08:9e:ec:d9
[[0;35mIV_MID[0m] [0;32m[1970-01-01 00:03:27:021503]iv_sys_access_init()[1037][0mp2p chn buff size:524288
[[0;35mIV_MID[0m] [0;36m[1970-01-01 00:03:27:022245]iv_sys_access_init()[1057]visible sdk version:16:20:10596.debug
[0m[0;32m[GW_APP] [1970-01-01 08:03:27:023080][sys_read_certificate():552]begin.
[pid   494] open("/rom/ivcert/Certificate_initial.bin", O_RDONLY) = 17
[pid   494] ioctl(17, TCGETS, 0xbef8469c) = -1 ENOTTY (Inappropriate ioctl for device)
[ISP-IOCTL pid:494 tid:500 fd:10 req:0x80044952 nr:82 dir:2 size:4 argp:0xb4de6a10]
[pid   500] open("/proc/self/maps", O_RDONLY) = 17
[pid   500] ioctl(17, TCGETS, 0xb4de665c) = -1 ENOTTY (Inappropriate ioctl for device)
  -> ptr=(nil) dump=1024B
  -> ptr not in readable maps (skip)
[pid   500] ioctl(10, _IOC(_IOC_READ, 0x49, 0x52, 0x04), 0xb4de6a10) = 0
[pid   494] open("/rom/ivcert/Certificate_actived.bin", O_RDONLY) = 17
[pid   494] ioctl(17, TCGETS, 0xbef8469c) = -1 ENOTTY (Inappropriate ioctl for device)
[pid   504] ioctl(3, _IOC(_IOC_READ|_IOC_WRITE, 0x66, 0x2b, 0x01), 0xb4d6d9d4) = 0
[pid   504] ioctl(3, _IOC(_IOC_READ|_IOC_WRITE, 0x66, 0x2b, 0x01), 0xb4d6d9d4) = 0
[ISP-IOCTL pid:494 tid:500 fd:10 req:0x80044952 nr:82 dir:2 size:4 argp:0xb4de6a10]
[pid   500] open("/proc/self/maps", O_RDONLY) = 17
[pid   500] ioctl(17, TCGETS <unfinished ...>
[pid   504] ioctl(3, _IOC(_IOC_READ|_IOC_WRITE, 0x66, 0x2b, 0x01), 0xb4d6d9d4) = 0
[pid   504] ioctl(3, _IOC(_IOC_READ|_IOC_WRITE, 0x66, 0x2b, 0x01), 0xb4d6d9d4) = 0
[pid   500] <... ioctl resumed> , 0xb4de665c) = -1 ENOTTY (Inappropriate ioctl for device)
  -> ptr=(nil) dump=1024B
  -> ptr not in readable maps (skip)
[pid   500] ioctl(10, _IOC(_IOC_READ, 0x49, 0x52, 0x04), 0xb4de6a10) = 0
[pid   504] ioctl(3, _IOC(_IOC_READ|_IOC_WRITE, 0x66, 0x2b, 0x01), 0xb4d6d9d4) = 0
[pid   504] ioctl(3, _IOC(_IOC_READ|_IOC_WRITE, 0x66, 0x2b, 0x01), 0xb4d6d9d4) = 0
[pid   494] open("/rom/ivStorage//iv_cm_local_data.bin", O_RDONLY) = 17
[pid   494] ioctl(17, TCGETS, 0xbef84624) = -1 ENOTTY (Inappropriate ioctl for device)
[pid   494] open("/rom/ivStorage//iv_cm_local_data.bin", O_RDONLY) = 17
