592   17:45:28.521036 ioctl(12</dev/akpcm_cdev1>, _IOC(_IOC_READ, 0x50, 0xe8, 0x04), 0xae299aa8) = 0 <0.000324>
592   17:45:28.534815 ioctl(12</dev/akpcm_cdev1>, _IOC(_IOC_READ, 0x50, 0xe8, 0x04), 0xae299aa8) = 0 <0.000367>
592   17:45:28.536744 read(12</dev/akpcm_cdev1>, ""..., 2048) = 2048 <0.000357>
592   17:45:28.538969 ioctl(12</dev/akpcm_cdev1>, _IOC(_IOC_READ, 0x50, 0xe6, 0x04), 0xae299aa8) = 0 <0.000258>
592   17:45:28.542336 ioctl(12</dev/akpcm_cdev1>, _IOC(_IOC_READ, 0x50, 0xe6, 0x04), 0xae299aa8) = 0 <0.000228>
592   17:45:28.545442 ioctl(12</dev/akpcm_cdev1>, _IOC(_IOC_READ, 0x50, 0xe6, 0x04), 0xae299aa8) = 0 <0.000283>
592   17:45:28.548031 ioctl(12</dev/akpcm_cdev1>, _IOC(_IOC_READ, 0x50, 0xe8, 0x04), 0xae299aa8) = 0 <0.000284>
588   17:45:28.557863 <... select resumed> ) = 1 (in [11], left {3, 971931}) <0.042924>
588   17:45:28.559234 ioctl(11</dev/video0>, VIDIOC_DQBUF, {type=V4L2_BUF_TYPE_VIDEO_CAPTURE <unfinished ...>
592   17:45:28.561189 ioctl(12</dev/akpcm_cdev1>, _IOC(_IOC_READ, 0x50, 0xe8, 0x04), 0xae299aa8) = 0 <0.000331>
588   17:45:28.563013 <... ioctl resumed> , index=3, memory=V4L2_MEMORY_USERPTR, m.userptr=0xb4ffa000, length=1382400, bytesused=1382400, flags=0, timestamp = {336.440000}, ...}) = 0 <0.002597>
588   17:45:28.568456 ioctl(10</dev/isp_char>, _IOC(_IOC_READ, 0x49, 0x7b, 0x04), 0xae35da6c) = 0 <0.000292>
589   17:45:28.571234 ioctl(10</dev/isp_char>, _IOC(_IOC_READ, 0x49, 0x7c, 0x04), 0xae32ba54) = 0 <0.000293>
592   17:45:28.573826 ioctl(12</dev/akpcm_cdev1>, _IOC(_IOC_READ, 0x50, 0xe8, 0x04), 0xae299aa8) = 0 <0.000321>
589   17:45:28.576546 ioctl(8</dev/uio0>, _IOC(_IOC_READ, 0x55, 0x65, 0x04) <unfinished ...>
586   17:45:28.579469 ioctl(10</dev/isp_char>, _IOC(_IOC_READ, 0x49, 0x70, 0x04) <unfinished ...>
589   17:45:28.581124 <... ioctl resumed> , 0xae32b504) = 0 <0.003508>
592   17:45:28.586215 ioctl(12</dev/akpcm_cdev1>, _IOC(_IOC_READ, 0x50, 0xe8, 0x04), 0xae299aa8) = 0 <0.000284>
589   17:45:28.590255 ioctl(11</dev/video0>, VIDIOC_QBUF, {type=V4L2_BUF_TYPE_VIDEO_CAPTURE, index=3 <unfinished ...>
592   17:45:28.598546 ioctl(12</dev/akpcm_cdev1>, _IOC(_IOC_READ, 0x50, 0xe8, 0x04), 0xae299aa8) = 0 <0.000287>
592   17:45:28.600286 read(12</dev/akpcm_cdev1>, ""..., 2048) = 2048 <0.000299>
592   17:45:28.602447 ioctl(12</dev/akpcm_cdev1>, _IOC(_IOC_READ, 0x50, 0xe6, 0x04), 0xae299aa8) = 0 <0.000224>
592   17:45:28.605332 ioctl(12</dev/akpcm_cdev1>, _IOC(_IOC_READ, 0x50, 0xe6, 0x04), 0xae299aa8) = 0 <0.000281>
592   17:45:28.607966 ioctl(12</dev/akpcm_cdev1>, _IOC(_IOC_READ, 0x50, 0xe6, 0x04), 0xae299aa8) = 0 <0.000286>
592   17:45:28.610721 ioctl(12</dev/akpcm_cdev1>, _IOC(_IOC_READ, 0x50, 0xe8, 0x04), 0xae299aa8) = 0 <0.000318>
589   17:45:28.619573 <... ioctl resumed> , memory=V4L2_MEMORY_USERPTR, m.userptr=0xb4ffa000, length=1382400, bytesused=1382400, flags=0, ...}) = 0 <0.021859>
592   17:45:28.623347 ioctl(12</dev/akpcm_cdev1>, _IOC(_IOC_READ, 0x50, 0xe8, 0x04), 0xae299aa8) = 0 <0.000369>
588   17:45:28.625594 select(12, [11</dev/video0>], NULL, NULL, {4, 0} <unfinished ...>
586   17:45:28.627593 <... ioctl resumed> , 0x676d34) = 0 <0.047046>
592   17:45:28.636146 ioctl(12</dev/akpcm_cdev1>, _IOC(_IOC_READ, 0x50, 0xe8, 0x04), 0xae299aa8) = 0 <0.000323>
586   17:45:28.641391 ioctl(10</dev/isp_char>, _IOC(_IOC_READ, 0x49, 0x70, 0x04), 0x676d34) = 0 <0.000354>
588   17:45:28.643551 <... select resumed> ) = 1 (in [11], left {3, 983772}) <0.016775>
588   17:45:28.645978 ioctl(11</dev/video0>, VIDIOC_DQBUF, {type=V4L2_BUF_TYPE_VIDEO_CAPTURE, index=0, memory=V4L2_MEMORY_USERPTR, m.userptr=0xb4961000, length=1382400, bytesused=1382400, flags=0, timestamp = {336.540000}, ...}) = 0 <0.000348>
592   17:45:28.649111 ioctl(12</dev/akpcm_cdev1>, _IOC(_IOC_READ, 0x50, 0xe8, 0x04), 0xae299aa8) = 0 <0.000284>
588   17:45:28.654539 ioctl(10</dev/isp_char>, _IOC(_IOC_READ, 0x49, 0x7b, 0x04) <unfinished ...>
592   17:45:28.662764 ioctl(12</dev/akpcm_cdev1>, _IOC(_IOC_READ, 0x50, 0xe8, 0x04), 0xae299aa8) = 0 <0.000283>
592   17:45:28.664445 read(12</dev/akpcm_cdev1>, ""..., 2048) = 2048 <0.000309>
592   17:45:28.666652 ioctl(12</dev/akpcm_cdev1>, _IOC(_IOC_READ, 0x50, 0xe6, 0x04), 0xae299aa8) = 0 <0.000281>
592   17:45:28.669281 ioctl(12</dev/akpcm_cdev1>, _IOC(_IOC_READ, 0x50, 0xe6, 0x04), 0xae299aa8) = 0 <0.000280>
592   17:45:28.672018 ioctl(12</dev/akpcm_cdev1>, _IOC(_IOC_READ, 0x50, 0xe6, 0x04), 0xae299aa8) = 0 <0.000284>
592   17:45:28.674652 ioctl(12</dev/akpcm_cdev1>, _IOC(_IOC_READ, 0x50, 0xe6, 0x04), 0xae299aa8) = 0 <0.000284>
592   17:45:28.677235 ioctl(12</dev/akpcm_cdev1>, _IOC(_IOC_READ, 0x50, 0xe8, 0x04), 0xae299aa8) = 0 <0.000284>
592   17:45:28.689555 ioctl(12</dev/akpcm_cdev1>, _IOC(_IOC_READ, 0x50, 0xe8, 0x04), 0xae299aa8) = 0 <0.000436>
588   17:45:28.692381 <... ioctl resumed> , 0xae35da6c) = 0 <0.030238>
589   17:45:28.695234 ioctl(8</dev/uio0>, _IOC(_IOC_READ, 0x55, 0x65, 0x04), 0xae32b504) = 0 <0.003454>
592   17:45:28.702161 ioctl(12</dev/akpcm_cdev1>, _IOC(_IOC_READ, 0x50, 0xe8, 0x04), 0xae299aa8) = 0 <0.000227>
589   17:45:28.709220 ioctl(11</dev/video0>, VIDIOC_QBUF, {type=V4L2_BUF_TYPE_VIDEO_CAPTURE, index=0, memory=V4L2_MEMORY_USERPTR, m.userptr=0xb4961000, length=1382400, bytesused=1382400, flags=0, ...}) = 0 <0.000323>
588   17:45:28.711971 select(12, [11</dev/video0>], NULL, NULL, {4, 0} <unfinished ...>
592   17:45:28.714899 ioctl(12</dev/akpcm_cdev1>, _IOC(_IOC_READ, 0x50, 0xe8, 0x04), 0xae299aa8) = 0 <0.000370>
586   17:45:28.717049 ioctl(10</dev/isp_char>, _IOC(_IOC_READ, 0x49, 0x70, 0x04) <unfinished ...>
592   17:45:28.727539 ioctl(12</dev/akpcm_cdev1>, _IOC(_IOC_READ, 0x50, 0xe8, 0x04), 0xae299aa8) = 0 <0.000317>
592   17:45:28.729512 read(12</dev/akpcm_cdev1>, ""..., 2048) = 2048 <0.000475>
592   17:45:28.731856 ioctl(12</dev/akpcm_cdev1>, _IOC(_IOC_READ, 0x50, 0xe6, 0x04), 0xae299aa8) = 0 <0.000256>
592   17:45:28.735092 ioctl(12</dev/akpcm_cdev1>, _IOC(_IOC_READ, 0x50, 0xe6, 0x04), 0xae299aa8) = 0 <0.000318>
592   17:45:28.738030 ioctl(12</dev/akpcm_cdev1>, _IOC(_IOC_READ, 0x50, 0xe6, 0x04), 0xae299aa8) = 0 <0.000318>
592   17:45:28.741070 ioctl(12</dev/akpcm_cdev1>, _IOC(_IOC_READ, 0x50, 0xe8, 0x04), 0xae299aa8) = 0 <0.000323>
588   17:45:28.744845 <... select resumed> ) = 1 (in [11], left {3, 970095}) <0.031724>
588   17:45:28.746253 ioctl(11</dev/video0>, VIDIOC_DQBUF, {type=V4L2_BUF_TYPE_VIDEO_CAPTURE, index=1, memory=V4L2_MEMORY_USERPTR, m.userptr=0xb4b94000, length=1382400, bytesused=1382400, flags=0, timestamp = {336.640000}, ...}) = 0 <0.000949>
592   17:45:28.753791 ioctl(12</dev/akpcm_cdev1>, _IOC(_IOC_READ, 0x50, 0xe8, 0x04), 0xae299aa8) = 0 <0.000284>
588   17:45:28.755812 ioctl(10</dev/isp_char>, _IOC(_IOC_READ, 0x49, 0x7b, 0x04), 0xae35da6c) = 0 <0.000291>
589   17:45:28.759218 ioctl(8</dev/uio0>, _IOC(_IOC_READ, 0x55, 0x65, 0x04) <unfinished ...>
586   17:45:28.761700 <... ioctl resumed> , 0x676d34) = 0 <0.042788>
589   17:45:28.763908 <... ioctl resumed> , 0xae32b504) = 0 <0.003635>
592   17:45:28.766403 ioctl(12</dev/akpcm_cdev1>, _IOC(_IOC_READ, 0x50, 0xe8, 0x04), 0xae299aa8) = 0 <0.000283>
589   17:45:28.773037 ioctl(11</dev/video0>, VIDIOC_QBUF, {type=V4L2_BUF_TYPE_VIDEO_CAPTURE, index=1, memory=V4L2_MEMORY_USERPTR, m.userptr=0xb4b94000, length=1382400, bytesused=1382400, flags=0, ...}) = 0 <0.000322>
588   17:45:28.775520 select(12, [11</dev/video0>], NULL, NULL, {4, 0} <unfinished ...>
592   17:45:28.779014 ioctl(12</dev/akpcm_cdev1>, _IOC(_IOC_READ, 0x50, 0xe8, 0x04), 0xae299aa8) = 0 <0.000284>
592   17:45:28.791480 ioctl(12</dev/akpcm_cdev1>, _IOC(_IOC_READ, 0x50, 0xe8, 0x04), 0xae299aa8) = 0 <0.000285>
592   17:45:28.793180 read(12</dev/akpcm_cdev1>, ""..., 2048) = 2048 <0.000350>
592   17:45:28.795216 ioctl(12</dev/akpcm_cdev1>, _IOC(_IOC_READ, 0x50, 0xe6, 0x04), 0xae299aa8) = 0 <0.000283>
592   17:45:28.798029 ioctl(12</dev/akpcm_cdev1>, _IOC(_IOC_READ, 0x50, 0xe6, 0x04), 0xae299aa8) = 0 <0.000284>
592   17:45:28.800831 ioctl(12</dev/akpcm_cdev1>, _IOC(_IOC_READ, 0x50, 0xe6, 0x04), 0xae299aa8) = 0 <0.000283>
592   17:45:28.803422 ioctl(12</dev/akpcm_cdev1>, _IOC(_IOC_READ, 0x50, 0xe8, 0x04), 0xae299aa8) = 0 <0.000284>
586   17:45:28.807741 ioctl(10</dev/isp_char>, _IOC(_IOC_READ, 0x49, 0x70, 0x04), 0x676d34) = 0 <0.000314>
592   17:45:28.816098 ioctl(12</dev/akpcm_cdev1>, _IOC(_IOC_READ, 0x50, 0xe8, 0x04), 0xae299aa8) = 0 <0.000843>
586   17:45:28.820278 ioctl(10</dev/isp_char>, _IOC(_IOC_READ, 0x49, 0x70, 0x04), 0x676d34) = 0 <0.000350>
592   17:45:28.829833 ioctl(12</dev/akpcm_cdev1>, _IOC(_IOC_READ, 0x50, 0xe8, 0x04), 0xae299aa8) = 0 <0.001631>
586   17:45:28.835582 ioctl(10</dev/isp_char>, _IOC(_IOC_READ, 0x49, 0x70, 0x04), 0x676d34) = 0 <0.000396>
588   17:45:28.843696 <... select resumed> ) = 1 (in [11], left {3, 933539}) <0.067127>
592   17:45:28.845533 ioctl(12</dev/akpcm_cdev1>, _IOC(_IOC_READ, 0x50, 0xe8, 0x04), 0xae299aa8) = 0 <0.000372>
588   17:45:28.855217 ioctl(11</dev/video0>, VIDIOC_DQBUF, {type=V4L2_BUF_TYPE_VIDEO_CAPTURE, index=2, memory=V4L2_MEMORY_USERPTR, m.userptr=0xb4dc7000, length=1382400, bytesused=1382400, flags=0, timestamp = {336.740000}, ...}) = 0 <0.000317>
592   17:45:28.858375 ioctl(12</dev/akpcm_cdev1>, _IOC(_IOC_READ, 0x50, 0xe8, 0x04), 0xae299aa8) = 0 <0.000225>
592   17:45:28.860319 read(12</dev/akpcm_cdev1>, ""..., 2048) = 2048 <0.000302>
592   17:45:28.862462 ioctl(12</dev/akpcm_cdev1>, _IOC(_IOC_READ, 0x50, 0xe6, 0x04), 0xae299aa8) = 0 <0.000284>
592   17:45:28.865093 ioctl(12</dev/akpcm_cdev1>, _IOC(_IOC_READ, 0x50, 0xe6, 0x04), 0xae299aa8) = 0 <0.000329>
592   17:45:28.867731 ioctl(12</dev/akpcm_cdev1>, _IOC(_IOC_READ, 0x50, 0xe6, 0x04), 0xae299aa8) = 0 <0.000282>
592   17:45:28.870315 ioctl(12</dev/akpcm_cdev1>, _IOC(_IOC_READ, 0x50, 0xe8, 0x04), 0xae299aa8) = 0 <0.000277>
588   17:45:28.876386 ioctl(10</dev/isp_char>, _IOC(_IOC_READ, 0x49, 0x7b, 0x04), 0xae35da6c) = 0 <0.000288>
592   17:45:28.882847 ioctl(12</dev/akpcm_cdev1>, _IOC(_IOC_READ, 0x50, 0xe8, 0x04), 0xae299aa8) = 0 <0.001865>
589   17:45:28.888084 ioctl(8</dev/uio0>, _IOC(_IOC_READ, 0x55, 0x65, 0x04) <unfinished ...>
586   17:45:28.891529 ioctl(10</dev/isp_char>, _IOC(_IOC_READ, 0x49, 0x70, 0x04) <unfinished ...>
589   17:45:28.893020 <... ioctl resumed> , 0xae32b504) = 0 <0.003881>
592   17:45:28.896794 ioctl(12</dev/akpcm_cdev1>, _IOC(_IOC_READ, 0x50, 0xe8, 0x04), 0xae299aa8) = 0 <0.000286>
589   17:45:28.902717 ioctl(11</dev/video0>, VIDIOC_QBUF, {type=V4L2_BUF_TYPE_VIDEO_CAPTURE, index=2, memory=V4L2_MEMORY_USERPTR, m.userptr=0xb4dc7000, length=1382400, bytesused=1382400, flags=0, ...}) = 0 <0.000322>
588   17:45:28.905214 select(12, [11</dev/video0>], NULL, NULL, {4, 0} <unfinished ...>
586   17:45:28.906939 <... ioctl resumed> , 0x676d34) = 0 <0.014175>
592   17:45:28.909288 ioctl(12</dev/akpcm_cdev1>, _IOC(_IOC_READ, 0x50, 0xe8, 0x04), 0xae299aa8) = 0 <0.000406>
592   17:45:28.922163 ioctl(12</dev/akpcm_cdev1>, _IOC(_IOC_READ, 0x50, 0xe8, 0x04), 0xae299aa8) = 0 <0.000364>
592   17:45:28.924096 read(12</dev/akpcm_cdev1>, ""..., 2048) = 2048 <0.000332>
592   17:45:28.926694 ioctl(12</dev/akpcm_cdev1>, _IOC(_IOC_READ, 0x50, 0xe6, 0x04), 0xae299aa8) = 0 <0.000319>
592   17:45:28.929629 ioctl(12</dev/akpcm_cdev1>, _IOC(_IOC_READ, 0x50, 0xe6, 0x04), 0xae299aa8) = 0 <0.000302>
592   17:45:28.933270 ioctl(12</dev/akpcm_cdev1>, _IOC(_IOC_READ, 0x50, 0xe6, 0x04), 0xae299aa8) = 0 <0.000321>
592   17:45:28.936166 ioctl(12</dev/akpcm_cdev1>, _IOC(_IOC_READ, 0x50, 0xe8, 0x04), 0xae299aa8) = 0 <0.000317>
588   17:45:28.944851 <... select resumed> ) = 1 (in [11], left {3, 963223}) <0.038629>
588   17:45:28.948181 ioctl(11</dev/video0>, VIDIOC_DQBUF, {type=V4L2_BUF_TYPE_VIDEO_CAPTURE <unfinished ...>
592   17:45:28.950120 ioctl(12</dev/akpcm_cdev1>, _IOC(_IOC_READ, 0x50, 0xe8, 0x04), 0xae299aa8) = 0 <0.000268>
588   17:45:28.952044 <... ioctl resumed> , index=3, memory=V4L2_MEMORY_USERPTR, m.userptr=0xb4ffa000, length=1382400, bytesused=1382400, flags=0, timestamp = {336.840000}, ...}) = 0 <0.002634>
588   17:45:28.957522 ioctl(10</dev/isp_char>, _IOC(_IOC_READ, 0x49, 0x7b, 0x04), 0xae35da6c) = 0 <0.000292>
589   17:45:28.961082 ioctl(8</dev/uio0>, _IOC(_IOC_READ, 0x55, 0x65, 0x04) <unfinished ...>
592   17:45:28.963475 ioctl(12</dev/akpcm_cdev1>, _IOC(_IOC_READ, 0x50, 0xe8, 0x04), 0xae299aa8) = 0 <0.000384>
589   17:45:28.965682 <... ioctl resumed> , 0xae32b504) = 0 <0.003063>
589   17:45:28.972345 ioctl(11</dev/video0>, VIDIOC_QBUF, {type=V4L2_BUF_TYPE_VIDEO_CAPTURE, index=3, memory=V4L2_MEMORY_USERPTR, m.userptr=0xb4ffa000, length=1382400, bytesused=1382400, flags=0, ...}) = 0 <0.000322>
586   17:45:28.975781 ioctl(10</dev/isp_char>, _IOC(_IOC_READ, 0x49, 0x70, 0x04) <unfinished ...>
592   17:45:28.983978 ioctl(12</dev/akpcm_cdev1>, _IOC(_IOC_READ, 0x50, 0xe8, 0x04), 0xae299aa8) = 0 <0.000227>
592   17:45:28.986026 read(12</dev/akpcm_cdev1>, ""..., 2048) = 2048 <0.000308>
592   17:45:28.988043 ioctl(12</dev/akpcm_cdev1>, _IOC(_IOC_READ, 0x50, 0xe6, 0x04), 0xae299aa8) = 0 <0.000280>
592   17:45:28.990833 ioctl(12</dev/akpcm_cdev1>, _IOC(_IOC_READ, 0x50, 0xe6, 0x04), 0xae299aa8) = 0 <0.000285>
592   17:45:28.993672 ioctl(12</dev/akpcm_cdev1>, _IOC(_IOC_READ, 0x50, 0xe6, 0x04), 0xae299aa8) = 0 <0.000284>
592   17:45:28.996301 ioctl(12</dev/akpcm_cdev1>, _IOC(_IOC_READ, 0x50, 0xe6, 0x04), 0xae299aa8) = 0 <0.000285>
592   17:45:28.998911 ioctl(12</dev/akpcm_cdev1>, _IOC(_IOC_READ, 0x50, 0xe8, 0x04), 0xae299aa8) = 0 <0.000283>
592   17:45:29.011286 ioctl(12</dev/akpcm_cdev1>, _IOC(_IOC_READ, 0x50, 0xe8, 0x04), 0xae299aa8) = 0 <0.000325>
588   17:45:29.018368 select(12, [11</dev/video0>], NULL, NULL, {4, 0} <unfinished ...>
592   17:45:29.023786 ioctl(12</dev/akpcm_cdev1>, _IOC(_IOC_READ, 0x50, 0xe8, 0x04), 0xae299aa8) = 0 <0.000326>
590   17:45:29.026640 ioctl(10</dev/isp_char>, _IOC(_IOC_WRITE, 0x49, 0x6d, 0x04) <unfinished ...>
586   17:45:29.029009 <... ioctl resumed> , 0x676d34) = 0 <0.045670>
592   17:45:29.036623 ioctl(12</dev/akpcm_cdev1>, _IOC(_IOC_READ, 0x50, 0xe8, 0x04), 0xae299aa8) = 0 <0.000317>
592   17:45:29.049156 ioctl(12</dev/akpcm_cdev1>, _IOC(_IOC_READ, 0x50, 0xe8, 0x04), 0xae299aa8) = 0 <0.000229>
592   17:45:29.051221 read(12</dev/akpcm_cdev1>, ""..., 2048) = 2048 <0.000444>
592   17:45:29.053314 ioctl(12</dev/akpcm_cdev1>, _IOC(_IOC_READ, 0x50, 0xe6, 0x04), 0xae299aa8) = 0 <0.000285>
592   17:45:29.055960 ioctl(12</dev/akpcm_cdev1>, _IOC(_IOC_READ, 0x50, 0xe6, 0x04), 0xae299aa8) = 0 <0.000283>
592   17:45:29.058578 ioctl(12</dev/akpcm_cdev1>, _IOC(_IOC_READ, 0x50, 0xe6, 0x04), 0xae299aa8) = 0 <0.000283>
592   17:45:29.061293 ioctl(12</dev/akpcm_cdev1>, _IOC(_IOC_READ, 0x50, 0xe8, 0x04), 0xae299aa8) = 0 <0.000285>
588   17:45:29.063696 <... select resumed> ) = 1 (in [11], left {3, 971845}) <0.044181>
588   17:45:29.065116 ioctl(11</dev/video0>, VIDIOC_DQBUF, {type=V4L2_BUF_TYPE_VIDEO_CAPTURE, index=0, memory=V4L2_MEMORY_USERPTR, m.userptr=0xb4961000, length=1382400, bytesused=1382400, flags=0, timestamp = {336.940000}, ...}) = 0 <0.000319>
588   17:45:29.071412 ioctl(10</dev/isp_char>, _IOC(_IOC_READ, 0x49, 0x7b, 0x04) <unfinished ...>
592   17:45:29.073811 ioctl(12</dev/akpcm_cdev1>, _IOC(_IOC_READ, 0x50, 0xe8, 0x04), 0xae299aa8) = 0 <0.000280>
586   17:45:29.075689 ioctl(10</dev/isp_char>, _IOC(_IOC_READ, 0x49, 0x70, 0x04) <unfinished ...>
590   17:45:29.081349 <... ioctl resumed> , 0xae2f991c) = 0 <0.053774>
588   17:45:29.083210 <... ioctl resumed> , 0xae35da6c) = 0 <0.010973>
592   17:45:29.086110 ioctl(12</dev/akpcm_cdev1>, _IOC(_IOC_READ, 0x50, 0xe8, 0x04), 0xae299aa8) = 0 <0.000282>
589   17:45:29.089045 ioctl(8</dev/uio0>, _IOC(_IOC_READ, 0x55, 0x65, 0x04) <unfinished ...>
586   17:45:29.091248 <... ioctl resumed> , 0x676d34) = 0 <0.014663>
589   17:45:29.093546 <... ioctl resumed> , 0xae32b504) = 0 <0.003451>
592   17:45:29.098586 ioctl(12</dev/akpcm_cdev1>, _IOC(_IOC_READ, 0x50, 0xe8, 0x04), 0xae299aa8) = 0 <0.000469>
589   17:45:29.102368 ioctl(11</dev/video0>, VIDIOC_QBUF, {type=V4L2_BUF_TYPE_VIDEO_CAPTURE, index=0, memory=V4L2_MEMORY_USERPTR, m.userptr=0xb4961000, length=1382400, bytesused=1382400, flags=0, ...}) = 0 <0.000357>
588   17:45:29.111494 select(12, [11</dev/video0>], NULL, NULL, {4, 0} <unfinished ...>
592   17:45:29.113488 ioctl(12</dev/akpcm_cdev1>, _IOC(_IOC_READ, 0x50, 0xe8, 0x04), 0xae299aa8) = 0 <0.000318>
592   17:45:29.115411 read(12</dev/akpcm_cdev1>, ""..., 2048) = 2048 <0.000346>
592   17:45:29.117622 ioctl(12</dev/akpcm_cdev1>, _IOC(_IOC_READ, 0x50, 0xe6, 0x04), 0xae299aa8) = 0 <0.000318>
592   17:45:29.120699 ioctl(12</dev/akpcm_cdev1>, _IOC(_IOC_READ, 0x50, 0xe6, 0x04), 0xae299aa8) = 0 <0.000319>
592   17:45:29.124701 ioctl(12</dev/akpcm_cdev1>, _IOC(_IOC_READ, 0x50, 0xe6, 0x04), 0xae299aa8) = 0 <0.000319>
592   17:45:29.127602 ioctl(12</dev/akpcm_cdev1>, _IOC(_IOC_READ, 0x50, 0xe8, 0x04), 0xae299aa8) = 0 <0.000323>
592   17:45:29.140148 ioctl(12</dev/akpcm_cdev1>, _IOC(_IOC_READ, 0x50, 0xe8, 0x04), 0xae299aa8) = 0 <0.000316>
588   17:45:29.143312 <... select resumed> ) = 1 (in [11], left {3, 969694}) <0.030620>
588   17:45:29.144683 ioctl(11</dev/video0>, VIDIOC_DQBUF, {type=V4L2_BUF_TYPE_VIDEO_CAPTURE, index=1, memory=V4L2_MEMORY_USERPTR, m.userptr=0xb4b94000, length=1382400, bytesused=1382400, flags=0, timestamp = {337.040000}, ...}) = 0 <0.000313>
588   17:45:29.151337 ioctl(10</dev/isp_char>, _IOC(_IOC_READ, 0x49, 0x7b, 0x04) <unfinished ...>
592   17:45:29.153224 ioctl(12</dev/akpcm_cdev1>, _IOC(_IOC_READ, 0x50, 0xe8, 0x04), 0xae299aa8) = 0 <0.000284>
588   17:45:29.155011 <... ioctl resumed> , 0xae35da6c) = 0 <0.002793>
589   17:45:29.157855 ioctl(8</dev/uio0>, _IOC(_IOC_READ, 0x55, 0x65, 0x04) <unfinished ...>
586   17:45:29.162238 ioctl(10</dev/isp_char>, _IOC(_IOC_READ, 0x49, 0x70, 0x04) <unfinished ...>
589   17:45:29.163456 <... ioctl resumed> , 0xae32b504) = 0 <0.004538>
592   17:45:29.165608 ioctl(12</dev/akpcm_cdev1>, _IOC(_IOC_READ, 0x50, 0xe8, 0x04), 0xae299aa8) = 0 <0.000226>
592   17:45:29.178140 ioctl(12</dev/akpcm_cdev1>, _IOC(_IOC_READ, 0x50, 0xe8, 0x04), 0xae299aa8) = 0 <0.000284>
592   17:45:29.179887 read(12</dev/akpcm_cdev1>, ""..., 2048) = 2048 <0.000248>
592   17:45:29.182267 ioctl(12</dev/akpcm_cdev1>, _IOC(_IOC_READ, 0x50, 0xe6, 0x04), 0xae299aa8) = 0 <0.000282>
592   17:45:29.184892 ioctl(12</dev/akpcm_cdev1>, _IOC(_IOC_READ, 0x50, 0xe6, 0x04), 0xae299aa8) = 0 <0.000283>
592   17:45:29.187542 ioctl(12</dev/akpcm_cdev1>, _IOC(_IOC_READ, 0x50, 0xe6, 0x04), 0xae299aa8) = 0 <0.000283>
592   17:45:29.190117 ioctl(12</dev/akpcm_cdev1>, _IOC(_IOC_READ, 0x50, 0xe8, 0x04), 0xae299aa8) = 0 <0.000227>
589   17:45:29.199519 ioctl(11</dev/video0>, VIDIOC_QBUF, {type=V4L2_BUF_TYPE_VIDEO_CAPTURE, index=1, memory=V4L2_MEMORY_USERPTR, m.userptr=0xb4b94000, length=1382400, bytesused=1382400, flags=0, ...}) = 0 <0.000483>
588   17:45:29.202326 select(12, [11</dev/video0>], NULL, NULL, {4, 0} <unfinished ...>
592   17:45:29.204098 ioctl(12</dev/akpcm_cdev1>, _IOC(_IOC_READ, 0x50, 0xe8, 0x04), 0xae299aa8) = 0 <0.000287>
586   17:45:29.206346 <... ioctl resumed> , 0x676d34) = 0 <0.043244>
592   17:45:29.216619 ioctl(12</dev/akpcm_cdev1>, _IOC(_IOC_READ, 0x50, 0xe8, 0x04), 0xae299aa8) = 0 <0.000249>
586   17:45:29.220335 ioctl(10</dev/isp_char>, _IOC(_IOC_READ, 0x49, 0x70, 0x04), 0x676d34) = 0 <0.000869>
592   17:45:29.230293 ioctl(12</dev/akpcm_cdev1>, _IOC(_IOC_READ, 0x50, 0xe8, 0x04), 0xae299aa8) = 0 <0.000307>
586   17:45:29.242407 ioctl(10</dev/isp_char>, _IOC(_IOC_READ, 0x49, 0x70, 0x04) <unfinished ...>
592   17:45:29.244910 ioctl(12</dev/akpcm_cdev1>, _IOC(_IOC_READ, 0x50, 0xe8, 0x04), 0xae299aa8) = 0 <0.000284>
592   17:45:29.246599 read(12</dev/akpcm_cdev1>, ""..., 2048) = 2048 <0.000300>
592   17:45:29.249323 ioctl(12</dev/akpcm_cdev1>, _IOC(_IOC_READ, 0x50, 0xe6, 0x04), 0xae299aa8) = 0 <0.000282>
592   17:45:29.252090 ioctl(12</dev/akpcm_cdev1>, _IOC(_IOC_READ, 0x50, 0xe6, 0x04), 0xae299aa8) = 0 <0.000285>
592   17:45:29.254714 ioctl(12</dev/akpcm_cdev1>, _IOC(_IOC_READ, 0x50, 0xe6, 0x04), 0xae299aa8) = 0 <0.000283>
592   17:45:29.257319 ioctl(12</dev/akpcm_cdev1>, _IOC(_IOC_READ, 0x50, 0xe8, 0x04), 0xae299aa8) = 0 <0.000284>
588   17:45:29.264527 <... select resumed> ) = 1 (in [11], left {3, 960384}) <0.061135>
588   17:45:29.265940 ioctl(11</dev/video0>, VIDIOC_DQBUF, {type=V4L2_BUF_TYPE_VIDEO_CAPTURE, index=2, memory=V4L2_MEMORY_USERPTR, m.userptr=0xb4dc7000, length=1382400, bytesused=1382400, flags=0, timestamp = {337.140000}, ...}) = 0 <0.000320>
592   17:45:29.269849 ioctl(12</dev/akpcm_cdev1>, _IOC(_IOC_READ, 0x50, 0xe8, 0x04), 0xae299aa8) = 0 <0.000279>
588   17:45:29.274581 ioctl(10</dev/isp_char>, _IOC(_IOC_READ, 0x49, 0x7b, 0x04), 0xae35da6c) = 0 <0.000292>
589   17:45:29.277987 ioctl(8</dev/uio0>, _IOC(_IOC_READ, 0x55, 0x65, 0x04) <unfinished ...>
586   17:45:29.280766 <... ioctl resumed> , 0x676d34) = 0 <0.036420>
592   17:45:29.282912 ioctl(12</dev/akpcm_cdev1>, _IOC(_IOC_READ, 0x50, 0xe8, 0x04), 0xae299aa8) = 0 <0.000285>
589   17:45:29.285607 <... ioctl resumed> , 0xae32b504) = 0 <0.006578>
589   17:45:29.292600 ioctl(11</dev/video0>, VIDIOC_QBUF, {type=V4L2_BUF_TYPE_VIDEO_CAPTURE, index=2, memory=V4L2_MEMORY_USERPTR, m.userptr=0xb4dc7000, length=1382400, bytesused=1382400, flags=0, ...}) = 0 <0.000320>
592   17:45:29.295291 ioctl(12</dev/akpcm_cdev1>, _IOC(_IOC_READ, 0x50, 0xe8, 0x04), 0xae299aa8) = 0 <0.000284>
588   17:45:29.297317 select(12, [11</dev/video0>], NULL, NULL, {4, 0} <unfinished ...>
592   17:45:29.307858 ioctl(12</dev/akpcm_cdev1>, _IOC(_IOC_READ, 0x50, 0xe8, 0x04), 0xae299aa8) = 0 <0.000388>
592   17:45:29.309664 read(12</dev/akpcm_cdev1>, ""..., 2048) = 2048 <0.000456>
592   17:45:29.311969 ioctl(12</dev/akpcm_cdev1>, _IOC(_IOC_READ, 0x50, 0xe6, 0x04), 0xae299aa8) = 0 <0.000318>
592   17:45:29.314905 ioctl(12</dev/akpcm_cdev1>, _IOC(_IOC_READ, 0x50, 0xe6, 0x04), 0xae299aa8) = 0 <0.000318>
592   17:45:29.318609 ioctl(12</dev/akpcm_cdev1>, _IOC(_IOC_READ, 0x50, 0xe6, 0x04), 0xae299aa8) = 0 <0.000361>
592   17:45:29.321707 ioctl(12</dev/akpcm_cdev1>, _IOC(_IOC_READ, 0x50, 0xe6, 0x04), 0xae299aa8) = 0 <0.000320>
592   17:45:29.324600 ioctl(12</dev/akpcm_cdev1>, _IOC(_IOC_READ, 0x50, 0xe8, 0x04), 0xae299aa8) = 0 <0.000438>
592   17:45:29.337269 ioctl(12</dev/akpcm_cdev1>, _IOC(_IOC_READ, 0x50, 0xe8, 0x04), 0xae299aa8) = 0 <0.000255>
586   17:45:29.340177 ioctl(10</dev/isp_char>, _IOC(_IOC_READ, 0x49, 0x70, 0x04) <unfinished ...>
588   17:45:29.343290 <... select resumed> ) = 1 (in [11], left {3, 961935}) <0.038354>
588   17:45:29.346351 ioctl(11</dev/video0>, VIDIOC_DQBUF, {type=V4L2_BUF_TYPE_VIDEO_CAPTURE, index=3, memory=V4L2_MEMORY_USERPTR, m.userptr=0xb4ffa000, length=1382400, bytesused=1382400, flags=0, timestamp = {337.240000}, ...}) = 0 <0.000319>
592   17:45:29.350478 ioctl(12</dev/akpcm_cdev1>, _IOC(_IOC_READ, 0x50, 0xe8, 0x04), 0xae299aa8) = 0 <0.000286>
588   17:45:29.355672 ioctl(10</dev/isp_char>, _IOC(_IOC_READ, 0x49, 0x7b, 0x04), 0xae35da6c) = 0 <0.000289>
589   17:45:29.359071 ioctl(8</dev/uio0>, _IOC(_IOC_READ, 0x55, 0x65, 0x04) <unfinished ...>
592   17:45:29.369029 ioctl(12</dev/akpcm_cdev1>, _IOC(_IOC_READ, 0x50, 0xe8, 0x04), 0xae299aa8) = 0 <0.000285>
592   17:45:29.370858 read(12</dev/akpcm_cdev1>, ""..., 2048) = 2048 <0.000297>
592   17:45:29.373294 ioctl(12</dev/akpcm_cdev1>, _IOC(_IOC_READ, 0x50, 0xe6, 0x04), 0xae299aa8) = 0 <0.000276>
592   17:45:29.376265 ioctl(12</dev/akpcm_cdev1>, _IOC(_IOC_READ, 0x50, 0xe6, 0x04), 0xae299aa8) = 0 <0.000285>
592   17:45:29.378915 ioctl(12</dev/akpcm_cdev1>, _IOC(_IOC_READ, 0x50, 0xe6, 0x04), 0xae299aa8) = 0 <0.000284>
592   17:45:29.381634 ioctl(12</dev/akpcm_cdev1>, _IOC(_IOC_READ, 0x50, 0xe8, 0x04), 0xae299aa8) = 0 <0.000326>
589   17:45:29.384993 <... ioctl resumed> , 0xae32b504) = 0 <0.024748>
589   17:45:29.391078 ioctl(11</dev/video0>, VIDIOC_QBUF, {type=V4L2_BUF_TYPE_VIDEO_CAPTURE, index=3, memory=V4L2_MEMORY_USERPTR, m.userptr=0xb4ffa000, length=1382400, bytesused=1382400, flags=0, ...}) = 0 <0.000322>
588   17:45:29.393762 select(12, [11</dev/video0>], NULL, NULL, {4, 0} <unfinished ...>
592   17:45:29.395533 ioctl(12</dev/akpcm_cdev1>, _IOC(_IOC_READ, 0x50, 0xe8, 0x04), 0xae299aa8) = 0 <0.000283>
586   17:45:29.397691 <... ioctl resumed> , 0x676d34) = 0 <0.056394>
592   17:45:29.407800 ioctl(12</dev/akpcm_cdev1>, _IOC(_IOC_READ, 0x50, 0xe8, 0x04), 0xae299aa8) = 0 <0.000286>
586   17:45:29.411564 ioctl(10</dev/isp_char>, _IOC(_IOC_READ, 0x49, 0x70, 0x04), 0x676d34) = 0 <0.000395>
592   17:45:29.420345 ioctl(12</dev/akpcm_cdev1>, _IOC(_IOC_READ, 0x50, 0xe8, 0x04), 0xae299aa8) = 0 <0.000361>
592   17:45:29.433590 ioctl(12</dev/akpcm_cdev1>, _IOC(_IOC_READ, 0x50, 0xe8, 0x04), 0xae299aa8) = 0 <0.000322>
592   17:45:29.435514 read(12</dev/akpcm_cdev1>, ""..., 2048) = 2048 <0.000391>
592   17:45:29.437735 ioctl(12</dev/akpcm_cdev1>, _IOC(_IOC_READ, 0x50, 0xe6, 0x04), 0xae299aa8) = 0 <0.000319>
592   17:45:29.440814 ioctl(12</dev/akpcm_cdev1>, _IOC(_IOC_READ, 0x50, 0xe6, 0x04), 0xae299aa8) = 0 <0.000317>
592   17:45:29.444365 ioctl(12</dev/akpcm_cdev1>, _IOC(_IOC_READ, 0x50, 0xe6, 0x04), 0xae299aa8) = 0 <0.000284>
592   17:45:29.447112 ioctl(12</dev/akpcm_cdev1>, _IOC(_IOC_READ, 0x50, 0xe8, 0x04), 0xae299aa8) = 0 <0.000284>
588   17:45:29.456372 <... select resumed> ) = 1 (in [11], left {3, 951787}) <0.061548>
588   17:45:29.457781 ioctl(11</dev/video0>, VIDIOC_DQBUF, {type=V4L2_BUF_TYPE_VIDEO_CAPTURE <unfinished ...>
592   17:45:29.459487 ioctl(12</dev/akpcm_cdev1>, _IOC(_IOC_READ, 0x50, 0xe8, 0x04), 0xae299aa8) = 0 <0.000283>
588   17:45:29.461342 <... ioctl resumed> , index=0, memory=V4L2_MEMORY_USERPTR, m.userptr=0xb4961000, length=1382400, bytesused=1382400, flags=0, timestamp = {337.340000}, ...}) = 0 <0.002711>
588   17:45:29.466833 ioctl(10</dev/isp_char>, _IOC(_IOC_READ, 0x49, 0x7b, 0x04), 0xae35da6c) = 0 <0.000291>
589   17:45:29.470232 ioctl(8</dev/uio0>, _IOC(_IOC_READ, 0x55, 0x65, 0x04) <unfinished ...>
592   17:45:29.472854 ioctl(12</dev/akpcm_cdev1>, _IOC(_IOC_READ, 0x50, 0xe8, 0x04), 0xae299aa8) = 0 <0.000386>
589   17:45:29.475111 <... ioctl resumed> , 0xae32b504) = 0 <0.003172>
589   17:45:29.481919 ioctl(11</dev/video0>, VIDIOC_QBUF, {type=V4L2_BUF_TYPE_VIDEO_CAPTURE, index=0, memory=V4L2_MEMORY_USERPTR, m.userptr=0xb4961000, length=1382400, bytesused=1382400, flags=0, ...}) = 0 <0.000319>
586   17:45:29.485364 ioctl(10</dev/isp_char>, _IOC(_IOC_READ, 0x49, 0x70, 0x04) <unfinished ...>
592   17:45:29.486897 ioctl(12</dev/akpcm_cdev1>, _IOC(_IOC_READ, 0x50, 0xe8, 0x04), 0xae299aa8) = 0 <0.000321>
586   17:45:29.488652 <... ioctl resumed> , 0x676d34) = 0 <0.002463>
588   17:45:29.499014 select(12, [11</dev/video0>], NULL, NULL, {4, 0} <unfinished ...>
592   17:45:29.501190 ioctl(12</dev/akpcm_cdev1>, _IOC(_IOC_READ, 0x50, 0xe8, 0x04), 0xae299aa8) = 0 <0.000283>
592   17:45:29.502913 read(12</dev/akpcm_cdev1>, ""..., 2048) = 2048 <0.000308>
592   17:45:29.504861 ioctl(12</dev/akpcm_cdev1>, _IOC(_IOC_READ, 0x50, 0xe6, 0x04), 0xae299aa8) = 0 <0.000320>
592   17:45:29.507488 ioctl(12</dev/akpcm_cdev1>, _IOC(_IOC_READ, 0x50, 0xe6, 0x04), 0xae299aa8) = 0 <0.000285>
592   17:45:29.510190 ioctl(12</dev/akpcm_cdev1>, _IOC(_IOC_READ, 0x50, 0xe6, 0x04), 0xae299aa8) = 0 <0.000310>
592   17:45:29.513163 ioctl(12</dev/akpcm_cdev1>, _IOC(_IOC_READ, 0x50, 0xe8, 0x04), 0xae299aa8) = 0 <0.000319>
586   17:45:29.522544 ioctl(10</dev/isp_char>, _IOC(_IOC_READ, 0x49, 0x70, 0x04), 0x676d34) = 0 <0.000399>
592   17:45:29.525968 ioctl(12</dev/akpcm_cdev1>, _IOC(_IOC_READ, 0x50, 0xe8, 0x04), 0xae299aa8) = 0 <0.000469>
586   17:45:29.535191 ioctl(10</dev/isp_char>, _IOC(_IOC_READ, 0x49, 0x70, 0x04), 0x676d34) = 0 <0.000357>
592   17:45:29.539028 ioctl(12</dev/akpcm_cdev1>, _IOC(_IOC_READ, 0x50, 0xe8, 0x04), 0xae299aa8) = 0 <0.000449>
588   17:45:29.543290 <... select resumed> ) = 1 (in [11], left {3, 957414}) <0.042858>
588   17:45:29.544659 ioctl(11</dev/video0>, VIDIOC_DQBUF, {type=V4L2_BUF_TYPE_VIDEO_CAPTURE, index=1, memory=V4L2_MEMORY_USERPTR, m.userptr=0xb4b94000, length=1382400, bytesused=1382400, flags=0, timestamp = {337.440000}, ...}) = 0 <0.000312>
592   17:45:29.552077 ioctl(12</dev/akpcm_cdev1>, _IOC(_IOC_READ, 0x50, 0xe8, 0x04), 0xae299aa8) = 0 <0.000379>
588   17:45:29.554125 ioctl(10</dev/isp_char>, _IOC(_IOC_READ, 0x49, 0x7b, 0x04), 0xae35da6c) = 0 <0.000292>
592   17:45:29.564916 ioctl(12</dev/akpcm_cdev1>, _IOC(_IOC_READ, 0x50, 0xe8, 0x04), 0xae299aa8) = 0 <0.000394>
592   17:45:29.567264 read(12</dev/akpcm_cdev1>, ""..., 2048) = 2048 <0.000328>
592   17:45:29.569839 ioctl(12</dev/akpcm_cdev1>, _IOC(_IOC_READ, 0x50, 0xe6, 0x04), 0xae299aa8) = 0 <0.000280>
592   17:45:29.572616 ioctl(12</dev/akpcm_cdev1>, _IOC(_IOC_READ, 0x50, 0xe6, 0x04), 0xae299aa8) = 0 <0.000283>
592   17:45:29.575243 ioctl(12</dev/akpcm_cdev1>, _IOC(_IOC_READ, 0x50, 0xe6, 0x04), 0xae299aa8) = 0 <0.000283>
592   17:45:29.577823 ioctl(12</dev/akpcm_cdev1>, _IOC(_IOC_READ, 0x50, 0xe8, 0x04), 0xae299aa8) = 0 <0.000287>
589   17:45:29.586599 ioctl(8</dev/uio0>, _IOC(_IOC_READ, 0x55, 0x65, 0x04), 0xae32b504) = 0 <0.000326>
592   17:45:29.590388 ioctl(12</dev/akpcm_cdev1>, _IOC(_IOC_READ, 0x50, 0xe8, 0x04), 0xae299aa8) = 0 <0.000283>
589   17:45:29.595684 ioctl(11</dev/video0>, VIDIOC_QBUF, {type=V4L2_BUF_TYPE_VIDEO_CAPTURE, index=1, memory=V4L2_MEMORY_USERPTR, m.userptr=0xb4b94000, length=1382400, bytesused=1382400, flags=0, ...}) = 0 <0.000323>
586   17:45:29.598949 ioctl(10</dev/isp_char>, _IOC(_IOC_READ, 0x49, 0x70, 0x04), 0x676d34) = 0 <0.000310>
592   17:45:29.603280 ioctl(12</dev/akpcm_cdev1>, _IOC(_IOC_READ, 0x50, 0xe8, 0x04), 0xae299aa8) = 0 <0.000280>
588   17:45:29.608885 select(12, [11</dev/video0>], NULL, NULL, {4, 0} <unfinished ...>
586   17:45:29.612028 ioctl(10</dev/isp_char>, _IOC(_IOC_READ, 0x49, 0x70, 0x04), 0x676d34) = 0 <0.000350>
592   17:45:29.616077 ioctl(12</dev/akpcm_cdev1>, _IOC(_IOC_READ, 0x50, 0xe8, 0x04), 0xae299aa8) = 0 <0.000305>
586   17:45:29.634793 ioctl(10</dev/isp_char>, _IOC(_IOC_READ, 0x49, 0x70, 0x04), 0x676d34) = 0 <0.001628>
592   17:45:29.639880 ioctl(12</dev/akpcm_cdev1>, _IOC(_IOC_READ, 0x50, 0xe8, 0x04), 0xae299aa8) = 0 <0.000865>
592   17:45:29.644140 read(12</dev/akpcm_cdev1>, ""..., 2048) = 2048 <0.001310>
592   17:45:29.647157 ioctl(12</dev/akpcm_cdev1>, _IOC(_IOC_READ, 0x50, 0xe6, 0x04), 0xae299aa8) = 0 <0.000281>
592   17:45:29.649834 ioctl(12</dev/akpcm_cdev1>, _IOC(_IOC_READ, 0x50, 0xe6, 0x04), 0xae299aa8) = 0 <0.000281>
592   17:45:29.652720 ioctl(12</dev/akpcm_cdev1>, _IOC(_IOC_READ, 0x50, 0xe6, 0x04), 0xae299aa8) = 0 <0.000287>
592   17:45:29.655381 ioctl(12</dev/akpcm_cdev1>, _IOC(_IOC_READ, 0x50, 0xe6, 0x04), 0xae299aa8) = 0 <0.000279>
592   17:45:29.658371 ioctl(12</dev/akpcm_cdev1>, _IOC(_IOC_READ, 0x50, 0xe8, 0x04), 0xae299aa8) = 0 <0.000287>
592   17:45:29.670853 ioctl(12</dev/akpcm_cdev1>, _IOC(_IOC_READ, 0x50, 0xe8, 0x04), 0xae299aa8) = 0 <0.000288>
588   17:45:29.672623 <... select resumed> ) = 1 (in [11], left {3, 966831}) <0.062712>
588   17:45:29.675162 ioctl(11</dev/video0>, VIDIOC_DQBUF, {type=V4L2_BUF_TYPE_VIDEO_CAPTURE, index=2, memory=V4L2_MEMORY_USERPTR, m.userptr=0xb4dc7000, length=1382400, bytesused=1382400, flags=0, timestamp = {337.540000}, ...}) = 0 <0.000322>
588   17:45:29.682334 ioctl(10</dev/isp_char>, _IOC(_IOC_READ, 0x49, 0x7b, 0x04) <unfinished ...>
592   17:45:29.690419 ioctl(12</dev/akpcm_cdev1>, _IOC(_IOC_READ, 0x50, 0xe8, 0x04), 0xae299aa8) = 0 <0.000277>
592   17:45:29.692324 read(12</dev/akpcm_cdev1>, ""..., 2048) = 2048 <0.000308>
592   17:45:29.694286 ioctl(12</dev/akpcm_cdev1>, _IOC(_IOC_READ, 0x50, 0xe6, 0x04), 0xae299aa8) = 0 <0.000284>
592   17:45:29.696923 ioctl(12</dev/akpcm_cdev1>, _IOC(_IOC_READ, 0x50, 0xe6, 0x04), 0xae299aa8) = 0 <0.000329>
592   17:45:29.699586 ioctl(12</dev/akpcm_cdev1>, _IOC(_IOC_READ, 0x50, 0xe6, 0x04), 0xae299aa8) = 0 <0.000404>
592   17:45:29.702487 ioctl(12</dev/akpcm_cdev1>, _IOC(_IOC_READ, 0x50, 0xe8, 0x04), 0xae299aa8) = 0 <0.000284>
588   17:45:29.704941 <... ioctl resumed> , 0xae35da6c) = 0 <0.015209>
589   17:45:29.706987 ioctl(10</dev/isp_char>, _IOC(_IOC_READ, 0x49, 0x7c, 0x04), 0xae32ba54) = 0 <0.000297>
589   17:45:29.709897 ioctl(8</dev/uio0>, _IOC(_IOC_READ, 0x55, 0x65, 0x04) <unfinished ...>
586   17:45:29.713774 ioctl(10</dev/isp_char>, _IOC(_IOC_READ, 0x49, 0x70, 0x04) <unfinished ...>
592   17:45:29.716595 ioctl(12</dev/akpcm_cdev1>, _IOC(_IOC_READ, 0x50, 0xe8, 0x04), 0xae299aa8) = 0 <0.000262>
589   17:45:29.720477 <... ioctl resumed> , 0xae32b504) = 0 <0.009152>
589   17:45:29.728186 ioctl(11</dev/video0>, VIDIOC_QBUF, {type=V4L2_BUF_TYPE_VIDEO_CAPTURE, index=2 <unfinished ...>
592   17:45:29.730105 ioctl(12</dev/akpcm_cdev1>, _IOC(_IOC_READ, 0x50, 0xe8, 0x04), 0xae299aa8) = 0 <0.000258>
589   17:45:29.732211 <... ioctl resumed> , memory=V4L2_MEMORY_USERPTR, m.userptr=0xb4dc7000, length=1382400, bytesused=1382400, flags=0, ...}) = 0 <0.003034>
588   17:45:29.734270 select(12, [11</dev/video0>], NULL, NULL, {4, 0} <unfinished ...>
586   17:45:29.736200 <... ioctl resumed> , 0x676d34) = 0 <0.020428>
592   17:45:29.743294 ioctl(12</dev/akpcm_cdev1>, _IOC(_IOC_READ, 0x50, 0xe8, 0x04), 0xae299aa8) = 0 <0.000282>
588   17:45:29.745367 <... select resumed> ) = 1 (in [11], left {3, 992344}) <0.009983>
588   17:45:29.754155 ioctl(11</dev/video0>, VIDIOC_DQBUF, {type=V4L2_BUF_TYPE_VIDEO_CAPTURE <unfinished ...>
592   17:45:29.755947 ioctl(12</dev/akpcm_cdev1>, _IOC(_IOC_READ, 0x50, 0xe8, 0x04), 0xae299aa8) = 0 <0.000284>
592   17:45:29.757625 read(12</dev/akpcm_cdev1>, ""..., 2048) = 2048 <0.000310>
592   17:45:29.759644 ioctl(12</dev/akpcm_cdev1>, _IOC(_IOC_READ, 0x50, 0xe6, 0x04), 0xae299aa8) = 0 <0.000399>
592   17:45:29.763095 ioctl(12</dev/akpcm_cdev1>, _IOC(_IOC_READ, 0x50, 0xe6, 0x04), 0xae299aa8) = 0 <0.000324>
592   17:45:29.765757 ioctl(12</dev/akpcm_cdev1>, _IOC(_IOC_READ, 0x50, 0xe6, 0x04), 0xae299aa8) = 0 <0.000285>
592   17:45:29.768339 ioctl(12</dev/akpcm_cdev1>, _IOC(_IOC_READ, 0x50, 0xe8, 0x04), 0xae299aa8) = 0 <0.000287>
588   17:45:29.771839 <... ioctl resumed> , index=3, memory=V4L2_MEMORY_USERPTR, m.userptr=0xb4ffa000, length=1382400, bytesused=1382400, flags=0, timestamp = {337.640000}, ...}) = 0 <0.016827>
592   17:45:29.780774 ioctl(12</dev/akpcm_cdev1>, _IOC(_IOC_READ, 0x50, 0xe8, 0x04), 0xae299aa8) = 0 <0.000287>
588   17:45:29.785452 ioctl(10</dev/isp_char>, _IOC(_IOC_READ, 0x49, 0x7b, 0x04), 0xae35da6c) = 0 <0.000289>
589   17:45:29.788853 ioctl(8</dev/uio0>, _IOC(_IOC_READ, 0x55, 0x65, 0x04) <unfinished ...>
586   17:45:29.792273 ioctl(10</dev/isp_char>, _IOC(_IOC_READ, 0x49, 0x70, 0x04) <unfinished ...>
592   17:45:29.794644 ioctl(12</dev/akpcm_cdev1>, _IOC(_IOC_READ, 0x50, 0xe8, 0x04), 0xae299aa8) = 0 <0.000283>
589   17:45:29.796364 <... ioctl resumed> , 0xae32b504) = 0 <0.006452>
589   17:45:29.803682 ioctl(11</dev/video0>, VIDIOC_QBUF, {type=V4L2_BUF_TYPE_VIDEO_CAPTURE, index=3, memory=V4L2_MEMORY_USERPTR, m.userptr=0xb4ffa000, length=1382400, bytesused=1382400, flags=0, ...}) = 0 <0.000321>
588   17:45:29.806179 select(12, [11</dev/video0>], NULL, NULL, {4, 0} <unfinished ...>
592   17:45:29.808209 ioctl(12</dev/akpcm_cdev1>, _IOC(_IOC_READ, 0x50, 0xe8, 0x04), 0xae299aa8) = 0 <0.000323>
586   17:45:29.810368 <... ioctl resumed> , 0x676d34) = 0 <0.016459>
592   17:45:29.821024 ioctl(12</dev/akpcm_cdev1>, _IOC(_IOC_READ, 0x50, 0xe8, 0x04), 0xae299aa8) = 0 <0.000316>
592   17:45:29.822943 read(12</dev/akpcm_cdev1>, ""..., 2048) = 2048 <0.000291>
592   17:45:29.825455 ioctl(12</dev/akpcm_cdev1>, _IOC(_IOC_READ, 0x50, 0xe6, 0x04), 0xae299aa8) = 0 <0.000317>
592   17:45:29.828385 ioctl(12</dev/akpcm_cdev1>, _IOC(_IOC_READ, 0x50, 0xe6, 0x04), 0xae299aa8) = 0 <0.000319>
592   17:45:29.831477 ioctl(12</dev/akpcm_cdev1>, _IOC(_IOC_READ, 0x50, 0xe6, 0x04), 0xae299aa8) = 0 <0.000323>
592   17:45:29.834402 ioctl(12</dev/akpcm_cdev1>, _IOC(_IOC_READ, 0x50, 0xe8, 0x04), 0xae299aa8) = 0 <0.000320>
588   17:45:29.843636 <... select resumed> ) = 1 (in [11], left {3, 964494}) <0.036130>
588   17:45:29.845944 ioctl(11</dev/video0>, VIDIOC_DQBUF, {type=V4L2_BUF_TYPE_VIDEO_CAPTURE <unfinished ...>
592   17:45:29.848016 ioctl(12</dev/akpcm_cdev1>, _IOC(_IOC_READ, 0x50, 0xe8, 0x04), 0xae299aa8) = 0 <0.000282>
588   17:45:29.849779 <... ioctl resumed> , index=0, memory=V4L2_MEMORY_USERPTR, m.userptr=0xb4961000, length=1382400, bytesused=1382400, flags=0, timestamp = {337.740000}, ...}) = 0 <0.002565>
588   17:45:29.855608 ioctl(10</dev/isp_char>, _IOC(_IOC_READ, 0x49, 0x7b, 0x04), 0xae35da6c) = 0 <0.000293>
589   17:45:29.859018 ioctl(8</dev/uio0>, _IOC(_IOC_READ, 0x55, 0x65, 0x04) <unfinished ...>
592   17:45:29.861559 ioctl(12</dev/akpcm_cdev1>, _IOC(_IOC_READ, 0x50, 0xe8, 0x04), 0xae299aa8) = 0 <0.000956>
589   17:45:29.864184 <... ioctl resumed> , 0xae32b504) = 0 <0.003646>
589   17:45:29.870865 ioctl(11</dev/video0>, VIDIOC_QBUF, {type=V4L2_BUF_TYPE_VIDEO_CAPTURE, index=0, memory=V4L2_MEMORY_USERPTR, m.userptr=0xb4961000, length=1382400, bytesused=1382400, flags=0, ...}) = 0 <0.000322>
586   17:45:29.874309 ioctl(10</dev/isp_char>, _IOC(_IOC_READ, 0x49, 0x70, 0x04) <unfinished ...>
592   17:45:29.882549 ioctl(12</dev/akpcm_cdev1>, _IOC(_IOC_READ, 0x50, 0xe8, 0x04), 0xae299aa8) = 0 <0.000226>
592   17:45:29.884483 read(12</dev/akpcm_cdev1>, ""..., 2048) = 2048 <0.000308>
592   17:45:29.886468 ioctl(12</dev/akpcm_cdev1>, _IOC(_IOC_READ, 0x50, 0xe6, 0x04), 0xae299aa8) = 0 <0.000225>
592   17:45:29.889290 ioctl(12</dev/akpcm_cdev1>, _IOC(_IOC_READ, 0x50, 0xe6, 0x04), 0xae299aa8) = 0 <0.000323>
592   17:45:29.892059 ioctl(12</dev/akpcm_cdev1>, _IOC(_IOC_READ, 0x50, 0xe6, 0x04), 0xae299aa8) = 0 <0.000316>
592   17:45:29.894643 ioctl(12</dev/akpcm_cdev1>, _IOC(_IOC_READ, 0x50, 0xe8, 0x04), 0xae299aa8) = 0 <0.000284>
588   17:45:29.902918 select(12, [11</dev/video0>], NULL, NULL, {4, 0} <unfinished ...>
586   17:45:29.905836 <... ioctl resumed> , 0x676d34) = 0 <0.030624>
592   17:45:29.907417 ioctl(12</dev/akpcm_cdev1>, _IOC(_IOC_READ, 0x50, 0xe8, 0x04), 0xae299aa8) = 0 <0.000285>
592   17:45:29.920347 ioctl(12</dev/akpcm_cdev1>, _IOC(_IOC_READ, 0x50, 0xe8, 0x04), 0xae299aa8) = 0 <0.000322>
586   17:45:29.923709 ioctl(10</dev/isp_char>, _IOC(_IOC_READ, 0x49, 0x70, 0x04), 0x676d34) = 0 <0.000348>
592   17:45:29.933408 ioctl(12</dev/akpcm_cdev1>, _IOC(_IOC_READ, 0x50, 0xe8, 0x04), 0xae299aa8) = 0 <0.000255>
586   17:45:29.936830 ioctl(10</dev/isp_char>, _IOC(_IOC_READ, 0x49, 0x70, 0x04), 0x676d34) = 0 <0.000351>
592   17:45:29.947617 ioctl(12</dev/akpcm_cdev1>, _IOC(_IOC_READ, 0x50, 0xe8, 0x04), 0xae299aa8) = 0 <0.000286>
592   17:45:29.949496 read(12</dev/akpcm_cdev1>, ""..., 2048) = 2048 <0.000308>
592   17:45:29.951637 ioctl(12</dev/akpcm_cdev1>, _IOC(_IOC_READ, 0x50, 0xe6, 0x04), 0xae299aa8) = 0 <0.000289>
592   17:45:29.954272 ioctl(12</dev/akpcm_cdev1>, _IOC(_IOC_READ, 0x50, 0xe6, 0x04), 0xae299aa8) = 0 <0.000283>
592   17:45:29.956923 ioctl(12</dev/akpcm_cdev1>, _IOC(_IOC_READ, 0x50, 0xe6, 0x04), 0xae299aa8) = 0 <0.000284>
592   17:45:29.959654 ioctl(12</dev/akpcm_cdev1>, _IOC(_IOC_READ, 0x50, 0xe6, 0x04), 0xae299aa8) = 0 <0.000405>
592   17:45:29.962366 ioctl(12</dev/akpcm_cdev1>, _IOC(_IOC_READ, 0x50, 0xe8, 0x04), 0xae299aa8) = 0 <0.000285>
588   17:45:29.971831 <... select resumed> ) = 1 (in [11], left {3, 957264}) <0.067891>
588   17:45:29.973201 ioctl(11</dev/video0>, VIDIOC_DQBUF, {type=V4L2_BUF_TYPE_VIDEO_CAPTURE <unfinished ...>
592   17:45:29.975094 ioctl(12</dev/akpcm_cdev1>, _IOC(_IOC_READ, 0x50, 0xe8, 0x04), 0xae299aa8) = 0 <0.004249>
588   17:45:29.981006 <... ioctl resumed> , index=1, memory=V4L2_MEMORY_USERPTR, m.userptr=0xb4b94000, length=1382400, bytesused=1382400, flags=0, timestamp = {337.840000}, ...}) = 0 <0.006564>
588   17:45:29.986527 ioctl(10</dev/isp_char>, _IOC(_IOC_READ, 0x49, 0x7b, 0x04), 0xae35da6c) = 0 <0.000295>
589   17:45:29.989937 ioctl(8</dev/uio0>, _IOC(_IOC_READ, 0x55, 0x65, 0x04) <unfinished ...>
592   17:45:29.992475 ioctl(12</dev/akpcm_cdev1>, _IOC(_IOC_READ, 0x50, 0xe8, 0x04), 0xae299aa8) = 0 <0.000394>
589   17:45:29.994684 <... ioctl resumed> , 0xae32b504) = 0 <0.003135>
589   17:45:30.000768 ioctl(11</dev/video0>, VIDIOC_QBUF, {type=V4L2_BUF_TYPE_VIDEO_CAPTURE, index=1, memory=V4L2_MEMORY_USERPTR, m.userptr=0xb4b94000, length=1382400, bytesused=1382400, flags=0, ...}) = 0 <0.000323>
586   17:45:30.010862 ioctl(10</dev/isp_char>, _IOC(_IOC_READ, 0x49, 0x70, 0x04) <unfinished ...>
592   17:45:30.012773 ioctl(12</dev/akpcm_cdev1>, _IOC(_IOC_READ, 0x50, 0xe8, 0x04), 0xae299aa8) = 0 <0.000307>
592   17:45:30.015111 read(12</dev/akpcm_cdev1>, ""..., 2048) = 2048 <0.000389>
592   17:45:30.017328 ioctl(12</dev/akpcm_cdev1>, _IOC(_IOC_READ, 0x50, 0xe6, 0x04), 0xae299aa8) = 0 <0.000318>
592   17:45:30.020270 ioctl(12</dev/akpcm_cdev1>, _IOC(_IOC_READ, 0x50, 0xe6, 0x04), 0xae299aa8) = 0 <0.000347>
592   17:45:30.024034 ioctl(12</dev/akpcm_cdev1>, _IOC(_IOC_READ, 0x50, 0xe6, 0x04), 0xae299aa8) = 0 <0.000323>
592   17:45:30.026943 ioctl(12</dev/akpcm_cdev1>, _IOC(_IOC_READ, 0x50, 0xe8, 0x04), 0xae299aa8) = 0 <0.000320>
590   17:45:30.037462 ioctl(10</dev/isp_char>, _IOC(_IOC_WRITE, 0x49, 0x6d, 0x04) <unfinished ...>
588   17:45:30.039327 select(12, [11</dev/video0>], NULL, NULL, {4, 0} <unfinished ...>
592   17:45:30.041426 ioctl(12</dev/akpcm_cdev1>, _IOC(_IOC_READ, 0x50, 0xe8, 0x04), 0xae299aa8) = 0 <0.000463>
588   17:45:30.043988 <... select resumed> ) = 1 (in [11], left {3, 997397}) <0.003500>
588   17:45:30.045370 ioctl(11</dev/video0>, VIDIOC_DQBUF, {type=V4L2_BUF_TYPE_VIDEO_CAPTURE, index=2, memory=V4L2_MEMORY_USERPTR, m.userptr=0xb4dc7000, length=1382400, bytesused=1382400, flags=0, timestamp = {337.940000}, ...}) = 0 <0.000351>
588   17:45:30.052307 ioctl(10</dev/isp_char>, _IOC(_IOC_READ, 0x49, 0x7b, 0x04) <unfinished ...>
586   17:45:30.053807 <... ioctl resumed> , 0x676d34) = 0 <0.042038>
592   17:45:30.055496 ioctl(12</dev/akpcm_cdev1>, _IOC(_IOC_READ, 0x50, 0xe8, 0x04), 0xae299aa8) = 0 <0.000283>
592   17:45:30.067881 ioctl(12</dev/akpcm_cdev1>, _IOC(_IOC_READ, 0x50, 0xe8, 0x04), 0xae299aa8) = 0 <0.000280>
592   17:45:30.076835 read(12</dev/akpcm_cdev1>, ""..., 2048) = 2048 <0.000314>
592   17:45:30.078801 ioctl(12</dev/akpcm_cdev1>, _IOC(_IOC_READ, 0x50, 0xe6, 0x04), 0xae299aa8) = 0 <0.000284>
592   17:45:30.081596 ioctl(12</dev/akpcm_cdev1>, _IOC(_IOC_READ, 0x50, 0xe6, 0x04), 0xae299aa8) = 0 <0.000284>
592   17:45:30.084224 ioctl(12</dev/akpcm_cdev1>, _IOC(_IOC_READ, 0x50, 0xe6, 0x04), 0xae299aa8) = 0 <0.000284>
592   17:45:30.086835 ioctl(12</dev/akpcm_cdev1>, _IOC(_IOC_READ, 0x50, 0xe8, 0x04), 0xae299aa8) = 0 <0.000283>
586   17:45:30.095064 ioctl(10</dev/isp_char>, _IOC(_IOC_READ, 0x49, 0x70, 0x04) <unfinished ...>
592   17:45:30.099191 ioctl(12</dev/akpcm_cdev1>, _IOC(_IOC_READ, 0x50, 0xe8, 0x04), 0xae299aa8) = 0 <0.000714>
590   17:45:30.101685 <... ioctl resumed> , 0xae2f991c) = 0 <0.063323>
588   17:45:30.103514 <... ioctl resumed> , 0xae35da6c) = 0 <0.050382>
589   17:45:30.106370 ioctl(8</dev/uio0>, _IOC(_IOC_READ, 0x55, 0x65, 0x04) <unfinished ...>
586   17:45:30.108989 <... ioctl resumed> , 0x676d34) = 0 <0.013079>
589   17:45:30.111127 <... ioctl resumed> , 0xae32b504) = 0 <0.003664>
592   17:45:30.113008 ioctl(12</dev/akpcm_cdev1>, _IOC(_IOC_READ, 0x50, 0xe8, 0x04), 0xae299aa8) = 0 <0.000320>
589   17:45:30.122121 ioctl(11</dev/video0>, VIDIOC_QBUF, {type=V4L2_BUF_TYPE_VIDEO_CAPTURE, index=2, memory=V4L2_MEMORY_USERPTR, m.userptr=0xb4dc7000, length=1382400, bytesused=1382400, flags=0, ...}) = 0 <0.000368>
588   17:45:30.125241 select(12, [11</dev/video0>], NULL, NULL, {4, 0} <unfinished ...>
592   17:45:30.127176 ioctl(12</dev/akpcm_cdev1>, _IOC(_IOC_READ, 0x50, 0xe8, 0x04), 0xae299aa8) = 0 <0.000325>
592   17:45:30.139935 ioctl(12</dev/akpcm_cdev1>, _IOC(_IOC_READ, 0x50, 0xe8, 0x04), 0xae299aa8) = 0 <0.000311>
592   17:45:30.142434 read(12</dev/akpcm_cdev1>, ""..., 2048) = 2048 <0.000251>
592   17:45:30.145054 ioctl(12</dev/akpcm_cdev1>, _IOC(_IOC_READ, 0x50, 0xe6, 0x04), 0xae299aa8) = 0 <0.000282>
592   17:45:30.147725 ioctl(12</dev/akpcm_cdev1>, _IOC(_IOC_READ, 0x50, 0xe6, 0x04), 0xae299aa8) = 0 <0.000282>
592   17:45:30.150360 ioctl(12</dev/akpcm_cdev1>, _IOC(_IOC_READ, 0x50, 0xe6, 0x04), 0xae299aa8) = 0 <0.000315>
592   17:45:30.153238 ioctl(12</dev/akpcm_cdev1>, _IOC(_IOC_READ, 0x50, 0xe8, 0x04), 0xae299aa8) = 0 <0.000282>
588   17:45:30.161791 <... select resumed> ) = 1 (in [11], left {3, 983370}) <0.035422>
588   17:45:30.163167 ioctl(11</dev/video0>, VIDIOC_DQBUF, {type=V4L2_BUF_TYPE_VIDEO_CAPTURE, index=3, memory=V4L2_MEMORY_USERPTR, m.userptr=0xb4ffa000, length=1382400, bytesused=1382400, flags=0, timestamp = {338.040000}, ...}) = 0 <0.000360>
592   17:45:30.165553 ioctl(12</dev/akpcm_cdev1>, _IOC(_IOC_READ, 0x50, 0xe8, 0x04), 0xae299aa8) = 0 <0.000318>
588   17:45:30.172082 ioctl(10</dev/isp_char>, _IOC(_IOC_READ, 0x49, 0x7b, 0x04), 0xae35da6c) = 0 <0.000294>
589   17:45:30.175563 ioctl(8</dev/uio0>, _IOC(_IOC_READ, 0x55, 0x65, 0x04) <unfinished ...>
592   17:45:30.178472 ioctl(12</dev/akpcm_cdev1>, _IOC(_IOC_READ, 0x50, 0xe8, 0x04), 0xae299aa8) = 0 <0.000474>
589   17:45:30.180743 <... ioctl resumed> , 0xae32b504) = 0 <0.004093>
589   17:45:30.187305 ioctl(11</dev/video0>, VIDIOC_QBUF, {type=V4L2_BUF_TYPE_VIDEO_CAPTURE, index=3, memory=V4L2_MEMORY_USERPTR, m.userptr=0xb4ffa000, length=1382400, bytesused=1382400, flags=0, ...}) = 0 <0.000310>
588   17:45:30.190159 select(12, [11</dev/video0>], NULL, NULL, {4, 0} <unfinished ...>
592   17:45:30.192356 ioctl(12</dev/akpcm_cdev1>, _IOC(_IOC_READ, 0x50, 0xe8, 0x04), 0xae299aa8) = 0 <0.000324>
586   17:45:30.194727 ioctl(10</dev/isp_char>, _IOC(_IOC_READ, 0x49, 0x70, 0x04), 0x676d34) = 0 <0.000310>
592   17:45:30.204919 ioctl(12</dev/akpcm_cdev1>, _IOC(_IOC_READ, 0x50, 0xe8, 0x04), 0xae299aa8) = 0 <0.000278>
592   17:45:30.207172 read(12</dev/akpcm_cdev1>, ""..., 2048) = 2048 <0.000310>
592   17:45:30.209161 ioctl(12</dev/akpcm_cdev1>, _IOC(_IOC_READ, 0x50, 0xe6, 0x04), 0xae299aa8) = 0 <0.000283>
592   17:45:30.212033 ioctl(12</dev/akpcm_cdev1>, _IOC(_IOC_READ, 0x50, 0xe6, 0x04), 0xae299aa8) = 0 <0.000318>
592   17:45:30.214951 ioctl(12</dev/akpcm_cdev1>, _IOC(_IOC_READ, 0x50, 0xe6, 0x04), 0xae299aa8) = 0 <0.000314>
592   17:45:30.218345 ioctl(12</dev/akpcm_cdev1>, _IOC(_IOC_READ, 0x50, 0xe8, 0x04), 0xae299aa8) = 0 <0.000319>
586   17:45:30.227265 ioctl(10</dev/isp_char>, _IOC(_IOC_READ, 0x49, 0x70, 0x04), 0x676d34) = 0 <0.000357>
592   17:45:30.231202 ioctl(12</dev/akpcm_cdev1>, _IOC(_IOC_READ, 0x50, 0xe8, 0x04), 0xae299aa8) = 0 <0.000302>
586   17:45:30.240443 ioctl(10</dev/isp_char>, _IOC(_IOC_READ, 0x49, 0x70, 0x04), 0x676d34) = 0 <0.000355>
592   17:45:30.244056 ioctl(12</dev/akpcm_cdev1>, _IOC(_IOC_READ, 0x50, 0xe8, 0x04), 0xae299aa8) = 0 <0.000225>
588   17:45:30.246032 <... select resumed> ) = 1 (in [11], left {3, 948644}) <0.054370>
588   17:45:30.247408 ioctl(11</dev/video0>, VIDIOC_DQBUF, {type=V4L2_BUF_TYPE_VIDEO_CAPTURE, index=0, memory=V4L2_MEMORY_USERPTR, m.userptr=0xb4961000, length=1382400, bytesused=1382400, flags=0, timestamp = {338.140000}, ...}) = 0 <0.000312>
588   17:45:30.254527 ioctl(10</dev/isp_char>, _IOC(_IOC_READ, 0x49, 0x7b, 0x04), 0xae35da6c) = 0 <0.000476>
592   17:45:30.257025 ioctl(12</dev/akpcm_cdev1>, _IOC(_IOC_READ, 0x50, 0xe8, 0x04), 0xae299aa8) = 0 <0.000284>
589   17:45:30.267421 ioctl(8</dev/uio0>, _IOC(_IOC_READ, 0x55, 0x65, 0x04) <unfinished ...>
592   17:45:30.269348 ioctl(12</dev/akpcm_cdev1>, _IOC(_IOC_READ, 0x50, 0xe8, 0x04), 0xae299aa8) = 0 <0.000344>
592   17:45:30.271527 read(12</dev/akpcm_cdev1>, ""..., 2048) = 2048 <0.000308>
592   17:45:30.273886 ioctl(12</dev/akpcm_cdev1>, _IOC(_IOC_READ, 0x50, 0xe6, 0x04), 0xae299aa8) = 0 <0.000284>
592   17:45:30.276527 ioctl(12</dev/akpcm_cdev1>, _IOC(_IOC_READ, 0x50, 0xe6, 0x04), 0xae299aa8) = 0 <0.000325>
592   17:45:30.279172 ioctl(12</dev/akpcm_cdev1>, _IOC(_IOC_READ, 0x50, 0xe6, 0x04), 0xae299aa8) = 0 <0.000284>
592   17:45:30.281907 ioctl(12</dev/akpcm_cdev1>, _IOC(_IOC_READ, 0x50, 0xe6, 0x04), 0xae299aa8) = 0 <0.000284>
592   17:45:30.284519 ioctl(12</dev/akpcm_cdev1>, _IOC(_IOC_READ, 0x50, 0xe8, 0x04), 0xae299aa8) = 0 <0.000285>
589   17:45:30.291546 <... ioctl resumed> , 0xae32b504) = 0 <0.023264>
592   17:45:30.296803 ioctl(12</dev/akpcm_cdev1>, _IOC(_IOC_READ, 0x50, 0xe8, 0x04), 0xae299aa8) = 0 <0.000291>
589   17:45:30.306108 ioctl(11</dev/video0>, VIDIOC_QBUF, {type=V4L2_BUF_TYPE_VIDEO_CAPTURE, index=0, memory=V4L2_MEMORY_USERPTR, m.userptr=0xb4961000, length=1382400, bytesused=1382400, flags=0, ...}) = 0 <0.000325>
592   17:45:30.309132 ioctl(12</dev/akpcm_cdev1>, _IOC(_IOC_READ, 0x50, 0xe8, 0x04), 0xae299aa8) = 0 <0.000282>
586   17:45:30.311974 ioctl(10</dev/isp_char>, _IOC(_IOC_READ, 0x49, 0x70, 0x04), 0x676d34) = 0 <0.000351>
588   17:45:30.319330 select(12, [11</dev/video0>], NULL, NULL, {4, 0} <unfinished ...>
592   17:45:30.322012 ioctl(12</dev/akpcm_cdev1>, _IOC(_IOC_READ, 0x50, 0xe8, 0x04), 0xae299aa8) = 0 <0.000420>
586   17:45:30.332182 ioctl(10</dev/isp_char>, _IOC(_IOC_READ, 0x49, 0x70, 0x04) <unfinished ...>
592   17:45:30.334879 ioctl(12</dev/akpcm_cdev1>, _IOC(_IOC_READ, 0x50, 0xe8, 0x04), 0xae299aa8) = 0 <0.000450>
592   17:45:30.336894 read(12</dev/akpcm_cdev1>, ""..., 2048) = 2048 <0.000358>
592   17:45:30.339143 ioctl(12</dev/akpcm_cdev1>, _IOC(_IOC_READ, 0x50, 0xe6, 0x04), 0xae299aa8) = 0 <0.000318>
592   17:45:30.342183 ioctl(12</dev/akpcm_cdev1>, _IOC(_IOC_READ, 0x50, 0xe6, 0x04), 0xae299aa8) = 0 <0.000264>
592   17:45:30.345245 ioctl(12</dev/akpcm_cdev1>, _IOC(_IOC_READ, 0x50, 0xe6, 0x04), 0xae299aa8) = 0 <0.000284>
592   17:45:30.347853 ioctl(12</dev/akpcm_cdev1>, _IOC(_IOC_READ, 0x50, 0xe8, 0x04), 0xae299aa8) = 0 <0.000284>
588   17:45:30.351019 <... select resumed> ) = 1 (in [11], left {3, 977662}) <0.030517>
