588   17:45:30.352394 ioctl(11</dev/video0>, VIDIOC_DQBUF, {type=V4L2_BUF_TYPE_VIDEO_CAPTURE, index=1, memory=V4L2_MEMORY_USERPTR, m.userptr=0xb4b94000, length=1382400, bytesused=1382400, flags=0, timestamp = {338.240000}, ...}) = 0 <0.000316>
588   17:45:30.359418 ioctl(10</dev/isp_char>, _IOC(_IOC_READ, 0x49, 0x7b, 0x04) <unfinished ...>
592   17:45:30.361398 ioctl(12</dev/akpcm_cdev1>, _IOC(_IOC_READ, 0x50, 0xe8, 0x04), 0xae299aa8) = 0 <0.000283>
588   17:45:30.363174 <... ioctl resumed> , 0xae35da6c) = 0 <0.002571>
589   17:45:30.365999 ioctl(8</dev/uio0>, _IOC(_IOC_READ, 0x55, 0x65, 0x04) <unfinished ...>
586   17:45:30.368650 <... ioctl resumed> , 0x676d34) = 0 <0.035473>
589   17:45:30.370521 <... ioctl resumed> , 0xae32b504) = 0 <0.003463>
592   17:45:30.373780 ioctl(12</dev/akpcm_cdev1>, _IOC(_IOC_READ, 0x50, 0xe8, 0x04), 0xae299aa8) = 0 <0.000286>
589   17:45:30.379679 ioctl(11</dev/video0>, VIDIOC_QBUF, {type=V4L2_BUF_TYPE_VIDEO_CAPTURE, index=1, memory=V4L2_MEMORY_USERPTR, m.userptr=0xb4b94000, length=1382400, bytesused=1382400, flags=0, ...}) = 0 <0.000433>
588   17:45:30.382242 select(12, [11</dev/video0>], NULL, NULL, {4, 0} <unfinished ...>
592   17:45:30.386335 ioctl(12</dev/akpcm_cdev1>, _IOC(_IOC_READ, 0x50, 0xe8, 0x04), 0xae299aa8) = 0 <0.000286>
592   17:45:30.398636 ioctl(12</dev/akpcm_cdev1>, _IOC(_IOC_READ, 0x50, 0xe8, 0x04), 0xae299aa8) = 0 <0.000285>
592   17:45:30.400352 read(12</dev/akpcm_cdev1>, ""..., 2048) = 2048 <0.000311>
592   17:45:30.402511 ioctl(12</dev/akpcm_cdev1>, _IOC(_IOC_READ, 0x50, 0xe6, 0x04), 0xae299aa8) = 0 <0.000281>
592   17:45:30.405148 ioctl(12</dev/akpcm_cdev1>, _IOC(_IOC_READ, 0x50, 0xe6, 0x04), 0xae299aa8) = 0 <0.000289>
592   17:45:30.407786 ioctl(12</dev/akpcm_cdev1>, _IOC(_IOC_READ, 0x50, 0xe6, 0x04), 0xae299aa8) = 0 <0.000268>
592   17:45:30.410925 ioctl(12</dev/akpcm_cdev1>, _IOC(_IOC_READ, 0x50, 0xe8, 0x04), 0xae299aa8) = 0 <0.000318>
586   17:45:30.414053 ioctl(10</dev/isp_char>, _IOC(_IOC_READ, 0x49, 0x70, 0x04), 0x676d34) = 0 <0.000349>
592   17:45:30.423433 ioctl(12</dev/akpcm_cdev1>, _IOC(_IOC_READ, 0x50, 0xe8, 0x04), 0xae299aa8) = 0 <0.000332>
586   17:45:30.427132 ioctl(10</dev/isp_char>, _IOC(_IOC_READ, 0x49, 0x70, 0x04), 0x676d34) = 0 <0.000711>
592   17:45:30.437131 ioctl(12</dev/akpcm_cdev1>, _IOC(_IOC_READ, 0x50, 0xe8, 0x04), 0xae299aa8) = 0 <0.000320>
586   17:45:30.440250 ioctl(10</dev/isp_char>, _IOC(_IOC_READ, 0x49, 0x70, 0x04), 0x676d34) = 0 <0.000351>
588   17:45:30.443509 <... select resumed> ) = 1 (in [11], left {3, 940281}) <0.060207>
588   17:45:30.444880 ioctl(11</dev/video0>, VIDIOC_DQBUF, {type=V4L2_BUF_TYPE_VIDEO_CAPTURE, index=2, memory=V4L2_MEMORY_USERPTR, m.userptr=0xb4dc7000, length=1382400, bytesused=1382400, flags=0, timestamp = {338.340000}, ...}) = 0 <0.000316>
592   17:45:30.450217 ioctl(12</dev/akpcm_cdev1>, _IOC(_IOC_READ, 0x50, 0xe8, 0x04), 0xae299aa8) = 0 <0.000317>
588   17:45:30.461979 ioctl(10</dev/isp_char>, _IOC(_IOC_READ, 0x49, 0x7b, 0x04) <unfinished ...>
592   17:45:30.463781 ioctl(12</dev/akpcm_cdev1>, _IOC(_IOC_READ, 0x50, 0xe8, 0x04), 0xae299aa8) = 0 <0.000285>
592   17:45:30.465480 read(12</dev/akpcm_cdev1>, ""..., 2048) = 2048 <0.000308>
592   17:45:30.467473 ioctl(12</dev/akpcm_cdev1>, _IOC(_IOC_READ, 0x50, 0xe6, 0x04), 0xae299aa8) = 0 <0.000280>
592   17:45:30.470106 ioctl(12</dev/akpcm_cdev1>, _IOC(_IOC_READ, 0x50, 0xe6, 0x04), 0xae299aa8) = 0 <0.000226>
592   17:45:30.472875 ioctl(12</dev/akpcm_cdev1>, _IOC(_IOC_READ, 0x50, 0xe6, 0x04), 0xae299aa8) = 0 <0.000280>
592   17:45:30.475799 ioctl(12</dev/akpcm_cdev1>, _IOC(_IOC_READ, 0x50, 0xe8, 0x04), 0xae299aa8) = 0 <0.000653>
588   17:45:30.483501 <... ioctl resumed> , 0xae35da6c) = 0 <0.020382>
589   17:45:30.486328 ioctl(8</dev/uio0>, _IOC(_IOC_READ, 0x55, 0x65, 0x04) <unfinished ...>
592   17:45:30.488970 ioctl(12</dev/akpcm_cdev1>, _IOC(_IOC_READ, 0x50, 0xe8, 0x04), 0xae299aa8) = 0 <0.000367>
589   17:45:30.491389 <... ioctl resumed> , 0xae32b504) = 0 <0.004005>
589   17:45:30.497361 ioctl(11</dev/video0>, VIDIOC_QBUF, {type=V4L2_BUF_TYPE_VIDEO_CAPTURE, index=2, memory=V4L2_MEMORY_USERPTR, m.userptr=0xb4dc7000, length=1382400, bytesused=1382400, flags=0, ...}) = 0 <0.000324>
586   17:45:30.500137 ioctl(10</dev/isp_char>, _IOC(_IOC_READ, 0x49, 0x70, 0x04) <unfinished ...>
592   17:45:30.502355 ioctl(12</dev/akpcm_cdev1>, _IOC(_IOC_READ, 0x50, 0xe8, 0x04), 0xae299aa8) = 0 <0.000282>
586   17:45:30.506214 <... ioctl resumed> , 0x676d34) = 0 <0.004510>
588   17:45:30.510140 select(12, [11</dev/video0>], NULL, NULL, {4, 0} <unfinished ...>
592   17:45:30.515077 ioctl(12</dev/akpcm_cdev1>, _IOC(_IOC_READ, 0x50, 0xe8, 0x04), 0xae299aa8) = 0 <0.000324>
586   17:45:30.526122 ioctl(10</dev/isp_char>, _IOC(_IOC_READ, 0x49, 0x70, 0x04) <unfinished ...>
592   17:45:30.528141 ioctl(12</dev/akpcm_cdev1>, _IOC(_IOC_READ, 0x50, 0xe8, 0x04), 0xae299aa8) = 0 <0.000313>
592   17:45:30.530473 read(12</dev/akpcm_cdev1>, ""..., 2048) = 2048 <0.000347>
592   17:45:30.533357 ioctl(12</dev/akpcm_cdev1>, _IOC(_IOC_READ, 0x50, 0xe6, 0x04), 0xae299aa8) = 0 <0.000323>
592   17:45:30.536289 ioctl(12</dev/akpcm_cdev1>, _IOC(_IOC_READ, 0x50, 0xe6, 0x04), 0xae299aa8) = 0 <0.000324>
592   17:45:30.539253 ioctl(12</dev/akpcm_cdev1>, _IOC(_IOC_READ, 0x50, 0xe6, 0x04), 0xae299aa8) = 0 <0.000324>
592   17:45:30.542698 ioctl(12</dev/akpcm_cdev1>, _IOC(_IOC_READ, 0x50, 0xe8, 0x04), 0xae299aa8) = 0 <0.000281>
588   17:45:30.551620 <... select resumed> ) = 1 (in [11], left {3, 968311}) <0.040289>
588   17:45:30.552994 ioctl(11</dev/video0>, VIDIOC_DQBUF, {type=V4L2_BUF_TYPE_VIDEO_CAPTURE, index=3, memory=V4L2_MEMORY_USERPTR, m.userptr=0xb4ffa000, length=1382400, bytesused=1382400, flags=0, timestamp = {338.440000}, ...}) = 0 <0.000355>
592   17:45:30.555543 ioctl(12</dev/akpcm_cdev1>, _IOC(_IOC_READ, 0x50, 0xe8, 0x04), 0xae299aa8) = 0 <0.000281>
588   17:45:30.561488 ioctl(10</dev/isp_char>, _IOC(_IOC_READ, 0x49, 0x7b, 0x04), 0xae35da6c) = 0 <0.000297>
589   17:45:30.564976 ioctl(8</dev/uio0>, _IOC(_IOC_READ, 0x55, 0x65, 0x04) <unfinished ...>
592   17:45:30.568155 ioctl(12</dev/akpcm_cdev1>, _IOC(_IOC_READ, 0x50, 0xe8, 0x04), 0xae299aa8) = 0 <0.000228>
589   17:45:30.570290 <... ioctl resumed> , 0xae32b504) = 0 <0.004191>
589   17:45:30.577271 ioctl(11</dev/video0>, VIDIOC_QBUF, {type=V4L2_BUF_TYPE_VIDEO_CAPTURE, index=3, memory=V4L2_MEMORY_USERPTR, m.userptr=0xb4ffa000, length=1382400, bytesused=1382400, flags=0, ...}) = 0 <0.000324>
588   17:45:30.580161 select(12, [11</dev/video0>], NULL, NULL, {4, 0} <unfinished ...>
592   17:45:30.588508 ioctl(12</dev/akpcm_cdev1>, _IOC(_IOC_READ, 0x50, 0xe8, 0x04), 0xae299aa8) = 0 <0.000285>
592   17:45:30.590229 read(12</dev/akpcm_cdev1>, ""..., 2048) = 2048 <0.000311>
592   17:45:30.592588 ioctl(12</dev/akpcm_cdev1>, _IOC(_IOC_READ, 0x50, 0xe6, 0x04), 0xae299aa8) = 0 <0.000280>
592   17:45:30.595231 ioctl(12</dev/akpcm_cdev1>, _IOC(_IOC_READ, 0x50, 0xe6, 0x04), 0xae299aa8) = 0 <0.000283>
592   17:45:30.598126 ioctl(12</dev/akpcm_cdev1>, _IOC(_IOC_READ, 0x50, 0xe6, 0x04), 0xae299aa8) = 0 <0.000283>
592   17:45:30.600882 ioctl(12</dev/akpcm_cdev1>, _IOC(_IOC_READ, 0x50, 0xe6, 0x04), 0xae299aa8) = 0 <0.000329>
592   17:45:30.603474 ioctl(12</dev/akpcm_cdev1>, _IOC(_IOC_READ, 0x50, 0xe8, 0x04), 0xae299aa8) = 0 <0.000284>
586   17:45:30.612864 <... ioctl resumed> , 0x676d34) = 0 <0.085458>
592   17:45:30.618528 ioctl(12</dev/akpcm_cdev1>, _IOC(_IOC_READ, 0x50, 0xe8, 0x04), 0xae299aa8) = 0 <0.000325>
592   17:45:30.633627 ioctl(12</dev/akpcm_cdev1>, _IOC(_IOC_READ, 0x50, 0xe8, 0x04), 0xae299aa8) = 0 <0.000259>
586   17:45:30.637439 ioctl(10</dev/isp_char>, _IOC(_IOC_READ, 0x49, 0x70, 0x04), 0x676d34) = 0 <0.000358>
588   17:45:30.643631 <... select resumed> ) = 1 (in [11], left {3, 938611}) <0.061998>
588   17:45:30.645064 ioctl(11</dev/video0>, VIDIOC_DQBUF, {type=V4L2_BUF_TYPE_VIDEO_CAPTURE <unfinished ...>
592   17:45:30.653628 ioctl(12</dev/akpcm_cdev1>, _IOC(_IOC_READ, 0x50, 0xe8, 0x04), 0xae299aa8) = 0 <0.000287>
592   17:45:30.655336 read(12</dev/akpcm_cdev1>, ""..., 2048) = 2048 <0.000309>
592   17:45:30.657333 ioctl(12</dev/akpcm_cdev1>, _IOC(_IOC_READ, 0x50, 0xe6, 0x04), 0xae299aa8) = 0 <0.000285>
592   17:45:30.659963 ioctl(12</dev/akpcm_cdev1>, _IOC(_IOC_READ, 0x50, 0xe6, 0x04), 0xae299aa8) = 0 <0.000225>
592   17:45:30.662683 ioctl(12</dev/akpcm_cdev1>, _IOC(_IOC_READ, 0x50, 0xe6, 0x04), 0xae299aa8) = 0 <0.000282>
592   17:45:30.665267 ioctl(12</dev/akpcm_cdev1>, _IOC(_IOC_READ, 0x50, 0xe8, 0x04), 0xae299aa8) = 0 <0.000284>
588   17:45:30.668648 <... ioctl resumed> , index=0, memory=V4L2_MEMORY_USERPTR, m.userptr=0xb4961000, length=1382400, bytesused=1382400, flags=0, timestamp = {338.540000}, ...}) = 0 <0.022728>
588   17:45:30.674264 ioctl(10</dev/isp_char>, _IOC(_IOC_READ, 0x49, 0x7b, 0x04), 0xae35da6c) = 0 <0.000292>
592   17:45:30.678072 ioctl(12</dev/akpcm_cdev1>, _IOC(_IOC_READ, 0x50, 0xe8, 0x04), 0xae299aa8) = 0 <0.000394>
589   17:45:30.680890 ioctl(8</dev/uio0>, _IOC(_IOC_READ, 0x55, 0x65, 0x04), 0xae32b504) = 0 <0.000322>
589   17:45:30.688764 ioctl(11</dev/video0>, VIDIOC_QBUF, {type=V4L2_BUF_TYPE_VIDEO_CAPTURE, index=0, memory=V4L2_MEMORY_USERPTR, m.userptr=0xb4961000, length=1382400, bytesused=1382400, flags=0, ...}) = 0 <0.000320>
592   17:45:30.691178 ioctl(12</dev/akpcm_cdev1>, _IOC(_IOC_READ, 0x50, 0xe8, 0x04), 0xae299aa8) = 0 <0.000286>
586   17:45:30.694351 ioctl(10</dev/isp_char>, _IOC(_IOC_READ, 0x49, 0x70, 0x04), 0x676d34) = 0 <0.000311>
592   17:45:30.703909 ioctl(12</dev/akpcm_cdev1>, _IOC(_IOC_READ, 0x50, 0xe8, 0x04), 0xae299aa8) = 0 <0.000283>
588   17:45:30.706507 select(12, [11</dev/video0>], NULL, NULL, {4, 0} <unfinished ...>
586   17:45:30.708917 ioctl(10</dev/isp_char>, _IOC(_IOC_READ, 0x49, 0x70, 0x04) <unfinished ...>
592   17:45:30.719172 ioctl(12</dev/akpcm_cdev1>, _IOC(_IOC_READ, 0x50, 0xe8, 0x04), 0xae299aa8) = 0 <0.000319>
592   17:45:30.721186 read(12</dev/akpcm_cdev1>, ""..., 2048) = 2048 <0.000353>
592   17:45:30.723923 ioctl(12</dev/akpcm_cdev1>, _IOC(_IOC_READ, 0x50, 0xe6, 0x04), 0xae299aa8) = 0 <0.000365>
592   17:45:30.726865 ioctl(12</dev/akpcm_cdev1>, _IOC(_IOC_READ, 0x50, 0xe6, 0x04), 0xae299aa8) = 0 <0.000359>
592   17:45:30.729816 ioctl(12</dev/akpcm_cdev1>, _IOC(_IOC_READ, 0x50, 0xe6, 0x04), 0xae299aa8) = 0 <0.000299>
592   17:45:30.732832 ioctl(12</dev/akpcm_cdev1>, _IOC(_IOC_READ, 0x50, 0xe8, 0x04), 0xae299aa8) = 0 <0.000358>
586   17:45:30.736958 <... ioctl resumed> , 0x676d34) = 0 <0.027216>
588   17:45:30.743328 <... select resumed> ) = 1 (in [11], left {3, 964537}) <0.035763>
592   17:45:30.745310 ioctl(12</dev/akpcm_cdev1>, _IOC(_IOC_READ, 0x50, 0xe8, 0x04), 0xae299aa8) = 0 <0.001464>
588   17:45:30.748484 ioctl(11</dev/video0>, VIDIOC_DQBUF, {type=V4L2_BUF_TYPE_VIDEO_CAPTURE, index=1, memory=V4L2_MEMORY_USERPTR, m.userptr=0xb4b94000, length=1382400, bytesused=1382400, flags=0, timestamp = {338.640000}, ...}) = 0 <0.000354>
588   17:45:30.754746 ioctl(10</dev/isp_char>, _IOC(_IOC_READ, 0x49, 0x7b, 0x04), 0xae35da6c) = 0 <0.000293>
589   17:45:30.757401 ioctl(10</dev/isp_char>, _IOC(_IOC_READ, 0x49, 0x7c, 0x04) <unfinished ...>
592   17:45:30.759137 ioctl(12</dev/akpcm_cdev1>, _IOC(_IOC_READ, 0x50, 0xe8, 0x04), 0xae299aa8) = 0 <0.000282>
589   17:45:30.760958 <... ioctl resumed> , 0xae32ba54) = 0 <0.002448>
589   17:45:30.763340 ioctl(8</dev/uio0>, _IOC(_IOC_READ, 0x55, 0x65, 0x04), 0xae32b504) = 0 <0.003539>
592   17:45:30.771609 ioctl(12</dev/akpcm_cdev1>, _IOC(_IOC_READ, 0x50, 0xe8, 0x04), 0xae299aa8) = 0 <0.000285>
592   17:45:30.784353 ioctl(12</dev/akpcm_cdev1>, _IOC(_IOC_READ, 0x50, 0xe8, 0x04), 0xae299aa8) = 0 <0.000285>
592   17:45:30.786088 read(12</dev/akpcm_cdev1>, ""..., 2048) = 2048 <0.000309>
592   17:45:30.788081 ioctl(12</dev/akpcm_cdev1>, _IOC(_IOC_READ, 0x50, 0xe6, 0x04), 0xae299aa8) = 0 <0.000283>
592   17:45:30.790984 ioctl(12</dev/akpcm_cdev1>, _IOC(_IOC_READ, 0x50, 0xe6, 0x04), 0xae299aa8) = 0 <0.000282>
592   17:45:30.793623 ioctl(12</dev/akpcm_cdev1>, _IOC(_IOC_READ, 0x50, 0xe6, 0x04), 0xae299aa8) = 0 <0.000286>
592   17:45:30.796243 ioctl(12</dev/akpcm_cdev1>, _IOC(_IOC_READ, 0x50, 0xe8, 0x04), 0xae299aa8) = 0 <0.000322>
589   17:45:30.804437 ioctl(11</dev/video0>, VIDIOC_QBUF, {type=V4L2_BUF_TYPE_VIDEO_CAPTURE, index=1, memory=V4L2_MEMORY_USERPTR, m.userptr=0xb4b94000, length=1382400, bytesused=1382400, flags=0, ...}) = 0 <0.000322>
588   17:45:30.806969 select(12, [11</dev/video0>], NULL, NULL, {4, 0} <unfinished ...>
592   17:45:30.808870 ioctl(12</dev/akpcm_cdev1>, _IOC(_IOC_READ, 0x50, 0xe8, 0x04), 0xae299aa8) = 0 <0.000285>
586   17:45:30.811717 ioctl(10</dev/isp_char>, _IOC(_IOC_READ, 0x49, 0x70, 0x04), 0x676d34) = 0 <0.000353>
592   17:45:30.821473 ioctl(12</dev/akpcm_cdev1>, _IOC(_IOC_READ, 0x50, 0xe8, 0x04), 0xae299aa8) = 0 <0.000324>
586   17:45:30.825967 ioctl(10</dev/isp_char>, _IOC(_IOC_READ, 0x49, 0x70, 0x04), 0x676d34) = 0 <0.000871>
592   17:45:30.834468 ioctl(12</dev/akpcm_cdev1>, _IOC(_IOC_READ, 0x50, 0xe8, 0x04), 0xae299aa8) = 0 <0.000309>
588   17:45:30.846175 <... select resumed> ) = 1 (in [11], left {3, 962580}) <0.037950>
592   17:45:30.848011 ioctl(12</dev/akpcm_cdev1>, _IOC(_IOC_READ, 0x50, 0xe8, 0x04), 0xae299aa8) = 0 <0.000279>
592   17:45:30.850057 read(12</dev/akpcm_cdev1>, ""..., 2048) = 2048 <0.000347>
592   17:45:30.852227 ioctl(12</dev/akpcm_cdev1>, _IOC(_IOC_READ, 0x50, 0xe6, 0x04), 0xae299aa8) = 0 <0.000282>
592   17:45:30.854858 ioctl(12</dev/akpcm_cdev1>, _IOC(_IOC_READ, 0x50, 0xe6, 0x04), 0xae299aa8) = 0 <0.000283>
592   17:45:30.857493 ioctl(12</dev/akpcm_cdev1>, _IOC(_IOC_READ, 0x50, 0xe6, 0x04), 0xae299aa8) = 0 <0.000381>
592   17:45:30.860191 ioctl(12</dev/akpcm_cdev1>, _IOC(_IOC_READ, 0x50, 0xe8, 0x04), 0xae299aa8) = 0 <0.000282>
588   17:45:30.868427 ioctl(11</dev/video0>, VIDIOC_DQBUF, {type=V4L2_BUF_TYPE_VIDEO_CAPTURE, index=2, memory=V4L2_MEMORY_USERPTR, m.userptr=0xb4dc7000, length=1382400, bytesused=1382400, flags=0, timestamp = {338.740000}, ...}) = 0 <0.000315>
592   17:45:30.872674 ioctl(12</dev/akpcm_cdev1>, _IOC(_IOC_READ, 0x50, 0xe8, 0x04), 0xae299aa8) = 0 <0.000285>
588   17:45:30.877074 ioctl(10</dev/isp_char>, _IOC(_IOC_READ, 0x49, 0x7b, 0x04), 0xae35da6c) = 0 <0.000330>
589   17:45:30.880474 ioctl(8</dev/uio0>, _IOC(_IOC_READ, 0x55, 0x65, 0x04) <unfinished ...>
586   17:45:30.883941 ioctl(10</dev/isp_char>, _IOC(_IOC_READ, 0x49, 0x70, 0x04) <unfinished ...>
592   17:45:30.886646 ioctl(12</dev/akpcm_cdev1>, _IOC(_IOC_READ, 0x50, 0xe8, 0x04), 0xae299aa8) = 0 <0.000284>
589   17:45:30.888529 <... ioctl resumed> , 0xae32b504) = 0 <0.006720>
592   17:45:30.899210 ioctl(12</dev/akpcm_cdev1>, _IOC(_IOC_READ, 0x50, 0xe8, 0x04), 0xae299aa8) = 0 <0.000284>
589   17:45:30.901480 ioctl(11</dev/video0>, VIDIOC_QBUF, {type=V4L2_BUF_TYPE_VIDEO_CAPTURE, index=2, memory=V4L2_MEMORY_USERPTR, m.userptr=0xb4dc7000, length=1382400, bytesused=1382400, flags=0, ...}) = 0 <0.000322>
592   17:45:30.912095 ioctl(12</dev/akpcm_cdev1>, _IOC(_IOC_READ, 0x50, 0xe8, 0x04), 0xae299aa8) = 0 <0.000319>
592   17:45:30.913974 read(12</dev/akpcm_cdev1>, ""..., 2048) = 2048 <0.000353>
592   17:45:30.916243 ioctl(12</dev/akpcm_cdev1>, _IOC(_IOC_READ, 0x50, 0xe6, 0x04), 0xae299aa8) = 0 <0.000359>
592   17:45:30.919175 ioctl(12</dev/akpcm_cdev1>, _IOC(_IOC_READ, 0x50, 0xe6, 0x04), 0xae299aa8) = 0 <0.000240>
592   17:45:30.923113 ioctl(12</dev/akpcm_cdev1>, _IOC(_IOC_READ, 0x50, 0xe6, 0x04), 0xae299aa8) = 0 <0.000322>
592   17:45:30.926066 ioctl(12</dev/akpcm_cdev1>, _IOC(_IOC_READ, 0x50, 0xe6, 0x04), 0xae299aa8) = 0 <0.000318>
592   17:45:30.928977 ioctl(12</dev/akpcm_cdev1>, _IOC(_IOC_READ, 0x50, 0xe8, 0x04), 0xae299aa8) = 0 <0.000321>
592   17:45:30.941801 ioctl(12</dev/akpcm_cdev1>, _IOC(_IOC_READ, 0x50, 0xe8, 0x04), 0xae299aa8) = 0 <0.000497>
588   17:45:30.944384 select(12, [11</dev/video0>], NULL, NULL, {4, 0}) = 1 (in [11], left {3, 999959}) <0.000330>
588   17:45:30.946530 ioctl(11</dev/video0>, VIDIOC_DQBUF, {type=V4L2_BUF_TYPE_VIDEO_CAPTURE, index=3, memory=V4L2_MEMORY_USERPTR, m.userptr=0xb4ffa000, length=1382400, bytesused=1382400, flags=0, timestamp = {338.840000}, ...}) = 0 <0.000317>
592   17:45:30.954430 ioctl(12</dev/akpcm_cdev1>, _IOC(_IOC_READ, 0x50, 0xe8, 0x04), 0xae299aa8) = 0 <0.000286>
588   17:45:30.956582 ioctl(10</dev/isp_char>, _IOC(_IOC_READ, 0x49, 0x7b, 0x04), 0xae35da6c) = 0 <0.000291>
589   17:45:30.959982 ioctl(8</dev/uio0>, _IOC(_IOC_READ, 0x55, 0x65, 0x04) <unfinished ...>
586   17:45:30.962776 <... ioctl resumed> , 0x676d34) = 0 <0.077156>
589   17:45:30.964693 <... ioctl resumed> , 0xae32b504) = 0 <0.003412>
592   17:45:30.966701 ioctl(12</dev/akpcm_cdev1>, _IOC(_IOC_READ, 0x50, 0xe8, 0x04), 0xae299aa8) = 0 <0.000228>
592   17:45:30.975165 read(12</dev/akpcm_cdev1>, ""..., 2048) = 2048 <0.000308>
592   17:45:30.977114 ioctl(12</dev/akpcm_cdev1>, _IOC(_IOC_READ, 0x50, 0xe6, 0x04), 0xae299aa8) = 0 <0.000281>
592   17:45:30.979758 ioctl(12</dev/akpcm_cdev1>, _IOC(_IOC_READ, 0x50, 0xe6, 0x04), 0xae299aa8) = 0 <0.000283>
592   17:45:30.982502 ioctl(12</dev/akpcm_cdev1>, _IOC(_IOC_READ, 0x50, 0xe6, 0x04), 0xae299aa8) = 0 <0.000284>
592   17:45:30.985119 ioctl(12</dev/akpcm_cdev1>, _IOC(_IOC_READ, 0x50, 0xe8, 0x04), 0xae299aa8) = 0 <0.000283>
589   17:45:30.992553 ioctl(11</dev/video0>, VIDIOC_QBUF, {type=V4L2_BUF_TYPE_VIDEO_CAPTURE, index=3, memory=V4L2_MEMORY_USERPTR, m.userptr=0xb4ffa000, length=1382400, bytesused=1382400, flags=0, ...}) = 0 <0.001862>
588   17:45:30.997116 select(12, [11</dev/video0>], NULL, NULL, {4, 0} <unfinished ...>
592   17:45:30.998893 ioctl(12</dev/akpcm_cdev1>, _IOC(_IOC_READ, 0x50, 0xe8, 0x04), 0xae299aa8) = 0 <0.000284>
592   17:45:31.011322 ioctl(12</dev/akpcm_cdev1>, _IOC(_IOC_READ, 0x50, 0xe8, 0x04), 0xae299aa8) = 0 <0.000261>
586   17:45:31.014045 ioctl(10</dev/isp_char>, _IOC(_IOC_READ, 0x49, 0x70, 0x04), 0x676d34) = 0 <0.000348>
592   17:45:31.024418 ioctl(12</dev/akpcm_cdev1>, _IOC(_IOC_READ, 0x50, 0xe8, 0x04), 0xae299aa8) = 0 <0.000323>
586   17:45:31.027310 ioctl(10</dev/isp_char>, _IOC(_IOC_READ, 0x49, 0x70, 0x04), 0x676d34) = 0 <0.001000>
592   17:45:31.039210 ioctl(12</dev/akpcm_cdev1>, _IOC(_IOC_READ, 0x50, 0xe8, 0x04), 0xae299aa8) = 0 <0.000384>
592   17:45:31.041620 read(12</dev/akpcm_cdev1>, ""..., 2048) = 2048 <0.000368>
592   17:45:31.044260 ioctl(12</dev/akpcm_cdev1>, _IOC(_IOC_READ, 0x50, 0xe6, 0x04), 0xae299aa8) = 0 <0.000283>
592   17:45:31.046880 ioctl(12</dev/akpcm_cdev1>, _IOC(_IOC_READ, 0x50, 0xe6, 0x04), 0xae299aa8) = 0 <0.000283>
592   17:45:31.049606 ioctl(12</dev/akpcm_cdev1>, _IOC(_IOC_READ, 0x50, 0xe6, 0x04), 0xae299aa8) = 0 <0.000401>
592   17:45:31.052511 ioctl(12</dev/akpcm_cdev1>, _IOC(_IOC_READ, 0x50, 0xe8, 0x04), 0xae299aa8) = 0 <0.000286>
592   17:45:31.064810 ioctl(12</dev/akpcm_cdev1>, _IOC(_IOC_READ, 0x50, 0xe8, 0x04), 0xae299aa8) = 0 <0.000287>
590   17:45:31.068891 ioctl(10</dev/isp_char>, _IOC(_IOC_WRITE, 0x49, 0x6d, 0x04) <unfinished ...>
588   17:45:31.069799 <... select resumed> ) = 1 (in [11], left {3, 955145}) <0.071653>
588   17:45:31.071411 ioctl(11</dev/video0>, VIDIOC_DQBUF, {type=V4L2_BUF_TYPE_VIDEO_CAPTURE, index=0, memory=V4L2_MEMORY_USERPTR, m.userptr=0xb4961000, length=1382400, bytesused=1382400, flags=0, timestamp = {338.940000}, ...}) = 0 <0.000312>
588   17:45:31.077517 ioctl(10</dev/isp_char>, _IOC(_IOC_READ, 0x49, 0x7b, 0x04) <unfinished ...>
592   17:45:31.079395 ioctl(12</dev/akpcm_cdev1>, _IOC(_IOC_READ, 0x50, 0xe8, 0x04), 0xae299aa8) = 0 <0.000287>
586   17:45:31.081837 ioctl(10</dev/isp_char>, _IOC(_IOC_READ, 0x49, 0x70, 0x04) <unfinished ...>
592   17:45:31.092237 ioctl(12</dev/akpcm_cdev1>, _IOC(_IOC_READ, 0x50, 0xe8, 0x04), 0xae299aa8) = 0 <0.000285>
592   17:45:31.104908 ioctl(12</dev/akpcm_cdev1>, _IOC(_IOC_READ, 0x50, 0xe8, 0x04), 0xae299aa8) = 0 <0.000285>
592   17:45:31.106639 read(12</dev/akpcm_cdev1>, ""..., 2048) = 2048 <0.000312>
592   17:45:31.108604 ioctl(12</dev/akpcm_cdev1>, _IOC(_IOC_READ, 0x50, 0xe6, 0x04), 0xae299aa8) = 0 <0.000225>
592   17:45:31.111602 ioctl(12</dev/akpcm_cdev1>, _IOC(_IOC_READ, 0x50, 0xe6, 0x04), 0xae299aa8) = 0 <0.000320>
592   17:45:31.114552 ioctl(12</dev/akpcm_cdev1>, _IOC(_IOC_READ, 0x50, 0xe6, 0x04), 0xae299aa8) = 0 <0.000328>
592   17:45:31.118258 ioctl(12</dev/akpcm_cdev1>, _IOC(_IOC_READ, 0x50, 0xe8, 0x04), 0xae299aa8) = 0 <0.000318>
592   17:45:31.131525 ioctl(12</dev/akpcm_cdev1>, _IOC(_IOC_READ, 0x50, 0xe8, 0x04), 0xae299aa8) = 0 <0.000320>
592   17:45:31.144051 ioctl(12</dev/akpcm_cdev1>, _IOC(_IOC_READ, 0x50, 0xe8, 0x04), 0xae299aa8) = 0 <0.000284>
592   17:45:31.156398 ioctl(12</dev/akpcm_cdev1>, _IOC(_IOC_READ, 0x50, 0xe8, 0x04), 0xae299aa8) = 0 <0.000233>
592   17:45:31.170016 ioctl(12</dev/akpcm_cdev1>, _IOC(_IOC_READ, 0x50, 0xe8, 0x04), 0xae299aa8) = 0 <0.000383>
592   17:45:31.171972 read(12</dev/akpcm_cdev1>, ""..., 2048) = 2048 <0.000309>
592   17:45:31.173967 ioctl(12</dev/akpcm_cdev1>, _IOC(_IOC_READ, 0x50, 0xe6, 0x04), 0xae299aa8) = 0 <0.000285>
592   17:45:31.176594 ioctl(12</dev/akpcm_cdev1>, _IOC(_IOC_READ, 0x50, 0xe6, 0x04), 0xae299aa8) = 0 <0.000282>
592   17:45:31.179218 ioctl(12</dev/akpcm_cdev1>, _IOC(_IOC_READ, 0x50, 0xe6, 0x04), 0xae299aa8) = 0 <0.000282>
592   17:45:31.181926 ioctl(12</dev/akpcm_cdev1>, _IOC(_IOC_READ, 0x50, 0xe8, 0x04), 0xae299aa8) = 0 <0.000284>
590   17:45:31.191145 <... ioctl resumed> , 0xae2f991c) = 0 <0.121432>
588   17:45:31.192679 <... ioctl resumed> , 0xae35da6c) = 0 <0.114341>
592   17:45:31.194841 ioctl(12</dev/akpcm_cdev1>, _IOC(_IOC_READ, 0x50, 0xe8, 0x04), 0xae299aa8) = 0 <0.000283>
589   17:45:31.198619 ioctl(8</dev/uio0>, _IOC(_IOC_READ, 0x55, 0x65, 0x04) <unfinished ...>
586   17:45:31.200895 <... ioctl resumed> , 0x676d34) = 0 <0.118168>
589   17:45:31.203100 <... ioctl resumed> , 0xae32b504) = 0 <0.003336>
592   17:45:31.207448 ioctl(12</dev/akpcm_cdev1>, _IOC(_IOC_READ, 0x50, 0xe8, 0x04), 0xae299aa8) = 0 <0.000326>
589   17:45:31.211924 ioctl(11</dev/video0>, VIDIOC_QBUF, {type=V4L2_BUF_TYPE_VIDEO_CAPTURE, index=0, memory=V4L2_MEMORY_USERPTR, m.userptr=0xb4961000, length=1382400, bytesused=1382400, flags=0, ...}) = 0 <0.000362>
588   17:45:31.215363 select(12, [11</dev/video0>], NULL, NULL, {4, 0}) = 1 (in [11], left {3, 999953}) <0.000363>
588   17:45:31.218464 ioctl(11</dev/video0>, VIDIOC_DQBUF, {type=V4L2_BUF_TYPE_VIDEO_CAPTURE <unfinished ...>
592   17:45:31.220441 ioctl(12</dev/akpcm_cdev1>, _IOC(_IOC_READ, 0x50, 0xe8, 0x04), 0xae299aa8) = 0 <0.000325>
588   17:45:31.223232 <... ioctl resumed> , index=1, memory=V4L2_MEMORY_USERPTR, m.userptr=0xb4b94000, length=1382400, bytesused=1382400, flags=0, timestamp = {339.040000}, ...}) = 0 <0.003523>
592   17:45:31.234052 ioctl(12</dev/akpcm_cdev1>, _IOC(_IOC_READ, 0x50, 0xe8, 0x04), 0xae299aa8) = 0 <0.000255>
592   17:45:31.236257 read(12</dev/akpcm_cdev1>, ""..., 2048) = 2048 <0.000348>
592   17:45:31.238425 ioctl(12</dev/akpcm_cdev1>, _IOC(_IOC_READ, 0x50, 0xe6, 0x04), 0xae299aa8) = 0 <0.000317>
592   17:45:31.241547 ioctl(12</dev/akpcm_cdev1>, _IOC(_IOC_READ, 0x50, 0xe6, 0x04), 0xae299aa8) = 0 <0.000628>
592   17:45:31.244867 ioctl(12</dev/akpcm_cdev1>, _IOC(_IOC_READ, 0x50, 0xe6, 0x04), 0xae299aa8) = 0 <0.000287>
592   17:45:31.247458 ioctl(12</dev/akpcm_cdev1>, _IOC(_IOC_READ, 0x50, 0xe6, 0x04), 0xae299aa8) = 0 <0.000283>
592   17:45:31.250076 ioctl(12</dev/akpcm_cdev1>, _IOC(_IOC_READ, 0x50, 0xe8, 0x04), 0xae299aa8) = 0 <0.000227>
592   17:45:31.262574 ioctl(12</dev/akpcm_cdev1>, _IOC(_IOC_READ, 0x50, 0xe8, 0x04), 0xae299aa8) = 0 <0.000286>
588   17:45:31.267176 ioctl(10</dev/isp_char>, _IOC(_IOC_READ, 0x49, 0x7b, 0x04), 0xae35da6c) = 0 <0.000291>
589   17:45:31.272890 ioctl(8</dev/uio0>, _IOC(_IOC_READ, 0x55, 0x65, 0x04) <unfinished ...>
592   17:45:31.275576 ioctl(12</dev/akpcm_cdev1>, _IOC(_IOC_READ, 0x50, 0xe8, 0x04), 0xae299aa8) = 0 <0.000365>
589   17:45:31.277898 <... ioctl resumed> , 0xae32b504) = 0 <0.003950>
589   17:45:31.283969 ioctl(11</dev/video0>, VIDIOC_QBUF, {type=V4L2_BUF_TYPE_VIDEO_CAPTURE, index=1, memory=V4L2_MEMORY_USERPTR, m.userptr=0xb4b94000, length=1382400, bytesused=1382400, flags=0, ...}) = 0 <0.000321>
592   17:45:31.295217 ioctl(12</dev/akpcm_cdev1>, _IOC(_IOC_READ, 0x50, 0xe8, 0x04), 0xae299aa8) = 0 <0.000367>
592   17:45:31.297807 read(12</dev/akpcm_cdev1>, ""..., 2048) = 2048 <0.000347>
592   17:45:31.299827 ioctl(12</dev/akpcm_cdev1>, _IOC(_IOC_READ, 0x50, 0xe6, 0x04), 0xae299aa8) = 0 <0.000278>
592   17:45:31.302764 ioctl(12</dev/akpcm_cdev1>, _IOC(_IOC_READ, 0x50, 0xe6, 0x04), 0xae299aa8) = 0 <0.000282>
592   17:45:31.305392 ioctl(12</dev/akpcm_cdev1>, _IOC(_IOC_READ, 0x50, 0xe6, 0x04), 0xae299aa8) = 0 <0.000286>
592   17:45:31.307982 ioctl(12</dev/akpcm_cdev1>, _IOC(_IOC_READ, 0x50, 0xe8, 0x04), 0xae299aa8) = 0 <0.000285>
588   17:45:31.312730 select(12, [11</dev/video0>], NULL, NULL, {4, 0}) = 1 (in [11], left {3, 999952}) <0.000362>
588   17:45:31.315188 ioctl(11</dev/video0>, VIDIOC_DQBUF, {type=V4L2_BUF_TYPE_VIDEO_CAPTURE, index=2, memory=V4L2_MEMORY_USERPTR, m.userptr=0xb4dc7000, length=1382400, bytesused=1382400, flags=0, timestamp = {339.140000}, ...}) = 0 <0.000356>
592   17:45:31.320360 ioctl(12</dev/akpcm_cdev1>, _IOC(_IOC_READ, 0x50, 0xe8, 0x04), 0xae299aa8) = 0 <0.000319>
588   17:45:31.325413 ioctl(10</dev/isp_char>, _IOC(_IOC_READ, 0x49, 0x7b, 0x04), 0xae35da6c) = 0 <0.000334>
589   17:45:31.329361 ioctl(8</dev/uio0>, _IOC(_IOC_READ, 0x55, 0x65, 0x04) <unfinished ...>
592   17:45:31.333724 ioctl(12</dev/akpcm_cdev1>, _IOC(_IOC_READ, 0x50, 0xe8, 0x04), 0xae299aa8) = 0 <0.000254>
589   17:45:31.336032 <... ioctl resumed> , 0xae32b504) = 0 <0.004790>
589   17:45:31.342871 ioctl(11</dev/video0>, VIDIOC_QBUF, {type=V4L2_BUF_TYPE_VIDEO_CAPTURE, index=2, memory=V4L2_MEMORY_USERPTR, m.userptr=0xb4dc7000, length=1382400, bytesused=1382400, flags=0, ...}) = 0 <0.000319>
586   17:45:31.346305 ioctl(10</dev/isp_char>, _IOC(_IOC_READ, 0x49, 0x70, 0x04) <unfinished ...>
592   17:45:31.347905 ioctl(12</dev/akpcm_cdev1>, _IOC(_IOC_READ, 0x50, 0xe8, 0x04), 0xae299aa8) = 0 <0.000284>
586   17:45:31.349668 <... ioctl resumed> , 0x676d34) = 0 <0.002436>
592   17:45:31.360202 ioctl(12</dev/akpcm_cdev1>, _IOC(_IOC_READ, 0x50, 0xe8, 0x04), 0xae299aa8) = 0 <0.000264>
592   17:45:31.362301 read(12</dev/akpcm_cdev1>, ""..., 2048) = 2048 <0.000312>
592   17:45:31.364267 ioctl(12</dev/akpcm_cdev1>, _IOC(_IOC_READ, 0x50, 0xe6, 0x04), 0xae299aa8) = 0 <0.000286>
592   17:45:31.366988 ioctl(12</dev/akpcm_cdev1>, _IOC(_IOC_READ, 0x50, 0xe6, 0x04), 0xae299aa8) = 0 <0.000285>
592   17:45:31.369627 ioctl(12</dev/akpcm_cdev1>, _IOC(_IOC_READ, 0x50, 0xe6, 0x04), 0xae299aa8) = 0 <0.000426>
592   17:45:31.372319 ioctl(12</dev/akpcm_cdev1>, _IOC(_IOC_READ, 0x50, 0xe8, 0x04), 0xae299aa8) = 0 <0.000282>
588   17:45:31.375882 select(12, [11</dev/video0>], NULL, NULL, {4, 0}) = 1 (in [11], left {3, 999959}) <0.000325>
588   17:45:31.378083 ioctl(11</dev/video0>, VIDIOC_DQBUF, {type=V4L2_BUF_TYPE_VIDEO_CAPTURE, index=3, memory=V4L2_MEMORY_USERPTR, m.userptr=0xb4ffa000, length=1382400, bytesused=1382400, flags=0, timestamp = {339.240000}, ...}) = 0 <0.000315>
592   17:45:31.384638 ioctl(12</dev/akpcm_cdev1>, _IOC(_IOC_READ, 0x50, 0xe8, 0x04), 0xae299aa8) = 0 <0.001806>
588   17:45:31.392429 ioctl(10</dev/isp_char>, _IOC(_IOC_READ, 0x49, 0x7b, 0x04), 0xae35da6c) = 0 <0.000289>
589   17:45:31.395818 ioctl(8</dev/uio0>, _IOC(_IOC_READ, 0x55, 0x65, 0x04) <unfinished ...>
592   17:45:31.398960 ioctl(12</dev/akpcm_cdev1>, _IOC(_IOC_READ, 0x50, 0xe8, 0x04), 0xae299aa8) = 0 <0.000229>
589   17:45:31.401121 <... ioctl resumed> , 0xae32b504) = 0 <0.004336>
589   17:45:31.407131 ioctl(11</dev/video0>, VIDIOC_QBUF, {type=V4L2_BUF_TYPE_VIDEO_CAPTURE, index=3, memory=V4L2_MEMORY_USERPTR, m.userptr=0xb4ffa000, length=1382400, bytesused=1382400, flags=0, ...}) = 0 <0.000307>
588   17:45:31.410772 select(12, [11</dev/video0>], NULL, NULL, {4, 0} <unfinished ...>
592   17:45:31.413119 ioctl(12</dev/akpcm_cdev1>, _IOC(_IOC_READ, 0x50, 0xe8, 0x04), 0xae299aa8) = 0 <0.000323>
592   17:45:31.425876 ioctl(12</dev/akpcm_cdev1>, _IOC(_IOC_READ, 0x50, 0xe8, 0x04), 0xae299aa8) = 0 <0.000321>
592   17:45:31.427801 read(12</dev/akpcm_cdev1>, ""..., 2048) = 2048 <0.000347>
592   17:45:31.429979 ioctl(12</dev/akpcm_cdev1>, _IOC(_IOC_READ, 0x50, 0xe6, 0x04), 0xae299aa8) = 0 <0.000308>
592   17:45:31.433455 ioctl(12</dev/akpcm_cdev1>, _IOC(_IOC_READ, 0x50, 0xe6, 0x04), 0xae299aa8) = 0 <0.000322>
592   17:45:31.436447 ioctl(12</dev/akpcm_cdev1>, _IOC(_IOC_READ, 0x50, 0xe6, 0x04), 0xae299aa8) = 0 <0.000322>
592   17:45:31.439368 ioctl(12</dev/akpcm_cdev1>, _IOC(_IOC_READ, 0x50, 0xe8, 0x04), 0xae299aa8) = 0 <0.000458>
588   17:45:31.447244 <... select resumed> ) = 1 (in [11], left {3, 969304}) <0.034958>
588   17:45:31.448612 ioctl(11</dev/video0>, VIDIOC_DQBUF, {type=V4L2_BUF_TYPE_VIDEO_CAPTURE, index=0, memory=V4L2_MEMORY_USERPTR, m.userptr=0xb4961000, length=1382400, bytesused=1382400, flags=0, timestamp = {339.340000}, ...}) = 0 <0.000354>
592   17:45:31.452296 ioctl(12</dev/akpcm_cdev1>, _IOC(_IOC_READ, 0x50, 0xe8, 0x04), 0xae299aa8) = 0 <0.000285>
588   17:45:31.457274 ioctl(10</dev/isp_char>, _IOC(_IOC_READ, 0x49, 0x7b, 0x04), 0xae35da6c) = 0 <0.000290>
589   17:45:31.460890 ioctl(8</dev/uio0>, _IOC(_IOC_READ, 0x55, 0x65, 0x04) <unfinished ...>
586   17:45:31.463158 ioctl(10</dev/isp_char>, _IOC(_IOC_READ, 0x49, 0x70, 0x04) <unfinished ...>
592   17:45:31.465640 ioctl(12</dev/akpcm_cdev1>, _IOC(_IOC_READ, 0x50, 0xe8, 0x04), 0xae299aa8) = 0 <0.000284>
589   17:45:31.468323 <... ioctl resumed> , 0xae32b504) = 0 <0.006372>
589   17:45:31.475132 ioctl(11</dev/video0>, VIDIOC_QBUF, {type=V4L2_BUF_TYPE_VIDEO_CAPTURE, index=0, memory=V4L2_MEMORY_USERPTR, m.userptr=0xb4961000, length=1382400, bytesused=1382400, flags=0, ...}) = 0 <0.000318>
588   17:45:31.477803 select(12, [11</dev/video0>], NULL, NULL, {4, 0} <unfinished ...>
592   17:45:31.479542 ioctl(12</dev/akpcm_cdev1>, _IOC(_IOC_READ, 0x50, 0xe8, 0x04), 0xae299aa8) = 0 <0.000404>
586   17:45:31.487562 <... ioctl resumed> , 0x676d34) = 0 <0.022675>
592   17:45:31.498172 ioctl(12</dev/akpcm_cdev1>, _IOC(_IOC_READ, 0x50, 0xe8, 0x04), 0xae299aa8) = 0 <0.000286>
592   17:45:31.499911 read(12</dev/akpcm_cdev1>, ""..., 2048) = 2048 <0.000306>
592   17:45:31.502821 ioctl(12</dev/akpcm_cdev1>, _IOC(_IOC_READ, 0x50, 0xe6, 0x04), 0xae299aa8) = 0 <0.000281>
592   17:45:31.505427 ioctl(12</dev/akpcm_cdev1>, _IOC(_IOC_READ, 0x50, 0xe6, 0x04), 0xae299aa8) = 0 <0.000284>
592   17:45:31.508166 ioctl(12</dev/akpcm_cdev1>, _IOC(_IOC_READ, 0x50, 0xe6, 0x04), 0xae299aa8) = 0 <0.000282>
592   17:45:31.511262 ioctl(12</dev/akpcm_cdev1>, _IOC(_IOC_READ, 0x50, 0xe8, 0x04), 0xae299aa8) = 0 <0.000259>
586   17:45:31.523134 ioctl(10</dev/isp_char>, _IOC(_IOC_READ, 0x49, 0x70, 0x04) <unfinished ...>
592   17:45:31.525123 ioctl(12</dev/akpcm_cdev1>, _IOC(_IOC_READ, 0x50, 0xe8, 0x04), 0xae299aa8) = 0 <0.000365>
586   17:45:31.527131 <... ioctl resumed> , 0x676d34) = 0 <0.002746>
592   17:45:31.537801 ioctl(12</dev/akpcm_cdev1>, _IOC(_IOC_READ, 0x50, 0xe8, 0x04), 0xae299aa8) = 0 <0.000259>
586   17:45:31.541198 ioctl(10</dev/isp_char>, _IOC(_IOC_READ, 0x49, 0x70, 0x04), 0x676d34) = 0 <0.000352>
588   17:45:31.543308 <... select resumed> ) = 1 (in [11], left {3, 935830}) <0.064467>
588   17:45:31.544675 ioctl(11</dev/video0>, VIDIOC_DQBUF, {type=V4L2_BUF_TYPE_VIDEO_CAPTURE <unfinished ...>
592   17:45:31.553068 ioctl(12</dev/akpcm_cdev1>, _IOC(_IOC_READ, 0x50, 0xe8, 0x04), 0xae299aa8) = 0 <0.000285>
592   17:45:31.554815 read(12</dev/akpcm_cdev1>, ""..., 2048) = 2048 <0.000308>
592   17:45:31.556774 ioctl(12</dev/akpcm_cdev1>, _IOC(_IOC_READ, 0x50, 0xe6, 0x04), 0xae299aa8) = 0 <0.000283>
592   17:45:31.559419 ioctl(12</dev/akpcm_cdev1>, _IOC(_IOC_READ, 0x50, 0xe6, 0x04), 0xae299aa8) = 0 <0.000282>
592   17:45:31.562391 ioctl(12</dev/akpcm_cdev1>, _IOC(_IOC_READ, 0x50, 0xe6, 0x04), 0xae299aa8) = 0 <0.000282>
592   17:45:31.565071 ioctl(12</dev/akpcm_cdev1>, _IOC(_IOC_READ, 0x50, 0xe6, 0x04), 0xae299aa8) = 0 <0.000283>
592   17:45:31.567680 ioctl(12</dev/akpcm_cdev1>, _IOC(_IOC_READ, 0x50, 0xe8, 0x04), 0xae299aa8) = 0 <0.000285>
592   17:45:31.580006 ioctl(12</dev/akpcm_cdev1>, _IOC(_IOC_READ, 0x50, 0xe8, 0x04), 0xae299aa8) = 0 <0.000287>
588   17:45:31.582826 <... ioctl resumed> , index=1, memory=V4L2_MEMORY_USERPTR, m.userptr=0xb4b94000, length=1382400, bytesused=1382400, flags=0, timestamp = {339.440000}, ...}) = 0 <0.030403>
588   17:45:31.588316 ioctl(10</dev/isp_char>, _IOC(_IOC_READ, 0x49, 0x7b, 0x04), 0xae35da6c) = 0 <0.001134>
592   17:45:31.592464 ioctl(12</dev/akpcm_cdev1>, _IOC(_IOC_READ, 0x50, 0xe8, 0x04), 0xae299aa8) = 0 <0.000285>
589   17:45:31.594971 ioctl(8</dev/uio0>, _IOC(_IOC_READ, 0x55, 0x65, 0x04), 0xae32b504) = 0 <0.003503>
592   17:45:31.605185 ioctl(12</dev/akpcm_cdev1>, _IOC(_IOC_READ, 0x50, 0xe8, 0x04), 0xae299aa8) = 0 <0.000286>
589   17:45:31.608335 ioctl(11</dev/video0>, VIDIOC_QBUF, {type=V4L2_BUF_TYPE_VIDEO_CAPTURE, index=1, memory=V4L2_MEMORY_USERPTR, m.userptr=0xb4b94000, length=1382400, bytesused=1382400, flags=0, ...}) = 0 <0.006893>
592   17:45:31.618079 ioctl(12</dev/akpcm_cdev1>, _IOC(_IOC_READ, 0x50, 0xe8, 0x04), 0xae299aa8) = 0 <0.000322>
592   17:45:31.620011 read(12</dev/akpcm_cdev1>, ""..., 2048) = 2048 <0.000926>
592   17:45:31.627055 ioctl(12</dev/akpcm_cdev1>, _IOC(_IOC_READ, 0x50, 0xe6, 0x04), 0xae299aa8) = 0 <0.001358>
592   17:45:31.633016 ioctl(12</dev/akpcm_cdev1>, _IOC(_IOC_READ, 0x50, 0xe6, 0x04), 0xae299aa8) = 0 <0.000670>
592   17:45:31.638242 ioctl(12</dev/akpcm_cdev1>, _IOC(_IOC_READ, 0x50, 0xe6, 0x04), 0xae299aa8) = 0 <0.000803>
592   17:45:31.643535 ioctl(12</dev/akpcm_cdev1>, _IOC(_IOC_READ, 0x50, 0xe8, 0x04), 0xae299aa8) = 0 <0.000285>
588   17:45:31.647733 select(12, [11</dev/video0>], NULL, NULL, {4, 0}) = 1 (in [11], left {3, 999959}) <0.000324>
588   17:45:31.649872 ioctl(11</dev/video0>, VIDIOC_DQBUF, {type=V4L2_BUF_TYPE_VIDEO_CAPTURE, index=2, memory=V4L2_MEMORY_USERPTR, m.userptr=0xb4dc7000, length=1382400, bytesused=1382400, flags=0, timestamp = {339.540000}, ...}) = 0 <0.000314>
592   17:45:31.656240 ioctl(12</dev/akpcm_cdev1>, _IOC(_IOC_READ, 0x50, 0xe8, 0x04), 0xae299aa8) = 0 <0.000285>
588   17:45:31.658561 ioctl(10</dev/isp_char>, _IOC(_IOC_READ, 0x49, 0x7b, 0x04), 0xae35da6c) = 0 <0.000292>
589   17:45:31.662151 ioctl(8</dev/uio0>, _IOC(_IOC_READ, 0x55, 0x65, 0x04) <unfinished ...>
586   17:45:31.665685 ioctl(10</dev/isp_char>, _IOC(_IOC_READ, 0x49, 0x70, 0x04) <unfinished ...>
589   17:45:31.668073 <... ioctl resumed> , 0xae32b504) = 0 <0.004650>
592   17:45:31.669839 ioctl(12</dev/akpcm_cdev1>, _IOC(_IOC_READ, 0x50, 0xe8, 0x04), 0xae299aa8) = 0 <0.000321>
592   17:45:31.682491 ioctl(12</dev/akpcm_cdev1>, _IOC(_IOC_READ, 0x50, 0xe8, 0x04), 0xae299aa8) = 0 <0.000284>
592   17:45:31.684229 read(12</dev/akpcm_cdev1>, ""..., 2048) = 2048 <0.000306>
592   17:45:31.686214 ioctl(12</dev/akpcm_cdev1>, _IOC(_IOC_READ, 0x50, 0xe6, 0x04), 0xae299aa8) = 0 <0.000225>
592   17:45:31.689157 ioctl(12</dev/akpcm_cdev1>, _IOC(_IOC_READ, 0x50, 0xe6, 0x04), 0xae299aa8) = 0 <0.000287>
592   17:45:31.691902 ioctl(12</dev/akpcm_cdev1>, _IOC(_IOC_READ, 0x50, 0xe6, 0x04), 0xae299aa8) = 0 <0.000283>
592   17:45:31.694496 ioctl(12</dev/akpcm_cdev1>, _IOC(_IOC_READ, 0x50, 0xe8, 0x04), 0xae299aa8) = 0 <0.000283>
589   17:45:31.704316 ioctl(11</dev/video0>, VIDIOC_QBUF, {type=V4L2_BUF_TYPE_VIDEO_CAPTURE, index=2, memory=V4L2_MEMORY_USERPTR, m.userptr=0xb4dc7000, length=1382400, bytesused=1382400, flags=0, ...}) = 0 <0.000362>
592   17:45:31.706832 ioctl(12</dev/akpcm_cdev1>, _IOC(_IOC_READ, 0x50, 0xe8, 0x04), 0xae299aa8) = 0 <0.000282>
588   17:45:31.709110 select(12, [11</dev/video0>], NULL, NULL, {4, 0} <unfinished ...>
586   17:45:31.711003 <... ioctl resumed> , 0x676d34) = 0 <0.044083>
592   17:45:31.719547 ioctl(12</dev/akpcm_cdev1>, _IOC(_IOC_READ, 0x50, 0xe8, 0x04), 0xae299aa8) = 0 <0.000458>
586   17:45:31.724656 ioctl(10</dev/isp_char>, _IOC(_IOC_READ, 0x49, 0x70, 0x04), 0x676d34) = 0 <0.000813>
592   17:45:31.732256 ioctl(12</dev/akpcm_cdev1>, _IOC(_IOC_READ, 0x50, 0xe8, 0x04), 0xae299aa8) = 0 <0.000252>
592   17:45:31.745725 ioctl(12</dev/akpcm_cdev1>, _IOC(_IOC_READ, 0x50, 0xe8, 0x04), 0xae299aa8) = 0 <0.000226>
592   17:45:31.748091 read(12</dev/akpcm_cdev1>, ""..., 2048) = 2048 <0.000344>
592   17:45:31.750080 ioctl(12</dev/akpcm_cdev1>, _IOC(_IOC_READ, 0x50, 0xe6, 0x04), 0xae299aa8) = 0 <0.000226>
592   17:45:31.752845 ioctl(12</dev/akpcm_cdev1>, _IOC(_IOC_READ, 0x50, 0xe6, 0x04), 0xae299aa8) = 0 <0.000282>
592   17:45:31.755495 ioctl(12</dev/akpcm_cdev1>, _IOC(_IOC_READ, 0x50, 0xe6, 0x04), 0xae299aa8) = 0 <0.000285>
592   17:45:31.758261 ioctl(12</dev/akpcm_cdev1>, _IOC(_IOC_READ, 0x50, 0xe8, 0x04), 0xae299aa8) = 0 <0.000285>
588   17:45:31.765942 <... select resumed> ) = 1 (in [11], left {3, 965224}) <0.055784>
588   17:45:31.767356 ioctl(11</dev/video0>, VIDIOC_DQBUF, {type=V4L2_BUF_TYPE_VIDEO_CAPTURE, index=3, memory=V4L2_MEMORY_USERPTR, m.userptr=0xb4ffa000, length=1382400, bytesused=1382400, flags=0, timestamp = {339.640000}, ...}) = 0 <0.000357>
592   17:45:31.770859 ioctl(12</dev/akpcm_cdev1>, _IOC(_IOC_READ, 0x50, 0xe8, 0x04), 0xae299aa8) = 0 <0.000284>
588   17:45:31.776102 ioctl(10</dev/isp_char>, _IOC(_IOC_READ, 0x49, 0x7b, 0x04), 0xae35da6c) = 0 <0.000290>
589   17:45:31.778691 ioctl(10</dev/isp_char>, _IOC(_IOC_READ, 0x49, 0x7c, 0x04), 0xae32ba54) = 0 <0.000293>
589   17:45:31.781765 ioctl(8</dev/uio0>, _IOC(_IOC_READ, 0x55, 0x65, 0x04) <unfinished ...>
592   17:45:31.784217 ioctl(12</dev/akpcm_cdev1>, _IOC(_IOC_READ, 0x50, 0xe8, 0x04), 0xae299aa8) = 0 <0.000391>
589   17:45:31.786503 <... ioctl resumed> , 0xae32b504) = 0 <0.003154>
589   17:45:31.793513 ioctl(11</dev/video0>, VIDIOC_QBUF, {type=V4L2_BUF_TYPE_VIDEO_CAPTURE, index=3, memory=V4L2_MEMORY_USERPTR, m.userptr=0xb4ffa000, length=1382400, bytesused=1382400, flags=0, ...}) = 0 <0.000320>
592   17:45:31.797127 ioctl(12</dev/akpcm_cdev1>, _IOC(_IOC_READ, 0x50, 0xe8, 0x04), 0xae299aa8) = 0 <0.000284>
586   17:45:31.799029 ioctl(10</dev/isp_char>, _IOC(_IOC_READ, 0x49, 0x70, 0x04), 0x676d34) = 0 <0.000350>
592   17:45:31.810344 ioctl(12</dev/akpcm_cdev1>, _IOC(_IOC_READ, 0x50, 0xe8, 0x04), 0xae299aa8) = 0 <0.000475>
592   17:45:31.812879 read(12</dev/akpcm_cdev1>, ""..., 2048) = 2048 <0.000347>
592   17:45:31.815048 ioctl(12</dev/akpcm_cdev1>, _IOC(_IOC_READ, 0x50, 0xe6, 0x04), 0xae299aa8) = 0 <0.000322>
592   17:45:31.818012 ioctl(12</dev/akpcm_cdev1>, _IOC(_IOC_READ, 0x50, 0xe6, 0x04), 0xae299aa8) = 0 <0.000849>
592   17:45:31.821668 ioctl(12</dev/akpcm_cdev1>, _IOC(_IOC_READ, 0x50, 0xe6, 0x04), 0xae299aa8) = 0 <0.000322>
592   17:45:31.824669 ioctl(12</dev/akpcm_cdev1>, _IOC(_IOC_READ, 0x50, 0xe8, 0x04), 0xae299aa8) = 0 <0.000328>
588   17:45:31.833223 select(12, [11</dev/video0>], NULL, NULL, {4, 0} <unfinished ...>
586   17:45:31.836847 ioctl(10</dev/isp_char>, _IOC(_IOC_READ, 0x49, 0x70, 0x04) <unfinished ...>
592   17:45:31.838589 ioctl(12</dev/akpcm_cdev1>, _IOC(_IOC_READ, 0x50, 0xe8, 0x04), 0xae299aa8) = 0 <0.000317>
586   17:45:31.840701 <... ioctl resumed> , 0x676d34) = 0 <0.002770>
588   17:45:31.843765 <... select resumed> ) = 1 (in [11], left {3, 991323}) <0.009424>
588   17:45:31.845174 ioctl(11</dev/video0>, VIDIOC_DQBUF, {type=V4L2_BUF_TYPE_VIDEO_CAPTURE, index=0, memory=V4L2_MEMORY_USERPTR, m.userptr=0xb4961000, length=1382400, bytesused=1382400, flags=0, timestamp = {339.740000}, ...}) = 0 <0.000314>
592   17:45:31.851282 ioctl(12</dev/akpcm_cdev1>, _IOC(_IOC_READ, 0x50, 0xe8, 0x04), 0xae299aa8) = 0 <0.000284>
588   17:45:31.854032 ioctl(10</dev/isp_char>, _IOC(_IOC_READ, 0x49, 0x7b, 0x04), 0xae35da6c) = 0 <0.000290>
589   17:45:31.858168 ioctl(8</dev/uio0>, _IOC(_IOC_READ, 0x55, 0x65, 0x04) <unfinished ...>
586   17:45:31.861576 ioctl(10</dev/isp_char>, _IOC(_IOC_READ, 0x49, 0x70, 0x04) <unfinished ...>
592   17:45:31.863608 ioctl(12</dev/akpcm_cdev1>, _IOC(_IOC_READ, 0x50, 0xe8, 0x04), 0xae299aa8) = 0 <0.000284>
589   17:45:31.865321 <... ioctl resumed> , 0xae32b504) = 0 <0.006093>
592   17:45:31.876185 ioctl(12</dev/akpcm_cdev1>, _IOC(_IOC_READ, 0x50, 0xe8, 0x04), 0xae299aa8) = 0 <0.000276>
592   17:45:31.878304 read(12</dev/akpcm_cdev1>, ""..., 2048) = 2048 <0.000313>
592   17:45:31.880274 ioctl(12</dev/akpcm_cdev1>, _IOC(_IOC_READ, 0x50, 0xe6, 0x04), 0xae299aa8) = 0 <0.000285>
592   17:45:31.883073 ioctl(12</dev/akpcm_cdev1>, _IOC(_IOC_READ, 0x50, 0xe6, 0x04), 0xae299aa8) = 0 <0.000285>
592   17:45:31.885704 ioctl(12</dev/akpcm_cdev1>, _IOC(_IOC_READ, 0x50, 0xe6, 0x04), 0xae299aa8) = 0 <0.000287>
592   17:45:31.888333 ioctl(12</dev/akpcm_cdev1>, _IOC(_IOC_READ, 0x50, 0xe6, 0x04), 0xae299aa8) = 0 <0.000283>
592   17:45:31.891059 ioctl(12</dev/akpcm_cdev1>, _IOC(_IOC_READ, 0x50, 0xe8, 0x04), 0xae299aa8) = 0 <0.000286>
592   17:45:31.903734 ioctl(12</dev/akpcm_cdev1>, _IOC(_IOC_READ, 0x50, 0xe8, 0x04), 0xae299aa8) = 0 <0.000288>
589   17:45:31.906609 ioctl(11</dev/video0>, VIDIOC_QBUF, {type=V4L2_BUF_TYPE_VIDEO_CAPTURE, index=0, memory=V4L2_MEMORY_USERPTR, m.userptr=0xb4961000, length=1382400, bytesused=1382400, flags=0, ...}) = 0 <0.002047>
588   17:45:31.911379 select(12, [11</dev/video0>], NULL, NULL, {4, 0} <unfinished ...>
586   17:45:31.913361 <... ioctl resumed> , 0x676d34) = 0 <0.050536>
592   17:45:31.916356 ioctl(12</dev/akpcm_cdev1>, _IOC(_IOC_READ, 0x50, 0xe8, 0x04), 0xae299aa8) = 0 <0.001003>
592   17:45:31.930203 ioctl(12</dev/akpcm_cdev1>, _IOC(_IOC_READ, 0x50, 0xe8, 0x04), 0xae299aa8) = 0 <0.000344>
592   17:45:31.939161 read(12</dev/akpcm_cdev1>, ""..., 2048) = 2048 <0.000348>
592   17:45:31.941514 ioctl(12</dev/akpcm_cdev1>, _IOC(_IOC_READ, 0x50, 0xe6, 0x04), 0xae299aa8) = 0 <0.000338>
592   17:45:31.944830 ioctl(12</dev/akpcm_cdev1>, _IOC(_IOC_READ, 0x50, 0xe6, 0x04), 0xae299aa8) = 0 <0.000283>
592   17:45:31.947469 ioctl(12</dev/akpcm_cdev1>, _IOC(_IOC_READ, 0x50, 0xe6, 0x04), 0xae299aa8) = 0 <0.000283>
592   17:45:31.950025 ioctl(12</dev/akpcm_cdev1>, _IOC(_IOC_READ, 0x50, 0xe8, 0x04), 0xae299aa8) = 0 <0.000285>
588   17:45:31.952626 <... select resumed> ) = 1 (in [11], left {3, 969453}) <0.040130>
588   17:45:31.954040 ioctl(11</dev/video0>, VIDIOC_DQBUF, {type=V4L2_BUF_TYPE_VIDEO_CAPTURE, index=1, memory=V4L2_MEMORY_USERPTR, m.userptr=0xb4b94000, length=1382400, bytesused=1382400, flags=0, timestamp = {339.840000}, ...}) = 0 <0.000315>
588   17:45:31.961359 ioctl(10</dev/isp_char>, _IOC(_IOC_READ, 0x49, 0x7b, 0x04) <unfinished ...>
592   17:45:31.963168 ioctl(12</dev/akpcm_cdev1>, _IOC(_IOC_READ, 0x50, 0xe8, 0x04), 0xae299aa8) = 0 <0.000283>
588   17:45:31.964876 <... ioctl resumed> , 0xae35da6c) = 0 <0.002335>
589   17:45:31.967806 ioctl(8</dev/uio0>, _IOC(_IOC_READ, 0x55, 0x65, 0x04) <unfinished ...>
586   17:45:31.971329 ioctl(10</dev/isp_char>, _IOC(_IOC_READ, 0x49, 0x70, 0x04) <unfinished ...>
589   17:45:31.973343 <... ioctl resumed> , 0xae32b504) = 0 <0.004372>
592   17:45:31.975817 ioctl(12</dev/akpcm_cdev1>, _IOC(_IOC_READ, 0x50, 0xe8, 0x04), 0xae299aa8) = 0 <0.000285>
589   17:45:31.982139 ioctl(11</dev/video0>, VIDIOC_QBUF, {type=V4L2_BUF_TYPE_VIDEO_CAPTURE, index=1, memory=V4L2_MEMORY_USERPTR, m.userptr=0xb4b94000, length=1382400, bytesused=1382400, flags=0, ...}) = 0 <0.000359>
588   17:45:31.984646 select(12, [11</dev/video0>], NULL, NULL, {4, 0} <unfinished ...>
586   17:45:31.986412 <... ioctl resumed> , 0x676d34) = 0 <0.013878>
592   17:45:31.988153 ioctl(12</dev/akpcm_cdev1>, _IOC(_IOC_READ, 0x50, 0xe8, 0x04), 0xae299aa8) = 0 <0.000284>
592   17:45:32.002763 ioctl(12</dev/akpcm_cdev1>, _IOC(_IOC_READ, 0x50, 0xe8, 0x04), 0xae299aa8) = 0 <0.000282>
592   17:45:32.004491 read(12</dev/akpcm_cdev1>, ""..., 2048) = 2048 <0.000308>
592   17:45:32.006475 ioctl(12</dev/akpcm_cdev1>, _IOC(_IOC_READ, 0x50, 0xe6, 0x04), 0xae299aa8) = 0 <0.000322>
592   17:45:32.009114 ioctl(12</dev/akpcm_cdev1>, _IOC(_IOC_READ, 0x50, 0xe6, 0x04), 0xae299aa8) = 0 <0.000279>
592   17:45:32.012553 ioctl(12</dev/akpcm_cdev1>, _IOC(_IOC_READ, 0x50, 0xe6, 0x04), 0xae299aa8) = 0 <0.000319>
592   17:45:32.015688 ioctl(12</dev/akpcm_cdev1>, _IOC(_IOC_READ, 0x50, 0xe8, 0x04), 0xae299aa8) = 0 <0.000320>
592   17:45:32.028795 ioctl(12</dev/akpcm_cdev1>, _IOC(_IOC_READ, 0x50, 0xe8, 0x04), 0xae299aa8) = 0 <0.003351>
590   17:45:32.033998 ioctl(10</dev/isp_char>, _IOC(_IOC_WRITE, 0x49, 0x6d, 0x04) <unfinished ...>
586   17:45:32.036107 ioctl(10</dev/isp_char>, _IOC(_IOC_READ, 0x49, 0x70, 0x04), 0x676d34) = 0 <0.000533>
588   17:45:32.043590 <... select resumed> ) = 1 (in [11], left {3, 942604}) <0.057939>
592   17:45:32.045500 ioctl(12</dev/akpcm_cdev1>, _IOC(_IOC_READ, 0x50, 0xe8, 0x04), 0xae299aa8) = 0 <0.000323>
588   17:45:32.047645 ioctl(11</dev/video0>, VIDIOC_DQBUF, {type=V4L2_BUF_TYPE_VIDEO_CAPTURE, index=2, memory=V4L2_MEMORY_USERPTR, m.userptr=0xb4dc7000, length=1382400, bytesused=1382400, flags=0, timestamp = {339.940000}, ...}) = 0 <0.000251>
588   17:45:32.054687 ioctl(10</dev/isp_char>, _IOC(_IOC_READ, 0x49, 0x7b, 0x04) <unfinished ...>
586   17:45:32.056635 ioctl(10</dev/isp_char>, _IOC(_IOC_READ, 0x49, 0x70, 0x04) <unfinished ...>
592   17:45:32.058311 ioctl(12</dev/akpcm_cdev1>, _IOC(_IOC_READ, 0x50, 0xe8, 0x04), 0xae299aa8) = 0 <0.000226>
592   17:45:32.066774 read(12</dev/akpcm_cdev1>, ""..., 2048) = 2048 <0.000308>
592   17:45:32.068770 ioctl(12</dev/akpcm_cdev1>, _IOC(_IOC_READ, 0x50, 0xe6, 0x04), 0xae299aa8) = 0 <0.000282>
592   17:45:32.071509 ioctl(12</dev/akpcm_cdev1>, _IOC(_IOC_READ, 0x50, 0xe6, 0x04), 0xae299aa8) = 0 <0.000281>
592   17:45:32.074145 ioctl(12</dev/akpcm_cdev1>, _IOC(_IOC_READ, 0x50, 0xe6, 0x04), 0xae299aa8) = 0 <0.000275>
592   17:45:32.077077 ioctl(12</dev/akpcm_cdev1>, _IOC(_IOC_READ, 0x50, 0xe8, 0x04), 0xae299aa8) = 0 <0.000283>
