516   00:05:08.686019 +++ exited with 0 +++
515   00:05:08.688913 --- SIGCHLD {si_signo=SIGCHLD, si_code=CLD_EXITED, si_pid=516, si_uid=0, si_status=0, ...} ---
517   00:05:10.688755 +++ exited with 0 +++
520   00:05:11.652777 +++ exited with 0 +++
519   00:05:11.654143 --- SIGCHLD {si_signo=SIGCHLD, si_code=CLD_EXITED, si_pid=520, si_uid=0, si_status=0, ...} ---
519   00:05:11.656435 +++ exited with 0 +++
518   00:05:11.657356 --- SIGCHLD {si_signo=SIGCHLD, si_code=CLD_EXITED, si_pid=519, si_uid=0, si_status=0, ...} ---
515   00:05:11.791026 open("/dev/ion", O_RDONLY) = 5</dev/ion> <0.000309>
515   00:05:11.804533 ioctl(5</dev/ion>, ION_IOC_ALLOC, 0x69c134) = 0 <0.000363>
515   00:05:11.807723 ioctl(5</dev/ion>, ION_IOC_MAP, 0x69c148) = 0 <0.000311>
515   00:05:11.817687 open("/dev/uio0", O_RDWR) = 8</dev/uio0> <0.000406>
515   00:05:11.822880 open("/dev/isp_char", O_RDWR) = 10</dev/isp_char> <0.000708>
515   00:05:11.826707 open("/dev/video0", O_RDWR|O_NONBLOCK) = 11</dev/video0> <0.066463>
515   00:05:11.895280 ioctl(10</dev/isp_char>, _IOC(_IOC_WRITE, 0x49, 0x02, 0x04), 0x6b8754) = 0 <0.000329>
515   00:05:11.897216 ioctl(10</dev/isp_char>, _IOC(_IOC_WRITE, 0x49, 0x04, 0x04), 0x6b880e) = 0 <0.000314>
515   00:05:11.898947 ioctl(10</dev/isp_char>, _IOC(_IOC_WRITE, 0x49, 0x0a, 0x04), 0x6b88ce) = 0 <0.000460>
515   00:05:11.900821 ioctl(10</dev/isp_char>, _IOC(_IOC_WRITE, 0x49, 0x0c, 0x04), 0x6b8c3a) = 0 <0.000327>
515   00:05:11.902554 ioctl(10</dev/isp_char>, _IOC(_IOC_WRITE, 0x49, 0x2b, 0x04), 0x6b9330) = 0 <0.000297>
515   00:05:11.904282 ioctl(10</dev/isp_char>, _IOC(_IOC_WRITE, 0x49, 0x2f, 0x04), 0x6b9516) = 0 <0.000307>
515   00:05:11.906006 ioctl(10</dev/isp_char>, _IOC(_IOC_WRITE, 0x49, 0x06, 0x04), 0x6b9956) = 0 <0.000289>
515   00:05:11.907711 ioctl(10</dev/isp_char>, _IOC(_IOC_WRITE, 0x49, 0x0e, 0x04), 0x6b99ac) = 0 <0.000293>
515   00:05:11.909422 ioctl(10</dev/isp_char>, _IOC(_IOC_WRITE, 0x49, 0x1a, 0x04), 0x6b99c2) = 0 <0.000278>
515   00:05:11.911271 ioctl(10</dev/isp_char>, _IOC(_IOC_WRITE, 0x49, 0x12, 0x04), 0x6b9d2e) = 0 <0.000289>
515   00:05:11.913002 ioctl(10</dev/isp_char>, _IOC(_IOC_WRITE, 0x49, 0x36, 0x04), 0x6b9db6) = 0 <0.000288>
515   00:05:11.914700 ioctl(10</dev/isp_char>, _IOC(_IOC_WRITE, 0x49, 0x1b, 0x04), 0x6b9e20) = 0 <0.000535>
515   00:05:11.916879 ioctl(10</dev/isp_char>, _IOC(_IOC_WRITE, 0x49, 0x25, 0x04), 0x6bc50e) = 0 <0.000530>
515   00:05:11.918823 ioctl(10</dev/isp_char>, _IOC(_IOC_WRITE, 0x49, 0x27, 0x04), 0x6bf044) = 0 <0.000291>
515   00:05:11.920654 ioctl(10</dev/isp_char>, _IOC(_IOC_WRITE, 0x49, 0x3b, 0x04), 0x6bf066) = 0 <0.000293>
515   00:05:11.922394 ioctl(10</dev/isp_char>, _IOC(_IOC_WRITE, 0x49, 0x39, 0x04), 0x6bf134) = 0 <0.000290>
515   00:05:11.924098 ioctl(10</dev/isp_char>, _IOC(_IOC_WRITE, 0x49, 0x3f, 0x04), 0x6bf174) = 0 <0.000286>
515   00:05:11.925795 ioctl(10</dev/isp_char>, _IOC(_IOC_WRITE, 0x49, 0x41, 0x04), 0x6bf17a) = 0 <0.000292>
515   00:05:11.927502 ioctl(10</dev/isp_char>, _IOC(_IOC_WRITE, 0x49, 0x10, 0x04), 0x6bf188) = 0 <0.000290>
515   00:05:11.929218 ioctl(10</dev/isp_char>, _IOC(_IOC_WRITE, 0x49, 0x5e, 0x04), 0x6c01e4) = 0 <0.000425>
515   00:05:11.931079 ioctl(10</dev/isp_char>, _IOC(_IOC_WRITE, 0x49, 0x60, 0x04), 0x6c02e8) = 0 <0.000291>
515   00:05:11.932783 ioctl(10</dev/isp_char>, _IOC(_IOC_WRITE, 0x49, 0x53, 0x04), 0x6c0316) = 0 <0.000286>
515   00:05:11.934484 ioctl(10</dev/isp_char>, _IOC(_IOC_WRITE, 0x49, 0x63, 0x04), 0x6c0318) = 0 <0.000286>
515   00:05:11.936184 ioctl(10</dev/isp_char>, _IOC(_IOC_WRITE, 0x49, 0x55, 0x04), 0x6c0324) = 0 <0.000288>
515   00:05:11.937909 ioctl(10</dev/isp_char>, _IOC(_IOC_WRITE, 0x49, 0x73, 0x04), 0x6c03de) = 0 <0.000292>
515   00:05:11.939607 ioctl(10</dev/isp_char>, _IOC(_IOC_WRITE, 0x49, 0x43, 0x04), 0x6c0526) = 0 <0.000226>
515   00:05:11.941447 ioctl(10</dev/isp_char>, _IOC(_IOC_WRITE, 0x49, 0x46, 0x04), 0x6c0528) = 0 <0.000283>
515   00:05:11.943137 ioctl(10</dev/isp_char>, _IOC(_IOC_WRITE, 0x49, 0x49, 0x04), 0x6c052a) = 0 <0.000282>
515   00:05:11.944835 ioctl(10</dev/isp_char>, _IOC(_IOC_WRITE, 0x49, 0x4c, 0x04), 0x6c052c) = 0 <0.000288>
515   00:05:11.946613 ioctl(10</dev/isp_char>, _IOC(_IOC_WRITE, 0x49, 0x4e, 0x04), 0x6c052e) = 0 <0.000285>
515   00:05:11.948315 ioctl(10</dev/isp_char>, _IOC(_IOC_WRITE, 0x49, 0x50, 0x04), 0x6c0546) = 0 <0.000294>
515   00:05:11.950161 ioctl(10</dev/isp_char>, _IOC(_IOC_READ, 0x49, 0x4f, 0x04), 0xbe975940) = 0 <0.000284>
515   00:05:11.980612 ioctl(10</dev/isp_char>, _IOC(_IOC_WRITE, 0x49, 0x7a, 0x04), 0xbe975914) = 0 <0.006980>
515   00:05:11.996890 ioctl(10</dev/isp_char>, _IOC(_IOC_WRITE, 0x49, 0x6e, 0x04), 0x6c0616) = 0 <0.000277>
515   00:05:11.998613 ioctl(10</dev/isp_char>, _IOC(_IOC_WRITE, 0x49, 0x75, 0x04), 0x6c0634) = 0 <0.000301>
515   00:05:12.000461 ioctl(10</dev/isp_char>, _IOC(_IOC_WRITE, 0x49, 0x77, 0x04), 0x6c0766) = 0 <0.000306>
515   00:05:12.002182 ioctl(10</dev/isp_char>, _IOC(_IOC_WRITE, 0x49, 0x69, 0x04), 0xbe975998) = 0 <0.035934>
515   00:05:12.061940 ioctl(11</dev/video0>, VIDIOC_CROPCAP, type=V4L2_BUF_TYPE_VIDEO_CAPTURE, bounds={left=0, top=0, width=1280, height=720}, defrect={left=0, top=0, width=1280, height=720}, pixelaspect=1/1) = 0 <0.000298>
515   00:05:12.069179 ioctl(10</dev/isp_char>, _IOC(_IOC_WRITE, 0x49, 0x67, 0x04), 0xbe9759a8) = 0 <0.000442>
515   00:05:12.071047 ioctl(10</dev/isp_char>, _IOC(_IOC_READ, 0x49, 0x56, 0x04), 0xbe975900) = 0 <0.000286>
515   00:05:12.079221 ioctl(10</dev/isp_char>, _IOC(_IOC_WRITE, 0x49, 0x55, 0x04), 0xbe975900) = 0 <0.000401>
515   00:05:12.082957 ioctl(10</dev/isp_char>, _IOC(_IOC_READ, 0x49, 0x4f, 0x04), 0xbe975990) = 0 <0.000286>
515   00:05:12.121461 ioctl(10</dev/isp_char>, _IOC(_IOC_WRITE, 0x49, 0x7a, 0x04), 0xbe975964) = 0 <0.003839>
515   00:05:12.134532 ioctl(11</dev/video0>, VIDIOC_QUERYCAP, {driver="ak_camera", card="AK_Camera", bus_info="", version=3.4.35, capabilities=V4L2_CAP_VIDEO_CAPTURE|V4L2_CAP_STREAMING, device_caps=0}) = 0 <0.000292>
515   00:05:12.136529 ioctl(11</dev/video0>, VIDIOC_CROPCAP, type=V4L2_BUF_TYPE_VIDEO_CAPTURE, bounds={left=0, top=0, width=1280, height=720}, defrect={left=0, top=0, width=1280, height=720}, pixelaspect=1/1) = 0 <0.000296>
515   00:05:12.138325 ioctl(11</dev/video0>, VIDIOC_S_CROP, 0xbe975934) = 0 <0.000319>
515   00:05:12.146658 ioctl(11</dev/video0>, VIDIOC_S_FMT, {type=V4L2_BUF_TYPE_VIDEO_CAPTURE, fmt.pix={width=1280, height=720, pixelformat=v4l2_fourcc('Y', 'U', 'Y', 'V'), field=V4L2_FIELD_INTERLACED, bytesperline=0, sizeimage=0, colorspace=0 /* V4L2_COLORSPACE_??? */} => fmt.pix={width=1280, height=720, pixelformat=v4l2_fourcc('Y', 'U', 'Y', 'V'), field=V4L2_FIELD_INTERLACED, bytesperline=2560, sizeimage=1843200, colorspace=0 /* V4L2_COLORSPACE_??? */}}) = 0 <0.000328>
515   00:05:12.148725 ioctl(11</dev/video0>, VIDIOC_S_PARM, {type=V4L2_BUF_TYPE_VIDEO_CAPTURE, {capability=0x1 /* V4L2_CAP_??? */, capturemode=0x280 /* V4L2_MODE_??? */, timeperframe=360/0, extendedmode=0, readbuffers=0} => {capability=0x1 /* V4L2_CAP_??? */, capturemode=0x280 /* V4L2_MODE_??? */, timeperframe=360/0, extendedmode=0, readbuffers=0}}) = 0 <0.007759>
515   00:05:12.167076 ioctl(10</dev/isp_char>, _IOC(_IOC_WRITE, 0x49, 0x7a, 0x04), 0xbe9759e4) = 0 <0.001823>
515   00:05:12.170447 ioctl(10</dev/isp_char>, _IOC(_IOC_READ, 0x49, 0x7b, 0x04), 0xbe9759dc) = 0 <0.000278>
515   00:05:12.206691 ioctl(10</dev/isp_char>, _IOC(_IOC_WRITE, 0x49, 0x6d, 0x04), 0xbe975954) = 0 <0.000305>
515   00:05:12.232809 open("/dev/akpcm_cdev1", O_RDONLY) = 12</dev/akpcm_cdev1> <0.000511>
515   00:05:12.251897 ioctl(12</dev/akpcm_cdev1>, SNDCTL_DSP_SETTRIGGER, 0xbe9759cc) = 0 <0.000426>
515   00:05:12.253770 ioctl(12</dev/akpcm_cdev1>, _IOC(_IOC_WRITE, 0x50, 0x70, 0x04), 0xbe9759cc) = 0 <0.000336>
515   00:05:12.271779 ioctl(12</dev/akpcm_cdev1>, _IOC(_IOC_WRITE, 0x50, 0x30, 0x04), 0xbe9759dc) = 0 <0.000334>
515   00:05:12.663787 ioctl(12</dev/akpcm_cdev1>, _IOC(0, 0x50, 0xe3, 0x00), 0xbe9759dc) = 0 <0.000362>
515   00:05:12.757933 ioctl(12</dev/akpcm_cdev1>, _IOC(_IOC_WRITE, 0x50, 0x88, 0x04), 0xbe9758f8) = 0 <0.025420>
521   00:05:15.097971 ioctl(10</dev/isp_char>, _IOC(_IOC_READ, 0x49, 0x56, 0x04), 0xb45dba10) = 0 <0.000300>
521   00:05:15.322176 ioctl(10</dev/isp_char>, _IOC(_IOC_WRITE, 0x49, 0x55, 0x04), 0xb45dba10) = 0 <0.002060>
521   00:05:15.331087 ioctl(10</dev/isp_char>, _IOC(_IOC_READ, 0x49, 0x52, 0x04), 0xb45dba10) = 0 <0.002786>
521   00:05:15.438173 ioctl(10</dev/isp_char>, _IOC(_IOC_READ, 0x49, 0x52, 0x04), 0xb45dba10) = 0 <0.000283>
521   00:05:15.540640 ioctl(10</dev/isp_char>, _IOC(_IOC_READ, 0x49, 0x52, 0x04), 0xb45dba10) = 0 <0.000291>
521   00:05:15.643062 ioctl(10</dev/isp_char>, _IOC(_IOC_READ, 0x49, 0x52, 0x04), 0xb45dba10) = 0 <0.000282>
521   00:05:15.745576 ioctl(10</dev/isp_char>, _IOC(_IOC_READ, 0x49, 0x52, 0x04), 0xb45dba10) = 0 <0.000317>
521   00:05:15.847975 ioctl(10</dev/isp_char>, _IOC(_IOC_READ, 0x49, 0x52, 0x04), 0xb45dba10) = 0 <0.000318>
521   00:05:15.950441 ioctl(10</dev/isp_char>, _IOC(_IOC_READ, 0x49, 0x52, 0x04), 0xb45dba10) = 0 <0.000317>
521   00:05:16.052796 ioctl(10</dev/isp_char>, _IOC(_IOC_READ, 0x49, 0x52, 0x04), 0xb45dba10) = 0 <0.000289>
521   00:05:16.155138 ioctl(10</dev/isp_char>, _IOC(_IOC_READ, 0x49, 0x52, 0x04), 0xb45dba10) = 0 <0.000292>
521   00:05:16.257462 ioctl(10</dev/isp_char>, _IOC(_IOC_READ, 0x49, 0x52, 0x04), 0xb45dba10) = 0 <0.000285>
521   00:05:16.649774 ioctl(10</dev/isp_char>, _IOC(_IOC_READ, 0x49, 0x52, 0x04), 0xb45dba10) = 0 <0.000281>
521   00:05:16.755489 ioctl(10</dev/isp_char>, _IOC(_IOC_READ, 0x49, 0x52, 0x04), 0xb45dba10) = 0 <0.000289>
521   00:05:16.858058 ioctl(10</dev/isp_char>, _IOC(_IOC_READ, 0x49, 0x52, 0x04), 0xb45dba10) = 0 <0.000321>
521   00:05:16.962365 ioctl(10</dev/isp_char>, _IOC(_IOC_READ, 0x49, 0x52, 0x04), 0xb45dba10) = 0 <0.000638>
521   00:05:17.065402 ioctl(10</dev/isp_char>, _IOC(_IOC_READ, 0x49, 0x52, 0x04), 0xb45dba10) = 0 <0.000284>
521   00:05:17.167663 ioctl(10</dev/isp_char>, _IOC(_IOC_READ, 0x49, 0x52, 0x04), 0xb45dba10) = 0 <0.000284>
521   00:05:17.269996 ioctl(10</dev/isp_char>, _IOC(_IOC_READ, 0x49, 0x52, 0x04), 0xb45dba10) = 0 <0.000287>
521   00:05:17.372457 ioctl(10</dev/isp_char>, _IOC(_IOC_READ, 0x49, 0x52, 0x04), 0xb45dba10) = 0 <0.000288>
521   00:05:17.474794 ioctl(10</dev/isp_char>, _IOC(_IOC_READ, 0x49, 0x52, 0x04), 0xb45dba10) = 0 <0.000287>
521   00:05:17.577137 ioctl(10</dev/isp_char>, _IOC(_IOC_READ, 0x49, 0x52, 0x04), 0xb45dba10) = 0 <0.000284>
521   00:05:17.679487 ioctl(10</dev/isp_char>, _IOC(_IOC_READ, 0x49, 0x52, 0x04), 0xb45dba10) = 0 <0.000282>
521   00:05:17.781967 ioctl(10</dev/isp_char>, _IOC(_IOC_READ, 0x49, 0x52, 0x04), 0xb45dba10) = 0 <0.000283>
521   00:05:17.884275 ioctl(10</dev/isp_char>, _IOC(_IOC_READ, 0x49, 0x52, 0x04), 0xb45dba10) = 0 <0.000284>
521   00:05:17.986623 ioctl(10</dev/isp_char>, _IOC(_IOC_READ, 0x49, 0x52, 0x04), 0xb45dba10) = 0 <0.000284>
521   00:05:18.088941 ioctl(10</dev/isp_char>, _IOC(_IOC_READ, 0x49, 0x52, 0x04), 0xb45dba10) = 0 <0.000284>
521   00:05:18.191374 ioctl(10</dev/isp_char>, _IOC(_IOC_READ, 0x49, 0x52, 0x04), 0xb45dba10) = 0 <0.000285>
521   00:05:18.293722 ioctl(10</dev/isp_char>, _IOC(_IOC_READ, 0x49, 0x52, 0x04), 0xb45dba10) = 0 <0.000288>
521   00:05:18.396066 ioctl(10</dev/isp_char>, _IOC(_IOC_READ, 0x49, 0x52, 0x04), 0xb45dba10) = 0 <0.000283>
521   00:05:18.498382 ioctl(10</dev/isp_char>, _IOC(_IOC_READ, 0x49, 0x52, 0x04), 0xb45dba10) = 0 <0.000286>
521   00:05:18.600750 ioctl(10</dev/isp_char>, _IOC(_IOC_READ, 0x49, 0x52, 0x04), 0xb45dba10) = 0 <0.000284>
521   00:05:18.703730 ioctl(10</dev/isp_char>, _IOC(_IOC_READ, 0x49, 0x52, 0x04), 0xb45dba10) = 0 <0.000328>
521   00:05:18.806219 ioctl(10</dev/isp_char>, _IOC(_IOC_READ, 0x49, 0x52, 0x04), 0xb45dba10) = 0 <0.000290>
521   00:05:18.908504 ioctl(10</dev/isp_char>, _IOC(_IOC_READ, 0x49, 0x52, 0x04), 0xb45dba10) = 0 <0.000293>
521   00:05:19.010966 ioctl(10</dev/isp_char>, _IOC(_IOC_READ, 0x49, 0x52, 0x04), 0xb45dba10) = 0 <0.000291>
521   00:05:19.113268 ioctl(10</dev/isp_char>, _IOC(_IOC_READ, 0x49, 0x52, 0x04), 0xb45dba10) = 0 <0.000289>
521   00:05:19.215559 ioctl(10</dev/isp_char>, _IOC(_IOC_READ, 0x49, 0x52, 0x04), 0xb45dba10) = 0 <0.000289>
521   00:05:19.317880 ioctl(10</dev/isp_char>, _IOC(_IOC_READ, 0x49, 0x52, 0x04), 0xb45dba10) = 0 <0.000292>
521   00:05:19.420395 ioctl(10</dev/isp_char>, _IOC(_IOC_READ, 0x49, 0x52, 0x04), 0xb45dba10) = 0 <0.000288>
521   00:05:19.522707 ioctl(10</dev/isp_char>, _IOC(_IOC_READ, 0x49, 0x52, 0x04), 0xb45dba10) = 0 <0.000289>
521   00:05:19.625258 ioctl(10</dev/isp_char>, _IOC(_IOC_READ, 0x49, 0x52, 0x04), 0xb45dba10) = 0 <0.000287>
521   00:05:19.745645 ioctl(10</dev/isp_char>, _IOC(_IOC_READ, 0x49, 0x52, 0x04), 0xb45dba10) = 0 <0.000293>
529   00:05:19.751188 close(5</dev/ion>) = 0 <0.000265>
529   00:05:19.755519 close(8</dev/uio0>) = 0 <0.000271>
529   00:05:19.758655 close(10</dev/isp_char>) = 0 <0.000270>
529   00:05:19.760829 close(11</dev/video0>) = 0 <0.000269>
529   00:05:19.762883 close(12</dev/akpcm_cdev1>) = 0 <0.000270>
521   00:05:20.893767 ioctl(10</dev/isp_char>, _IOC(_IOC_READ, 0x49, 0x52, 0x04), 0xb45dba10) = 0 <0.002839>
530   00:05:20.921493 close(5</dev/ion>) = 0 <0.000415>
530   00:05:20.936217 close(8</dev/uio0>) = 0 <0.000282>
530   00:05:20.939311 close(10</dev/isp_char>) = 0 <0.000534>
530   00:05:20.950186 close(11</dev/video0>) = 0 <0.000618>
530   00:05:20.954782 close(12</dev/akpcm_cdev1>) = 0 <0.000212>
531   00:05:21.493996 +++ exited with 0 +++
529   00:05:22.449567 --- SIGCHLD {si_signo=SIGCHLD, si_code=CLD_EXITED, si_pid=531, si_uid=0, si_status=0, ...} ---
529   00:05:22.452105 +++ exited with 0 +++
528   00:05:22.453033 --- SIGCHLD {si_signo=SIGCHLD, si_code=CLD_EXITED, si_pid=529, si_uid=0, si_status=0, ...} ---
521   00:05:22.496300 ioctl(10</dev/isp_char>, _IOC(_IOC_READ, 0x49, 0x52, 0x04), 0xb45dba10) = 0 <0.000614>
534   00:05:22.800864 +++ exited with 0 +++
533   00:05:22.804331 --- SIGCHLD {si_signo=SIGCHLD, si_code=CLD_EXITED, si_pid=534, si_uid=0, si_status=0, ...} ---
533   00:05:22.823867 +++ exited with 0 +++
525   00:05:22.824812 --- SIGCHLD {si_signo=SIGCHLD, si_code=CLD_EXITED, si_pid=533, si_uid=0, si_status=0, si_utime=1, si_stime=5} ---
521   00:05:22.834690 ioctl(10</dev/isp_char>, _IOC(_IOC_READ, 0x49, 0x52, 0x04), 0xb45dba10) = 0 <0.000301>
532   00:05:22.980255 +++ exited with 0 +++
530   00:05:22.981431 --- SIGCHLD {si_signo=SIGCHLD, si_code=CLD_EXITED, si_pid=532, si_uid=0, si_status=0, ...} ---
530   00:05:23.003857 +++ exited with 0 +++
522   00:05:23.028246 --- SIGCHLD {si_signo=SIGCHLD, si_code=CLD_EXITED, si_pid=530, si_uid=0, si_status=0, ...} ---
521   00:05:23.033696 ioctl(10</dev/isp_char>, _IOC(_IOC_READ, 0x49, 0x52, 0x04), 0xb45dba10) = 0 <0.006124>
521   00:05:23.213755 ioctl(10</dev/isp_char>, _IOC(_IOC_READ, 0x49, 0x52, 0x04), 0xb45dba10) = 0 <0.000298>
521   00:05:23.316080 ioctl(10</dev/isp_char>, _IOC(_IOC_READ, 0x49, 0x52, 0x04), 0xb45dba10) = 0 <0.000599>
521   00:05:23.420698 ioctl(10</dev/isp_char>, _IOC(_IOC_READ, 0x49, 0x52, 0x04), 0xb45dba10) = 0 <0.000336>
521   00:05:23.523902 ioctl(10</dev/isp_char>, _IOC(_IOC_READ, 0x49, 0x52, 0x04), 0xb45dba10) = 0 <0.000794>
521   00:05:23.673174 ioctl(10</dev/isp_char>, _IOC(_IOC_READ, 0x49, 0x52, 0x04), 0xb45dba10) = 0 <0.022614>
521   00:05:23.799281 ioctl(10</dev/isp_char>, _IOC(_IOC_READ, 0x49, 0x52, 0x04), 0xb45dba10) = 0 <0.000297>
521   00:05:23.902570 ioctl(10</dev/isp_char>, _IOC(_IOC_READ, 0x49, 0x52, 0x04), 0xb45dba10) = 0 <0.000745>
521   00:05:24.007147 ioctl(10</dev/isp_char>, _IOC(_IOC_READ, 0x49, 0x52, 0x04), 0xb45dba10) = 0 <0.000682>
521   00:05:24.113354 ioctl(10</dev/isp_char>, _IOC(_IOC_READ, 0x49, 0x52, 0x04), 0xb45dba10) = 0 <0.000298>
521   00:05:24.224209 ioctl(10</dev/isp_char>, _IOC(_IOC_READ, 0x49, 0x52, 0x04), 0xb45dba10) = 0 <0.000767>
521   00:05:24.328022 ioctl(10</dev/isp_char>, _IOC(_IOC_READ, 0x49, 0x52, 0x04), 0xb45dba10) = 0 <0.000294>
521   00:05:24.430508 ioctl(10</dev/isp_char>, _IOC(_IOC_READ, 0x49, 0x52, 0x04), 0xb45dba10) = 0 <0.000341>
521   00:05:24.532891 ioctl(10</dev/isp_char>, _IOC(_IOC_READ, 0x49, 0x52, 0x04), 0xb45dba10) = 0 <0.000295>
521   00:05:24.635286 ioctl(10</dev/isp_char>, _IOC(_IOC_READ, 0x49, 0x52, 0x04), 0xb45dba10) = 0 <0.000293>
521   00:05:24.742040 ioctl(10</dev/isp_char>, _IOC(_IOC_READ, 0x49, 0x52, 0x04), 0xb45dba10) = 0 <0.003635>
538   00:05:24.823345 +++ exited with 0 +++
535   00:05:24.824749 --- SIGCHLD {si_signo=SIGCHLD, si_code=CLD_EXITED, si_pid=538, si_uid=0, si_status=0, ...} ---
535   00:05:24.836443 +++ exited with 0 +++
524   00:05:24.837705 --- SIGCHLD {si_signo=SIGCHLD, si_code=CLD_EXITED, si_pid=535, si_uid=0, si_status=0, ...} ---
521   00:05:24.900364 ioctl(10</dev/isp_char>, _IOC(_IOC_READ, 0x49, 0x52, 0x04), 0xb45dba10) = 0 <0.002487>
521   00:05:25.063535 ioctl(10</dev/isp_char>, _IOC(_IOC_READ, 0x49, 0x52, 0x04), 0xb45dba10) = 0 <0.000309>
521   00:05:25.185847 ioctl(10</dev/isp_char>, _IOC(_IOC_READ, 0x49, 0x52, 0x04), 0xb45dba10) = 0 <0.000304>
521   00:05:25.288750 ioctl(10</dev/isp_char>, _IOC(_IOC_READ, 0x49, 0x52, 0x04), 0xb45dba10) = 0 <0.000301>
521   00:05:25.398382 ioctl(10</dev/isp_char>, _IOC(_IOC_READ, 0x49, 0x52, 0x04), 0xb45dba10) = 0 <0.011907>
521   00:05:25.512600 ioctl(10</dev/isp_char>, _IOC(_IOC_READ, 0x49, 0x52, 0x04), 0xb45dba10) = 0 <0.000303>
521   00:05:25.640855 ioctl(10</dev/isp_char>, _IOC(_IOC_READ, 0x49, 0x52, 0x04), 0xb45dba10) = 0 <0.000300>
521   00:05:25.758888 ioctl(10</dev/isp_char>, _IOC(_IOC_READ, 0x49, 0x52, 0x04), 0xb45dba10) = 0 <0.001326>
521   00:05:25.872239 ioctl(10</dev/isp_char>, _IOC(_IOC_READ, 0x49, 0x52, 0x04), 0xb45dba10) = 0 <0.000305>
521   00:05:25.984002 ioctl(10</dev/isp_char>, _IOC(_IOC_READ, 0x49, 0x52, 0x04), 0xb45dba10) = 0 <0.000315>
515   00:05:26.028471 ioctl(11</dev/video0>, VIDIOC_REQBUFS, {count=4, type=V4L2_BUF_TYPE_VIDEO_CAPTURE, memory=V4L2_MEMORY_USERPTR}) = 0 ({count=4}) <0.003289>
521   00:05:26.099831 ioctl(10</dev/isp_char>, _IOC(_IOC_READ, 0x49, 0x52, 0x04), 0xb45dba10) = 0 <0.000312>
515   00:05:26.194861 ioctl(11</dev/video0>, VIDIOC_QBUF, {type=V4L2_BUF_TYPE_VIDEO_CAPTURE, index=0, memory=V4L2_MEMORY_USERPTR, m.userptr=0xb4961000, length=2306048, bytesused=0, flags=0, ...}) = 0 <0.000415>
515   00:05:26.196920 ioctl(11</dev/video0>, VIDIOC_QBUF, {type=V4L2_BUF_TYPE_VIDEO_CAPTURE, index=1, memory=V4L2_MEMORY_USERPTR, m.userptr=0xb4b94000, length=2306048, bytesused=0, flags=0, ...}) = 0 <0.000415>
521   00:05:26.212527 ioctl(10</dev/isp_char>, _IOC(_IOC_READ, 0x49, 0x52, 0x04), 0xb45dba10) = 0 <0.000313>
515   00:05:26.225647 ioctl(11</dev/video0>, VIDIOC_QBUF, {type=V4L2_BUF_TYPE_VIDEO_CAPTURE, index=2, memory=V4L2_MEMORY_USERPTR, m.userptr=0xb4dc7000, length=2306048, bytesused=0, flags=0, ...}) = 0 <0.000414>
515   00:05:26.227704 ioctl(11</dev/video0>, VIDIOC_QBUF, {type=V4L2_BUF_TYPE_VIDEO_CAPTURE, index=3, memory=V4L2_MEMORY_USERPTR, m.userptr=0xb4ffa000, length=2306048, bytesused=0, flags=0, ...}) = 0 <0.000456>
515   00:05:26.229767 ioctl(11</dev/video0>, VIDIOC_STREAMON, V4L2_BUF_TYPE_VIDEO_CAPTURE) = 0 <0.012539>
515   00:05:26.257978 select(12, [11</dev/video0>], NULL, NULL, {4, 0}) = 1 (in [11], left {3, 939985}) <0.060340>
515   00:05:26.325246 ioctl(11</dev/video0>, VIDIOC_DQBUF, {type=V4L2_BUF_TYPE_VIDEO_CAPTURE <unfinished ...>
521   00:05:26.327204 ioctl(10</dev/isp_char>, _IOC(_IOC_READ, 0x49, 0x52, 0x04), 0xb45dba10) = 0 <0.007293>
515   00:05:26.336031 <... ioctl resumed> , index=0, memory=V4L2_MEMORY_USERPTR, m.userptr=0xb4961000, length=1382400, bytesused=1382400, flags=0, timestamp = {326.300000}, ...}) = 0 <0.009573>
515   00:05:26.346455 ioctl(11</dev/video0>, VIDIOC_QBUF, {type=V4L2_BUF_TYPE_VIDEO_CAPTURE, index=0, memory=V4L2_MEMORY_USERPTR, m.userptr=0xb4961000, length=1382400, bytesused=1382400, flags=0, ...}) = 0 <0.000342>
515   00:05:26.348479 select(12, [11</dev/video0>], NULL, NULL, {4, 0} <unfinished ...>
543   00:05:26.364071 +++ exited with 0 +++
542   00:05:26.365294 --- SIGCHLD {si_signo=SIGCHLD, si_code=CLD_EXITED, si_pid=543, si_uid=0, si_status=0, ...} ---
542   00:05:26.368259 +++ exited with 0 +++
539   00:05:26.369499 --- SIGCHLD {si_signo=SIGCHLD, si_code=CLD_EXITED, si_pid=542, si_uid=0, si_status=0, ...} ---
515   00:05:26.396509 <... select resumed> ) = 1 (in [11], left {3, 963882}) <0.046943>
515   00:05:26.397955 ioctl(11</dev/video0>, VIDIOC_DQBUF, {type=V4L2_BUF_TYPE_VIDEO_CAPTURE, index=1, memory=V4L2_MEMORY_USERPTR, m.userptr=0xb4b94000, length=1382400, bytesused=1382400, flags=0, timestamp = {326.370000}, ...}) = 0 <0.000425>
572   00:05:26.403462 close(5</dev/ion>) = 0 <0.000321>
572   00:05:26.407829 close(8</dev/uio0>) = 0 <0.000477>
572   00:05:26.411460 close(10</dev/isp_char>) = 0 <0.000275>
572   00:05:26.413646 close(11</dev/video0>) = 0 <0.000212>
572   00:05:26.415982 close(12</dev/akpcm_cdev1>) = 0 <0.000279>
572   17:45:19.934280 +++ exited with 0 +++
568   17:45:19.936783 --- SIGCHLD {si_signo=SIGCHLD, si_code=CLD_EXITED, si_pid=572, si_uid=0, si_status=0, ...} ---
521   17:45:20.222342 ioctl(10</dev/isp_char>, _IOC(_IOC_READ, 0x49, 0x52, 0x04), 0xb45dba10) = 0 <0.051247>
521   17:45:20.349885 ioctl(10</dev/isp_char>, _IOC(_IOC_READ, 0x49, 0x71, 0x04), 0x69b5a4) = 0 <0.000978>
521   17:45:20.443414 ioctl(10</dev/isp_char>, _IOC(_IOC_WRITE, 0x49, 0x7a, 0x04), 0xb45db9dc) = 0 <0.033774>
521   17:45:20.547845 ioctl(10</dev/isp_char>, _IOC(_IOC_READ, 0x49, 0x51, 0x04), 0xb45db92c) = 0 <0.002834>
521   17:45:20.553972 ioctl(10</dev/isp_char>, _IOC(_IOC_WRITE, 0x49, 0x50, 0x04), 0xb45db92c) = 0 <0.001386>
515   17:45:20.671684 ioctl(11</dev/video0>, VIDIOC_QBUF, {type=V4L2_BUF_TYPE_VIDEO_CAPTURE, index=1, memory=V4L2_MEMORY_USERPTR, m.userptr=0xb4b94000, length=1382400, bytesused=1382400, flags=0, ...}) = 0 <0.006944>
515   17:45:20.688579 select(12, [11</dev/video0>], NULL, NULL, {4, 0}) = 1 (in [11], left {3, 999954}) <0.503726>
515   17:45:21.194868 ioctl(11</dev/video0>, VIDIOC_DQBUF, {type=V4L2_BUF_TYPE_VIDEO_CAPTURE, index=2, memory=V4L2_MEMORY_USERPTR, m.userptr=0xb4dc7000, length=1382400, bytesused=1382400, flags=0, timestamp = {0.000000}, ...}) = 0 <0.207838>
576   17:45:21.419834 +++ exited with 0 +++
575   17:45:21.421032 --- SIGCHLD {si_signo=SIGCHLD, si_code=CLD_EXITED, si_pid=576, si_uid=0, si_status=0, ...} ---
575   17:45:21.425437 +++ exited with 0 +++
574   17:45:21.426482 --- SIGCHLD {si_signo=SIGCHLD, si_code=CLD_EXITED, si_pid=575, si_uid=0, si_status=0, ...} ---
515   17:45:22.112451 ioctl(11</dev/video0>, VIDIOC_QBUF, {type=V4L2_BUF_TYPE_VIDEO_CAPTURE, index=2, memory=V4L2_MEMORY_USERPTR, m.userptr=0xb4dc7000, length=1382400, bytesused=1382400, flags=0, ...}) = 0 <0.002366>
515   17:45:22.164311 select(12, [11</dev/video0>], NULL, NULL, {4, 0}) = 1 (in [11], left {3, 999953}) <0.004896>
515   17:45:22.178299 ioctl(11</dev/video0>, VIDIOC_DQBUF, {type=V4L2_BUF_TYPE_VIDEO_CAPTURE, index=3, memory=V4L2_MEMORY_USERPTR, m.userptr=0xb4ffa000, length=1382400, bytesused=1382400, flags=0, timestamp = {0.000000}, ...}) = 0 <0.010683>
515   17:45:22.245117 ioctl(11</dev/video0>, VIDIOC_QBUF, {type=V4L2_BUF_TYPE_VIDEO_CAPTURE, index=3, memory=V4L2_MEMORY_USERPTR, m.userptr=0xb4ffa000, length=1382400, bytesused=1382400, flags=0, ...}) = 0 <0.010774>
579   17:45:22.315616 +++ exited with 0 +++
578   17:45:22.316385 +++ exited with 0 +++
577   17:45:22.322880 --- SIGCHLD {si_signo=SIGCHLD, si_code=CLD_EXITED, si_pid=579, si_uid=0, si_status=0, ...} ---
577   17:45:22.331678 +++ exited with 0 +++
565   17:45:22.345148 --- SIGCHLD {si_signo=SIGCHLD, si_code=CLD_EXITED, si_pid=577, si_uid=0, si_status=0, ...} ---
574   17:45:22.402844 --- SIGTERM {si_signo=SIGTERM, si_code=SI_USER, si_pid=515, si_uid=0} ---
574   17:45:22.456805 +++ exited with 0 +++
580   17:45:22.480258 close(5</dev/ion>) = 0 <0.000263>
580   17:45:22.485504 close(8</dev/uio0>) = 0 <0.000275>
580   17:45:22.489002 close(10</dev/isp_char>) = 0 <0.000270>
580   17:45:22.491187 close(11</dev/video0>) = 0 <0.000271>
580   17:45:22.493306 close(12</dev/akpcm_cdev1>) = 0 <0.000260>
580   17:45:23.749426 +++ exited with 0 +++
569   17:45:23.750537 --- SIGCHLD {si_signo=SIGCHLD, si_code=CLD_EXITED, si_pid=580, si_uid=0, si_status=0, ...} ---
515   17:45:23.996920 ioctl(10</dev/isp_char>, _IOC(_IOC_WRITE, 0x49, 0x79, 0x04), 0xbe975a68) = 0 <0.003041>
585   17:45:24.097492 +++ exited with 0 +++
584   17:45:24.098430 --- SIGCHLD {si_signo=SIGCHLD, si_code=CLD_EXITED, si_pid=585, si_uid=0, si_status=0, ...} ---
584   17:45:24.102427 +++ exited with 0 +++
583   17:45:24.103543 --- SIGCHLD {si_signo=SIGCHLD, si_code=CLD_EXITED, si_pid=584, si_uid=0, si_status=0, ...} ---
582   17:45:24.147329 ioctl(8</dev/uio0>, _IOC(_IOC_WRITE, 0x55, 0x64, 0x0c), 0xae4a278c) = 0 <0.000319>
582   17:45:24.149046 ioctl(8</dev/uio0>, _IOC(_IOC_WRITE, 0x55, 0x64, 0x0c), 0xae4a278c) = 0 <0.000280>
582   17:45:24.150913 ioctl(8</dev/uio0>, _IOC(_IOC_WRITE, 0x55, 0x64, 0x0c), 0xae4a278c) = 0 <0.000278>
582   17:45:24.152927 ioctl(8</dev/uio0>, _IOC(_IOC_WRITE, 0x55, 0x64, 0x0c), 0xae4a278c) = 0 <0.000223>
582   17:45:24.161177 mmap2(NULL, 1280, PROT_READ|PROT_WRITE, MAP_SHARED, 8</dev/uio0>, 0) = 0xae483000 <0.000331>
586   17:45:24.290265 ioctl(10</dev/isp_char>, _IOC(_IOC_READ, 0x49, 0x70, 0x04), 0x676d34) = 0 <0.000316>
586   17:45:24.303345 ioctl(10</dev/isp_char>, _IOC(_IOC_READ, 0x49, 0x70, 0x04), 0x676d34) = 0 <0.000860>
586   17:45:24.319019 ioctl(10</dev/isp_char>, _IOC(_IOC_READ, 0x49, 0x70, 0x04), 0x676d34) = 0 <0.000414>
586   17:45:24.332546 ioctl(10</dev/isp_char>, _IOC(_IOC_READ, 0x49, 0x70, 0x04), 0x676d34) = 0 <0.000349>
586   17:45:24.345062 ioctl(10</dev/isp_char>, _IOC(_IOC_READ, 0x49, 0x70, 0x04), 0x676d34) = 0 <0.000744>
582   17:45:24.358029 ioctl(10</dev/isp_char>, _IOC(_IOC_WRITE, 0x49, 0x6d, 0x04) <unfinished ...>
586   17:45:24.360311 ioctl(10</dev/isp_char>, _IOC(_IOC_READ, 0x49, 0x70, 0x04), 0x676d34) = 0 <0.000293>
582   17:45:24.363345 <... ioctl resumed> , 0xae4a286c) = 0 <0.004442>
586   17:45:24.373997 ioctl(10</dev/isp_char>, _IOC(_IOC_READ, 0x49, 0x70, 0x04), 0x676d34) = 0 <0.000308>
582   17:45:24.383763 ioctl(10</dev/isp_char>, _IOC(_IOC_READ, 0x49, 0x7b, 0x04), 0xae4a290c) = 0 <0.000292>
586   17:45:24.386449 ioctl(10</dev/isp_char>, _IOC(_IOC_READ, 0x49, 0x70, 0x04), 0x676d34) = 0 <0.000309>
586   17:45:24.398959 ioctl(10</dev/isp_char>, _IOC(_IOC_READ, 0x49, 0x70, 0x04), 0x676d34) = 0 <0.000992>
586   17:45:24.412363 ioctl(10</dev/isp_char>, _IOC(_IOC_READ, 0x49, 0x70, 0x04), 0x676d34) = 0 <0.000351>
586   17:45:24.425336 ioctl(10</dev/isp_char>, _IOC(_IOC_READ, 0x49, 0x70, 0x04), 0x676d34) = 0 <0.000351>
586   17:45:24.447202 ioctl(10</dev/isp_char>, _IOC(_IOC_READ, 0x49, 0x70, 0x04), 0x676d34) = 0 <0.000312>
586   17:45:24.459776 ioctl(10</dev/isp_char>, _IOC(_IOC_READ, 0x49, 0x70, 0x04), 0x676d34) = 0 <0.000248>
586   17:45:24.474995 ioctl(10</dev/isp_char>, _IOC(_IOC_READ, 0x49, 0x70, 0x04), 0x676d34) = 0 <0.000315>
588   17:45:24.500203 select(12, [11</dev/video0>], NULL, NULL, {4, 0}) = 1 (in [11], left {3, 999959}) <0.000326>
588   17:45:24.502520 ioctl(11</dev/video0>, VIDIOC_DQBUF, {type=V4L2_BUF_TYPE_VIDEO_CAPTURE, index=0, memory=V4L2_MEMORY_USERPTR, m.userptr=0xb4961000, length=1382400, bytesused=1382400, flags=0, timestamp = {328.640000}, ...}) = 0 <0.000315>
588   17:45:24.521221 ioctl(11</dev/video0>, VIDIOC_QBUF, {type=V4L2_BUF_TYPE_VIDEO_CAPTURE, index=0, memory=V4L2_MEMORY_USERPTR, m.userptr=0xb4961000, length=1382400, bytesused=1382400, flags=0, ...}) = 0 <0.000374>
586   17:45:24.536457 ioctl(10</dev/isp_char>, _IOC(_IOC_READ, 0x49, 0x70, 0x04), 0x676d34) = 0 <0.000352>
588   17:45:24.546817 select(12, [11</dev/video0>], NULL, NULL, {4, 0}) = 1 (in [11], left {3, 999959}) <0.000329>
588   17:45:24.549247 ioctl(11</dev/video0>, VIDIOC_DQBUF, {type=V4L2_BUF_TYPE_VIDEO_CAPTURE, index=1, memory=V4L2_MEMORY_USERPTR, m.userptr=0xb4b94000, length=1382400, bytesused=1382400, flags=0, timestamp = {330.040000}, ...}) = 0 <0.000316>
586   17:45:24.557067 ioctl(10</dev/isp_char>, _IOC(_IOC_READ, 0x49, 0x70, 0x04), 0x676d34) = 0 <0.000314>
588   17:45:24.570550 ioctl(11</dev/video0>, VIDIOC_QBUF, {type=V4L2_BUF_TYPE_VIDEO_CAPTURE, index=1, memory=V4L2_MEMORY_USERPTR, m.userptr=0xb4b94000, length=1382400, bytesused=1382400, flags=0, ...}) = 0 <0.000367>
586   17:45:24.584227 ioctl(10</dev/isp_char>, _IOC(_IOC_READ, 0x49, 0x70, 0x04), 0x676d34) = 0 <0.000315>
588   17:45:24.594237 select(12, [11</dev/video0>], NULL, NULL, {4, 0}) = 1 (in [11], left {3, 999959}) <0.000304>
588   17:45:24.596984 ioctl(11</dev/video0>, VIDIOC_DQBUF, {type=V4L2_BUF_TYPE_VIDEO_CAPTURE, index=2, memory=V4L2_MEMORY_USERPTR, m.userptr=0xb4dc7000, length=1382400, bytesused=1382400, flags=0, timestamp = {330.240000}, ...}) = 0 <0.000317>
586   17:45:24.604831 ioctl(10</dev/isp_char>, _IOC(_IOC_READ, 0x49, 0x70, 0x04), 0x676d34) = 0 <0.000312>
588   17:45:24.619669 ioctl(11</dev/video0>, VIDIOC_QBUF, {type=V4L2_BUF_TYPE_VIDEO_CAPTURE, index=2, memory=V4L2_MEMORY_USERPTR, m.userptr=0xb4dc7000, length=1382400, bytesused=1382400, flags=0, ...}) = 0 <0.000290>
586   17:45:24.635136 ioctl(10</dev/isp_char>, _IOC(_IOC_READ, 0x49, 0x70, 0x04), 0x676d34) = 0 <0.000355>
588   17:45:24.645033 select(12, [11</dev/video0>], NULL, NULL, {4, 0} <unfinished ...>
590   17:45:24.656440 ioctl(10</dev/isp_char>, _IOC(_IOC_WRITE, 0x49, 0x6d, 0x04) <unfinished ...>
588   17:45:24.657364 <... select resumed> ) = 1 (in [11], left {3, 999959}) <0.011001>
588   17:45:24.658827 ioctl(11</dev/video0>, VIDIOC_DQBUF, {type=V4L2_BUF_TYPE_VIDEO_CAPTURE, index=3, memory=V4L2_MEMORY_USERPTR, m.userptr=0xb4ffa000, length=1382400, bytesused=1382400, flags=0, timestamp = {332.440000}, ...}) = 0 <0.000313>
588   17:45:24.665263 ioctl(10</dev/isp_char>, _IOC(_IOC_READ, 0x49, 0x7b, 0x04) <unfinished ...>
586   17:45:24.667234 ioctl(10</dev/isp_char>, _IOC(_IOC_READ, 0x49, 0x70, 0x04) <unfinished ...>
590   17:45:24.781318 <... ioctl resumed> , 0xae2f991c) = 0 <0.124028>
588   17:45:24.782746 <... ioctl resumed> , 0xae35da6c) = 0 <0.116670>
589   17:45:24.827422 ioctl(8</dev/uio0>, _IOC(_IOC_READ, 0x55, 0x65, 0x04), 0xae32b504) = 0 <0.000701>
589   17:45:24.883123 ioctl(11</dev/video0>, VIDIOC_QBUF, {type=V4L2_BUF_TYPE_VIDEO_CAPTURE, index=3, memory=V4L2_MEMORY_USERPTR, m.userptr=0xb4ffa000, length=1382400, bytesused=1382400, flags=0, ...}) = 0 <0.000781>
586   17:45:24.892222 <... ioctl resumed> , 0x676d34) = 0 <0.224121>
588   17:45:24.903316 select(12, [11</dev/video0>], NULL, NULL, {4, 0}) = 1 (in [11], left {3, 999958}) <0.004816>
588   17:45:24.914349 ioctl(11</dev/video0>, VIDIOC_DQBUF, {type=V4L2_BUF_TYPE_VIDEO_CAPTURE, index=0, memory=V4L2_MEMORY_USERPTR, m.userptr=0xb4961000, length=1382400, bytesused=1382400, flags=0, timestamp = {332.540000}, ...}) = 0 <0.002977>
588   17:45:24.961538 ioctl(10</dev/isp_char>, _IOC(_IOC_READ, 0x49, 0x7b, 0x04), 0xae35da6c) = 0 <0.000293>
589   17:45:24.964989 ioctl(8</dev/uio0>, _IOC(_IOC_READ, 0x55, 0x65, 0x04) <unfinished ...>
586   17:45:24.968318 ioctl(10</dev/isp_char>, _IOC(_IOC_READ, 0x49, 0x70, 0x04) <unfinished ...>
589   17:45:24.969819 <... ioctl resumed> , 0xae32b504) = 0 <0.003704>
589   17:45:24.976111 ioctl(11</dev/video0>, VIDIOC_QBUF, {type=V4L2_BUF_TYPE_VIDEO_CAPTURE, index=0, memory=V4L2_MEMORY_USERPTR, m.userptr=0xb4961000, length=1382400, bytesused=1382400, flags=0, ...}) = 0 <0.000258>
588   17:45:24.978810 select(12, [11</dev/video0>], NULL, NULL, {4, 0}) = 1 (in [11], left {3, 999959}) <0.000368>
588   17:45:24.981106 ioctl(11</dev/video0>, VIDIOC_DQBUF, {type=V4L2_BUF_TYPE_VIDEO_CAPTURE, index=1, memory=V4L2_MEMORY_USERPTR, m.userptr=0xb4b94000, length=1382400, bytesused=1382400, flags=0, timestamp = {332.640000}, ...}) = 0 <0.000318>
588   17:45:24.987198 ioctl(10</dev/isp_char>, _IOC(_IOC_READ, 0x49, 0x7b, 0x04), 0xae35da6c) = 0 <0.000291>
589   17:45:24.990768 ioctl(8</dev/uio0>, _IOC(_IOC_READ, 0x55, 0x65, 0x04) <unfinished ...>
586   17:45:24.993453 <... ioctl resumed> , 0x676d34) = 0 <0.023870>
589   17:45:24.995145 <... ioctl resumed> , 0xae32b504) = 0 <0.003256>
589   17:45:25.003030 ioctl(11</dev/video0>, VIDIOC_QBUF, {type=V4L2_BUF_TYPE_VIDEO_CAPTURE, index=1, memory=V4L2_MEMORY_USERPTR, m.userptr=0xb4b94000, length=1382400, bytesused=1382400, flags=0, ...}) = 0 <0.000313>
588   17:45:25.006129 select(12, [11</dev/video0>], NULL, NULL, {4, 0}) = 1 (in [11], left {3, 999959}) <0.000605>
588   17:45:25.014207 ioctl(11</dev/video0>, VIDIOC_DQBUF, {type=V4L2_BUF_TYPE_VIDEO_CAPTURE, index=2, memory=V4L2_MEMORY_USERPTR, m.userptr=0xb4dc7000, length=1382400, bytesused=1382400, flags=0, timestamp = {332.840000}, ...}) = 0 <0.002908>
588   17:45:25.045636 ioctl(10</dev/isp_char>, _IOC(_IOC_READ, 0x49, 0x7b, 0x04), 0xae35da6c) = 0 <0.000754>
590   17:45:25.062191 ioctl(10</dev/isp_char>, _IOC(_IOC_WRITE, 0x49, 0x6d, 0x04) <unfinished ...>
589   17:45:25.064809 ioctl(8</dev/uio0>, _IOC(_IOC_READ, 0x55, 0x65, 0x04) <unfinished ...>
586   17:45:25.071299 ioctl(10</dev/isp_char>, _IOC(_IOC_READ, 0x49, 0x70, 0x04) <unfinished ...>
589   17:45:25.075235 <... ioctl resumed> , 0xae32b504) = 0 <0.007140>
589   17:45:25.095936 ioctl(11</dev/video0>, VIDIOC_QBUF, {type=V4L2_BUF_TYPE_VIDEO_CAPTURE, index=2, memory=V4L2_MEMORY_USERPTR, m.userptr=0xb4dc7000, length=1382400, bytesused=1382400, flags=0, ...}) = 0 <0.000319>
588   17:45:25.098417 select(12, [11</dev/video0>], NULL, NULL, {4, 0}) = 1 (in [11], left {3, 999960}) <0.000559>
588   17:45:25.101426 ioctl(11</dev/video0>, VIDIOC_DQBUF, {type=V4L2_BUF_TYPE_VIDEO_CAPTURE, index=3, memory=V4L2_MEMORY_USERPTR, m.userptr=0xb4ffa000, length=1382400, bytesused=1382400, flags=0, timestamp = {332.940000}, ...}) = 0 <0.002359>
588   17:45:25.126493 ioctl(10</dev/isp_char>, _IOC(_IOC_READ, 0x49, 0x7b, 0x04) <unfinished ...>
586   17:45:25.136987 <... ioctl resumed> , 0x676d34) = 0 <0.064731>
586   17:45:25.158419 ioctl(10</dev/isp_char>, _IOC(_IOC_READ, 0x49, 0x70, 0x04) <unfinished ...>
590   17:45:25.191106 <... ioctl resumed> , 0xae2f991c) = 0 <0.128084>
588   17:45:25.193812 <... ioctl resumed> , 0xae35da6c) = 0 <0.066364>
589   17:45:25.200166 ioctl(10</dev/isp_char>, _IOC(_IOC_READ, 0x49, 0x7c, 0x04), 0xae32ba54) = 0 <0.005225>
589   17:45:25.397339 ioctl(8</dev/uio0>, _IOC(_IOC_READ, 0x55, 0x65, 0x04) <unfinished ...>
586   17:45:25.399456 <... ioctl resumed> , 0x676d34) = 0 <0.240201>
589   17:45:25.401808 <... ioctl resumed> , 0xae32b504) = 0 <0.003311>
589   17:45:25.407789 ioctl(11</dev/video0>, VIDIOC_QBUF, {type=V4L2_BUF_TYPE_VIDEO_CAPTURE, index=3, memory=V4L2_MEMORY_USERPTR, m.userptr=0xb4ffa000, length=1382400, bytesused=1382400, flags=0, ...}) = 0 <0.000318>
588   17:45:25.410516 select(12, [11</dev/video0>], NULL, NULL, {4, 0}) = 1 (in [11], left {3, 999953}) <0.000364>
588   17:45:25.413074 ioctl(11</dev/video0>, VIDIOC_DQBUF, {type=V4L2_BUF_TYPE_VIDEO_CAPTURE, index=0, memory=V4L2_MEMORY_USERPTR, m.userptr=0xb4961000, length=1382400, bytesused=1382400, flags=0, timestamp = {333.040000}, ...}) = 0 <0.000359>
588   17:45:25.420374 ioctl(10</dev/isp_char>, _IOC(_IOC_READ, 0x49, 0x7b, 0x04), 0xae35da6c) = 0 <0.000362>
589   17:45:25.424406 ioctl(8</dev/uio0>, _IOC(_IOC_READ, 0x55, 0x65, 0x04), 0xae32b504) = 0 <0.004317>
589   17:45:25.436523 ioctl(11</dev/video0>, VIDIOC_QBUF, {type=V4L2_BUF_TYPE_VIDEO_CAPTURE, index=0, memory=V4L2_MEMORY_USERPTR, m.userptr=0xb4961000, length=1382400, bytesused=1382400, flags=0, ...}) = 0 <0.000361>
588   17:45:25.439619 select(12, [11</dev/video0>], NULL, NULL, {4, 0}) = 1 (in [11], left {3, 999953}) <0.000293>
588   17:45:25.442136 ioctl(11</dev/video0>, VIDIOC_DQBUF, {type=V4L2_BUF_TYPE_VIDEO_CAPTURE, index=1, memory=V4L2_MEMORY_USERPTR, m.userptr=0xb4b94000, length=1382400, bytesused=1382400, flags=0, timestamp = {333.140000}, ...}) = 0 <0.000250>
588   17:45:25.448809 ioctl(10</dev/isp_char>, _IOC(_IOC_READ, 0x49, 0x7b, 0x04), 0xae35da6c) = 0 <0.000289>
589   17:45:25.452340 ioctl(8</dev/uio0>, _IOC(_IOC_READ, 0x55, 0x65, 0x04), 0xae32b504) = 0 <0.003583>
589   17:45:25.462685 ioctl(11</dev/video0>, VIDIOC_QBUF, {type=V4L2_BUF_TYPE_VIDEO_CAPTURE, index=1, memory=V4L2_MEMORY_USERPTR, m.userptr=0xb4b94000, length=1382400, bytesused=1382400, flags=0, ...}) = 0 <0.000361>
588   17:45:25.465397 select(12, [11</dev/video0>], NULL, NULL, {4, 0}) = 1 (in [11], left {3, 999959}) <0.000319>
588   17:45:25.467937 ioctl(11</dev/video0>, VIDIOC_DQBUF, {type=V4L2_BUF_TYPE_VIDEO_CAPTURE, index=2, memory=V4L2_MEMORY_USERPTR, m.userptr=0xb4dc7000, length=1382400, bytesused=1382400, flags=0, timestamp = {333.340000}, ...}) = 0 <0.000313>
588   17:45:25.476421 ioctl(10</dev/isp_char>, _IOC(_IOC_READ, 0x49, 0x7b, 0x04), 0xae35da6c) = 0 <0.000291>
589   17:45:25.479900 ioctl(8</dev/uio0>, _IOC(_IOC_READ, 0x55, 0x65, 0x04) <unfinished ...>
586   17:45:25.483326 ioctl(10</dev/isp_char>, _IOC(_IOC_READ, 0x49, 0x70, 0x04) <unfinished ...>
589   17:45:25.484856 <... ioctl resumed> , 0xae32b504) = 0 <0.003704>
589   17:45:25.491015 ioctl(11</dev/video0>, VIDIOC_QBUF, {type=V4L2_BUF_TYPE_VIDEO_CAPTURE, index=2, memory=V4L2_MEMORY_USERPTR, m.userptr=0xb4dc7000, length=1382400, bytesused=1382400, flags=0, ...}) = 0 <0.000415>
588   17:45:25.493542 select(12, [11</dev/video0>], NULL, NULL, {4, 0} <unfinished ...>
586   17:45:25.495337 <... ioctl resumed> , 0x676d34) = 0 <0.010772>
591   17:45:25.512776 ioctl(12</dev/akpcm_cdev1>, _IOC(0, 0x50, 0xe2, 0x00), 0) = 0 <0.000397>
591   17:45:25.514811 ioctl(12</dev/akpcm_cdev1>, _IOC(_IOC_WRITE, 0x50, 0xf2, 0x1c), 0x6b84e0) = 0 <0.000583>
591   17:45:25.516958 ioctl(12</dev/akpcm_cdev1>, _IOC(0, 0x50, 0xe0, 0x00), 0) = 0 <0.013209>
586   17:45:25.534755 ioctl(10</dev/isp_char>, _IOC(_IOC_READ, 0x49, 0x70, 0x04) <unfinished ...>
591   17:45:25.536321 ioctl(12</dev/akpcm_cdev1>, _IOC(_IOC_READ, 0x50, 0xf0, 0x40), 0xae2b990c) = 0 <0.000374>
591   17:45:25.563564 ioctl(12</dev/akpcm_cdev1>, _IOC(0, 0x50, 0xe2, 0x00), 0) = 0 <0.000355>
591   17:45:25.582166 ioctl(12</dev/akpcm_cdev1>, _IOC(0, 0x50, 0xe1, 0x00) <unfinished ...>
588   17:45:25.614153 <... select resumed> ) = 1 (in [11], left {3, 951614}) <0.119516>
588   17:45:25.615799 ioctl(11</dev/video0>, VIDIOC_DQBUF, {type=V4L2_BUF_TYPE_VIDEO_CAPTURE, index=3, memory=V4L2_MEMORY_USERPTR, m.userptr=0xb4ffa000, length=1382400, bytesused=1382400, flags=0, timestamp = {333.440000}, ...}) = 0 <0.000405>
588   17:45:25.628797 ioctl(10</dev/isp_char>, _IOC(_IOC_READ, 0x49, 0x7b, 0x04), 0xae35da6c) = 0 <0.001758>
589   17:45:25.638650 ioctl(8</dev/uio0>, _IOC(_IOC_READ, 0x55, 0x65, 0x04), 0xae32b504) = 0 <0.004634>
589   17:45:25.652481 ioctl(11</dev/video0>, VIDIOC_QBUF, {type=V4L2_BUF_TYPE_VIDEO_CAPTURE, index=3, memory=V4L2_MEMORY_USERPTR, m.userptr=0xb4ffa000, length=1382400, bytesused=1382400, flags=0, ...}) = 0 <0.000319>
586   17:45:25.656640 <... ioctl resumed> , 0x676d34) = 0 <0.120972>
588   17:45:25.667399 select(12, [11</dev/video0>], NULL, NULL, {4, 0}) = 1 (in [11], left {3, 999959}) <0.000322>
588   17:45:25.669814 ioctl(11</dev/video0>, VIDIOC_DQBUF, {type=V4L2_BUF_TYPE_VIDEO_CAPTURE, index=0, memory=V4L2_MEMORY_USERPTR, m.userptr=0xb4961000, length=1382400, bytesused=1382400, flags=0, timestamp = {333.540000}, ...}) = 0 <0.000340>
588   17:45:25.676159 ioctl(10</dev/isp_char>, _IOC(_IOC_READ, 0x49, 0x7b, 0x04), 0xae35da6c) = 0 <0.000291>
589   17:45:25.679584 ioctl(8</dev/uio0>, _IOC(_IOC_READ, 0x55, 0x65, 0x04) <unfinished ...>
586   17:45:25.683047 ioctl(10</dev/isp_char>, _IOC(_IOC_READ, 0x49, 0x70, 0x04) <unfinished ...>
589   17:45:25.684544 <... ioctl resumed> , 0xae32b504) = 0 <0.003646>
589   17:45:25.690739 ioctl(11</dev/video0>, VIDIOC_QBUF, {type=V4L2_BUF_TYPE_VIDEO_CAPTURE, index=0, memory=V4L2_MEMORY_USERPTR, m.userptr=0xb4961000, length=1382400, bytesused=1382400, flags=0, ...}) = 0 <0.000544>
588   17:45:25.693451 select(12, [11</dev/video0>], NULL, NULL, {4, 0} <unfinished ...>
586   17:45:25.695218 <... ioctl resumed> , 0x676d34) = 0 <0.010925>
591   17:45:25.705975 <... ioctl resumed> , 0xae2b990c) = 0 <0.122954>
591   17:45:25.710446 ioctl(12</dev/akpcm_cdev1>, _IOC(_IOC_READ, 0x50, 0x85, 0x04), 0xae2b990c) = 0 <0.006146>
586   17:45:25.722393 ioctl(10</dev/isp_char>, _IOC(_IOC_READ, 0x49, 0x70, 0x04), 0x676d34) = 0 <0.000355>
591   17:45:25.753032 ioctl(12</dev/akpcm_cdev1>, _IOC(_IOC_WRITE, 0x50, 0x86, 0x04), 0xae2b990c) = 0 <0.006704>
588   17:45:25.775364 <... select resumed> ) = 1 (in [11], left {3, 951392}) <0.080910>
588   17:45:25.778219 ioctl(11</dev/video0>, VIDIOC_DQBUF, {type=V4L2_BUF_TYPE_VIDEO_CAPTURE, index=1, memory=V4L2_MEMORY_USERPTR, m.userptr=0xb4b94000, length=1382400, bytesused=1382400, flags=0, timestamp = {333.640000}, ...}) = 0 <0.001147>
592   17:45:25.809994 ioctl(12</dev/akpcm_cdev1>, _IOC(_IOC_READ, 0x50, 0xe8, 0x04), 0xae299aa8) = 0 <0.000248>
592   17:45:25.812026 read(12</dev/akpcm_cdev1>, ""..., 2048) = 2048 <0.000348>
592   17:45:25.822718 ioctl(12</dev/akpcm_cdev1>, _IOC(_IOC_READ, 0x50, 0xe8, 0x04), 0xae299aa8) = 0 <0.000320>
592   17:45:25.836345 ioctl(12</dev/akpcm_cdev1>, _IOC(_IOC_READ, 0x50, 0xe8, 0x04), 0xae299aa8) = 0 <0.000322>
592   17:45:25.838226 read(12</dev/akpcm_cdev1>, ""..., 2048) = 2048 <0.000350>
592   17:45:25.840388 ioctl(12</dev/akpcm_cdev1>, _IOC(_IOC_READ, 0x50, 0xe8, 0x04), 0xae299aa8) = 0 <0.000319>
588   17:45:25.845360 ioctl(10</dev/isp_char>, _IOC(_IOC_READ, 0x49, 0x7b, 0x04), 0xae35da6c) = 0 <0.000291>
589   17:45:25.849025 ioctl(8</dev/uio0>, _IOC(_IOC_READ, 0x55, 0x65, 0x04) <unfinished ...>
592   17:45:25.853596 ioctl(12</dev/akpcm_cdev1>, _IOC(_IOC_READ, 0x50, 0xe8, 0x04), 0xae299aa8) = 0 <0.000281>
589   17:45:25.855359 <... ioctl resumed> , 0xae32b504) = 0 <0.005271>
589   17:45:25.861609 ioctl(11</dev/video0>, VIDIOC_QBUF, {type=V4L2_BUF_TYPE_VIDEO_CAPTURE, index=1, memory=V4L2_MEMORY_USERPTR, m.userptr=0xb4b94000, length=1382400, bytesused=1382400, flags=0, ...}) = 0 <0.000367>
588   17:45:25.864463 select(12, [11</dev/video0>], NULL, NULL, {4, 0} <unfinished ...>
592   17:45:25.866431 ioctl(12</dev/akpcm_cdev1>, _IOC(_IOC_READ, 0x50, 0xe8, 0x04), 0xae299aa8) = 0 <0.000283>
588   17:45:25.868149 <... select resumed> ) = 1 (in [11], left {3, 999959}) <0.002416>
588   17:45:25.869562 ioctl(11</dev/video0>, VIDIOC_DQBUF, {type=V4L2_BUF_TYPE_VIDEO_CAPTURE, index=2, memory=V4L2_MEMORY_USERPTR, m.userptr=0xb4dc7000, length=1382400, bytesused=1382400, flags=0, timestamp = {333.740000}, ...}) = 0 <0.000461>
588   17:45:25.876825 ioctl(10</dev/isp_char>, _IOC(_IOC_READ, 0x49, 0x7b, 0x04), 0xae35da6c) = 0 <0.000294>
592   17:45:25.878965 ioctl(12</dev/akpcm_cdev1>, _IOC(_IOC_READ, 0x50, 0xe8, 0x04), 0xae299aa8) = 0 <0.000283>
589   17:45:25.882786 ioctl(8</dev/uio0>, _IOC(_IOC_READ, 0x55, 0x65, 0x04), 0xae32b504) = 0 <0.003120>
592   17:45:25.891542 ioctl(12</dev/akpcm_cdev1>, _IOC(_IOC_READ, 0x50, 0xe8, 0x04), 0xae299aa8) = 0 <0.000384>
589   17:45:25.901809 ioctl(11</dev/video0>, VIDIOC_QBUF, {type=V4L2_BUF_TYPE_VIDEO_CAPTURE, index=2, memory=V4L2_MEMORY_USERPTR, m.userptr=0xb4dc7000, length=1382400, bytesused=1382400, flags=0, ...}) = 0 <0.000319>
592   17:45:25.904218 ioctl(12</dev/akpcm_cdev1>, _IOC(_IOC_READ, 0x50, 0xe8, 0x04), 0xae299aa8) = 0 <0.000323>
592   17:45:25.905937 read(12</dev/akpcm_cdev1>, ""..., 2048) = 2048 <0.000302>
592   17:45:25.907830 ioctl(12</dev/akpcm_cdev1>, _IOC(_IOC_READ, 0x50, 0xe8, 0x04), 0xae299aa8) = 0 <0.000285>
588   17:45:25.910335 select(12, [11</dev/video0>], NULL, NULL, {4, 0} <unfinished ...>
586   17:45:25.912625 ioctl(10</dev/isp_char>, _IOC(_IOC_READ, 0x49, 0x70, 0x04), 0x676d34) = 0 <0.000352>
592   17:45:25.921012 ioctl(12</dev/akpcm_cdev1>, _IOC(_IOC_READ, 0x50, 0xe8, 0x04), 0xae299aa8) = 0 <0.000326>
586   17:45:25.928655 ioctl(10</dev/isp_char>, _IOC(_IOC_READ, 0x49, 0x70, 0x04), 0x676d34) = 0 <0.000955>
592   17:45:25.933610 ioctl(12</dev/akpcm_cdev1>, _IOC(_IOC_READ, 0x50, 0xe8, 0x04), 0xae299aa8) = 0 <0.000326>
588   17:45:25.944304 <... select resumed> ) = 1 (in [11], left {3, 968508}) <0.032690>
588   17:45:25.946074 ioctl(11</dev/video0>, VIDIOC_DQBUF, {type=V4L2_BUF_TYPE_VIDEO_CAPTURE <unfinished ...>
592   17:45:25.947683 ioctl(12</dev/akpcm_cdev1>, _IOC(_IOC_READ, 0x50, 0xe8, 0x04), 0xae299aa8) = 0 <0.000283>
588   17:45:25.949387 <... ioctl resumed> , index=3, memory=V4L2_MEMORY_USERPTR, m.userptr=0xb4ffa000, length=1382400, bytesused=1382400, flags=0, timestamp = {333.840000}, ...}) = 0 <0.002456>
588   17:45:25.955017 ioctl(10</dev/isp_char>, _IOC(_IOC_READ, 0x49, 0x7b, 0x04), 0xae35da6c) = 0 <0.000337>
592   17:45:25.965266 ioctl(12</dev/akpcm_cdev1>, _IOC(_IOC_READ, 0x50, 0xe8, 0x04), 0xae299aa8) = 0 <0.000395>
592   17:45:25.967536 read(12</dev/akpcm_cdev1>, ""..., 2048) = 2048 <0.000280>
592   17:45:25.970036 ioctl(12</dev/akpcm_cdev1>, _IOC(_IOC_READ, 0x50, 0xe8, 0x04), 0xae299aa8) = 0 <0.000326>
589   17:45:25.973473 ioctl(8</dev/uio0>, _IOC(_IOC_READ, 0x55, 0x65, 0x04), 0xae32b504) = 0 <0.000322>
589   17:45:25.980679 ioctl(11</dev/video0>, VIDIOC_QBUF, {type=V4L2_BUF_TYPE_VIDEO_CAPTURE, index=3, memory=V4L2_MEMORY_USERPTR, m.userptr=0xb4ffa000, length=1382400, bytesused=1382400, flags=0, ...}) = 0 <0.000506>
592   17:45:25.983033 ioctl(12</dev/akpcm_cdev1>, _IOC(_IOC_READ, 0x50, 0xe8, 0x04), 0xae299aa8) = 0 <0.000285>
586   17:45:25.986264 ioctl(10</dev/isp_char>, _IOC(_IOC_READ, 0x49, 0x70, 0x04), 0x676d34) = 0 <0.000312>
592   17:45:25.995928 ioctl(12</dev/akpcm_cdev1>, _IOC(_IOC_READ, 0x50, 0xe8, 0x04), 0xae299aa8) = 0 <0.000284>
588   17:45:25.998424 select(12, [11</dev/video0>], NULL, NULL, {4, 0} <unfinished ...>
586   17:45:26.000692 ioctl(10</dev/isp_char>, _IOC(_IOC_READ, 0x49, 0x70, 0x04), 0x676d34) = 0 <0.000311>
592   17:45:26.008647 ioctl(12</dev/akpcm_cdev1>, _IOC(_IOC_READ, 0x50, 0xe8, 0x04), 0xae299aa8) = 0 <0.000280>
592   17:45:26.021754 ioctl(12</dev/akpcm_cdev1>, _IOC(_IOC_READ, 0x50, 0xe8, 0x04), 0xae299aa8) = 0 <0.000324>
592   17:45:26.030194 read(12</dev/akpcm_cdev1>, ""..., 2048) = 2048 <0.001356>
592   17:45:26.034244 ioctl(12</dev/akpcm_cdev1>, _IOC(_IOC_READ, 0x50, 0xe8, 0x04), 0xae299aa8) = 0 <0.000316>
590   17:45:26.036919 ioctl(10</dev/isp_char>, _IOC(_IOC_WRITE, 0x49, 0x6d, 0x04) <unfinished ...>
586   17:45:26.038697 ioctl(10</dev/isp_char>, _IOC(_IOC_READ, 0x49, 0x70, 0x04) <unfinished ...>
588   17:45:26.043575 <... select resumed> ) = 1 (in [11], left {3, 956388}) <0.044129>
588   17:45:26.044943 ioctl(11</dev/video0>, VIDIOC_DQBUF, {type=V4L2_BUF_TYPE_VIDEO_CAPTURE, index=0, memory=V4L2_MEMORY_USERPTR, m.userptr=0xb4961000, length=1382400, bytesused=1382400, flags=0, timestamp = {333.940000}, ...}) = 0 <0.000532>
592   17:45:26.047339 ioctl(12</dev/akpcm_cdev1>, _IOC(_IOC_READ, 0x50, 0xe8, 0x04), 0xae299aa8) = 0 <0.000283>
588   17:45:26.053525 ioctl(10</dev/isp_char>, _IOC(_IOC_READ, 0x49, 0x7b, 0x04) <unfinished ...>
592   17:45:26.059617 ioctl(12</dev/akpcm_cdev1>, _IOC(_IOC_READ, 0x50, 0xe8, 0x04), 0xae299aa8) = 0 <0.000410>
592   17:45:26.072599 ioctl(12</dev/akpcm_cdev1>, _IOC(_IOC_READ, 0x50, 0xe8, 0x04), 0xae299aa8) = 0 <0.000282>
521   17:45:26.081454 ioctl(10</dev/isp_char>, _IOC(_IOC_READ, 0x49, 0x52, 0x04) <unfinished ...>
592   17:45:26.085158 ioctl(12</dev/akpcm_cdev1>, _IOC(_IOC_READ, 0x50, 0xe8, 0x04), 0xae299aa8) = 0 <0.007088>
590   17:45:26.093728 <... ioctl resumed> , 0xae2f991c) = 0 <0.055823>
588   17:45:26.095678 <... ioctl resumed> , 0xae35da6c) = 0 <0.041338>
589   17:45:26.099403 ioctl(8</dev/uio0>, _IOC(_IOC_READ, 0x55, 0x65, 0x04) <unfinished ...>
586   17:45:26.102199 <... ioctl resumed> , 0x676d34) = 0 <0.062566>
589   17:45:26.103481 <... ioctl resumed> , 0xae32b504) = 0 <0.002169>
592   17:45:26.105313 ioctl(12</dev/akpcm_cdev1>, _IOC(_IOC_READ, 0x50, 0xe8, 0x04), 0xae299aa8) = 0 <0.000328>
592   17:45:26.107037 read(12</dev/akpcm_cdev1>, ""..., 2048) = 2048 <0.000294>
592   17:45:26.121311 ioctl(12</dev/akpcm_cdev1>, _IOC(_IOC_READ, 0x50, 0xe8, 0x04), 0xae299aa8) = 0 <0.000318>
589   17:45:26.129292 ioctl(11</dev/video0>, VIDIOC_QBUF, {type=V4L2_BUF_TYPE_VIDEO_CAPTURE, index=0, memory=V4L2_MEMORY_USERPTR, m.userptr=0xb4961000, length=1382400, bytesused=1382400, flags=0, ...}) = 0 <0.000543>
588   17:45:26.132208 select(12, [11</dev/video0>], NULL, NULL, {4, 0} <unfinished ...>
592   17:45:26.134374 ioctl(12</dev/akpcm_cdev1>, _IOC(_IOC_READ, 0x50, 0xe8, 0x04), 0xae299aa8) = 0 <0.000318>
588   17:45:26.143322 <... select resumed> ) = 1 (in [11], left {3, 990637}) <0.009672>
588   17:45:26.145749 ioctl(11</dev/video0>, VIDIOC_DQBUF, {type=V4L2_BUF_TYPE_VIDEO_CAPTURE <unfinished ...>
592   17:45:26.147503 ioctl(12</dev/akpcm_cdev1>, _IOC(_IOC_READ, 0x50, 0xe8, 0x04), 0xae299aa8) = 0 <0.000285>
588   17:45:26.149264 <... ioctl resumed> , index=1, memory=V4L2_MEMORY_USERPTR, m.userptr=0xb4b94000, length=1382400, bytesused=1382400, flags=0, timestamp = {334.040000}, ...}) = 0 <0.002405>
592   17:45:26.159842 ioctl(12</dev/akpcm_cdev1>, _IOC(_IOC_READ, 0x50, 0xe8, 0x04), 0xae299aa8) = 0 <0.000226>
592   17:45:26.161762 read(12</dev/akpcm_cdev1>, ""..., 2048) = 2048 <0.000602>
592   17:45:26.164056 ioctl(12</dev/akpcm_cdev1>, _IOC(_IOC_READ, 0x50, 0xe6, 0x04), 0xae299aa8) = 0 <0.000285>
592   17:45:26.174922 ioctl(12</dev/akpcm_cdev1>, _IOC(_IOC_READ, 0x50, 0xe6, 0x04), 0xae299aa8) = 0 <0.000327>
592   17:45:26.177599 ioctl(12</dev/akpcm_cdev1>, _IOC(_IOC_READ, 0x50, 0xe6, 0x04), 0xae299aa8) = 0 <0.000225>
592   17:45:26.181151 ioctl(12</dev/akpcm_cdev1>, _IOC(_IOC_READ, 0x50, 0xe8, 0x04), 0xae299aa8) = 0 <0.000284>
588   17:45:26.187999 ioctl(10</dev/isp_char>, _IOC(_IOC_READ, 0x49, 0x7b, 0x04), 0xae35da6c) = 0 <0.000290>
589   17:45:26.191567 ioctl(8</dev/uio0>, _IOC(_IOC_READ, 0x55, 0x65, 0x04) <unfinished ...>
