592   17:45:26.193832 ioctl(12</dev/akpcm_cdev1>, _IOC(_IOC_READ, 0x50, 0xe8, 0x04), 0xae299aa8) = 0 <0.000392>
589   17:45:26.196220 <... ioctl resumed> , 0xae32b504) = 0 <0.003605>
589   17:45:26.202921 ioctl(11</dev/video0>, VIDIOC_QBUF, {type=V4L2_BUF_TYPE_VIDEO_CAPTURE, index=1, memory=V4L2_MEMORY_USERPTR, m.userptr=0xb4b94000, length=1382400, bytesused=1382400, flags=0, ...}) = 0 <0.000321>
592   17:45:26.206816 ioctl(12</dev/akpcm_cdev1>, _IOC(_IOC_READ, 0x50, 0xe8, 0x04), 0xae299aa8) = 0 <0.000284>
586   17:45:26.209424 ioctl(10</dev/isp_char>, _IOC(_IOC_READ, 0x49, 0x70, 0x04), 0x676d34) = 0 <0.000308>
592   17:45:26.223723 ioctl(12</dev/akpcm_cdev1>, _IOC(_IOC_READ, 0x50, 0xe8, 0x04), 0xae299aa8) = 0 <0.000318>
592   17:45:26.225599 read(12</dev/akpcm_cdev1>, ""..., 2048) = 2048 <0.000344>
592   17:45:26.228534 ioctl(12</dev/akpcm_cdev1>, _IOC(_IOC_READ, 0x50, 0xe6, 0x04), 0xae299aa8) = 0 <0.000320>
592   17:45:26.231620 ioctl(12</dev/akpcm_cdev1>, _IOC(_IOC_READ, 0x50, 0xe6, 0x04), 0xae299aa8) = 0 <0.000256>
592   17:45:26.234781 ioctl(12</dev/akpcm_cdev1>, _IOC(_IOC_READ, 0x50, 0xe6, 0x04), 0xae299aa8) = 0 <0.000317>
592   17:45:26.237686 ioctl(12</dev/akpcm_cdev1>, _IOC(_IOC_READ, 0x50, 0xe8, 0x04), 0xae299aa8) = 0 <0.000326>
588   17:45:26.245550 select(12, [11</dev/video0>], NULL, NULL, {4, 0}) = 1 (in [11], left {3, 999959}) <0.000326>
588   17:45:26.247749 ioctl(11</dev/video0>, VIDIOC_DQBUF, {type=V4L2_BUF_TYPE_VIDEO_CAPTURE, index=2, memory=V4L2_MEMORY_USERPTR, m.userptr=0xb4dc7000, length=1382400, bytesused=1382400, flags=0, timestamp = {334.140000}, ...}) = 0 <0.000311>
592   17:45:26.250197 ioctl(12</dev/akpcm_cdev1>, _IOC(_IOC_READ, 0x50, 0xe8, 0x04), 0xae299aa8) = 0 <0.000282>
588   17:45:26.256229 ioctl(10</dev/isp_char>, _IOC(_IOC_READ, 0x49, 0x7b, 0x04), 0xae35da6c) = 0 <0.000293>
589   17:45:26.259733 ioctl(8</dev/uio0>, _IOC(_IOC_READ, 0x55, 0x65, 0x04) <unfinished ...>
592   17:45:26.263096 ioctl(12</dev/akpcm_cdev1>, _IOC(_IOC_READ, 0x50, 0xe8, 0x04), 0xae299aa8) = 0 <0.000226>
589   17:45:26.265753 <... ioctl resumed> , 0xae32b504) = 0 <0.004192>
589   17:45:26.271825 ioctl(11</dev/video0>, VIDIOC_QBUF, {type=V4L2_BUF_TYPE_VIDEO_CAPTURE, index=2, memory=V4L2_MEMORY_USERPTR, m.userptr=0xb4dc7000, length=1382400, bytesused=1382400, flags=0, ...}) = 0 <0.000320>
586   17:45:26.274866 ioctl(10</dev/isp_char>, _IOC(_IOC_READ, 0x49, 0x70, 0x04) <unfinished ...>
592   17:45:26.276752 ioctl(12</dev/akpcm_cdev1>, _IOC(_IOC_READ, 0x50, 0xe8, 0x04), 0xae299aa8) = 0 <0.000282>
586   17:45:26.278506 <... ioctl resumed> , 0x676d34) = 0 <0.002452>
592   17:45:26.289355 ioctl(12</dev/akpcm_cdev1>, _IOC(_IOC_READ, 0x50, 0xe8, 0x04), 0xae299aa8) = 0 <0.000284>
592   17:45:26.291250 read(12</dev/akpcm_cdev1>, ""..., 2048) = 2048 <0.000308>
592   17:45:26.293250 ioctl(12</dev/akpcm_cdev1>, _IOC(_IOC_READ, 0x50, 0xe6, 0x04), 0xae299aa8) = 0 <0.000286>
592   17:45:26.295893 ioctl(12</dev/akpcm_cdev1>, _IOC(_IOC_READ, 0x50, 0xe6, 0x04), 0xae299aa8) = 0 <0.000286>
592   17:45:26.298526 ioctl(12</dev/akpcm_cdev1>, _IOC(_IOC_READ, 0x50, 0xe6, 0x04), 0xae299aa8) = 0 <0.000281>
592   17:45:26.301185 ioctl(12</dev/akpcm_cdev1>, _IOC(_IOC_READ, 0x50, 0xe8, 0x04), 0xae299aa8) = 0 <0.000280>
588   17:45:26.303672 select(12, [11</dev/video0>], NULL, NULL, {4, 0} <unfinished ...>
592   17:45:26.313648 ioctl(12</dev/akpcm_cdev1>, _IOC(_IOC_READ, 0x50, 0xe8, 0x04), 0xae299aa8) = 0 <0.000334>
586   17:45:26.319107 ioctl(10</dev/isp_char>, _IOC(_IOC_READ, 0x49, 0x70, 0x04), 0x676d34) = 0 <0.000960>
592   17:45:26.326367 ioctl(12</dev/akpcm_cdev1>, _IOC(_IOC_READ, 0x50, 0xe8, 0x04), 0xae299aa8) = 0 <0.000323>
586   17:45:26.332580 ioctl(10</dev/isp_char>, _IOC(_IOC_READ, 0x49, 0x70, 0x04), 0x676d34) = 0 <0.000349>
592   17:45:26.338963 ioctl(12</dev/akpcm_cdev1>, _IOC(_IOC_READ, 0x50, 0xe8, 0x04), 0xae299aa8) = 0 <0.000325>
588   17:45:26.351078 <... select resumed> ) = 1 (in [11], left {3, 955245}) <0.046350>
592   17:45:26.353032 ioctl(12</dev/akpcm_cdev1>, _IOC(_IOC_READ, 0x50, 0xe8, 0x04), 0xae299aa8) = 0 <0.000279>
592   17:45:26.354714 read(12</dev/akpcm_cdev1>, ""..., 2048) = 2048 <0.000349>
592   17:45:26.356702 ioctl(12</dev/akpcm_cdev1>, _IOC(_IOC_READ, 0x50, 0xe6, 0x04), 0xae299aa8) = 0 <0.000282>
592   17:45:26.359323 ioctl(12</dev/akpcm_cdev1>, _IOC(_IOC_READ, 0x50, 0xe6, 0x04), 0xae299aa8) = 0 <0.000283>
592   17:45:26.362102 ioctl(12</dev/akpcm_cdev1>, _IOC(_IOC_READ, 0x50, 0xe6, 0x04), 0xae299aa8) = 0 <0.000277>
592   17:45:26.365005 ioctl(12</dev/akpcm_cdev1>, _IOC(_IOC_READ, 0x50, 0xe8, 0x04), 0xae299aa8) = 0 <0.000286>
588   17:45:26.371006 ioctl(11</dev/video0>, VIDIOC_DQBUF, {type=V4L2_BUF_TYPE_VIDEO_CAPTURE, index=3, memory=V4L2_MEMORY_USERPTR, m.userptr=0xb4ffa000, length=1382400, bytesused=1382400, flags=0, timestamp = {334.240000}, ...}) = 0 <0.003208>
592   17:45:26.377303 ioctl(12</dev/akpcm_cdev1>, _IOC(_IOC_READ, 0x50, 0xe8, 0x04), 0xae299aa8) = 0 <0.000289>
588   17:45:26.382444 ioctl(10</dev/isp_char>, _IOC(_IOC_READ, 0x49, 0x7b, 0x04), 0xae35da6c) = 0 <0.000637>
589   17:45:26.386237 ioctl(8</dev/uio0>, _IOC(_IOC_READ, 0x55, 0x65, 0x04) <unfinished ...>
592   17:45:26.389935 ioctl(12</dev/akpcm_cdev1>, _IOC(_IOC_READ, 0x50, 0xe8, 0x04), 0xae299aa8) = 0 <0.000269>
589   17:45:26.393261 <... ioctl resumed> , 0xae32b504) = 0 <0.005955>
589   17:45:26.400933 ioctl(11</dev/video0>, VIDIOC_QBUF, {type=V4L2_BUF_TYPE_VIDEO_CAPTURE, index=3, memory=V4L2_MEMORY_USERPTR, m.userptr=0xb4ffa000, length=1382400, bytesused=1382400, flags=0, ...}) = 0 <0.000321>
592   17:45:26.403314 ioctl(12</dev/akpcm_cdev1>, _IOC(_IOC_READ, 0x50, 0xe8, 0x04), 0xae299aa8) = 0 <0.000284>
588   17:45:26.405795 select(12, [11</dev/video0>], NULL, NULL, {4, 0} <unfinished ...>
586   17:45:26.414269 ioctl(10</dev/isp_char>, _IOC(_IOC_READ, 0x49, 0x70, 0x04) <unfinished ...>
592   17:45:26.416271 ioctl(12</dev/akpcm_cdev1>, _IOC(_IOC_READ, 0x50, 0xe8, 0x04), 0xae299aa8) = 0 <0.000321>
592   17:45:26.418162 read(12</dev/akpcm_cdev1>, ""..., 2048) = 2048 <0.000349>
592   17:45:26.420768 ioctl(12</dev/akpcm_cdev1>, _IOC(_IOC_READ, 0x50, 0xe6, 0x04), 0xae299aa8) = 0 <0.000319>
592   17:45:26.424315 ioctl(12</dev/akpcm_cdev1>, _IOC(_IOC_READ, 0x50, 0xe6, 0x04), 0xae299aa8) = 0 <0.000317>
592   17:45:26.427314 ioctl(12</dev/akpcm_cdev1>, _IOC(_IOC_READ, 0x50, 0xe6, 0x04), 0xae299aa8) = 0 <0.000314>
592   17:45:26.430280 ioctl(12</dev/akpcm_cdev1>, _IOC(_IOC_READ, 0x50, 0xe6, 0x04), 0xae299aa8) = 0 <0.000311>
592   17:45:26.433655 ioctl(12</dev/akpcm_cdev1>, _IOC(_IOC_READ, 0x50, 0xe8, 0x04), 0xae299aa8) = 0 <0.000323>
586   17:45:26.442640 <... ioctl resumed> , 0x676d34) = 0 <0.027091>
588   17:45:26.444283 <... select resumed> ) = 1 (in [11], left {3, 963777}) <0.037447>
592   17:45:26.451243 ioctl(12</dev/akpcm_cdev1>, _IOC(_IOC_READ, 0x50, 0xe8, 0x04), 0xae299aa8) = 0 <0.000288>
588   17:45:26.453205 ioctl(11</dev/video0>, VIDIOC_DQBUF, {type=V4L2_BUF_TYPE_VIDEO_CAPTURE, index=0, memory=V4L2_MEMORY_USERPTR, m.userptr=0xb4961000, length=1382400, bytesused=1382400, flags=0, timestamp = {334.340000}, ...}) = 0 <0.000319>
588   17:45:26.461824 ioctl(10</dev/isp_char>, _IOC(_IOC_READ, 0x49, 0x7b, 0x04), 0xae35da6c) = 0 <0.000423>
592   17:45:26.464013 ioctl(12</dev/akpcm_cdev1>, _IOC(_IOC_READ, 0x50, 0xe8, 0x04), 0xae299aa8) = 0 <0.000284>
589   17:45:26.466823 ioctl(10</dev/isp_char>, _IOC(_IOC_READ, 0x49, 0x7c, 0x04), 0xae32ba54) = 0 <0.000296>
589   17:45:26.469865 ioctl(8</dev/uio0>, _IOC(_IOC_READ, 0x55, 0x65, 0x04) <unfinished ...>
592   17:45:26.478748 ioctl(12</dev/akpcm_cdev1>, _IOC(_IOC_READ, 0x50, 0xe8, 0x04), 0xae299aa8) = 0 <0.000284>
592   17:45:26.480435 read(12</dev/akpcm_cdev1>, ""..., 2048) = 2048 <0.000353>
592   17:45:26.482836 ioctl(12</dev/akpcm_cdev1>, _IOC(_IOC_READ, 0x50, 0xe6, 0x04), 0xae299aa8) = 0 <0.000278>
592   17:45:26.485787 ioctl(12</dev/akpcm_cdev1>, _IOC(_IOC_READ, 0x50, 0xe6, 0x04), 0xae299aa8) = 0 <0.000280>
592   17:45:26.488438 ioctl(12</dev/akpcm_cdev1>, _IOC(_IOC_READ, 0x50, 0xe6, 0x04), 0xae299aa8) = 0 <0.000284>
592   17:45:26.491113 ioctl(12</dev/akpcm_cdev1>, _IOC(_IOC_READ, 0x50, 0xe8, 0x04), 0xae299aa8) = 0 <0.000281>
589   17:45:26.494459 <... ioctl resumed> , 0xae32b504) = 0 <0.023333>
589   17:45:26.500422 ioctl(11</dev/video0>, VIDIOC_QBUF, {type=V4L2_BUF_TYPE_VIDEO_CAPTURE, index=0, memory=V4L2_MEMORY_USERPTR, m.userptr=0xb4961000, length=1382400, bytesused=1382400, flags=0, ...}) = 0 <0.000315>
592   17:45:26.503628 ioctl(12</dev/akpcm_cdev1>, _IOC(_IOC_READ, 0x50, 0xe8, 0x04), 0xae299aa8) = 0 <0.000281>
588   17:45:26.514949 select(12, [11</dev/video0>], NULL, NULL, {4, 0} <unfinished ...>
592   17:45:26.518176 ioctl(12</dev/akpcm_cdev1>, _IOC(_IOC_READ, 0x50, 0xe8, 0x04), 0xae299aa8) = 0 <0.000316>
586   17:45:26.521191 ioctl(10</dev/isp_char>, _IOC(_IOC_READ, 0x49, 0x70, 0x04), 0x676d34) = 0 <0.000351>
592   17:45:26.530853 ioctl(12</dev/akpcm_cdev1>, _IOC(_IOC_READ, 0x50, 0xe8, 0x04), 0xae299aa8) = 0 <0.010132>
588   17:45:26.547642 <... select resumed> ) = 1 (in [11], left {3, 973487}) <0.031166>
592   17:45:26.616008 ioctl(12</dev/akpcm_cdev1>, _IOC(_IOC_READ, 0x50, 0xe8, 0x04), 0xae299aa8) = 0 <0.000852>
592   17:45:26.618487 read(12</dev/akpcm_cdev1>, ""..., 2048) = 2048 <0.000354>
592   17:45:26.620873 ioctl(12</dev/akpcm_cdev1>, _IOC(_IOC_READ, 0x50, 0xe6, 0x04), 0xae299aa8) = 0 <0.003579>
592   17:45:26.634036 ioctl(12</dev/akpcm_cdev1>, _IOC(_IOC_READ, 0x50, 0xe6, 0x04), 0xae299aa8) = 0 <0.011094>
592   17:45:26.649838 ioctl(12</dev/akpcm_cdev1>, _IOC(_IOC_READ, 0x50, 0xe6, 0x04), 0xae299aa8) = 0 <0.000701>
592   17:45:26.655257 ioctl(12</dev/akpcm_cdev1>, _IOC(_IOC_READ, 0x50, 0xe8, 0x04), 0xae299aa8) = 0 <0.002060>
592   17:45:26.658868 read(12</dev/akpcm_cdev1>, ""..., 2048) = 2048 <0.000488>
592   17:45:26.662400 ioctl(12</dev/akpcm_cdev1>, _IOC(_IOC_READ, 0x50, 0xe6, 0x04), 0xae299aa8) = 0 <0.008154>
592   17:45:26.674931 ioctl(12</dev/akpcm_cdev1>, _IOC(_IOC_READ, 0x50, 0xe6, 0x04), 0xae299aa8) = 0 <0.000980>
592   17:45:26.750930 ioctl(12</dev/akpcm_cdev1>, _IOC(_IOC_READ, 0x50, 0xe6, 0x04), 0xae299aa8) = 0 <0.000337>
592   17:45:26.753559 ioctl(12</dev/akpcm_cdev1>, _IOC(_IOC_READ, 0x50, 0xe8, 0x04), 0xae299aa8) = 0 <0.000290>
592   17:45:26.755493 read(12</dev/akpcm_cdev1>, ""..., 2048) = 2048 <0.008035>
592   17:45:26.765838 ioctl(12</dev/akpcm_cdev1>, _IOC(_IOC_READ, 0x50, 0xe6, 0x04) <unfinished ...>
594   17:45:26.772781 +++ exited with 0 +++
593   17:45:26.773781 --- SIGCHLD {si_signo=SIGCHLD, si_code=CLD_EXITED, si_pid=594, si_uid=0, si_status=0, ...} ---
592   17:45:26.779794 <... ioctl resumed> , 0xae299aa8) = 0 <0.013132>
592   17:45:26.782003 ioctl(12</dev/akpcm_cdev1>, _IOC(_IOC_READ, 0x50, 0xe6, 0x04), 0xae299aa8) = 0 <0.000467>
592   17:45:26.787313 ioctl(12</dev/akpcm_cdev1>, _IOC(_IOC_READ, 0x50, 0xe6, 0x04), 0xae299aa8) = 0 <0.002365>
592   17:45:26.799485 ioctl(12</dev/akpcm_cdev1>, _IOC(_IOC_READ, 0x50, 0xe8, 0x04), 0xae299aa8) = 0 <0.070469>
592   17:45:26.871449 read(12</dev/akpcm_cdev1>, ""..., 2048) = 2048 <0.003111>
592   17:45:26.876249 ioctl(12</dev/akpcm_cdev1>, _IOC(_IOC_READ, 0x50, 0xe6, 0x04), 0xae299aa8) = 0 <0.000290>
592   17:45:26.878906 ioctl(12</dev/akpcm_cdev1>, _IOC(_IOC_READ, 0x50, 0xe6, 0x04), 0xae299aa8) = 0 <0.006681>
592   17:45:26.892722 ioctl(12</dev/akpcm_cdev1>, _IOC(_IOC_READ, 0x50, 0xe6, 0x04) <unfinished ...>
595   17:45:26.897075 +++ exited with 1 +++
593   17:45:26.898059 --- SIGCHLD {si_signo=SIGCHLD, si_code=CLD_EXITED, si_pid=595, si_uid=0, si_status=1, ...} ---
592   17:45:26.901624 <... ioctl resumed> , 0xae299aa8) = 0 <0.008013>
592   17:45:26.903711 ioctl(12</dev/akpcm_cdev1>, _IOC(_IOC_READ, 0x50, 0xe6, 0x04), 0xae299aa8) = 0 <0.000464>
592   17:45:26.909021 ioctl(12</dev/akpcm_cdev1>, _IOC(_IOC_READ, 0x50, 0xe8, 0x04), 0xae299aa8) = 0 <0.002629>
592   17:45:26.913141 read(12</dev/akpcm_cdev1>, ""..., 2048) = 2048 <0.000553>
592   17:45:26.916083 ioctl(12</dev/akpcm_cdev1>, _IOC(_IOC_READ, 0x50, 0xe6, 0x04), 0xae299aa8) = 0 <0.074751>
592   17:45:26.996800 ioctl(12</dev/akpcm_cdev1>, _IOC(_IOC_READ, 0x50, 0xe6, 0x04), 0xae299aa8) = 0 <0.000292>
592   17:45:26.999842 ioctl(12</dev/akpcm_cdev1>, _IOC(_IOC_READ, 0x50, 0xe6, 0x04), 0xae299aa8) = 0 <0.000527>
592   17:45:27.003460 ioctl(12</dev/akpcm_cdev1>, _IOC(_IOC_READ, 0x50, 0xe8, 0x04), 0xae299aa8) = 0 <0.009087>
596   17:45:27.015031 +++ exited with 0 +++
593   17:45:27.016086 --- SIGCHLD {si_signo=SIGCHLD, si_code=CLD_EXITED, si_pid=596, si_uid=0, si_status=0, ...} ---
593   17:45:27.033043 +++ exited with 0 +++
592   17:45:27.033959 read(12</dev/akpcm_cdev1>, ""..., 2048) = 2048 <0.000375>
592   17:45:27.036221 ioctl(12</dev/akpcm_cdev1>, _IOC(_IOC_READ, 0x50, 0xe6, 0x04), 0xae299aa8) = 0 <0.000371>
592   17:45:27.039188 ioctl(12</dev/akpcm_cdev1>, _IOC(_IOC_READ, 0x50, 0xe6, 0x04), 0xae299aa8) = 0 <0.000359>
592   17:45:27.042286 ioctl(12</dev/akpcm_cdev1>, _IOC(_IOC_READ, 0x50, 0xe6, 0x04), 0xae299aa8) = 0 <0.000224>
592   17:45:27.045330 ioctl(12</dev/akpcm_cdev1>, _IOC(_IOC_READ, 0x50, 0xe8, 0x04), 0xae299aa8) = 0 <0.000322>
592   17:45:27.047093 read(12</dev/akpcm_cdev1>, ""..., 2048) = 2048 <0.000308>
592   17:45:27.049046 ioctl(12</dev/akpcm_cdev1>, _IOC(_IOC_READ, 0x50, 0xe6, 0x04), 0xae299aa8) = 0 <0.000225>
592   17:45:27.082718 ioctl(12</dev/akpcm_cdev1>, _IOC(_IOC_READ, 0x50, 0xe6, 0x04), 0xae299aa8) = 0 <0.001599>
592   17:45:27.087151 ioctl(12</dev/akpcm_cdev1>, _IOC(_IOC_READ, 0x50, 0xe6, 0x04), 0xae299aa8) = 0 <0.000285>
592   17:45:27.089762 ioctl(12</dev/akpcm_cdev1>, _IOC(_IOC_READ, 0x50, 0xe8, 0x04), 0xae299aa8) = 0 <0.000277>
592   17:45:27.091653 read(12</dev/akpcm_cdev1>, ""..., 2048) = 2048 <0.000312>
592   17:45:27.093632 ioctl(12</dev/akpcm_cdev1>, _IOC(_IOC_READ, 0x50, 0xe6, 0x04), 0xae299aa8) = 0 <0.000287>
592   17:45:27.096281 ioctl(12</dev/akpcm_cdev1>, _IOC(_IOC_READ, 0x50, 0xe6, 0x04), 0xae299aa8) = 0 <0.000329>
592   17:45:27.098925 ioctl(12</dev/akpcm_cdev1>, _IOC(_IOC_READ, 0x50, 0xe6, 0x04), 0xae299aa8) = 0 <0.000281>
592   17:45:27.101651 ioctl(12</dev/akpcm_cdev1>, _IOC(_IOC_READ, 0x50, 0xe8, 0x04), 0xae299aa8) = 0 <0.000284>
592   17:45:27.103420 read(12</dev/akpcm_cdev1>, ""..., 2048) = 2048 <0.000307>
592   17:45:27.105392 ioctl(12</dev/akpcm_cdev1>, _IOC(_IOC_READ, 0x50, 0xe6, 0x04), 0xae299aa8) = 0 <0.000319>
592   17:45:27.108038 ioctl(12</dev/akpcm_cdev1>, _IOC(_IOC_READ, 0x50, 0xe6, 0x04), 0xae299aa8) = 0 <0.000284>
592   17:45:27.110823 ioctl(12</dev/akpcm_cdev1>, _IOC(_IOC_READ, 0x50, 0xe6, 0x04), 0xae299aa8) = 0 <0.000325>
592   17:45:27.120967 ioctl(12</dev/akpcm_cdev1>, _IOC(_IOC_READ, 0x50, 0xe6, 0x04), 0xae299aa8) = 0 <0.000329>
592   17:45:27.123958 ioctl(12</dev/akpcm_cdev1>, _IOC(_IOC_READ, 0x50, 0xe8, 0x04), 0xae299aa8) = 0 <0.000320>
592   17:45:27.125931 read(12</dev/akpcm_cdev1>, ""..., 2048) = 2048 <0.000350>
592   17:45:27.128181 ioctl(12</dev/akpcm_cdev1>, _IOC(_IOC_READ, 0x50, 0xe6, 0x04), 0xae299aa8) = 0 <0.000318>
592   17:45:27.131302 ioctl(12</dev/akpcm_cdev1>, _IOC(_IOC_READ, 0x50, 0xe6, 0x04), 0xae299aa8) = 0 <0.000323>
592   17:45:27.134308 ioctl(12</dev/akpcm_cdev1>, _IOC(_IOC_READ, 0x50, 0xe6, 0x04), 0xae299aa8) = 0 <0.000320>
592   17:45:27.137215 ioctl(12</dev/akpcm_cdev1>, _IOC(_IOC_READ, 0x50, 0xe8, 0x04), 0xae299aa8) = 0 <0.000315>
592   17:45:27.149667 ioctl(12</dev/akpcm_cdev1>, _IOC(_IOC_READ, 0x50, 0xe8, 0x04), 0xae299aa8) = 0 <0.010336>
588   17:45:27.161645 ioctl(11</dev/video0>, VIDIOC_DQBUF, {type=V4L2_BUF_TYPE_VIDEO_CAPTURE <unfinished ...>
590   17:45:27.164017 ioctl(10</dev/isp_char>, _IOC(_IOC_WRITE, 0x49, 0x6d, 0x04) <unfinished ...>
588   17:45:27.165011 <... ioctl resumed> , index=1, memory=V4L2_MEMORY_USERPTR, m.userptr=0xb4b94000, length=1382400, bytesused=1382400, flags=0, timestamp = {334.440000}, ...}) = 0 <0.002507>
588   17:45:27.170786 ioctl(10</dev/isp_char>, _IOC(_IOC_READ, 0x49, 0x7b, 0x04) <unfinished ...>
592   17:45:27.172567 ioctl(12</dev/akpcm_cdev1>, _IOC(_IOC_READ, 0x50, 0xe8, 0x04), 0xae299aa8) = 0 <0.000286>
586   17:45:27.185573 ioctl(10</dev/isp_char>, _IOC(_IOC_READ, 0x49, 0x70, 0x04) <unfinished ...>
583   17:45:27.186929 --- SIGCHLD {si_signo=SIGCHLD, si_code=CLD_EXITED, si_pid=593, si_uid=0, si_status=0, ...} ---
592   17:45:27.195267 ioctl(12</dev/akpcm_cdev1>, _IOC(_IOC_READ, 0x50, 0xe8, 0x04), 0xae299aa8) = 0 <0.000289>
592   17:45:27.197011 read(12</dev/akpcm_cdev1>, ""..., 2048) = 2048 <0.000313>
592   17:45:27.198984 ioctl(12</dev/akpcm_cdev1>, _IOC(_IOC_READ, 0x50, 0xe6, 0x04), 0xae299aa8) = 0 <0.010984>
592   17:45:27.212544 ioctl(12</dev/akpcm_cdev1>, _IOC(_IOC_READ, 0x50, 0xe6, 0x04), 0xae299aa8) = 0 <0.000326>
592   17:45:27.215548 ioctl(12</dev/akpcm_cdev1>, _IOC(_IOC_READ, 0x50, 0xe6, 0x04), 0xae299aa8) = 0 <0.000323>
592   17:45:27.218851 ioctl(12</dev/akpcm_cdev1>, _IOC(_IOC_READ, 0x50, 0xe8, 0x04), 0xae299aa8) = 0 <0.000328>
583   17:45:27.226482 +++ exited with 0 +++
592   17:45:27.231841 ioctl(12</dev/akpcm_cdev1>, _IOC(_IOC_READ, 0x50, 0xe8, 0x04), 0xae299aa8) = 0 <0.020439>
592   17:45:27.264439 ioctl(12</dev/akpcm_cdev1>, _IOC(_IOC_READ, 0x50, 0xe8, 0x04), 0xae299aa8) = 0 <0.000333>
592   17:45:27.266202 read(12</dev/akpcm_cdev1>, ""..., 2048) = 2048 <0.000317>
592   17:45:27.268194 ioctl(12</dev/akpcm_cdev1>, _IOC(_IOC_READ, 0x50, 0xe6, 0x04), 0xae299aa8) = 0 <0.000288>
592   17:45:27.276546 ioctl(12</dev/akpcm_cdev1>, _IOC(_IOC_READ, 0x50, 0xe6, 0x04), 0xae299aa8) = 0 <0.000324>
592   17:45:27.279192 ioctl(12</dev/akpcm_cdev1>, _IOC(_IOC_READ, 0x50, 0xe6, 0x04), 0xae299aa8) = 0 <0.000289>
592   17:45:27.282145 ioctl(12</dev/akpcm_cdev1>, _IOC(_IOC_READ, 0x50, 0xe8, 0x04), 0xae299aa8) = 0 <0.000290>
590   17:45:27.290847 <... ioctl resumed> , 0xae2f991c) = 0 <0.125926>
588   17:45:27.292049 <... ioctl resumed> , 0xae35da6c) = 0 <0.120129>
592   17:45:27.294527 ioctl(12</dev/akpcm_cdev1>, _IOC(_IOC_READ, 0x50, 0xe8, 0x04), 0xae299aa8) = 0 <0.000330>
589   17:45:27.297235 ioctl(8</dev/uio0>, _IOC(_IOC_READ, 0x55, 0x65, 0x04) <unfinished ...>
586   17:45:27.299311 <... ioctl resumed> , 0x676d34) = 0 <0.112854>
589   17:45:27.301691 <... ioctl resumed> , 0xae32b504) = 0 <0.003408>
592   17:45:27.313605 ioctl(12</dev/akpcm_cdev1>, _IOC(_IOC_READ, 0x50, 0xe8, 0x04), 0xae299aa8) = 0 <0.000322>
592   17:45:27.315510 read(12</dev/akpcm_cdev1>, ""..., 2048) = 2048 <0.000392>
592   17:45:27.321057 ioctl(12</dev/akpcm_cdev1>, _IOC(_IOC_READ, 0x50, 0xe6, 0x04), 0xae299aa8) = 0 <0.000327>
592   17:45:27.324611 ioctl(12</dev/akpcm_cdev1>, _IOC(_IOC_READ, 0x50, 0xe6, 0x04), 0xae299aa8) = 0 <0.005365>
592   17:45:27.332724 ioctl(12</dev/akpcm_cdev1>, _IOC(_IOC_READ, 0x50, 0xe6, 0x04), 0xae299aa8) = 0 <0.000333>
592   17:45:27.335665 ioctl(12</dev/akpcm_cdev1>, _IOC(_IOC_READ, 0x50, 0xe8, 0x04), 0xae299aa8) = 0 <0.000323>
589   17:45:27.346689 ioctl(11</dev/video0>, VIDIOC_QBUF, {type=V4L2_BUF_TYPE_VIDEO_CAPTURE, index=1 <unfinished ...>
592   17:45:27.361006 ioctl(12</dev/akpcm_cdev1>, _IOC(_IOC_READ, 0x50, 0xe8, 0x04), 0xae299aa8) = 0 <0.000285>
589   17:45:27.362831 <... ioctl resumed> , memory=V4L2_MEMORY_USERPTR, m.userptr=0xb4b94000, length=1382400, bytesused=1382400, flags=0, ...}) = 0 <0.002594>
588   17:45:27.364696 select(12, [11</dev/video0>], NULL, NULL, {4, 0}) = 1 (in [11], left {3, 999959}) <0.000330>
588   17:45:27.366846 ioctl(11</dev/video0>, VIDIOC_DQBUF, {type=V4L2_BUF_TYPE_VIDEO_CAPTURE, index=2, memory=V4L2_MEMORY_USERPTR, m.userptr=0xb4dc7000, length=1382400, bytesused=1382400, flags=0, timestamp = {334.540000}, ...}) = 0 <0.000315>
592   17:45:27.377637 ioctl(12</dev/akpcm_cdev1>, _IOC(_IOC_READ, 0x50, 0xe8, 0x04), 0xae299aa8) = 0 <0.000287>
592   17:45:27.379413 read(12</dev/akpcm_cdev1>, ""..., 2048) = 2048 <0.000314>
592   17:45:27.381598 ioctl(12</dev/akpcm_cdev1>, _IOC(_IOC_READ, 0x50, 0xe6, 0x04), 0xae299aa8) = 0 <0.000280>
592   17:45:27.384563 ioctl(12</dev/akpcm_cdev1>, _IOC(_IOC_READ, 0x50, 0xe6, 0x04), 0xae299aa8) = 0 <0.000322>
592   17:45:27.387201 ioctl(12</dev/akpcm_cdev1>, _IOC(_IOC_READ, 0x50, 0xe6, 0x04), 0xae299aa8) = 0 <0.000284>
592   17:45:27.389830 ioctl(12</dev/akpcm_cdev1>, _IOC(_IOC_READ, 0x50, 0xe6, 0x04), 0xae299aa8) = 0 <0.000280>
592   17:45:27.392564 ioctl(12</dev/akpcm_cdev1>, _IOC(_IOC_READ, 0x50, 0xe8, 0x04), 0xae299aa8) = 0 <0.000282>
588   17:45:27.398005 ioctl(10</dev/isp_char>, _IOC(_IOC_READ, 0x49, 0x7b, 0x04), 0xae35da6c) = 0 <0.000286>
589   17:45:27.401785 ioctl(8</dev/uio0>, _IOC(_IOC_READ, 0x55, 0x65, 0x04) <unfinished ...>
592   17:45:27.411275 ioctl(12</dev/akpcm_cdev1>, _IOC(_IOC_READ, 0x50, 0xe8, 0x04), 0xae299aa8) = 0 <0.000326>
589   17:45:27.413254 <... ioctl resumed> , 0xae32b504) = 0 <0.010353>
592   17:45:27.424121 ioctl(12</dev/akpcm_cdev1>, _IOC(_IOC_READ, 0x50, 0xe8, 0x04), 0xae299aa8) = 0 <0.000322>
589   17:45:27.429612 ioctl(11</dev/video0>, VIDIOC_QBUF, {type=V4L2_BUF_TYPE_VIDEO_CAPTURE, index=2, memory=V4L2_MEMORY_USERPTR, m.userptr=0xb4dc7000, length=1382400, bytesused=1382400, flags=0, ...}) = 0 <0.000493>
592   17:45:27.442689 ioctl(12</dev/akpcm_cdev1>, _IOC(_IOC_READ, 0x50, 0xe8, 0x04), 0xae299aa8) = 0 <0.000381>
592   17:45:27.444978 read(12</dev/akpcm_cdev1>, ""..., 2048) = 2048 <0.000307>
592   17:45:27.447008 ioctl(12</dev/akpcm_cdev1>, _IOC(_IOC_READ, 0x50, 0xe6, 0x04), 0xae299aa8) = 0 <0.000279>
592   17:45:27.449641 ioctl(12</dev/akpcm_cdev1>, _IOC(_IOC_READ, 0x50, 0xe6, 0x04), 0xae299aa8) = 0 <0.000407>
592   17:45:27.452396 ioctl(12</dev/akpcm_cdev1>, _IOC(_IOC_READ, 0x50, 0xe6, 0x04), 0xae299aa8) = 0 <0.000224>
592   17:45:27.455183 ioctl(12</dev/akpcm_cdev1>, _IOC(_IOC_READ, 0x50, 0xe8, 0x04), 0xae299aa8) = 0 <0.000285>
588   17:45:27.459642 select(12, [11</dev/video0>], NULL, NULL, {4, 0}) = 1 (in [11], left {3, 999959}) <0.000325>
588   17:45:27.461963 ioctl(11</dev/video0>, VIDIOC_DQBUF, {type=V4L2_BUF_TYPE_VIDEO_CAPTURE, index=3, memory=V4L2_MEMORY_USERPTR, m.userptr=0xb4ffa000, length=1382400, bytesused=1382400, flags=0, timestamp = {334.640000}, ...}) = 0 <0.000313>
592   17:45:27.467773 ioctl(12</dev/akpcm_cdev1>, _IOC(_IOC_READ, 0x50, 0xe8, 0x04), 0xae299aa8) = 0 <0.000286>
588   17:45:27.470386 ioctl(10</dev/isp_char>, _IOC(_IOC_READ, 0x49, 0x7b, 0x04), 0xae35da6c) = 0 <0.000291>
589   17:45:27.473184 ioctl(10</dev/isp_char>, _IOC(_IOC_READ, 0x49, 0x7c, 0x04), 0xae32ba54) = 0 <0.000292>
589   17:45:27.476133 ioctl(8</dev/uio0>, _IOC(_IOC_READ, 0x55, 0x65, 0x04) <unfinished ...>
592   17:45:27.480494 ioctl(12</dev/akpcm_cdev1>, _IOC(_IOC_READ, 0x50, 0xe8, 0x04), 0xae299aa8) = 0 <0.000326>
589   17:45:27.482440 <... ioctl resumed> , 0xae32b504) = 0 <0.005247>
589   17:45:27.488402 ioctl(11</dev/video0>, VIDIOC_QBUF, {type=V4L2_BUF_TYPE_VIDEO_CAPTURE, index=3, memory=V4L2_MEMORY_USERPTR, m.userptr=0xb4ffa000, length=1382400, bytesused=1382400, flags=0, ...}) = 0 <0.000360>
588   17:45:27.491479 select(12, [11</dev/video0>], NULL, NULL, {4, 0} <unfinished ...>
592   17:45:27.493416 ioctl(12</dev/akpcm_cdev1>, _IOC(_IOC_READ, 0x50, 0xe8, 0x04), 0xae299aa8) = 0 <0.000283>
588   17:45:27.495190 <... select resumed> ) = 1 (in [11], left {3, 999959}) <0.002432>
588   17:45:27.496561 ioctl(11</dev/video0>, VIDIOC_DQBUF, {type=V4L2_BUF_TYPE_VIDEO_CAPTURE, index=0, memory=V4L2_MEMORY_USERPTR, m.userptr=0xb4961000, length=1382400, bytesused=1382400, flags=0, timestamp = {335.340000}, ...}) = 0 <0.000314>
592   17:45:27.506244 ioctl(12</dev/akpcm_cdev1>, _IOC(_IOC_READ, 0x50, 0xe8, 0x04), 0xae299aa8) = 0 <0.000284>
592   17:45:27.507940 read(12</dev/akpcm_cdev1>, ""..., 2048) = 2048 <0.000713>
592   17:45:27.510308 ioctl(12</dev/akpcm_cdev1>, _IOC(_IOC_READ, 0x50, 0xe6, 0x04), 0xae299aa8) = 0 <0.000323>
592   17:45:27.513378 ioctl(12</dev/akpcm_cdev1>, _IOC(_IOC_READ, 0x50, 0xe6, 0x04), 0xae299aa8) = 0 <0.000327>
592   17:45:27.516410 ioctl(12</dev/akpcm_cdev1>, _IOC(_IOC_READ, 0x50, 0xe6, 0x04), 0xae299aa8) = 0 <0.000243>
592   17:45:27.520044 ioctl(12</dev/akpcm_cdev1>, _IOC(_IOC_READ, 0x50, 0xe8, 0x04), 0xae299aa8) = 0 <0.000260>
588   17:45:27.528390 ioctl(10</dev/isp_char>, _IOC(_IOC_READ, 0x49, 0x7b, 0x04), 0xae35da6c) = 0 <0.000331>
589   17:45:27.532657 ioctl(8</dev/uio0>, _IOC(_IOC_READ, 0x55, 0x65, 0x04) <unfinished ...>
592   17:45:27.535052 ioctl(12</dev/akpcm_cdev1>, _IOC(_IOC_READ, 0x50, 0xe8, 0x04), 0xae299aa8) = 0 <0.000454>
589   17:45:27.537759 <... ioctl resumed> , 0xae32b504) = 0 <0.003817>
592   17:45:27.548394 ioctl(12</dev/akpcm_cdev1>, _IOC(_IOC_READ, 0x50, 0xe8, 0x04), 0xae299aa8) = 0 <0.000288>
589   17:45:27.553986 ioctl(11</dev/video0>, VIDIOC_QBUF, {type=V4L2_BUF_TYPE_VIDEO_CAPTURE, index=0, memory=V4L2_MEMORY_USERPTR, m.userptr=0xb4961000, length=1382400, bytesused=1382400, flags=0, ...}) = 0 <0.000362>
586   17:45:27.557228 ioctl(10</dev/isp_char>, _IOC(_IOC_READ, 0x49, 0x70, 0x04), 0x676d34) = 0 <0.000311>
592   17:45:27.560995 ioctl(12</dev/akpcm_cdev1>, _IOC(_IOC_READ, 0x50, 0xe8, 0x04), 0xae299aa8) = 0 <0.000226>
588   17:45:27.572543 select(12, [11</dev/video0>], NULL, NULL, {4, 0} <unfinished ...>
592   17:45:27.574620 ioctl(12</dev/akpcm_cdev1>, _IOC(_IOC_READ, 0x50, 0xe8, 0x04), 0xae299aa8) = 0 <0.000228>
592   17:45:27.576617 read(12</dev/akpcm_cdev1>, ""..., 2048) = 2048 <0.000305>
592   17:45:27.578618 ioctl(12</dev/akpcm_cdev1>, _IOC(_IOC_READ, 0x50, 0xe6, 0x04), 0xae299aa8) = 0 <0.000287>
592   17:45:27.581382 ioctl(12</dev/akpcm_cdev1>, _IOC(_IOC_READ, 0x50, 0xe6, 0x04), 0xae299aa8) = 0 <0.000285>
592   17:45:27.584004 ioctl(12</dev/akpcm_cdev1>, _IOC(_IOC_READ, 0x50, 0xe6, 0x04), 0xae299aa8) = 0 <0.000284>
592   17:45:27.586561 ioctl(12</dev/akpcm_cdev1>, _IOC(_IOC_READ, 0x50, 0xe8, 0x04), 0xae299aa8) = 0 <0.000286>
588   17:45:27.594888 <... select resumed> ) = 1 (in [11], left {3, 999959}) <0.020980>
588   17:45:27.596298 ioctl(11</dev/video0>, VIDIOC_DQBUF, {type=V4L2_BUF_TYPE_VIDEO_CAPTURE, index=1, memory=V4L2_MEMORY_USERPTR, m.userptr=0xb4b94000, length=1382400, bytesused=1382400, flags=0, timestamp = {335.440000}, ...}) = 0 <0.000320>
592   17:45:27.599174 ioctl(12</dev/akpcm_cdev1>, _IOC(_IOC_READ, 0x50, 0xe8, 0x04), 0xae299aa8) = 0 <0.000330>
588   17:45:27.604911 ioctl(10</dev/isp_char>, _IOC(_IOC_READ, 0x49, 0x7b, 0x04), 0xae35da6c) = 0 <0.000294>
589   17:45:27.608325 ioctl(8</dev/uio0>, _IOC(_IOC_READ, 0x55, 0x65, 0x04) <unfinished ...>
592   17:45:27.612669 ioctl(12</dev/akpcm_cdev1>, _IOC(_IOC_READ, 0x50, 0xe8, 0x04), 0xae299aa8) = 0 <0.000326>
589   17:45:27.616068 <... ioctl resumed> , 0xae32b504) = 0 <0.006668>
592   17:45:27.627409 ioctl(12</dev/akpcm_cdev1>, _IOC(_IOC_READ, 0x50, 0xe8, 0x04), 0xae299aa8) = 0 <0.001267>
592   17:45:27.637897 read(12</dev/akpcm_cdev1>, ""..., 2048) = 2048 <0.000951>
592   17:45:27.641420 ioctl(12</dev/akpcm_cdev1>, _IOC(_IOC_READ, 0x50, 0xe6, 0x04), 0xae299aa8) = 0 <0.001950>
592   17:45:27.648026 ioctl(12</dev/akpcm_cdev1>, _IOC(_IOC_READ, 0x50, 0xe6, 0x04), 0xae299aa8) = 0 <0.000929>
592   17:45:27.651866 ioctl(12</dev/akpcm_cdev1>, _IOC(_IOC_READ, 0x50, 0xe6, 0x04), 0xae299aa8) = 0 <0.000328>
592   17:45:27.654455 ioctl(12</dev/akpcm_cdev1>, _IOC(_IOC_READ, 0x50, 0xe8, 0x04), 0xae299aa8) = 0 <0.000282>
592   17:45:27.666980 ioctl(12</dev/akpcm_cdev1>, _IOC(_IOC_READ, 0x50, 0xe8, 0x04), 0xae299aa8) = 0 <0.000325>
589   17:45:27.669209 ioctl(11</dev/video0>, VIDIOC_QBUF, {type=V4L2_BUF_TYPE_VIDEO_CAPTURE, index=1, memory=V4L2_MEMORY_USERPTR, m.userptr=0xb4b94000, length=1382400, bytesused=1382400, flags=0, ...}) = 0 <0.000320>
588   17:45:27.671868 select(12, [11</dev/video0>], NULL, NULL, {4, 0}) = 1 (in [11], left {3, 999959}) <0.000324>
588   17:45:27.674047 ioctl(11</dev/video0>, VIDIOC_DQBUF, {type=V4L2_BUF_TYPE_VIDEO_CAPTURE, index=2, memory=V4L2_MEMORY_USERPTR, m.userptr=0xb4dc7000, length=1382400, bytesused=1382400, flags=0, timestamp = {335.540000}, ...}) = 0 <0.000315>
592   17:45:27.679366 ioctl(12</dev/akpcm_cdev1>, _IOC(_IOC_READ, 0x50, 0xe8, 0x04), 0xae299aa8) = 0 <0.000285>
588   17:45:27.682641 ioctl(10</dev/isp_char>, _IOC(_IOC_READ, 0x49, 0x7b, 0x04), 0xae35da6c) = 0 <0.000291>
589   17:45:27.686135 ioctl(8</dev/uio0>, _IOC(_IOC_READ, 0x55, 0x65, 0x04) <unfinished ...>
586   17:45:27.690163 ioctl(10</dev/isp_char>, _IOC(_IOC_READ, 0x49, 0x70, 0x04) <unfinished ...>
592   17:45:27.698803 ioctl(12</dev/akpcm_cdev1>, _IOC(_IOC_READ, 0x50, 0xe8, 0x04), 0xae299aa8) = 0 <0.000284>
592   17:45:27.700490 read(12</dev/akpcm_cdev1>, ""..., 2048) = 2048 <0.000308>
592   17:45:27.702793 ioctl(12</dev/akpcm_cdev1>, _IOC(_IOC_READ, 0x50, 0xe6, 0x04), 0xae299aa8) = 0 <0.000285>
592   17:45:27.705420 ioctl(12</dev/akpcm_cdev1>, _IOC(_IOC_READ, 0x50, 0xe6, 0x04), 0xae299aa8) = 0 <0.000285>
592   17:45:27.708044 ioctl(12</dev/akpcm_cdev1>, _IOC(_IOC_READ, 0x50, 0xe6, 0x04), 0xae299aa8) = 0 <0.000284>
592   17:45:27.710984 ioctl(12</dev/akpcm_cdev1>, _IOC(_IOC_READ, 0x50, 0xe6, 0x04), 0xae299aa8) = 0 <0.000323>
592   17:45:27.714305 ioctl(12</dev/akpcm_cdev1>, _IOC(_IOC_READ, 0x50, 0xe8, 0x04), 0xae299aa8) = 0 <0.000319>
592   17:45:27.726886 ioctl(12</dev/akpcm_cdev1>, _IOC(_IOC_READ, 0x50, 0xe8, 0x04), 0xae299aa8) = 0 <0.000363>
589   17:45:27.729905 <... ioctl resumed> , 0xae32b504) = 0 <0.042691>
592   17:45:27.739465 ioctl(12</dev/akpcm_cdev1>, _IOC(_IOC_READ, 0x50, 0xe8, 0x04), 0xae299aa8) = 0 <0.000461>
589   17:45:27.742073 ioctl(11</dev/video0>, VIDIOC_QBUF, {type=V4L2_BUF_TYPE_VIDEO_CAPTURE, index=2, memory=V4L2_MEMORY_USERPTR, m.userptr=0xb4dc7000, length=1382400, bytesused=1382400, flags=0, ...}) = 0 <0.000319>
588   17:45:27.746196 select(12, [11</dev/video0>], NULL, NULL, {4, 0}) = 1 (in [11], left {3, 999959}) <0.000324>
588   17:45:27.748338 ioctl(11</dev/video0>, VIDIOC_DQBUF, {type=V4L2_BUF_TYPE_VIDEO_CAPTURE, index=3, memory=V4L2_MEMORY_USERPTR, m.userptr=0xb4ffa000, length=1382400, bytesused=1382400, flags=0, timestamp = {335.640000}, ...}) = 0 <0.000314>
592   17:45:27.752207 ioctl(12</dev/akpcm_cdev1>, _IOC(_IOC_READ, 0x50, 0xe8, 0x04), 0xae299aa8) = 0 <0.000287>
588   17:45:27.763174 ioctl(10</dev/isp_char>, _IOC(_IOC_READ, 0x49, 0x7b, 0x04) <unfinished ...>
592   17:45:27.764930 ioctl(12</dev/akpcm_cdev1>, _IOC(_IOC_READ, 0x50, 0xe8, 0x04), 0xae299aa8) = 0 <0.000228>
592   17:45:27.766882 read(12</dev/akpcm_cdev1>, ""..., 2048) = 2048 <0.000313>
592   17:45:27.768890 ioctl(12</dev/akpcm_cdev1>, _IOC(_IOC_READ, 0x50, 0xe6, 0x04), 0xae299aa8) = 0 <0.000417>
592   17:45:27.771825 ioctl(12</dev/akpcm_cdev1>, _IOC(_IOC_READ, 0x50, 0xe6, 0x04), 0xae299aa8) = 0 <0.000284>
592   17:45:27.774486 ioctl(12</dev/akpcm_cdev1>, _IOC(_IOC_READ, 0x50, 0xe6, 0x04), 0xae299aa8) = 0 <0.000282>
592   17:45:27.777080 ioctl(12</dev/akpcm_cdev1>, _IOC(_IOC_READ, 0x50, 0xe8, 0x04), 0xae299aa8) = 0 <0.000284>
588   17:45:27.781181 <... ioctl resumed> , 0xae35da6c) = 0 <0.016877>
589   17:45:27.784007 ioctl(8</dev/uio0>, _IOC(_IOC_READ, 0x55, 0x65, 0x04) <unfinished ...>
586   17:45:27.786671 <... ioctl resumed> , 0x676d34) = 0 <0.094916>
589   17:45:27.788597 <... ioctl resumed> , 0xae32b504) = 0 <0.003468>
592   17:45:27.790366 ioctl(12</dev/akpcm_cdev1>, _IOC(_IOC_READ, 0x50, 0xe8, 0x04), 0xae299aa8) = 0 <0.000284>
589   17:45:27.797327 ioctl(11</dev/video0>, VIDIOC_QBUF, {type=V4L2_BUF_TYPE_VIDEO_CAPTURE, index=3, memory=V4L2_MEMORY_USERPTR, m.userptr=0xb4ffa000, length=1382400, bytesused=1382400, flags=0, ...}) = 0 <0.000321>
588   17:45:27.800002 select(12, [11</dev/video0>], NULL, NULL, {4, 0} <unfinished ...>
592   17:45:27.803131 ioctl(12</dev/akpcm_cdev1>, _IOC(_IOC_READ, 0x50, 0xe8, 0x04), 0xae299aa8) = 0 <0.000288>
592   17:45:27.815736 ioctl(12</dev/akpcm_cdev1>, _IOC(_IOC_READ, 0x50, 0xe8, 0x04), 0xae299aa8) = 0 <0.000844>
586   17:45:27.819159 ioctl(10</dev/isp_char>, _IOC(_IOC_READ, 0x49, 0x70, 0x04) <unfinished ...>
592   17:45:27.829542 ioctl(12</dev/akpcm_cdev1>, _IOC(_IOC_READ, 0x50, 0xe8, 0x04), 0xae299aa8) = 0 <0.000449>
592   17:45:27.831609 read(12</dev/akpcm_cdev1>, ""..., 2048) = 2048 <0.000384>
592   17:45:27.834336 ioctl(12</dev/akpcm_cdev1>, _IOC(_IOC_READ, 0x50, 0xe6, 0x04), 0xae299aa8) = 0 <0.000320>
592   17:45:27.837275 ioctl(12</dev/akpcm_cdev1>, _IOC(_IOC_READ, 0x50, 0xe6, 0x04), 0xae299aa8) = 0 <0.000319>
592   17:45:27.840208 ioctl(12</dev/akpcm_cdev1>, _IOC(_IOC_READ, 0x50, 0xe6, 0x04), 0xae299aa8) = 0 <0.000306>
592   17:45:27.843716 ioctl(12</dev/akpcm_cdev1>, _IOC(_IOC_READ, 0x50, 0xe8, 0x04), 0xae299aa8) = 0 <0.000283>
588   17:45:27.846162 <... select resumed> ) = 1 (in [11], left {3, 958133}) <0.045002>
588   17:45:27.847554 ioctl(11</dev/video0>, VIDIOC_DQBUF, {type=V4L2_BUF_TYPE_VIDEO_CAPTURE <unfinished ...>
592   17:45:27.856037 ioctl(12</dev/akpcm_cdev1>, _IOC(_IOC_READ, 0x50, 0xe8, 0x04), 0xae299aa8) = 0 <0.000329>
588   17:45:27.857806 <... ioctl resumed> , index=0, memory=V4L2_MEMORY_USERPTR, m.userptr=0xb4961000, length=1382400, bytesused=1382400, flags=0, timestamp = {335.740000}, ...}) = 0 <0.009060>
588   17:45:27.863725 ioctl(10</dev/isp_char>, _IOC(_IOC_READ, 0x49, 0x7b, 0x04), 0xae35da6c) = 0 <0.000293>
589   17:45:27.867149 ioctl(8</dev/uio0>, _IOC(_IOC_READ, 0x55, 0x65, 0x04) <unfinished ...>
592   17:45:27.869555 ioctl(12</dev/akpcm_cdev1>, _IOC(_IOC_READ, 0x50, 0xe8, 0x04), 0xae299aa8) = 0 <0.000380>
589   17:45:27.871904 <... ioctl resumed> , 0xae32b504) = 0 <0.003264>
592   17:45:27.882560 ioctl(12</dev/akpcm_cdev1>, _IOC(_IOC_READ, 0x50, 0xe8, 0x04), 0xae299aa8) = 0 <0.000284>
589   17:45:27.891010 ioctl(11</dev/video0>, VIDIOC_QBUF, {type=V4L2_BUF_TYPE_VIDEO_CAPTURE, index=0, memory=V4L2_MEMORY_USERPTR, m.userptr=0xb4961000, length=1382400, bytesused=1382400, flags=0, ...}) = 0 <0.001865>
592   17:45:27.894871 ioctl(12</dev/akpcm_cdev1>, _IOC(_IOC_READ, 0x50, 0xe8, 0x04), 0xae299aa8) = 0 <0.000284>
592   17:45:27.896598 read(12</dev/akpcm_cdev1>, ""..., 2048) = 2048 <0.000309>
592   17:45:27.898565 ioctl(12</dev/akpcm_cdev1>, _IOC(_IOC_READ, 0x50, 0xe6, 0x04), 0xae299aa8) = 0 <0.000285>
592   17:45:27.901324 ioctl(12</dev/akpcm_cdev1>, _IOC(_IOC_READ, 0x50, 0xe6, 0x04), 0xae299aa8) = 0 <0.000228>
592   17:45:27.904254 ioctl(12</dev/akpcm_cdev1>, _IOC(_IOC_READ, 0x50, 0xe6, 0x04), 0xae299aa8) = 0 <0.000325>
592   17:45:27.906854 ioctl(12</dev/akpcm_cdev1>, _IOC(_IOC_READ, 0x50, 0xe8, 0x04), 0xae299aa8) = 0 <0.000282>
586   17:45:27.916526 <... ioctl resumed> , 0x676d34) = 0 <0.089277>
592   17:45:27.919537 ioctl(12</dev/akpcm_cdev1>, _IOC(_IOC_READ, 0x50, 0xe8, 0x04), 0xae299aa8) = 0 <0.000448>
588   17:45:27.927088 select(12, [11</dev/video0>], NULL, NULL, {4, 0} <unfinished ...>
592   17:45:27.932300 ioctl(12</dev/akpcm_cdev1>, _IOC(_IOC_READ, 0x50, 0xe8, 0x04), 0xae299aa8) = 0 <0.000463>
586   17:45:27.936800 ioctl(10</dev/isp_char>, _IOC(_IOC_READ, 0x49, 0x70, 0x04), 0x676d34) = 0 <0.000351>
588   17:45:27.943568 <... select resumed> ) = 1 (in [11], left {3, 985535}) <0.014997>
592   17:45:27.945580 ioctl(12</dev/akpcm_cdev1>, _IOC(_IOC_READ, 0x50, 0xe8, 0x04), 0xae299aa8) = 0 <0.000227>
588   17:45:27.947740 ioctl(11</dev/video0>, VIDIOC_DQBUF, {type=V4L2_BUF_TYPE_VIDEO_CAPTURE, index=1, memory=V4L2_MEMORY_USERPTR, m.userptr=0xb4b94000, length=1382400, bytesused=1382400, flags=0, timestamp = {335.840000}, ...}) = 0 <0.006753>
592   17:45:27.958172 ioctl(12</dev/akpcm_cdev1>, _IOC(_IOC_READ, 0x50, 0xe8, 0x04), 0xae299aa8) = 0 <0.000324>
592   17:45:27.959906 read(12</dev/akpcm_cdev1>, ""..., 2048) = 2048 <0.000302>
592   17:45:27.961974 ioctl(12</dev/akpcm_cdev1>, _IOC(_IOC_READ, 0x50, 0xe6, 0x04), 0xae299aa8) = 0 <0.000227>
592   17:45:27.964834 ioctl(12</dev/akpcm_cdev1>, _IOC(_IOC_READ, 0x50, 0xe6, 0x04), 0xae299aa8) = 0 <0.000282>
592   17:45:27.967501 ioctl(12</dev/akpcm_cdev1>, _IOC(_IOC_READ, 0x50, 0xe6, 0x04), 0xae299aa8) = 0 <0.000283>
592   17:45:27.970104 ioctl(12</dev/akpcm_cdev1>, _IOC(_IOC_READ, 0x50, 0xe8, 0x04), 0xae299aa8) = 0 <0.000266>
592   17:45:27.982584 ioctl(12</dev/akpcm_cdev1>, _IOC(_IOC_READ, 0x50, 0xe8, 0x04), 0xae299aa8) = 0 <0.000288>
588   17:45:27.984790 ioctl(10</dev/isp_char>, _IOC(_IOC_READ, 0x49, 0x7b, 0x04), 0xae35da6c) = 0 <0.000290>
589   17:45:27.988278 ioctl(8</dev/uio0>, _IOC(_IOC_READ, 0x55, 0x65, 0x04) <unfinished ...>
586   17:45:27.991658 ioctl(10</dev/isp_char>, _IOC(_IOC_READ, 0x49, 0x70, 0x04) <unfinished ...>
589   17:45:27.993214 <... ioctl resumed> , 0xae32b504) = 0 <0.003811>
592   17:45:27.994960 ioctl(12</dev/akpcm_cdev1>, _IOC(_IOC_READ, 0x50, 0xe8, 0x04), 0xae299aa8) = 0 <0.000389>
589   17:45:28.001858 ioctl(11</dev/video0>, VIDIOC_QBUF, {type=V4L2_BUF_TYPE_VIDEO_CAPTURE, index=1, memory=V4L2_MEMORY_USERPTR, m.userptr=0xb4b94000, length=1382400, bytesused=1382400, flags=0, ...}) = 0 <0.000319>
588   17:45:28.004544 select(12, [11</dev/video0>], NULL, NULL, {4, 0} <unfinished ...>
586   17:45:28.006948 <... ioctl resumed> , 0x676d34) = 0 <0.013789>
592   17:45:28.008350 ioctl(12</dev/akpcm_cdev1>, _IOC(_IOC_READ, 0x50, 0xe8, 0x04), 0xae299aa8) = 0 <0.000285>
592   17:45:28.020912 ioctl(12</dev/akpcm_cdev1>, _IOC(_IOC_READ, 0x50, 0xe8, 0x04), 0xae299aa8) = 0 <0.000257>
592   17:45:28.023442 read(12</dev/akpcm_cdev1>, ""..., 2048) = 2048 <0.000352>
592   17:45:28.025689 ioctl(12</dev/akpcm_cdev1>, _IOC(_IOC_READ, 0x50, 0xe6, 0x04), 0xae299aa8) = 0 <0.000255>
592   17:45:28.028936 ioctl(12</dev/akpcm_cdev1>, _IOC(_IOC_READ, 0x50, 0xe6, 0x04), 0xae299aa8) = 0 <0.000325>
592   17:45:28.032027 ioctl(12</dev/akpcm_cdev1>, _IOC(_IOC_READ, 0x50, 0xe6, 0x04), 0xae299aa8) = 0 <0.000321>
592   17:45:28.034975 ioctl(12</dev/akpcm_cdev1>, _IOC(_IOC_READ, 0x50, 0xe6, 0x04), 0xae299aa8) = 0 <0.000328>
592   17:45:28.037867 ioctl(12</dev/akpcm_cdev1>, _IOC(_IOC_READ, 0x50, 0xe8, 0x04), 0xae299aa8) = 0 <0.000320>
592   17:45:28.050354 ioctl(12</dev/akpcm_cdev1>, _IOC(_IOC_READ, 0x50, 0xe8, 0x04), 0xae299aa8) = 0 <0.000287>
590   17:45:28.058919 ioctl(10</dev/isp_char>, _IOC(_IOC_WRITE, 0x49, 0x6d, 0x04) <unfinished ...>
588   17:45:28.059823 <... select resumed> ) = 1 (in [11], left {3, 962274}) <0.054276>
588   17:45:28.061331 ioctl(11</dev/video0>, VIDIOC_DQBUF, {type=V4L2_BUF_TYPE_VIDEO_CAPTURE <unfinished ...>
592   17:45:28.063094 ioctl(12</dev/akpcm_cdev1>, _IOC(_IOC_READ, 0x50, 0xe8, 0x04), 0xae299aa8) = 0 <0.004694>
588   17:45:28.069307 <... ioctl resumed> , index=2, memory=V4L2_MEMORY_USERPTR, m.userptr=0xb4dc7000, length=1382400, bytesused=1382400, flags=0, timestamp = {335.940000}, ...}) = 0 <0.007125>
588   17:45:28.074958 ioctl(10</dev/isp_char>, _IOC(_IOC_READ, 0x49, 0x7b, 0x04) <unfinished ...>
592   17:45:28.084540 ioctl(12</dev/akpcm_cdev1>, _IOC(_IOC_READ, 0x50, 0xe8, 0x04), 0xae299aa8) = 0 <0.000283>
592   17:45:28.086262 read(12</dev/akpcm_cdev1>, ""..., 2048) = 2048 <0.000308>
592   17:45:28.088231 ioctl(12</dev/akpcm_cdev1>, _IOC(_IOC_READ, 0x50, 0xe6, 0x04), 0xae299aa8) = 0 <0.000283>
592   17:45:28.091013 ioctl(12</dev/akpcm_cdev1>, _IOC(_IOC_READ, 0x50, 0xe6, 0x04), 0xae299aa8) = 0 <0.000283>
592   17:45:28.093755 ioctl(12</dev/akpcm_cdev1>, _IOC(_IOC_READ, 0x50, 0xe6, 0x04), 0xae299aa8) = 0 <0.000283>
592   17:45:28.096337 ioctl(12</dev/akpcm_cdev1>, _IOC(_IOC_READ, 0x50, 0xe8, 0x04), 0xae299aa8) = 0 <0.000323>
586   17:45:28.099380 ioctl(10</dev/isp_char>, _IOC(_IOC_READ, 0x49, 0x70, 0x04) <unfinished ...>
592   17:45:28.108732 ioctl(12</dev/akpcm_cdev1>, _IOC(_IOC_READ, 0x50, 0xe8, 0x04), 0xae299aa8) = 0 <0.000286>
592   17:45:28.121499 ioctl(12</dev/akpcm_cdev1>, _IOC(_IOC_READ, 0x50, 0xe8, 0x04), 0xae299aa8) = 0 <0.000322>
592   17:45:28.134674 ioctl(12</dev/akpcm_cdev1>, _IOC(_IOC_READ, 0x50, 0xe8, 0x04), 0xae299aa8) = 0 <0.000318>
592   17:45:28.148893 ioctl(12</dev/akpcm_cdev1>, _IOC(_IOC_READ, 0x50, 0xe8, 0x04), 0xae299aa8) = 0 <0.000287>
592   17:45:28.150757 read(12</dev/akpcm_cdev1>, ""..., 2048) = 2048 <0.000310>
592   17:45:28.152774 ioctl(12</dev/akpcm_cdev1>, _IOC(_IOC_READ, 0x50, 0xe6, 0x04), 0xae299aa8) = 0 <0.000285>
592   17:45:28.155400 ioctl(12</dev/akpcm_cdev1>, _IOC(_IOC_READ, 0x50, 0xe6, 0x04), 0xae299aa8) = 0 <0.000282>
592   17:45:28.158025 ioctl(12</dev/akpcm_cdev1>, _IOC(_IOC_READ, 0x50, 0xe6, 0x04), 0xae299aa8) = 0 <0.000284>
592   17:45:28.160924 ioctl(12</dev/akpcm_cdev1>, _IOC(_IOC_READ, 0x50, 0xe8, 0x04), 0xae299aa8) = 0 <0.000288>
592   17:45:28.173340 ioctl(12</dev/akpcm_cdev1>, _IOC(_IOC_READ, 0x50, 0xe8, 0x04), 0xae299aa8) = 0 <0.000288>
590   17:45:28.181424 <... ioctl resumed> , 0xae2f991c) = 0 <0.121646>
588   17:45:28.183220 <... ioctl resumed> , 0xae35da6c) = 0 <0.106718>
592   17:45:28.185674 ioctl(12</dev/akpcm_cdev1>, _IOC(_IOC_READ, 0x50, 0xe8, 0x04), 0xae299aa8) = 0 <0.000281>
589   17:45:28.188382 ioctl(8</dev/uio0>, _IOC(_IOC_READ, 0x55, 0x65, 0x04) <unfinished ...>
586   17:45:28.190447 <... ioctl resumed> , 0x676d34) = 0 <0.090170>
589   17:45:28.192946 <... ioctl resumed> , 0xae32b504) = 0 <0.003517>
592   17:45:28.197945 ioctl(12</dev/akpcm_cdev1>, _IOC(_IOC_READ, 0x50, 0xe8, 0x04), 0xae299aa8) = 0 <0.000284>
589   17:45:28.202058 ioctl(11</dev/video0>, VIDIOC_QBUF, {type=V4L2_BUF_TYPE_VIDEO_CAPTURE, index=2, memory=V4L2_MEMORY_USERPTR, m.userptr=0xb4dc7000, length=1382400, bytesused=1382400, flags=0, ...}) = 0 <0.000321>
588   17:45:28.204568 select(12, [11</dev/video0>], NULL, NULL, {4, 0} <unfinished ...>
592   17:45:28.213132 ioctl(12</dev/akpcm_cdev1>, _IOC(_IOC_READ, 0x50, 0xe8, 0x04), 0xae299aa8) = 0 <0.000321>
592   17:45:28.215054 read(12</dev/akpcm_cdev1>, ""..., 2048) = 2048 <0.000480>
592   17:45:28.217378 ioctl(12</dev/akpcm_cdev1>, _IOC(_IOC_READ, 0x50, 0xe6, 0x04), 0xae299aa8) = 0 <0.000316>
592   17:45:28.220313 ioctl(12</dev/akpcm_cdev1>, _IOC(_IOC_READ, 0x50, 0xe6, 0x04), 0xae299aa8) = 0 <0.000320>
592   17:45:28.224213 ioctl(12</dev/akpcm_cdev1>, _IOC(_IOC_READ, 0x50, 0xe6, 0x04), 0xae299aa8) = 0 <0.000706>
592   17:45:28.227665 ioctl(12</dev/akpcm_cdev1>, _IOC(_IOC_READ, 0x50, 0xe8, 0x04), 0xae299aa8) = 0 <0.000318>
588   17:45:28.238279 <... select resumed> ) = 1 (in [11], left {3, 999952}) <0.025884>
592   17:45:28.240247 ioctl(12</dev/akpcm_cdev1>, _IOC(_IOC_READ, 0x50, 0xe8, 0x04), 0xae299aa8) = 0 <0.000352>
588   17:45:28.242674 ioctl(11</dev/video0>, VIDIOC_DQBUF, {type=V4L2_BUF_TYPE_VIDEO_CAPTURE, index=3, memory=V4L2_MEMORY_USERPTR, m.userptr=0xb4ffa000, length=1382400, bytesused=1382400, flags=0, timestamp = {336.040000}, ...}) = 0 <0.000309>
588   17:45:28.249286 ioctl(10</dev/isp_char>, _IOC(_IOC_READ, 0x49, 0x7b, 0x04), 0xae35da6c) = 0 <0.000290>
592   17:45:28.253224 ioctl(12</dev/akpcm_cdev1>, _IOC(_IOC_READ, 0x50, 0xe8, 0x04), 0xae299aa8) = 0 <0.000398>
589   17:45:28.255874 ioctl(8</dev/uio0>, _IOC(_IOC_READ, 0x55, 0x65, 0x04), 0xae32b504) = 0 <0.000393>
589   17:45:28.263571 ioctl(11</dev/video0>, VIDIOC_QBUF, {type=V4L2_BUF_TYPE_VIDEO_CAPTURE, index=3, memory=V4L2_MEMORY_USERPTR, m.userptr=0xb4ffa000, length=1382400, bytesused=1382400, flags=0, ...}) = 0 <0.000321>
592   17:45:28.266343 ioctl(12</dev/akpcm_cdev1>, _IOC(_IOC_READ, 0x50, 0xe8, 0x04), 0xae299aa8) = 0 <0.000285>
592   17:45:28.278777 ioctl(12</dev/akpcm_cdev1>, _IOC(_IOC_READ, 0x50, 0xe8, 0x04), 0xae299aa8) = 0 <0.000227>
592   17:45:28.280884 read(12</dev/akpcm_cdev1>, ""..., 2048) = 2048 <0.000318>
592   17:45:28.283267 ioctl(12</dev/akpcm_cdev1>, _IOC(_IOC_READ, 0x50, 0xe6, 0x04), 0xae299aa8) = 0 <0.000280>
592   17:45:28.285959 ioctl(12</dev/akpcm_cdev1>, _IOC(_IOC_READ, 0x50, 0xe6, 0x04), 0xae299aa8) = 0 <0.000285>
592   17:45:28.288600 ioctl(12</dev/akpcm_cdev1>, _IOC(_IOC_READ, 0x50, 0xe6, 0x04), 0xae299aa8) = 0 <0.000317>
592   17:45:28.291299 ioctl(12</dev/akpcm_cdev1>, _IOC(_IOC_READ, 0x50, 0xe8, 0x04), 0xae299aa8) = 0 <0.000284>
588   17:45:28.301868 select(12, [11</dev/video0>], NULL, NULL, {4, 0} <unfinished ...>
592   17:45:28.303698 ioctl(12</dev/akpcm_cdev1>, _IOC(_IOC_READ, 0x50, 0xe8, 0x04), 0xae299aa8) = 0 <0.000336>
588   17:45:28.305519 <... select resumed> ) = 1 (in [11], left {3, 999852}) <0.002645>
588   17:45:28.306889 ioctl(11</dev/video0>, VIDIOC_DQBUF, {type=V4L2_BUF_TYPE_VIDEO_CAPTURE, index=0, memory=V4L2_MEMORY_USERPTR, m.userptr=0xb4961000, length=1382400, bytesused=1382400, flags=0, timestamp = {336.140000}, ...}) = 0 <0.000315>
588   17:45:28.313343 ioctl(10</dev/isp_char>, _IOC(_IOC_READ, 0x49, 0x7b, 0x04), 0xae35da6c) = 0 <0.000333>
592   17:45:28.316184 ioctl(12</dev/akpcm_cdev1>, _IOC(_IOC_READ, 0x50, 0xe8, 0x04), 0xae299aa8) = 0 <0.001035>
589   17:45:28.320796 ioctl(8</dev/uio0>, _IOC(_IOC_READ, 0x55, 0x65, 0x04) <unfinished ...>
586   17:45:28.324567 ioctl(10</dev/isp_char>, _IOC(_IOC_READ, 0x49, 0x70, 0x04) <unfinished ...>
589   17:45:28.327303 <... ioctl resumed> , 0xae32b504) = 0 <0.005276>
592   17:45:28.329575 ioctl(12</dev/akpcm_cdev1>, _IOC(_IOC_READ, 0x50, 0xe8, 0x04), 0xae299aa8) = 0 <0.000470>
592   17:45:28.342473 ioctl(12</dev/akpcm_cdev1>, _IOC(_IOC_READ, 0x50, 0xe8, 0x04), 0xae299aa8) = 0 <0.000268>
592   17:45:28.344568 read(12</dev/akpcm_cdev1>, ""..., 2048) = 2048 <0.000310>
592   17:45:28.346558 ioctl(12</dev/akpcm_cdev1>, _IOC(_IOC_READ, 0x50, 0xe6, 0x04), 0xae299aa8) = 0 <0.000224>
592   17:45:28.349368 ioctl(12</dev/akpcm_cdev1>, _IOC(_IOC_READ, 0x50, 0xe6, 0x04), 0xae299aa8) = 0 <0.000286>
592   17:45:28.352151 ioctl(12</dev/akpcm_cdev1>, _IOC(_IOC_READ, 0x50, 0xe6, 0x04), 0xae299aa8) = 0 <0.000280>
592   17:45:28.354791 ioctl(12</dev/akpcm_cdev1>, _IOC(_IOC_READ, 0x50, 0xe6, 0x04), 0xae299aa8) = 0 <0.000285>
592   17:45:28.357407 ioctl(12</dev/akpcm_cdev1>, _IOC(_IOC_READ, 0x50, 0xe8, 0x04), 0xae299aa8) = 0 <0.000284>
592   17:45:28.369738 ioctl(12</dev/akpcm_cdev1>, _IOC(_IOC_READ, 0x50, 0xe8, 0x04), 0xae299aa8) = 0 <0.000420>
589   17:45:28.375069 ioctl(11</dev/video0>, VIDIOC_QBUF, {type=V4L2_BUF_TYPE_VIDEO_CAPTURE, index=0, memory=V4L2_MEMORY_USERPTR, m.userptr=0xb4961000, length=1382400, bytesused=1382400, flags=0, ...}) = 0 <0.000326>
588   17:45:28.377582 select(12, [11</dev/video0>], NULL, NULL, {4, 0}) = 1 (in [11], left {3, 999959}) <0.000331>
592   17:45:28.382130 ioctl(12</dev/akpcm_cdev1>, _IOC(_IOC_READ, 0x50, 0xe8, 0x04), 0xae299aa8) = 0 <0.000289>
588   17:45:28.384714 ioctl(11</dev/video0>, VIDIOC_DQBUF, {type=V4L2_BUF_TYPE_VIDEO_CAPTURE, index=1, memory=V4L2_MEMORY_USERPTR, m.userptr=0xb4b94000, length=1382400, bytesused=1382400, flags=0, timestamp = {336.240000}, ...}) = 0 <0.000388>
588   17:45:28.390958 ioctl(10</dev/isp_char>, _IOC(_IOC_READ, 0x49, 0x7b, 0x04), 0xae35da6c) = 0 <0.000295>
592   17:45:28.394805 ioctl(12</dev/akpcm_cdev1>, _IOC(_IOC_READ, 0x50, 0xe8, 0x04), 0xae299aa8) = 0 <0.000347>
589   17:45:28.397052 ioctl(8</dev/uio0>, _IOC(_IOC_READ, 0x55, 0x65, 0x04), 0xae32b504) = 0 <0.006670>
592   17:45:28.407392 ioctl(12</dev/akpcm_cdev1>, _IOC(_IOC_READ, 0x50, 0xe8, 0x04), 0xae299aa8) = 0 <0.000281>
592   17:45:28.409071 read(12</dev/akpcm_cdev1>, ""..., 2048) = 2048 <0.000310>
592   17:45:28.411220 ioctl(12</dev/akpcm_cdev1>, _IOC(_IOC_READ, 0x50, 0xe6, 0x04), 0xae299aa8) = 0 <0.000325>
592   17:45:28.414309 ioctl(12</dev/akpcm_cdev1>, _IOC(_IOC_READ, 0x50, 0xe6, 0x04), 0xae299aa8) = 0 <0.000316>
592   17:45:28.417791 ioctl(12</dev/akpcm_cdev1>, _IOC(_IOC_READ, 0x50, 0xe6, 0x04), 0xae299aa8) = 0 <0.000317>
592   17:45:28.420854 ioctl(12</dev/akpcm_cdev1>, _IOC(_IOC_READ, 0x50, 0xe8, 0x04), 0xae299aa8) = 0 <0.000319>
589   17:45:28.429460 ioctl(11</dev/video0>, VIDIOC_QBUF, {type=V4L2_BUF_TYPE_VIDEO_CAPTURE, index=1, memory=V4L2_MEMORY_USERPTR, m.userptr=0xb4b94000, length=1382400, bytesused=1382400, flags=0, ...}) = 0 <0.000297>
592   17:45:28.433455 ioctl(12</dev/akpcm_cdev1>, _IOC(_IOC_READ, 0x50, 0xe8, 0x04), 0xae299aa8) = 0 <0.000323>
586   17:45:28.435647 <... ioctl resumed> , 0x676d34) = 0 <0.109163>
588   17:45:28.443786 select(12, [11</dev/video0>], NULL, NULL, {4, 0}) = 1 (in [11], left {3, 999959}) <0.000325>
592   17:45:28.446387 ioctl(12</dev/akpcm_cdev1>, _IOC(_IOC_READ, 0x50, 0xe8, 0x04), 0xae299aa8) = 0 <0.000283>
588   17:45:28.448722 ioctl(11</dev/video0>, VIDIOC_DQBUF, {type=V4L2_BUF_TYPE_VIDEO_CAPTURE, index=2, memory=V4L2_MEMORY_USERPTR, m.userptr=0xb4dc7000, length=1382400, bytesused=1382400, flags=0, timestamp = {336.340000}, ...}) = 0 <0.000783>
588   17:45:28.455474 ioctl(10</dev/isp_char>, _IOC(_IOC_READ, 0x49, 0x7b, 0x04), 0xae35da6c) = 0 <0.000290>
592   17:45:28.458903 ioctl(12</dev/akpcm_cdev1>, _IOC(_IOC_READ, 0x50, 0xe8, 0x04), 0xae299aa8) = 0 <0.000284>
589   17:45:28.461525 ioctl(8</dev/uio0>, _IOC(_IOC_READ, 0x55, 0x65, 0x04) <unfinished ...>
592   17:45:28.471295 ioctl(12</dev/akpcm_cdev1>, _IOC(_IOC_READ, 0x50, 0xe8, 0x04), 0xae299aa8) = 0 <0.000286>
592   17:45:28.473022 read(12</dev/akpcm_cdev1>, ""..., 2048) = 2048 <0.000307>
592   17:45:28.474970 ioctl(12</dev/akpcm_cdev1>, _IOC(_IOC_READ, 0x50, 0xe6, 0x04), 0xae299aa8) = 0 <0.000285>
592   17:45:28.477598 ioctl(12</dev/akpcm_cdev1>, _IOC(_IOC_READ, 0x50, 0xe6, 0x04), 0xae299aa8) = 0 <0.000284>
592   17:45:28.480221 ioctl(12</dev/akpcm_cdev1>, _IOC(_IOC_READ, 0x50, 0xe6, 0x04), 0xae299aa8) = 0 <0.000284>
592   17:45:28.482998 ioctl(12</dev/akpcm_cdev1>, _IOC(_IOC_READ, 0x50, 0xe8, 0x04), 0xae299aa8) = 0 <0.000283>
589   17:45:28.491568 <... ioctl resumed> , 0xae32b504) = 0 <0.022144>
592   17:45:28.495308 ioctl(12</dev/akpcm_cdev1>, _IOC(_IOC_READ, 0x50, 0xe8, 0x04), 0xae299aa8) = 0 <0.000761>
589   17:45:28.500423 ioctl(11</dev/video0>, VIDIOC_QBUF, {type=V4L2_BUF_TYPE_VIDEO_CAPTURE, index=2, memory=V4L2_MEMORY_USERPTR, m.userptr=0xb4dc7000, length=1382400, bytesused=1382400, flags=0, ...}) = 0 <0.000316>
586   17:45:28.503866 ioctl(10</dev/isp_char>, _IOC(_IOC_READ, 0x49, 0x70, 0x04), 0x676d34) = 0 <0.000312>
592   17:45:28.508096 ioctl(12</dev/akpcm_cdev1>, _IOC(_IOC_READ, 0x50, 0xe8, 0x04), 0xae299aa8) = 0 <0.000277>
588   17:45:28.513789 select(12, [11</dev/video0>], NULL, NULL, {4, 0} <unfinished ...>
586   17:45:28.516809 ioctl(10</dev/isp_char>, _IOC(_IOC_READ, 0x49, 0x70, 0x04), 0x676d34) = 0 <0.000813>
